BL51 BANKED LINKER/LOCATER V6.22                                                        05/03/2018  17:44:15  PAGE 1


BL51 BANKED LINKER/LOCATER V6.22, INVOKED BY:
C:\PROGRAM FILES\KEIL\C51\BIN\BL51.EXE debug.obj, timer3.obj, adc.obj, eeprom.obj, watchdog.obj, proto_uso.obj, channels
>> .obj, START_AD.obj, frequency.obj, timer0.obj, timer2.obj, i2c.obj, calibrate.obj, ulongsort.obj, timer1.obj TO debug
>>  RAMSIZE (256) XDATA (0X0000-0X07FF)


MEMORY MODEL: LARGE WITH FLOATING POINT ARITHMETIC


INPUT MODULES INCLUDED:
  debug.obj (DEBUG)
  timer3.obj (TIMER3)
  adc.obj (ADC)
  eeprom.obj (EEPROM)
  watchdog.obj (WATCHDOG)
  proto_uso.obj (PROTO_USO)
  channels.obj (CHANNELS)
  START_AD.obj (?C_STARTUP)
  frequency.obj (FREQUENCY)
  timer0.obj (TIMER0)
  timer2.obj (TIMER2)
  i2c.obj (I2C)
  calibrate.obj (CALIBRATE)
  ulongsort.obj (ULONGSORT)
  timer1.obj (TIMER1)
  C:\PROGRAM FILES\KEIL\C51\LIB\C51FPL.LIB (?C?FPADD)
  C:\PROGRAM FILES\KEIL\C51\LIB\C51FPL.LIB (?C?FPMUL)
  C:\PROGRAM FILES\KEIL\C51\LIB\C51FPL.LIB (?C?FPCMP)
  C:\PROGRAM FILES\KEIL\C51\LIB\C51FPL.LIB (?C?FCAST)
  C:\PROGRAM FILES\KEIL\C51\LIB\C51FPL.LIB (?C?CASTF)
  C:\PROGRAM FILES\KEIL\C51\LIB\C51FPL.LIB (?C?FPGETOPN)
  C:\PROGRAM FILES\KEIL\C51\LIB\C51L.LIB (?C_INIT)
  C:\PROGRAM FILES\KEIL\C51\LIB\C51L.LIB (?C?CLDOPTR)
  C:\PROGRAM FILES\KEIL\C51\LIB\C51L.LIB (?C?CSTOPTR)
  C:\PROGRAM FILES\KEIL\C51\LIB\C51L.LIB (?C?IILDX)
  C:\PROGRAM FILES\KEIL\C51\LIB\C51L.LIB (?C?ILDPTR)
  C:\PROGRAM FILES\KEIL\C51\LIB\C51L.LIB (?C?ILDOPTR)
  C:\PROGRAM FILES\KEIL\C51\LIB\C51L.LIB (?C?ISTPTR)
  C:\PROGRAM FILES\KEIL\C51\LIB\C51L.LIB (?C?ISTOPTR)
  C:\PROGRAM FILES\KEIL\C51\LIB\C51L.LIB (?C?ULDIV)
  C:\PROGRAM FILES\KEIL\C51\LIB\C51L.LIB (?C?SLDIV)
  C:\PROGRAM FILES\KEIL\C51\LIB\C51L.LIB (?C?LNEG)
  C:\PROGRAM FILES\KEIL\C51\LIB\C51L.LIB (?C?ULCMP)
  C:\PROGRAM FILES\KEIL\C51\LIB\C51L.LIB (?C?ULSHR)
  C:\PROGRAM FILES\KEIL\C51\LIB\C51L.LIB (?C?LSHL)
  C:\PROGRAM FILES\KEIL\C51\LIB\C51L.LIB (?C?LSTXDATA)
  C:\PROGRAM FILES\KEIL\C51\LIB\C51L.LIB (?C?LSTKXDATA)
  C:\PROGRAM FILES\KEIL\C51\LIB\C51L.LIB (?C?OFFXADD)
  C:\PROGRAM FILES\KEIL\C51\LIB\C51L.LIB (?C?CCASE)
  C:\PROGRAM FILES\KEIL\C51\LIB\C51L.LIB (?C?ICASE)
  C:\PROGRAM FILES\KEIL\C51\LIB\C51L.LIB (?C?COPYAB2)


LINK MAP OF MODULE:  debug (DEBUG)


            TYPE    BASE      LENGTH    RELOCATION   SEGMENT NAME
            -----------------------------------------------------
BL51 BANKED LINKER/LOCATER V6.22                                                      05/03/2018  17:44:15  PAGE 2



            * * * * * * *   D A T A   M E M O R Y   * * * * * * *
            REG     0000H     0008H     ABSOLUTE     "REG BANK 0"
            DATA    0008H     0002H     UNIT         _DATA_GROUP_
            DATA    000AH     0001H     UNIT         ?DT?WATCHDOG
            IDATA   000BH     0006H     UNIT         ?ID?I2C
            IDATA   0011H     0001H     UNIT         ?ID?FREQUENCY
            IDATA   0012H     0001H     UNIT         ?STACK

            * * * * * * *  X D A T A   M E M O R Y  * * * * * * *
            XDATA   0000H     0274H     UNIT         ?XD?PROTO_USO
            XDATA   0274H     015EH     UNIT         ?XD?CHANNELS
            XDATA   03D2H     0130H     UNIT         ?XD?ADC
            XDATA   0502H     006BH     UNIT         ?XD?FREQUENCY
            XDATA   056DH     002FH     UNIT         ?XD?I2C
            XDATA   059CH     0028H     UNIT         ?XD?ULONGSORT
            XDATA   05C4H     001EH     UNIT         _XDATA_GROUP_
            XDATA   05E2H     0010H     UNIT         ?XD?DEBUG

            * * * * * * *   C O D E   M E M O R Y   * * * * * * *
            CODE    0000H     0003H     ABSOLUTE     
            CODE    0003H     0003H     ABSOLUTE     
            CODE    0006H     0003H     UNIT         ?PR?NODE_FULL_INIT?PROTO_USO
                    0009H     0002H                  *** GAP ***
            CODE    000BH     0003H     ABSOLUTE     
            CODE    000EH     0003H     UNIT         ?PR?CHANNEL_LIST_INIT?PROTO_USO
                    0011H     0002H                  *** GAP ***
            CODE    0013H     0003H     ABSOLUTE     
            CODE    0016H     0003H     UNIT         ?PR?CHANNEL_GET_DATA?PROTO_USO
                    0019H     0002H                  *** GAP ***
            CODE    001BH     0003H     ABSOLUTE     
            CODE    001EH     0003H     UNIT         ?PR?CHANNEL_SET_ORDER_QUERY?PROTO_USO
                    0021H     0002H                  *** GAP ***
            CODE    0023H     0003H     ABSOLUTE     
            CODE    0026H     0003H     UNIT         ?PR?CHANNEL_GET_DATA_ORDER?PROTO_USO
                    0029H     0002H                  *** GAP ***
            CODE    002BH     0003H     ABSOLUTE     
            CODE    002EH     0003H     UNIT         ?PR?CHANNEL_SET_STATE?PROTO_USO
                    0031H     0002H                  *** GAP ***
            CODE    0033H     0003H     ABSOLUTE     
            CODE    0036H     06DFH     UNIT         ?C?LIB_CODE
            CODE    0715H     040BH     UNIT         ?PR?CHANNEL_ALL_GET_DATA?PROTO_USO
            CODE    0B20H     02ACH     UNIT         ?PR?TIMER2_ISR?FREQUENCY
            CODE    0DCCH     0213H     UNIT         ?PR?_I2C_PROCESS?I2C
            CODE    0FDFH     01EDH     UNIT         ?PR?_ULONGSORT_PROCESS?ULONGSORT
            CODE    11CCH     01E3H     UNIT         ?PR?SEND_INFO?PROTO_USO
            CODE    13AFH     01DFH     UNIT         ?PR?CHANNELSINIT?CHANNELS
            CODE    158EH     01C8H     UNIT         ?C_INITSEG
            CODE    1756H     01B2H     UNIT         ?PR?UART_ISR?PROTO_USO
            CODE    1908H     01AFH     UNIT         ?PR?_FREQUENCY_MEASURE_PROCESS?FREQUENCY
            CODE    1AB7H     0148H     UNIT         ?PR?_PROTOPROCESS?PROTO_USO
            CODE    1BFFH     0147H     UNIT         ?PR?CHANNEL_SET_PARAMETERS?PROTO_USO
            CODE    1D46H     012AH     UNIT         ?PR?_STORE_DEV_ADDRESS_DESC?PROTO_USO
            CODE    1E70H     010FH     UNIT         ?PR?ADC_ISR?ADC
            CODE    1F7FH     0109H     UNIT         ?PR?CHANNEL_SET_CALIBRATE?PROTO_USO
            CODE    2088H     0100H     UNIT         ?CO?PROTO_USO
            CODE    2188H     00FDH     UNIT         ?PR?_I2C_WRITE_BUF?I2C
BL51 BANKED LINKER/LOCATER V6.22                                                      05/03/2018  17:44:15  PAGE 3


            CODE    2285H     00D7H     UNIT         ?PR?RESTORE_DEV_ADDRESS_DESC?PROTO_USO
            CODE    235CH     00CCH     UNIT         ?PR?_I2C_READ_BUF?I2C
            CODE    2428H     00C2H     UNIT         ?PR?_EEPROM_READ?EEPROM
            CODE    24EAH     00C0H     UNIT         ?PR?_EEPROM_WRITE?EEPROM
            CODE    25AAH     00BCH     UNIT         ?PR?_GETCALIBRATEVAL?CALIBRATE
            CODE    2666H     008FH     UNIT         ?C_C51STARTUP
            CODE    26F5H     007EH     UNIT         ?PR?PROTOBUFHANDLING?PROTO_USO
            CODE    2773H     0079H     UNIT         ?PR?MAIN?DEBUG
            CODE    27ECH     0078H     UNIT         ?PR?FREQUENCY
            CODE    2864H     0078H     UNIT         ?PR?_I2C_READ_COMPLETE?I2C
            CODE    28DCH     0070H     UNIT         ?PR?_CALIBRATE?CALIBRATE
            CODE    294CH     006DH     UNIT         ?PR?I2C
            CODE    29B9H     0069H     UNIT         ?PR?_I2C_REPEATREAD?DEBUG
            CODE    2A22H     0062H     UNIT         ?PR?ULONGSORT
            CODE    2A84H     005EH     UNIT         ?PR?TIMER1_INTERRUPT?DEBUG
            CODE    2AE2H     005EH     UNIT         ?PR?PROTOCOL_INIT?PROTO_USO
            CODE    2B40H     005DH     UNIT         ?PR?INT2_ISR?FREQUENCY
            CODE    2B9DH     0057H     UNIT         ?PR?INT0_ISR?FREQUENCY
            CODE    2BF4H     0057H     UNIT         ?PR?INT1_ISR?FREQUENCY
            CODE    2C4BH     0047H     UNIT         ?PR?_REQUEST_ERROR?PROTO_USO
            CODE    2C92H     0044H     UNIT         ?PR?CHANNELS
            CODE    2CD6H     0044H     UNIT         ?C?LDIV
            CODE    2D1AH     0041H     UNIT         ?PR?RESTORECALIBRATE?CALIBRATE
            CODE    2D5BH     003FH     UNIT         ?PR?ADC
            CODE    2D9AH     003BH     UNIT         ?PR?CHANNEL_SET_ADDRESS_DESC?PROTO_USO
            CODE    2DD5H     0033H     UNIT         ?PR?ADC_RESTORE_SETTINGS?ADC
            CODE    2E08H     002DH     UNIT         ?PR?ADC_INITIALIZE?ADC
            CODE    2E35H     002AH     UNIT         ?PR?STORE_CHANNELS_DATA?CHANNELS
            CODE    2E5FH     002AH     UNIT         ?PR?RESTORE_CHANNELS_DATA?CHANNELS
            CODE    2E89H     0027H     UNIT         ?PR?DEBUG
            CODE    2EB0H     0024H     UNIT         ?PR?_I2C_REPEAT_START_READ?I2C
            CODE    2ED4H     0023H     UNIT         ?PR?_CRC_CHECK?PROTO_USO
            CODE    2EF7H     0016H     UNIT         ?PR?FREQUENCY_INIT?FREQUENCY
            CODE    2F0DH     0016H     UNIT         ?PR?I2C_INIT?I2C
            CODE    2F23H     0015H     UNIT         ?PR?_ADC_OUT_FREQ?ADC
            CODE    2F38H     0014H     UNIT         ?PR?TIMER2_INITIALIZE?TIMER2
            CODE    2F4CH     0012H     UNIT         ?PR?UART_INIT?TIMER3
            CODE    2F5EH     0011H     UNIT         ?PR?TIMER0_INITIALIZE?TIMER0
            CODE    2F6FH     0011H     UNIT         ?PR?TIMER1_INITIALIZE?TIMER1
            CODE    2F80H     0010H     UNIT         ?PR?CHANNEL_SET_RESET_STATE_FLAGS?PROTO_USO
            CODE    2F90H     000AH     UNIT         ?PR?EEPROM
            CODE    2F9AH     000AH     UNIT         ?PR?WDT_CLEAR?WATCHDOG
            CODE    2FA4H     0008H     UNIT         ?PR?_WDT_INIT?WATCHDOG
            CODE    2FACH     0007H     UNIT         ?PR?_ADC_SET_MODE?ADC
            CODE    2FB3H     0003H     UNIT         ?PR?CHANNEL_GET_DATA_ORDER_M2?PROTO_USO



OVERLAY MAP OF MODULE:   debug (DEBUG)


SEGMENT                                            DATA_GROUP          XDATA_GROUP
  +--> CALLED SEGMENT                            START    LENGTH     START    LENGTH
------------------------------------------------------------------------------------
?PR?ADC_ISR?ADC                                  -----    -----      -----    -----
  +--> ?PR?ADC

BL51 BANKED LINKER/LOCATER V6.22                                                      05/03/2018  17:44:15  PAGE 4


*** NEW ROOT ***************************************************

?C_C51STARTUP                                    -----    -----      -----    -----
  +--> ?PR?MAIN?DEBUG
  +--> ?C_INITSEG

?PR?MAIN?DEBUG                                   -----    -----      -----    -----
  +--> ?PR?CHANNELSINIT?CHANNELS
  +--> ?PR?PROTOCOL_INIT?PROTO_USO
  +--> ?PR?TIMER1_INITIALIZE?TIMER1
  +--> ?PR?ADC_INITIALIZE?ADC
  +--> ?PR?UART_INIT?TIMER3
  +--> ?PR?FREQUENCY_INIT?FREQUENCY
  +--> ?PR?_WDT_INIT?WATCHDOG
  +--> ?PR?I2C_INIT?I2C
  +--> ?PR?RESTORECALIBRATE?CALIBRATE
  +--> ?PR?DEBUG
  +--> ?PR?_I2C_REPEAT_START_READ?I2C
  +--> ?PR?_PROTOPROCESS?PROTO_USO
  +--> ?PR?_I2C_REPEATREAD?DEBUG
  +--> ?PR?_FREQUENCY_MEASURE_PROCESS?FREQUENCY
  +--> ?PR?_ULONGSORT_PROCESS?ULONGSORT
  +--> ?PR?_I2C_PROCESS?I2C
  +--> ?PR?WDT_CLEAR?WATCHDOG

?PR?CHANNELSINIT?CHANNELS                        -----    -----      -----    -----
  +--> ?PR?RESTORE_CHANNELS_DATA?CHANNELS
  +--> ?PR?CHANNELS

?PR?RESTORE_CHANNELS_DATA?CHANNELS               -----    -----      05C4H    0001H
  +--> ?PR?CHANNELS
  +--> ?PR?_EEPROM_READ?EEPROM

?PR?_EEPROM_READ?EEPROM                          -----    -----      05C6H    0009H
  +--> ?PR?EEPROM

?PR?PROTOCOL_INIT?PROTO_USO                      -----    -----      -----    -----
  +--> ?PR?RESTORE_DEV_ADDRESS_DESC?PROTO_USO

?PR?RESTORE_DEV_ADDRESS_DESC?PROTO_USO           -----    -----      05C4H    0002H
  +--> ?PR?_EEPROM_READ?EEPROM

?PR?ADC_INITIALIZE?ADC                           -----    -----      -----    -----
  +--> ?PR?ADC_RESTORE_SETTINGS?ADC
  +--> ?PR?_ADC_SET_MODE?ADC
  +--> ?PR?_ADC_OUT_FREQ?ADC

?PR?ADC_RESTORE_SETTINGS?ADC                     -----    -----      -----    -----
  +--> ?PR?ADC

?PR?FREQUENCY_INIT?FREQUENCY                     -----    -----      -----    -----
  +--> ?PR?TIMER0_INITIALIZE?TIMER0
  +--> ?PR?TIMER2_INITIALIZE?TIMER2

?PR?RESTORECALIBRATE?CALIBRATE                   -----    -----      05C4H    0001H
  +--> ?PR?_EEPROM_READ?EEPROM

BL51 BANKED LINKER/LOCATER V6.22                                                      05/03/2018  17:44:15  PAGE 5


?PR?_I2C_REPEAT_START_READ?I2C                   -----    -----      05C8H    0009H
  +--> ?PR?I2C

?PR?_PROTOPROCESS?PROTO_USO                      -----    -----      05C4H    0004H
  +--> ?PR?_CRC_CHECK?PROTO_USO
  +--> ?PR?PROTOBUFHANDLING?PROTO_USO

?PR?_CRC_CHECK?PROTO_USO                         -----    -----      -----    -----
  +--> ?CO?PROTO_USO

?PR?PROTOBUFHANDLING?PROTO_USO                   -----    -----      -----    -----
  +--> ?PR?SEND_INFO?PROTO_USO
  +--> ?PR?NODE_FULL_INIT?PROTO_USO
  +--> ?PR?CHANNEL_LIST_INIT?PROTO_USO
  +--> ?PR?CHANNEL_GET_DATA?PROTO_USO
  +--> ?PR?CHANNEL_SET_PARAMETERS?PROTO_USO
  +--> ?PR?CHANNEL_SET_ORDER_QUERY?PROTO_USO
  +--> ?PR?CHANNEL_GET_DATA_ORDER?PROTO_USO
  +--> ?PR?CHANNEL_SET_STATE?PROTO_USO
  +--> ?PR?CHANNEL_GET_DATA_ORDER_M2?PROTO_USO
  +--> ?PR?CHANNEL_SET_RESET_STATE_FLAGS?PRO...
  +--> ?PR?CHANNEL_ALL_GET_DATA?PROTO_USO
  +--> ?PR?CHANNEL_SET_ADDRESS_DESC?PROTO_USO
  +--> ?PR?CHANNEL_SET_CALIBRATE?PROTO_USO
  +--> ?PR?_REQUEST_ERROR?PROTO_USO

?PR?SEND_INFO?PROTO_USO                          -----    -----      05C8H    0001H
  +--> ?PR?_CRC_CHECK?PROTO_USO

?PR?CHANNEL_SET_PARAMETERS?PROTO_USO             -----    -----      05C8H    0001H
  +--> ?PR?STORE_CHANNELS_DATA?CHANNELS
  +--> ?PR?_REQUEST_ERROR?PROTO_USO

?PR?STORE_CHANNELS_DATA?CHANNELS                 -----    -----      05C9H    0001H
  +--> ?PR?CHANNELS
  +--> ?PR?_EEPROM_WRITE?EEPROM

?PR?_EEPROM_WRITE?EEPROM                         -----    -----      05D9H    0009H
  +--> ?PR?EEPROM

?PR?_REQUEST_ERROR?PROTO_USO                     -----    -----      -----    -----
  +--> ?PR?_CRC_CHECK?PROTO_USO

?PR?CHANNEL_SET_RESET_STATE_FLAGS?PRO...         -----    -----      -----    -----
  +--> ?PR?_REQUEST_ERROR?PROTO_USO

?PR?CHANNEL_ALL_GET_DATA?PROTO_USO               0008H    0002H      -----    -----
  +--> ?PR?_CRC_CHECK?PROTO_USO

?PR?CHANNEL_SET_ADDRESS_DESC?PROTO_USO           -----    -----      -----    -----
  +--> ?PR?_STORE_DEV_ADDRESS_DESC?PROTO_USO
  +--> ?PR?_REQUEST_ERROR?PROTO_USO

?PR?_STORE_DEV_ADDRESS_DESC?PROTO_USO            -----    -----      05C8H    000DH
  +--> ?PR?_EEPROM_WRITE?EEPROM

?PR?CHANNEL_SET_CALIBRATE?PROTO_USO              -----    -----      05C8H    0008H
BL51 BANKED LINKER/LOCATER V6.22                                                      05/03/2018  17:44:15  PAGE 6


  +--> ?PR?_CALIBRATE?CALIBRATE
  +--> ?PR?_EEPROM_WRITE?EEPROM
  +--> ?PR?_REQUEST_ERROR?PROTO_USO

?PR?_CALIBRATE?CALIBRATE                         -----    -----      05D0H    0009H
  +--> ?PR?_EEPROM_WRITE?EEPROM

?PR?_I2C_REPEATREAD?DEBUG                        -----    -----      05C4H    0004H
  +--> ?PR?DEBUG
  +--> ?PR?_I2C_REPEAT_START_READ?I2C

?PR?_FREQUENCY_MEASURE_PROCESS?FREQUENCY         -----    -----      05C4H    0004H
  +--> ?PR?FREQUENCY

?PR?_ULONGSORT_PROCESS?ULONGSORT                 -----    -----      05C4H    0004H
  +--> ?PR?ULONGSORT
  +--> ?PR?_GETCALIBRATEVAL?CALIBRATE

?PR?_GETCALIBRATEVAL?CALIBRATE                   -----    -----      05C8H    0009H

?PR?_I2C_PROCESS?I2C                             -----    -----      05C4H    0004H
  +--> ?PR?I2C
  +--> ?PR?_I2C_WRITE_BUF?I2C
  +--> ?PR?_I2C_READ_BUF?I2C
  +--> ?PR?_I2C_READ_COMPLETE?I2C

?PR?_I2C_WRITE_BUF?I2C                           -----    -----      05C8H    0008H
  +--> ?PR?I2C

?PR?_I2C_READ_BUF?I2C                            -----    -----      05C8H    0008H
  +--> ?PR?I2C

?PR?_I2C_READ_COMPLETE?I2C                       -----    -----      05C8H    0004H
  +--> ?PR?I2C
  +--> ?PR?_CRC_CHECK?PROTO_USO

*** NEW ROOT ***************************************************

?PR?INT0_ISR?FREQUENCY                           -----    -----      -----    -----
  +--> ?PR?FREQUENCY

*** NEW ROOT ***************************************************

?PR?INT1_ISR?FREQUENCY                           -----    -----      -----    -----
  +--> ?PR?FREQUENCY

*** NEW ROOT ***************************************************

?PR?INT2_ISR?FREQUENCY                           -----    -----      -----    -----
  +--> ?PR?FREQUENCY

*** NEW ROOT ***************************************************

?PR?TIMER2_ISR?FREQUENCY                         -----    -----      -----    -----
  +--> ?PR?FREQUENCY


BL51 BANKED LINKER/LOCATER V6.22                                                      05/03/2018  17:44:15  PAGE 7



SYMBOL TABLE OF MODULE:  debug (DEBUG)

  VALUE           TYPE          NAME
  ----------------------------------

  -------         MODULE        DEBUG
  C:0000H         SYMBOL        _ICE_DUMMY_
  D:0088H         PUBLIC        TCON
  D:008BH         PUBLIC        TL1
  D:008DH         PUBLIC        TH1
  D:0090H         PUBLIC        P1
  D:0098H         PUBLIC        SCON
  D:00A8H         PUBLIC        IE
  D:00B0H         PUBLIC        P3
  D:00B8H         PUBLIC        IP
  D:00C0H         PUBLIC        WDCON
  D:00C8H         PUBLIC        T2CON
  D:00D0H         PUBLIC        PSW
  D:00D7H         PUBLIC        PLLCON
  D:00D8H         PUBLIC        ADCSTAT
  D:00E8H         PUBLIC        I2CCON
  D:00E8H         PUBLIC        DCON
  D:00F8H         PUBLIC        SPICON
  B:00A8H.7       PUBLIC        EA
  X:05E2H         PUBLIC        pt_i2c_read
  X:05E6H         PUBLIC        pt_freq_measure
  X:05EAH         PUBLIC        pt_sort
  X:05EEH         PUBLIC        pt_i2c_process
  C:29B9H         PUBLIC        _I2C_RepeatRead
  C:2773H         PUBLIC        main
  C:2A84H         PUBLIC        Timer1_Interrupt
  C:2E89H         SYMBOL        Com0015
  C:2E89H         SYMBOL        L?0022
  C:2EA4H         SYMBOL        L?0023
  C:2EA4H         SYMBOL        L?0024
  -------         PROC          COM0015
  -------         ENDPROC       COM0015
  -------         PROC          MAIN
  C:2773H         LINE#         33
  C:2773H         LINE#         34
  C:2773H         LINE#         35
  C:2775H         LINE#         39
  C:2778H         LINE#         41
  C:277BH         LINE#         42
  C:277EH         LINE#         43
  C:2781H         LINE#         44
  C:2784H         LINE#         45
  C:2787H         LINE#         46
  C:278AH         LINE#         48
  C:278FH         LINE#         49
  C:2792H         LINE#         52
  C:2795H         LINE#         54
  C:279CH         LINE#         55
  C:27A2H         LINE#         56
  C:27A8H         LINE#         57
  C:27AEH         LINE#         59
BL51 BANKED LINKER/LOCATER V6.22                                                      05/03/2018  17:44:15  PAGE 8


  C:27B0H         LINE#         61
  C:27B3H         LINE#         63
  C:27BAH         LINE#         64
  C:27BAH         LINE#         65
  C:27BAH         LINE#         66
  C:27C3H         LINE#         67
  C:27CCH         LINE#         68
  C:27D5H         LINE#         69
  C:27DEH         LINE#         70
  C:27E7H         LINE#         71
  C:27EAH         LINE#         72
  -------         ENDPROC       MAIN
  -------         PROC          _I2C_REPEATREAD
  X:05C4H         SYMBOL        pt
  -------         DO            
  X:05C7H         SYMBOL        PT_YIELD_FLAG
  -------         ENDDO         
  C:29B9H         LINE#         75
  C:29C4H         LINE#         76
  C:29C4H         LINE#         77
  C:29D9H         LINE#         79
  C:29D9H         LINE#         80
  C:29D9H         LINE#         81
  C:2A07H         LINE#         82
  C:2A0FH         LINE#         83
  C:2A11H         LINE#         84
  C:2A21H         LINE#         86
  -------         ENDPROC       _I2C_REPEATREAD
  -------         PROC          TIMER1_INTERRUPT
  C:2A84H         LINE#         88
  C:2A95H         LINE#         91
  C:2A98H         LINE#         92
  C:2A9BH         LINE#         93
  C:2AA9H         LINE#         94
  C:2AB7H         LINE#         95
  C:2AC5H         LINE#         96
  C:2AD3H         LINE#         98
  -------         ENDPROC       TIMER1_INTERRUPT
  -------         ENDMOD        DEBUG

  -------         MODULE        TIMER3
  C:0000H         SYMBOL        _ICE_DUMMY_
  D:0088H         PUBLIC        TCON
  D:0090H         PUBLIC        P1
  D:0098H         PUBLIC        SCON
  D:009DH         PUBLIC        T3FD
  D:009EH         PUBLIC        T3CON
  D:00A8H         PUBLIC        IE
  D:00B0H         PUBLIC        P3
  D:00B8H         PUBLIC        IP
  D:00C0H         PUBLIC        WDCON
  D:00C8H         PUBLIC        T2CON
  D:00D0H         PUBLIC        PSW
  D:00D8H         PUBLIC        ADCSTAT
  D:00E8H         PUBLIC        I2CCON
  D:00E8H         PUBLIC        DCON
  D:00F8H         PUBLIC        SPICON
BL51 BANKED LINKER/LOCATER V6.22                                                      05/03/2018  17:44:15  PAGE 9


  B:00A8H.4       PUBLIC        ES
  B:00B8H.4       PUBLIC        PS
  B:0098H.1       PUBLIC        TI
  B:0098H.0       PUBLIC        RI
  C:2F4CH         PUBLIC        UART_Init
  -------         PROC          UART_INIT
  C:2F4CH         LINE#         3
  C:2F4CH         LINE#         4
  C:2F4CH         LINE#         6
  C:2F4FH         LINE#         8
  C:2F52H         LINE#         9
  C:2F55H         LINE#         10
  C:2F57H         LINE#         11
  C:2F59H         LINE#         12
  C:2F5BH         LINE#         13
  C:2F5DH         LINE#         15
  -------         ENDPROC       UART_INIT
  -------         ENDMOD        TIMER3

  -------         MODULE        ADC
  C:0000H         SYMBOL        _ICE_DUMMY_
  D:0088H         PUBLIC        TCON
  D:0090H         PUBLIC        P1
  D:0098H         PUBLIC        SCON
  D:00A8H         PUBLIC        IE
  D:00B0H         PUBLIC        P3
  D:00B8H         PUBLIC        IP
  D:00C0H         PUBLIC        WDCON
  D:00C8H         PUBLIC        T2CON
  D:00D0H         PUBLIC        PSW
  D:00D1H         PUBLIC        ADCMODE
  D:00D2H         PUBLIC        ADC0CON1
  D:00D4H         PUBLIC        SF
  D:00D8H         PUBLIC        ADCSTAT
  D:00D9H         PUBLIC        ADC0L
  D:00DAH         PUBLIC        ADC0M
  D:00DBH         PUBLIC        ADC0H
  D:00E6H         PUBLIC        ADC0CON2
  D:00E8H         PUBLIC        I2CCON
  D:00E8H         PUBLIC        DCON
  D:00F8H         PUBLIC        SPICON
  B:00A8H.6       PUBLIC        EADC
  B:00D8H.7       PUBLIC        RDY0
  X:03D2H         PUBLIC        adc_channels
  C:2E08H         PUBLIC        ADC_Initialize
  C:1E70H         PUBLIC        ADC_ISR
  C:2FACH         PUBLIC        _ADC_Set_Mode
  C:2F23H         PUBLIC        _ADC_Out_Freq
  C:2DD5H         PUBLIC        ADC_Restore_Settings
  C:2D5BH         SYMBOL        Com000C
  C:2D5BH         SYMBOL        L?0013
  C:2D5BH         SYMBOL        L?0014
  C:2D62H         SYMBOL        L?0015
  C:2D6EH         SYMBOL        L?0016
  C:2D6EH         SYMBOL        L?0017
  C:2D6FH         SYMBOL        L?0018
  C:2D78H         SYMBOL        L?0019
BL51 BANKED LINKER/LOCATER V6.22                                                      05/03/2018  17:44:15  PAGE 10


  C:2D78H         SYMBOL        L?0020
  C:2D81H         SYMBOL        L?0021
  C:2D81H         SYMBOL        L?0022
  C:2D87H         SYMBOL        L?0023
  C:2D92H         SYMBOL        L?0024
  C:2D93H         SYMBOL        L?0025
  -------         PROC          COM000C
  -------         ENDPROC       COM000C
  -------         PROC          ADC_INITIALIZE
  C:2E08H         LINE#         5
  C:2E08H         LINE#         6
  C:2E08H         LINE#         7
  C:2E0BH         LINE#         8
  C:2E0EH         LINE#         9
  C:2E11H         LINE#         15
  C:2E14H         LINE#         16
  C:2E17H         LINE#         17
  C:2E1AH         LINE#         20
  C:2E1DH         LINE#         21
  C:2E22H         LINE#         23
  C:2E29H         LINE#         25
  C:2E2CH         LINE#         26
  C:2E2FH         LINE#         27
  C:2E31H         LINE#         29
  C:2E34H         LINE#         32
  -------         ENDPROC       ADC_INITIALIZE
  -------         PROC          ADC_ISR
  C:1E70H         LINE#         34
  C:1E88H         LINE#         36
  C:1EA5H         LINE#         37
  C:1EC3H         LINE#         38
  C:1EE1H         LINE#         39
  C:1F00H         LINE#         41
  C:1F0CH         LINE#         42
  C:1F15H         LINE#         44
  C:1F18H         LINE#         46
  C:1F1AH         LINE#         48
  C:1F2BH         LINE#         49
  C:1F2BH         LINE#         50
  C:1F38H         LINE#         51
  C:1F3AH         LINE#         53
  C:1F54H         LINE#         54
  C:1F64H         LINE#         55
  C:1F67H         LINE#         57
  C:1F69H         LINE#         59
  -------         ENDPROC       ADC_ISR
  -------         PROC          _ADC_SET_MODE
  D:0007H         SYMBOL        mode
  C:2FACH         LINE#         61
  C:2FACH         LINE#         62
  C:2FACH         LINE#         63
  C:2FAFH         LINE#         64
  C:2FB2H         LINE#         66
  -------         ENDPROC       _ADC_SET_MODE
  -------         PROC          _ADC_OUT_FREQ
  D:0006H         SYMBOL        freq
  C:2F23H         LINE#         68
BL51 BANKED LINKER/LOCATER V6.22                                                      05/03/2018  17:44:15  PAGE 11


  C:2F23H         LINE#         69
  C:2F23H         LINE#         70
  C:2F37H         LINE#         72
  -------         ENDPROC       _ADC_OUT_FREQ
  -------         PROC          ADC_RESTORE_SETTINGS
  -------         DO            
  D:0007H         SYMBOL        i
  -------         ENDDO         
  C:2DD5H         LINE#         74
  C:2DD5H         LINE#         75
  C:2DD5H         LINE#         76
  C:2DD7H         LINE#         77
  C:2DD7H         LINE#         78
  C:2DD7H         LINE#         79
  C:2DDEH         LINE#         80
  C:2DEBH         LINE#         81
  C:2DFAH         LINE#         82
  C:2E02H         LINE#         83
  C:2E07H         LINE#         85
  -------         ENDPROC       ADC_RESTORE_SETTINGS
  -------         ENDMOD        ADC

  -------         MODULE        EEPROM
  C:0000H         SYMBOL        _ICE_DUMMY_
  D:0088H         PUBLIC        TCON
  D:0090H         PUBLIC        P1
  D:0098H         PUBLIC        SCON
  D:00A8H         PUBLIC        IE
  D:00B0H         PUBLIC        P3
  D:00B8H         PUBLIC        IP
  D:00B9H         PUBLIC        ECON
  D:00BCH         PUBLIC        EDATA1
  D:00BDH         PUBLIC        EDATA2
  D:00BEH         PUBLIC        EDATA3
  D:00BFH         PUBLIC        EDATA4
  D:00C0H         PUBLIC        WDCON
  D:00C8H         PUBLIC        T2CON
  D:00D0H         PUBLIC        PSW
  D:00D8H         PUBLIC        ADCSTAT
  D:00E8H         PUBLIC        I2CCON
  D:00E8H         PUBLIC        DCON
  D:00F8H         PUBLIC        SPICON
  D:00C6H         PUBLIC        EADR
  C:2428H         PUBLIC        _EEPROM_Read
  C:24EAH         PUBLIC        _EEPROM_Write
  C:2F90H         SYMBOL        Com0013
  C:2F90H         SYMBOL        L?0020
  -------         PROC          COM0013
  -------         ENDPROC       COM0013
  -------         PROC          _EEPROM_WRITE
  D:0001H         SYMBOL        buffer
  X:05DCH         SYMBOL        len
  X:05DEH         SYMBOL        addr
  -------         DO            
  X:05E0H         SYMBOL        i
  D:0001H         SYMBOL        buf
  -------         ENDDO         
BL51 BANKED LINKER/LOCATER V6.22                                                      05/03/2018  17:44:15  PAGE 12


  C:24EAH         LINE#         4
  C:24F2H         LINE#         5
  C:24F2H         LINE#         7
  C:24F9H         LINE#         10
  C:2510H         LINE#         11
  C:2514H         LINE#         13
  C:2514H         LINE#         15
  C:2530H         LINE#         16
  C:2530H         LINE#         17
  C:2547H         LINE#         18
  C:2551H         LINE#         19
  C:256DH         LINE#         20
  C:2579H         LINE#         22
  C:257FH         LINE#         24
  C:2582H         LINE#         25
  C:2585H         LINE#         27
  C:2590H         LINE#         28
  C:25A1H         LINE#         30
  C:25A9H         LINE#         31
  -------         ENDPROC       _EEPROM_WRITE
  -------         PROC          _EEPROM_READ
  D:0001H         SYMBOL        buffer
  X:05C9H         SYMBOL        len
  X:05CBH         SYMBOL        addr
  -------         DO            
  X:05CDH         SYMBOL        i
  D:0001H         SYMBOL        buf
  -------         ENDDO         
  C:2428H         LINE#         33
  C:2430H         LINE#         34
  C:2430H         LINE#         37
  C:2437H         LINE#         40
  C:244EH         LINE#         41
  C:2452H         LINE#         43
  C:2452H         LINE#         45
  C:246EH         LINE#         46
  C:246EH         LINE#         47
  C:2474H         LINE#         48
  C:2477H         LINE#         50
  C:2493H         LINE#         51
  C:249DH         LINE#         52
  C:24B6H         LINE#         53
  C:24C2H         LINE#         54
  C:24D0H         LINE#         55
  C:24E1H         LINE#         57
  C:24E9H         LINE#         58
  -------         ENDPROC       _EEPROM_READ
  -------         ENDMOD        EEPROM

  -------         MODULE        WATCHDOG
  C:0000H         SYMBOL        _ICE_DUMMY_
  D:0088H         PUBLIC        TCON
  D:0090H         PUBLIC        P1
  D:0098H         PUBLIC        SCON
  D:00A8H         PUBLIC        IE
  D:00B0H         PUBLIC        P3
  D:00B8H         PUBLIC        IP
BL51 BANKED LINKER/LOCATER V6.22                                                      05/03/2018  17:44:15  PAGE 13


  D:00C0H         PUBLIC        WDCON
  D:00C8H         PUBLIC        T2CON
  D:00D0H         PUBLIC        PSW
  D:00D8H         PUBLIC        ADCSTAT
  D:00E8H         PUBLIC        I2CCON
  D:00E8H         PUBLIC        DCON
  D:00F8H         PUBLIC        SPICON
  B:00A8H.7       PUBLIC        EA
  B:00C0H.0       PUBLIC        WDWR
  C:2FA4H         PUBLIC        _WDT_Init
  C:2F9AH         PUBLIC        WDT_Clear
  D:000AH         PUBLIC        wdt_intval
  -------         PROC          _WDT_INIT
  D:0007H         SYMBOL        interval
  C:2FA4H         LINE#         5
  C:2FA4H         LINE#         6
  C:2FA4H         LINE#         7
  C:2FA6H         LINE#         8
  C:2FA8H         LINE#         9
  C:2FABH         LINE#         11
  -------         ENDPROC       _WDT_INIT
  -------         PROC          WDT_CLEAR
  C:2F9AH         LINE#         13
  C:2F9AH         LINE#         14
  C:2F9AH         LINE#         15
  C:2F9CH         LINE#         17
  C:2F9EH         LINE#         18
  C:2FA1H         LINE#         20
  C:2FA3H         LINE#         22
  -------         ENDPROC       WDT_CLEAR
  -------         ENDMOD        WATCHDOG

  -------         MODULE        PROTO_USO
  C:0000H         SYMBOL        _ICE_DUMMY_
  D:0088H         PUBLIC        TCON
  D:0090H         PUBLIC        P1
  D:0098H         PUBLIC        SCON
  D:0099H         PUBLIC        SBUF
  D:00A8H         PUBLIC        IE
  D:00B0H         PUBLIC        P3
  D:00B8H         PUBLIC        IP
  D:00C0H         PUBLIC        WDCON
  D:00C8H         PUBLIC        T2CON
  D:00D0H         PUBLIC        PSW
  D:00D8H         PUBLIC        ADCSTAT
  D:00E8H         PUBLIC        I2CCON
  D:00E8H         PUBLIC        DCON
  D:00F8H         PUBLIC        SPICON
  B:00A8H.7       PUBLIC        EA
  B:00A8H.4       PUBLIC        ES
  B:0098H.4       PUBLIC        REN
  B:0098H.1       PUBLIC        TI
  B:0098H.0       PUBLIC        RI
  C:1756H         PUBLIC        UART_ISR
  C:2AE2H         PUBLIC        Protocol_Init
  C:11CCH         PUBLIC        Send_Info
  C:0006H         PUBLIC        Node_Full_Init
BL51 BANKED LINKER/LOCATER V6.22                                                      05/03/2018  17:44:15  PAGE 14


  C:000EH         PUBLIC        Channel_List_Init
  C:0016H         PUBLIC        Channel_Get_Data
  C:1BFFH         PUBLIC        Channel_Set_Parameters
  C:001EH         PUBLIC        Channel_Set_Order_Query
  C:0026H         PUBLIC        Channel_Get_Data_Order
  C:002EH         PUBLIC        Channel_Set_State
  C:2FB3H         PUBLIC        Channel_Get_Data_Order_M2
  C:2F80H         PUBLIC        Channel_Set_Reset_State_Flags
  C:0715H         PUBLIC        Channel_All_Get_Data
  C:2D9AH         PUBLIC        Channel_Set_Address_Desc
  C:1F7FH         PUBLIC        Channel_Set_Calibrate
  C:2C4BH         PUBLIC        _Request_Error
  C:26F5H         PUBLIC        ProtoBufHandling
  C:1AB7H         PUBLIC        _ProtoProcess
  C:2ED4H         SYMBOL        _CRC_Check
  C:1D46H         PUBLIC        _Store_Dev_Address_Desc
  C:2285H         PUBLIC        Restore_Dev_Address_Desc
  C:2088H         PUBLIC        Crc8Table
  B:00B0H.5       PUBLIC        DE_RE
  X:0001H         PUBLIC        DEV_NAME
  X:0015H         PUBLIC        NOTICE
  X:003DH         PUBLIC        VERSION
  X:0045H         PUBLIC        ADRESS_DEV
  X:0046H         PUBLIC        dev_desc_len
  X:0047H         PUBLIC        RECIEVED
  X:0048H         PUBLIC        recieve_count
  X:0049H         PUBLIC        transf_count
  X:004AH         PUBLIC        buf_len
  X:004BH         PUBLIC        CUT_OUT_NULL
  X:004CH         PUBLIC        frame_len
  X:004DH         PUBLIC        RecieveBuf
  X:015BH         PUBLIC        TransferBuf
  X:0269H         PUBLIC        STATE_BYTE
  X:026AH         PUBLIC        symbol
  X:026BH         PUBLIC        avaible_channels
  X:026CH         PUBLIC        pt_proto
  X:0270H         PUBLIC        sym_8_to_float
  -------         PROC          UART_ISR
  C:1756H         LINE#         77
  C:176FH         LINE#         79
  C:1771H         LINE#         81
  C:1777H         LINE#         82
  C:1777H         LINE#         83
  C:1779H         LINE#         85
  C:1786H         LINE#         86
  C:1786H         LINE#         87
  C:1790H         LINE#         89
  C:1790H         LINE#         92
  C:1796H         LINE#         93
  C:17A4H         LINE#         94
  C:17A4H         LINE#         95
  C:17A4H         LINE#         96
  C:17A4H         LINE#         97
  C:17B8H         LINE#         98
  C:17BEH         LINE#         99
  C:17C4H         LINE#         100
  C:17C4H         LINE#         101
BL51 BANKED LINKER/LOCATER V6.22                                                      05/03/2018  17:44:15  PAGE 15


  C:17C6H         LINE#         103
  C:17C6H         LINE#         104
  C:17C6H         LINE#         105
  C:17CDH         LINE#         106
  C:17CDH         LINE#         107
  C:17D2H         LINE#         108
  C:17D6H         LINE#         109
  C:17DAH         LINE#         110
  C:17E0H         LINE#         111
  C:17E2H         LINE#         113
  C:17E2H         LINE#         114
  C:17F6H         LINE#         115
  C:17FCH         LINE#         116
  C:17FCH         LINE#         117
  C:17FCH         LINE#         118
  C:17FCH         LINE#         119
  C:17FEH         LINE#         121
  C:17FEH         LINE#         122
  C:17FEH         LINE#         123
  C:1805H         LINE#         124
  C:1805H         LINE#         125
  C:1807H         LINE#         126
  C:1809H         LINE#         128
  C:1809H         LINE#         129
  C:181DH         LINE#         130
  C:1823H         LINE#         131
  C:1823H         LINE#         132
  C:1823H         LINE#         133
  C:1825H         LINE#         135
  C:1825H         LINE#         136
  C:1825H         LINE#         137
  C:1839H         LINE#         138
  C:183FH         LINE#         139
  C:1844H         LINE#         141
  C:1844H         LINE#         142
  C:1844H         LINE#         144
  C:184DH         LINE#         145
  C:184DH         LINE#         146
  C:1861H         LINE#         147
  C:1861H         LINE#         148
  C:1866H         LINE#         149
  C:1868H         LINE#         150
  C:186AH         LINE#         151
  C:186FH         LINE#         152
  C:186FH         LINE#         153
  C:1871H         LINE#         155
  C:1871H         LINE#         156
  C:1878H         LINE#         157
  C:1878H         LINE#         158
  C:1887H         LINE#         159
  C:1887H         LINE#         160
  C:1887H         LINE#         161
  C:1887H         LINE#         163
  C:188AH         LINE#         164
  C:188AH         LINE#         165
  C:188CH         LINE#         167
  C:1899H         LINE#         168
BL51 BANKED LINKER/LOCATER V6.22                                                      05/03/2018  17:44:15  PAGE 16


  C:1899H         LINE#         169
  C:189FH         LINE#         170
  C:189FH         LINE#         171
  C:189FH         LINE#         172
  C:189FH         LINE#         173
  C:18A1H         LINE#         175
  C:18A1H         LINE#         176
  C:18A7H         LINE#         177
  C:18A7H         LINE#         178
  C:18B8H         LINE#         179
  C:18B8H         LINE#         180
  C:18BEH         LINE#         181
  C:18BEH         LINE#         182
  C:18CEH         LINE#         183
  C:18D4H         LINE#         184
  C:18D6H         LINE#         186
  C:18D6H         LINE#         187
  C:18D9H         LINE#         188
  C:18DEH         LINE#         189
  C:18DEH         LINE#         190
  C:18DEH         LINE#         191
  C:18E0H         LINE#         193
  C:18E0H         LINE#         194
  C:18E5H         LINE#         195
  C:18E9H         LINE#         196
  C:18EFH         LINE#         197
  C:18EFH         LINE#         198
  C:18EFH         LINE#         199
  C:18F1H         LINE#         201
  -------         ENDPROC       UART_ISR
  -------         PROC          PROTOCOL_INIT
  -------         DO            
  D:0007H         SYMBOL        i
  -------         ENDDO         
  C:2AE2H         LINE#         203
  C:2AE2H         LINE#         204
  C:2AE2H         LINE#         205
  C:2AE4H         LINE#         207
  C:2AE6H         LINE#         208
  C:2AE8H         LINE#         212
  C:2AEBH         LINE#         215
  C:2AF0H         LINE#         216
  C:2AF2H         LINE#         217
  C:2AF4H         LINE#         218
  C:2AF6H         LINE#         219
  C:2AF8H         LINE#         220
  C:2AFEH         LINE#         222
  C:2B03H         LINE#         223
  C:2B04H         LINE#         224
  C:2B04H         LINE#         225
  C:2B17H         LINE#         226
  C:2B17H         LINE#         227
  C:2B2DH         LINE#         228
  C:2B33H         LINE#         229
  C:2B33H         LINE#         230
  C:2B38H         LINE#         233
  C:2B3FH         LINE#         235
BL51 BANKED LINKER/LOCATER V6.22                                                      05/03/2018  17:44:15  PAGE 17


  -------         ENDPROC       PROTOCOL_INIT
  -------         PROC          SEND_INFO
  -------         DO            
  X:05C8H         SYMBOL        i
  -------         ENDDO         
  C:11CCH         LINE#         237
  C:11CCH         LINE#         238
  C:11CCH         LINE#         239
  C:11D1H         LINE#         242
  C:11D5H         LINE#         243
  C:11D9H         LINE#         244
  C:11DDH         LINE#         246
  C:11E5H         LINE#         247
  C:11E9H         LINE#         248
  C:11F1H         LINE#         250
  C:11F6H         LINE#         251
  C:11F6H         LINE#         252
  C:11FFH         LINE#         253
  C:11FFH         LINE#         254
  C:121AH         LINE#         255
  C:121CH         LINE#         257
  C:121CH         LINE#         258
  C:122BH         LINE#         259
  C:122BH         LINE#         260
  C:1235H         LINE#         262
  C:123AH         LINE#         263
  C:123AH         LINE#         264
  C:1243H         LINE#         265
  C:1243H         LINE#         266
  C:125EH         LINE#         267
  C:125EH         LINE#         268
  C:1268H         LINE#         270
  C:1270H         LINE#         272
  C:1275H         LINE#         273
  C:1275H         LINE#         274
  C:128BH         LINE#         275
  C:128BH         LINE#         276
  C:12DAH         LINE#         277
  C:12FDH         LINE#         278
  C:12FDH         LINE#         279
  C:130BH         LINE#         281
  C:131DH         LINE#         282
  C:131DH         LINE#         283
  C:134CH         LINE#         284
  C:1354H         LINE#         286
  C:1366H         LINE#         287
  C:139FH         LINE#         289
  C:13AEH         LINE#         290
  -------         ENDPROC       SEND_INFO
  -------         PROC          NODE_FULL_INIT
  C:0006H         LINE#         292
  C:0006H         LINE#         293
  C:0006H         LINE#         294
  C:0008H         LINE#         295
  -------         ENDPROC       NODE_FULL_INIT
  -------         PROC          CHANNEL_LIST_INIT
  C:000EH         LINE#         297
BL51 BANKED LINKER/LOCATER V6.22                                                      05/03/2018  17:44:15  PAGE 18


  C:000EH         LINE#         298
  C:000EH         LINE#         299
  C:0010H         LINE#         300
  -------         ENDPROC       CHANNEL_LIST_INIT
  -------         PROC          CHANNEL_GET_DATA
  C:0016H         LINE#         302
  C:0016H         LINE#         303
  C:0016H         LINE#         304
  C:0018H         LINE#         305
  -------         ENDPROC       CHANNEL_GET_DATA
  -------         PROC          CHANNEL_SET_PARAMETERS
  -------         DO            
  D:0007H         SYMBOL        index
  X:05C8H         SYMBOL        store_data
  D:0006H         SYMBOL        i
  D:0005H         SYMBOL        chn_index
  -------         ENDDO         
  C:1BFFH         LINE#         307
  C:1BFFH         LINE#         308
  C:1BFFH         LINE#         309
  C:1C07H         LINE#         311
  C:1C15H         LINE#         312
  C:1C15H         LINE#         313
  C:1C2EH         LINE#         314
  C:1C2EH         LINE#         315
  C:1C42H         LINE#         316
  C:1C42H         LINE#         317
  C:1C42H         LINE#         318
  C:1C42H         LINE#         320
  C:1C44H         LINE#         321
  C:1C44H         LINE#         322
  C:1C63H         LINE#         323
  C:1C63H         LINE#         324
  C:1C66H         LINE#         325
  C:1C68H         LINE#         326
  C:1C68H         LINE#         327
  C:1C6DH         LINE#         329
  C:1CCAH         LINE#         330
  C:1CCAH         LINE#         331
  C:1CE7H         LINE#         332
  C:1D04H         LINE#         333
  C:1D23H         LINE#         334
  C:1D29H         LINE#         336
  C:1D29H         LINE#         337
  C:1D2AH         LINE#         338
  C:1D2AH         LINE#         339
  C:1D2CH         LINE#         342
  C:1D2CH         LINE#         343
  C:1D2CH         LINE#         344
  C:1D2DH         LINE#         345
  C:1D2DH         LINE#         346
  C:1D2DH         LINE#         347
  C:1D30H         LINE#         348
  C:1D33H         LINE#         350
  C:1D33H         LINE#         351
  C:1D37H         LINE#         352
  C:1D37H         LINE#         353
BL51 BANKED LINKER/LOCATER V6.22                                                      05/03/2018  17:44:15  PAGE 19


  C:1D37H         LINE#         354
  C:1D3DH         LINE#         355
  C:1D3DH         LINE#         356
  C:1D40H         LINE#         357
  C:1D40H         LINE#         359
  C:1D45H         LINE#         360
  -------         ENDPROC       CHANNEL_SET_PARAMETERS
  -------         PROC          CHANNEL_SET_ORDER_QUERY
  C:001EH         LINE#         362
  C:001EH         LINE#         363
  C:001EH         LINE#         364
  C:0020H         LINE#         365
  -------         ENDPROC       CHANNEL_SET_ORDER_QUERY
  -------         PROC          CHANNEL_GET_DATA_ORDER
  C:0026H         LINE#         367
  C:0026H         LINE#         368
  C:0026H         LINE#         369
  C:0028H         LINE#         370
  -------         ENDPROC       CHANNEL_GET_DATA_ORDER
  -------         PROC          CHANNEL_SET_STATE
  C:002EH         LINE#         372
  C:002EH         LINE#         373
  C:002EH         LINE#         374
  C:0030H         LINE#         375
  -------         ENDPROC       CHANNEL_SET_STATE
  -------         PROC          CHANNEL_GET_DATA_ORDER_M2
  C:2FB3H         LINE#         377
  C:2FB3H         LINE#         378
  C:2FB3H         LINE#         379
  C:2FB5H         LINE#         380
  -------         ENDPROC       CHANNEL_GET_DATA_ORDER_M2
  -------         PROC          CHANNEL_SET_RESET_STATE_FLAGS
  C:2F80H         LINE#         382
  C:2F80H         LINE#         383
  C:2F80H         LINE#         384
  C:2F86H         LINE#         385
  C:2F8AH         LINE#         386
  C:2F8FH         LINE#         387
  -------         ENDPROC       CHANNEL_SET_RESET_STATE_FLAGS
  -------         PROC          CHANNEL_ALL_GET_DATA
  -------         DO            
  D:0008H         SYMBOL        index
  D:0009H         SYMBOL        i
  -------         ENDDO         
  C:0715H         LINE#         390
  C:0715H         LINE#         391
  C:0715H         LINE#         392
  C:071AH         LINE#         395
  C:0726H         LINE#         396
  C:072EH         LINE#         397
  C:0732H         LINE#         398
  C:073AH         LINE#         400
  C:073DH         LINE#         402
  C:0740H         LINE#         403
  C:0740H         LINE#         405
  C:0758H         LINE#         406
  C:0758H         LINE#         407
BL51 BANKED LINKER/LOCATER V6.22                                                      05/03/2018  17:44:15  PAGE 20


  C:0758H         LINE#         408
  C:0758H         LINE#         410
  C:0768H         LINE#         411
  C:07A0H         LINE#         413
  C:07C4H         LINE#         414
  C:07C4H         LINE#         415
  C:07C4H         LINE#         416
  C:07C4H         LINE#         417
  C:07E3H         LINE#         418
  C:07E3H         LINE#         419
  C:07E3H         LINE#         420
  C:07E3H         LINE#         421
  C:07FBH         LINE#         422
  C:07FBH         LINE#         423
  C:081AH         LINE#         424
  C:0828H         LINE#         425
  C:082AH         LINE#         427
  C:082AH         LINE#         428
  C:0849H         LINE#         429
  C:086BH         LINE#         430
  C:086BH         LINE#         433
  C:086BH         LINE#         434
  C:086BH         LINE#         435
  C:086BH         LINE#         436
  C:086EH         LINE#         438
  C:086EH         LINE#         439
  C:086EH         LINE#         440
  C:0886H         LINE#         441
  C:0886H         LINE#         442
  C:08A5H         LINE#         443
  C:08C7H         LINE#         444
  C:08D5H         LINE#         445
  C:08D7H         LINE#         447
  C:08D7H         LINE#         448
  C:08F6H         LINE#         449
  C:0918H         LINE#         450
  C:093AH         LINE#         451
  C:093AH         LINE#         453
  C:095CH         LINE#         454
  C:096AH         LINE#         455
  C:096AH         LINE#         456
  C:096DH         LINE#         457
  C:096DH         LINE#         458
  C:096DH         LINE#         459
  C:096DH         LINE#         461
  C:096DH         LINE#         462
  C:096DH         LINE#         463
  C:0983H         LINE#         464
  C:0983H         LINE#         465
  C:0983H         LINE#         466
  C:0983H         LINE#         467
  C:09A5H         LINE#         468
  C:09C7H         LINE#         469
  C:09E9H         LINE#         470
  C:0A0BH         LINE#         471
  C:0A19H         LINE#         472
  C:0A19H         LINE#         473
BL51 BANKED LINKER/LOCATER V6.22                                                      05/03/2018  17:44:15  PAGE 21


  C:0A1CH         LINE#         474
  C:0A1CH         LINE#         475
  C:0A1CH         LINE#         476
  C:0A1CH         LINE#         478
  C:0A1CH         LINE#         479
  C:0A1CH         LINE#         480
  C:0A36H         LINE#         481
  C:0A36H         LINE#         483
  C:0A36H         LINE#         484
  C:0A36H         LINE#         485
  C:0A58H         LINE#         486
  C:0A7AH         LINE#         487
  C:0A88H         LINE#         488
  C:0A88H         LINE#         489
  C:0A8AH         LINE#         491
  C:0A8AH         LINE#         492
  C:0A8AH         LINE#         493
  C:0AACH         LINE#         494
  C:0ACEH         LINE#         495
  C:0AF0H         LINE#         496
  C:0AF0H         LINE#         497
  C:0AF0H         LINE#         498
  C:0AF0H         LINE#         499
  C:0AF0H         LINE#         500
  C:0AF0H         LINE#         501
  C:0AF0H         LINE#         502
  C:0AFBH         LINE#         504
  C:0B03H         LINE#         505
  C:0B1BH         LINE#         506
  C:0B1FH         LINE#         507
  -------         ENDPROC       CHANNEL_ALL_GET_DATA
  -------         PROC          CHANNEL_SET_CALIBRATE
  -------         DO            
  X:05C8H         SYMBOL        K
  X:05CCH         SYMBOL        C
  -------         ENDDO         
  C:1F7FH         LINE#         509
  C:1F7FH         LINE#         510
  C:1F7FH         LINE#         514
  C:1F87H         LINE#         515
  C:1F8FH         LINE#         516
  C:1F97H         LINE#         517
  C:1F9FH         LINE#         519
  C:1FB3H         LINE#         521
  C:1FBBH         LINE#         522
  C:1FC3H         LINE#         523
  C:1FCBH         LINE#         524
  C:1FD3H         LINE#         526
  C:1FE7H         LINE#         528
  C:1FF8H         LINE#         529
  C:1FF8H         LINE#         530
  C:1FF8H         LINE#         531
  C:1FF8H         LINE#         532
  C:2028H         LINE#         533
  C:2028H         LINE#         534
  C:202AH         LINE#         536
  C:202AH         LINE#         537
BL51 BANKED LINKER/LOCATER V6.22                                                      05/03/2018  17:44:15  PAGE 22


  C:202AH         LINE#         538
  C:203DH         LINE#         539
  C:203DH         LINE#         540
  C:203DH         LINE#         541
  C:203FH         LINE#         543
  C:203FH         LINE#         544
  C:203FH         LINE#         545
  C:2054H         LINE#         546
  C:207FH         LINE#         547
  C:207FH         LINE#         548
  C:2081H         LINE#         550
  C:2081H         LINE#         551
  C:2081H         LINE#         552
  C:2082H         LINE#         553
  C:2082H         LINE#         554
  C:2082H         LINE#         555
  C:2082H         LINE#         558
  C:2087H         LINE#         559
  -------         ENDPROC       CHANNEL_SET_CALIBRATE
  -------         PROC          CHANNEL_SET_ADDRESS_DESC
  -------         DO            
  D:0006H         SYMBOL        desc_len
  -------         ENDDO         
  C:2D9AH         LINE#         561
  C:2D9AH         LINE#         562
  C:2D9AH         LINE#         563
  C:2D9AH         LINE#         564
  C:2DA1H         LINE#         566
  C:2DA3H         LINE#         567
  C:2DA3H         LINE#         568
  C:2DCCH         LINE#         569
  C:2DD0H         LINE#         570
  C:2DD0H         LINE#         572
  C:2DD0H         LINE#         573
  -------         ENDPROC       CHANNEL_SET_ADDRESS_DESC
  -------         PROC          _REQUEST_ERROR
  D:0007H         SYMBOL        error_code
  C:2C4BH         LINE#         578
  C:2C4BH         LINE#         579
  C:2C4BH         LINE#         580
  C:2C58H         LINE#         581
  C:2C60H         LINE#         582
  C:2C68H         LINE#         583
  C:2C6EH         LINE#         585
  C:2C76H         LINE#         586
  C:2C7BH         LINE#         587
  C:2C81H         LINE#         588
  C:2C8FH         LINE#         589
  C:2C91H         LINE#         590
  -------         ENDPROC       _REQUEST_ERROR
  -------         PROC          PROTOBUFHANDLING
  C:26F5H         LINE#         592
  C:26F5H         LINE#         593
  C:26F5H         LINE#         594
  C:2727H         LINE#         595
  C:2727H         LINE#         597
  C:2727H         LINE#         598
BL51 BANKED LINKER/LOCATER V6.22                                                      05/03/2018  17:44:15  PAGE 23


  C:2727H         LINE#         599
  C:272AH         LINE#         600
  C:272AH         LINE#         601
  C:272CH         LINE#         603
  C:272CH         LINE#         604
  C:272CH         LINE#         605
  C:272FH         LINE#         606
  C:272FH         LINE#         607
  C:2731H         LINE#         609
  C:2731H         LINE#         610
  C:2731H         LINE#         611
  C:2734H         LINE#         612
  C:2734H         LINE#         613
  C:2736H         LINE#         615
  C:2736H         LINE#         616
  C:2736H         LINE#         617
  C:2739H         LINE#         618
  C:2739H         LINE#         619
  C:273BH         LINE#         621
  C:273BH         LINE#         622
  C:273BH         LINE#         623
  C:273EH         LINE#         624
  C:273EH         LINE#         625
  C:2740H         LINE#         627
  C:2740H         LINE#         628
  C:2740H         LINE#         629
  C:2743H         LINE#         630
  C:2743H         LINE#         631
  C:2745H         LINE#         633
  C:2745H         LINE#         634
  C:2745H         LINE#         635
  C:2748H         LINE#         636
  C:2748H         LINE#         637
  C:274AH         LINE#         639
  C:274AH         LINE#         640
  C:274AH         LINE#         641
  C:274DH         LINE#         642
  C:274DH         LINE#         643
  C:274FH         LINE#         645
  C:274FH         LINE#         646
  C:274FH         LINE#         647
  C:2752H         LINE#         648
  C:2752H         LINE#         649
  C:2754H         LINE#         651
  C:2754H         LINE#         652
  C:2754H         LINE#         653
  C:2757H         LINE#         654
  C:2757H         LINE#         655
  C:2759H         LINE#         657
  C:2759H         LINE#         658
  C:2759H         LINE#         659
  C:275CH         LINE#         660
  C:275CH         LINE#         661
  C:275EH         LINE#         663
  C:275EH         LINE#         664
  C:275EH         LINE#         665
  C:2761H         LINE#         666
BL51 BANKED LINKER/LOCATER V6.22                                                      05/03/2018  17:44:15  PAGE 24


  C:2761H         LINE#         667
  C:2763H         LINE#         669
  C:2763H         LINE#         670
  C:2763H         LINE#         671
  C:2766H         LINE#         672
  C:2766H         LINE#         673
  C:2768H         LINE#         675
  C:2768H         LINE#         676
  C:2768H         LINE#         677
  C:2772H         LINE#         678
  C:2772H         LINE#         679
  C:2772H         LINE#         682
  -------         ENDPROC       PROTOBUFHANDLING
  -------         PROC          _PROTOPROCESS
  X:05C4H         SYMBOL        pt
  -------         DO            
  X:0000H         SYMBOL        CRC
  -------         DO            
  X:05C7H         SYMBOL        PT_YIELD_FLAG
  -------         ENDDO         
  -------         ENDDO         
  C:1AB7H         LINE#         686
  C:1AC2H         LINE#         687
  C:1AC2H         LINE#         688
  C:1AC2H         LINE#         689
  C:1AE0H         LINE#         691
  C:1AE0H         LINE#         692
  C:1AE0H         LINE#         694
  C:1AE5H         LINE#         695
  C:1AE7H         LINE#         696
  C:1AE9H         LINE#         697
  C:1AEBH         LINE#         699
  C:1B06H         LINE#         700
  C:1B0BH         LINE#         702
  C:1B17H         LINE#         703
  C:1B17H         LINE#         704
  C:1B19H         LINE#         705
  C:1B19H         LINE#         707
  C:1B2BH         LINE#         709
  C:1B3FH         LINE#         710
  C:1B3FH         LINE#         711
  C:1B41H         LINE#         712
  C:1B41H         LINE#         713
  C:1B62H         LINE#         715
  C:1B65H         LINE#         716
  C:1B6BH         LINE#         717
  C:1B6BH         LINE#         718
  C:1B7FH         LINE#         719
  C:1B7FH         LINE#         721
  C:1B7FH         LINE#         722
  C:1B81H         LINE#         724
  C:1B83H         LINE#         725
  C:1B88H         LINE#         726
  C:1B8CH         LINE#         727
  C:1B9CH         LINE#         728
  C:1BA2H         LINE#         729
  C:1BA4H         LINE#         731
BL51 BANKED LINKER/LOCATER V6.22                                                      05/03/2018  17:44:15  PAGE 25


  C:1BE6H         LINE#         732
  C:1BE6H         LINE#         734
  C:1BE6H         LINE#         736
  C:1BFEH         LINE#         737
  -------         ENDPROC       _PROTOPROCESS
  -------         PROC          _CRC_CHECK
  D:0006H         SYMBOL        Spool_pr
  D:0005H         SYMBOL        Count_pr
  -------         DO            
  D:0004H         SYMBOL        crc
  -------         ENDDO         
  C:2ED4H         LINE#         740
  C:2ED4H         LINE#         741
  C:2ED4H         LINE#         742
  C:2ED6H         LINE#         744
  C:2EDDH         LINE#         745
  C:2EF3H         LINE#         747
  C:2EF6H         LINE#         748
  -------         ENDPROC       _CRC_CHECK
  -------         PROC          _STORE_DEV_ADDRESS_DESC
  X:05C8H         SYMBOL        addr
  X:05C9H         SYMBOL        name
  X:05CCH         SYMBOL        ver
  X:05CFH         SYMBOL        desc
  X:05D2H         SYMBOL        desc_len
  -------         DO            
  X:05D3H         SYMBOL        blocks
  -------         ENDDO         
  C:1D46H         LINE#         750
  C:1D54H         LINE#         751
  C:1D54H         LINE#         754
  C:1D5BH         LINE#         756
  C:1D70H         LINE#         757
  C:1D8BH         LINE#         758
  C:1DA7H         LINE#         760
  C:1DC2H         LINE#         761
  C:1DDEH         LINE#         763
  C:1DEEH         LINE#         764
  C:1DF3H         LINE#         765
  C:1DFEH         LINE#         767
  C:1E0DH         LINE#         768
  C:1E13H         LINE#         770
  C:1E32H         LINE#         771
  C:1E3AH         LINE#         772
  C:1E50H         LINE#         774
  C:1E6FH         LINE#         777
  -------         ENDPROC       _STORE_DEV_ADDRESS_DESC
  -------         PROC          RESTORE_DEV_ADDRESS_DESC
  -------         DO            
  X:05C4H         SYMBOL        blocks
  -------         ENDDO         
  C:2285H         LINE#         779
  C:2285H         LINE#         780
  C:2285H         LINE#         781
  C:228CH         LINE#         783
  C:22A1H         LINE#         785
  C:22B0H         LINE#         786
BL51 BANKED LINKER/LOCATER V6.22                                                      05/03/2018  17:44:15  PAGE 26


  C:22B6H         LINE#         788
  C:22CCH         LINE#         789
  C:22E2H         LINE#         791
  C:22F8H         LINE#         793
  C:2301H         LINE#         794
  C:2304H         LINE#         796
  C:2316H         LINE#         797
  C:231EH         LINE#         798
  C:232CH         LINE#         800
  C:233BH         LINE#         801
  C:2341H         LINE#         803
  C:235BH         LINE#         805
  -------         ENDPROC       RESTORE_DEV_ADDRESS_DESC
  -------         ENDMOD        PROTO_USO

  -------         MODULE        CHANNELS
  C:0000H         SYMBOL        _ICE_DUMMY_
  D:0088H         PUBLIC        TCON
  D:0090H         PUBLIC        P1
  D:0098H         PUBLIC        SCON
  D:00A8H         PUBLIC        IE
  D:00B0H         PUBLIC        P3
  D:00B8H         PUBLIC        IP
  D:00C0H         PUBLIC        WDCON
  D:00C8H         PUBLIC        T2CON
  D:00D0H         PUBLIC        PSW
  D:00D8H         PUBLIC        ADCSTAT
  D:00E8H         PUBLIC        I2CCON
  D:00E8H         PUBLIC        DCON
  D:00F8H         PUBLIC        SPICON
  C:13AFH         PUBLIC        ChannelsInit
  C:2E35H         PUBLIC        Store_Channels_Data
  C:2E5FH         PUBLIC        Restore_Channels_Data
  X:0274H         PUBLIC        channels
  C:2C92H         SYMBOL        Com000C
  C:2C92H         SYMBOL        L?0013
  C:2C92H         SYMBOL        L?0014
  C:2C9CH         SYMBOL        L?0015
  C:2C9CH         SYMBOL        L?0016
  C:2CA4H         SYMBOL        L?0017
  C:2CBAH         SYMBOL        L?0018
  C:2CBAH         SYMBOL        L?0019
  C:2CC5H         SYMBOL        L?0020
  C:2CC5H         SYMBOL        L?0021
  C:2CCCH         SYMBOL        L?0022
  -------         PROC          COM000C
  -------         ENDPROC       COM000C
  -------         PROC          CHANNELSINIT
  C:13AFH         LINE#         7
  C:13AFH         LINE#         8
  C:13AFH         LINE#         9
  C:13B2H         LINE#         11
  C:13C1H         LINE#         12
  C:13C1H         LINE#         13
  C:13C5H         LINE#         14
  C:13C5H         LINE#         15
  C:13C8H         LINE#         16
BL51 BANKED LINKER/LOCATER V6.22                                                      05/03/2018  17:44:15  PAGE 27


  C:13D2H         LINE#         17
  C:13D7H         LINE#         19
  C:13DAH         LINE#         20
  C:13DAH         LINE#         21
  C:13DDH         LINE#         22
  C:13E7H         LINE#         23
  C:13ECH         LINE#         25
  C:13EFH         LINE#         26
  C:13EFH         LINE#         27
  C:13F2H         LINE#         28
  C:13FCH         LINE#         29
  C:1401H         LINE#         31
  C:1404H         LINE#         32
  C:1404H         LINE#         33
  C:1407H         LINE#         34
  C:1411H         LINE#         35
  C:1416H         LINE#         37
  C:1419H         LINE#         38
  C:1419H         LINE#         39
  C:141CH         LINE#         40
  C:1426H         LINE#         41
  C:142BH         LINE#         43
  C:142EH         LINE#         44
  C:142EH         LINE#         45
  C:1431H         LINE#         46
  C:143BH         LINE#         47
  C:1440H         LINE#         49
  C:1443H         LINE#         50
  C:1443H         LINE#         51
  C:1446H         LINE#         52
  C:1450H         LINE#         53
  C:1455H         LINE#         55
  C:1458H         LINE#         56
  C:1458H         LINE#         57
  C:145BH         LINE#         58
  C:1465H         LINE#         59
  C:146AH         LINE#         61
  C:146DH         LINE#         62
  C:1470H         LINE#         63
  C:1475H         LINE#         65
  C:1478H         LINE#         66
  C:147BH         LINE#         67
  C:1480H         LINE#         69
  C:1483H         LINE#         70
  C:1486H         LINE#         71
  C:148BH         LINE#         73
  C:148EH         LINE#         74
  C:1491H         LINE#         75
  C:1496H         LINE#         77
  C:1499H         LINE#         78
  C:149CH         LINE#         80
  C:149FH         LINE#         81
  C:14A2H         LINE#         82
  C:14A2H         LINE#         85
  C:14A7H         LINE#         86
  C:14A9H         LINE#         87
  C:14B3H         LINE#         89
BL51 BANKED LINKER/LOCATER V6.22                                                      05/03/2018  17:44:15  PAGE 28


  C:14B8H         LINE#         90
  C:14BAH         LINE#         91
  C:14C4H         LINE#         93
  C:14C9H         LINE#         94
  C:14CBH         LINE#         95
  C:14D5H         LINE#         97
  C:14DAH         LINE#         98
  C:14DCH         LINE#         99
  C:14E6H         LINE#         101
  C:14E9H         LINE#         102
  C:14ECH         LINE#         103
  C:14F6H         LINE#         105
  C:14F9H         LINE#         106
  C:14FCH         LINE#         107
  C:1506H         LINE#         109
  C:1509H         LINE#         110
  C:150CH         LINE#         111
  C:1516H         LINE#         113
  C:1519H         LINE#         114
  C:151CH         LINE#         115
  C:1526H         LINE#         117
  C:1529H         LINE#         118
  C:1529H         LINE#         119
  C:152CH         LINE#         120
  C:1536H         LINE#         122
  C:1539H         LINE#         123
  C:1539H         LINE#         124
  C:153CH         LINE#         125
  C:1546H         LINE#         127
  C:1549H         LINE#         128
  C:1549H         LINE#         129
  C:154CH         LINE#         130
  C:1556H         LINE#         132
  C:155CH         LINE#         133
  C:1560H         LINE#         134
  C:1563H         LINE#         135
  C:156DH         LINE#         137
  C:1570H         LINE#         138
  C:1570H         LINE#         139
  C:1573H         LINE#         140
  C:157DH         LINE#         142
  C:1580H         LINE#         143
  C:1580H         LINE#         144
  C:1583H         LINE#         145
  C:158DH         LINE#         148
  -------         ENDPROC       CHANNELSINIT
  -------         PROC          STORE_CHANNELS_DATA
  -------         DO            
  X:05C9H         SYMBOL        i
  -------         ENDDO         
  C:2E35H         LINE#         150
  C:2E35H         LINE#         151
  C:2E35H         LINE#         152
  C:2E3AH         LINE#         153
  C:2E45H         LINE#         154
  C:2E45H         LINE#         155
  C:2E56H         LINE#         156
BL51 BANKED LINKER/LOCATER V6.22                                                      05/03/2018  17:44:15  PAGE 29


  C:2E5EH         LINE#         158
  -------         ENDPROC       STORE_CHANNELS_DATA
  -------         PROC          RESTORE_CHANNELS_DATA
  -------         DO            
  X:05C4H         SYMBOL        i
  -------         ENDDO         
  C:2E5FH         LINE#         160
  C:2E5FH         LINE#         161
  C:2E5FH         LINE#         162
  C:2E64H         LINE#         163
  C:2E6FH         LINE#         164
  C:2E6FH         LINE#         165
  C:2E80H         LINE#         166
  C:2E88H         LINE#         168
  -------         ENDPROC       RESTORE_CHANNELS_DATA
  -------         ENDMOD        CHANNELS

  -------         MODULE        ?C_STARTUP
  C:2666H         SEGMENT       ?C_C51STARTUP
  I:0012H         SEGMENT       ?STACK
  C:0000H         PUBLIC        ?C_STARTUP
  D:00AFH         SYMBOL        CFG8XX
  N:0000H         SYMBOL        EXSP
  N:0000H         SYMBOL        IBPSTACK
  N:0100H         SYMBOL        IBPSTACKTOP
  N:0080H         SYMBOL        IDATALEN
  C:266CH         SYMBOL        IDATALOOP
  D:00A0H         SYMBOL        P2
  N:0000H         SYMBOL        PBPSTACK
  N:0000H         SYMBOL        PBPSTACKTOP
  N:0000H         SYMBOL        PDATALEN
  N:0000H         SYMBOL        PDATASTART
  N:0000H         SYMBOL        PPAGE
  N:0000H         SYMBOL        PPAGEENABLE
  D:0081H         SYMBOL        SP
  D:00B7H         SYMBOL        SPH
  N:0200H         SYMBOL        STACKSIZE
  C:2666H         SYMBOL        STARTUP1
  N:0000H         SYMBOL        XBPSTACK
  N:0000H         SYMBOL        XBPSTACKTOP
  N:0000H         SYMBOL        XDATALEN
  N:0000H         SYMBOL        XDATASTART
  N:0001H         SYMBOL        XRAMEN
  N:0600H         SYMBOL        XSTACKSTART
  N:0001H         SYMBOL        _CFG8XX
  C:0000H         LINE#         167
  C:2666H         LINE#         176
  C:2669H         LINE#         180
  C:266BH         LINE#         181
  C:266CH         LINE#         182
  C:266DH         LINE#         183
  C:266FH         LINE#         236
  C:2672H         LINE#         248
  -------         ENDMOD        ?C_STARTUP

  -------         MODULE        FREQUENCY
  C:0000H         SYMBOL        _ICE_DUMMY_
BL51 BANKED LINKER/LOCATER V6.22                                                      05/03/2018  17:44:15  PAGE 30


  D:0088H         PUBLIC        TCON
  D:008AH         PUBLIC        TL0
  D:008CH         PUBLIC        TH0
  D:0090H         PUBLIC        P1
  D:0098H         PUBLIC        SCON
  D:00A8H         PUBLIC        IE
  D:00B0H         PUBLIC        P3
  D:00B8H         PUBLIC        IP
  D:00C0H         PUBLIC        WDCON
  D:00C8H         PUBLIC        T2CON
  D:00D0H         PUBLIC        PSW
  D:00D8H         PUBLIC        ADCSTAT
  D:00E8H         PUBLIC        I2CCON
  D:00E8H         PUBLIC        DCON
  D:00F8H         PUBLIC        SPICON
  B:0088H.2       PUBLIC        IT1
  B:0088H.0       PUBLIC        IT0
  B:00A8H.2       PUBLIC        EX1
  B:00A8H.0       PUBLIC        EX0
  B:00C8H.7       PUBLIC        TF2
  C:2EF7H         PUBLIC        Frequency_Init
  C:1908H         PUBLIC        _Frequency_Measure_Process
  C:2B9DH         PUBLIC        INT0_ISR
  C:2BF4H         PUBLIC        INT1_ISR
  C:2B40H         PUBLIC        INT2_ISR
  C:0B20H         PUBLIC        Timer2_ISR
  I:0011H         PUBLIC        measure_state
  X:0507H         PUBLIC        frequency
  C:27ECH         SYMBOL        Com0023
  C:27ECH         SYMBOL        L?0036
  C:27ECH         SYMBOL        L?0037
  C:27FBH         SYMBOL        L?0038
  C:2803H         SYMBOL        L?0039
  C:2808H         SYMBOL        L?0040
  C:2814H         SYMBOL        L?0041
  C:2814H         SYMBOL        L?0042
  C:281BH         SYMBOL        L?0043
  C:281EH         SYMBOL        L?0044
  C:282AH         SYMBOL        L?0045
  C:282AH         SYMBOL        L?0046
  C:2838H         SYMBOL        L?0047
  C:2839H         SYMBOL        L?0048
  C:2842H         SYMBOL        L?0049
  C:2855H         SYMBOL        L?0050
  C:2855H         SYMBOL        L?0051
  C:285CH         SYMBOL        L?0052
  C:285CH         SYMBOL        L?0053
  -------         PROC          COM0023
  -------         ENDPROC       COM0023
  -------         PROC          FREQUENCY_INIT
  C:2EF7H         LINE#         27
  C:2EF7H         LINE#         28
  C:2EF7H         LINE#         29
  C:2EFAH         LINE#         30
  C:2EFDH         LINE#         31
  C:2EFFH         LINE#         32
  C:2F01H         LINE#         33
BL51 BANKED LINKER/LOCATER V6.22                                                      05/03/2018  17:44:15  PAGE 31


  C:2F03H         LINE#         34
  C:2F05H         LINE#         35
  C:2F0CH         LINE#         37
  -------         ENDPROC       FREQUENCY_INIT
  -------         PROC          INT0_ISR
  -------         DO            
  D:0007H         SYMBOL        cnt
  -------         ENDDO         
  C:2B9DH         LINE#         39
  C:2BBEH         LINE#         42
  C:2BBEH         LINE#         43
  C:2BC8H         LINE#         44
  C:2BD5H         LINE#         46
  -------         ENDPROC       INT0_ISR
  -------         PROC          INT1_ISR
  -------         DO            
  D:0007H         SYMBOL        cnt
  -------         ENDDO         
  C:2BF4H         LINE#         48
  C:2C15H         LINE#         51
  C:2C15H         LINE#         52
  C:2C1FH         LINE#         53
  C:2C2CH         LINE#         55
  -------         ENDPROC       INT1_ISR
  -------         PROC          INT2_ISR
  -------         DO            
  D:0007H         SYMBOL        cnt
  -------         ENDDO         
  C:2B40H         LINE#         57
  C:2B61H         LINE#         61
  C:2B64H         LINE#         62
  C:2B67H         LINE#         64
  C:2B67H         LINE#         66
  C:2B71H         LINE#         67
  C:2B7EH         LINE#         69
  -------         ENDPROC       INT2_ISR
  -------         PROC          TIMER2_ISR
  C:0B20H         LINE#         71
  C:0B44H         LINE#         73
  C:0B46H         LINE#         79
  C:0B66H         LINE#         80
  C:0B66H         LINE#         81
  C:0B66H         LINE#         82
  C:0B66H         LINE#         83
  C:0B7EH         LINE#         84
  C:0B8DH         LINE#         87
  C:0B94H         LINE#         89
  C:0BACH         LINE#         90
  C:0BBBH         LINE#         93
  C:0BC2H         LINE#         96
  C:0BDDH         LINE#         97
  C:0BECH         LINE#         100
  C:0BEFH         LINE#         102
  C:0BEFH         LINE#         103
  C:0BF2H         LINE#         105
  C:0BF2H         LINE#         106
  C:0BF2H         LINE#         107
BL51 BANKED LINKER/LOCATER V6.22                                                      05/03/2018  17:44:15  PAGE 32


  C:0C0AH         LINE#         108
  C:0C19H         LINE#         110
  C:0C20H         LINE#         112
  C:0C38H         LINE#         113
  C:0C47H         LINE#         115
  C:0C4EH         LINE#         117
  C:0C66H         LINE#         118
  C:0C75H         LINE#         120
  C:0C78H         LINE#         121
  C:0C78H         LINE#         122
  C:0C7BH         LINE#         124
  C:0C7BH         LINE#         125
  C:0C7BH         LINE#         126
  C:0C93H         LINE#         127
  C:0CA2H         LINE#         129
  C:0CA9H         LINE#         131
  C:0CC1H         LINE#         132
  C:0CD0H         LINE#         134
  C:0CD7H         LINE#         136
  C:0CEFH         LINE#         137
  C:0CFEH         LINE#         139
  C:0D02H         LINE#         140
  C:0D02H         LINE#         141
  C:0D05H         LINE#         143
  C:0D05H         LINE#         144
  C:0D05H         LINE#         145
  C:0D1DH         LINE#         146
  C:0D2CH         LINE#         148
  C:0D33H         LINE#         150
  C:0D4BH         LINE#         151
  C:0D5AH         LINE#         153
  C:0D61H         LINE#         155
  C:0D79H         LINE#         156
  C:0D88H         LINE#         158
  C:0D8FH         LINE#         160
  C:0D95H         LINE#         161
  C:0D95H         LINE#         162
  C:0D95H         LINE#         163
  C:0D95H         LINE#         165
  C:0DA3H         LINE#         166
  C:0DAAH         LINE#         169
  -------         ENDPROC       TIMER2_ISR
  -------         PROC          _FREQUENCY_MEASURE_PROCESS
  X:05C4H         SYMBOL        pt
  -------         DO            
  X:0502H         SYMBOL        frq_chnl
  X:0503H         SYMBOL        temp_freq
  -------         DO            
  X:05C7H         SYMBOL        PT_YIELD_FLAG
  -------         ENDDO         
  -------         ENDDO         
  C:1908H         LINE#         171
  C:1913H         LINE#         172
  C:1913H         LINE#         173
  C:1913H         LINE#         175
  C:1935H         LINE#         177
  C:1935H         LINE#         178
BL51 BANKED LINKER/LOCATER V6.22                                                      05/03/2018  17:44:15  PAGE 33


  C:1935H         LINE#         179
  C:1963H         LINE#         180
  C:1A49H         LINE#         182
  C:1A5CH         LINE#         183
  C:1A77H         LINE#         184
  C:1A77H         LINE#         185
  C:1A8BH         LINE#         186
  C:1A8DH         LINE#         188
  C:1A8DH         LINE#         189
  C:1A97H         LINE#         190
  C:1A97H         LINE#         193
  C:1A9DH         LINE#         194
  C:1AA6H         LINE#         195
  C:1AA6H         LINE#         196
  C:1AA8H         LINE#         197
  C:1AA8H         LINE#         199
  C:1AABH         LINE#         200
  C:1AB6H         LINE#         202
  -------         ENDPROC       _FREQUENCY_MEASURE_PROCESS
  -------         ENDMOD        FREQUENCY

  -------         MODULE        TIMER0
  C:0000H         SYMBOL        _ICE_DUMMY_
  D:0088H         PUBLIC        TCON
  D:0089H         PUBLIC        TMOD
  D:008AH         PUBLIC        TL0
  D:008CH         PUBLIC        TH0
  D:0090H         PUBLIC        P1
  D:0098H         PUBLIC        SCON
  D:00A8H         PUBLIC        IE
  D:00B0H         PUBLIC        P3
  D:00B8H         PUBLIC        IP
  D:00C0H         PUBLIC        WDCON
  D:00C8H         PUBLIC        T2CON
  D:00D0H         PUBLIC        PSW
  D:00D8H         PUBLIC        ADCSTAT
  D:00E8H         PUBLIC        I2CCON
  D:00E8H         PUBLIC        DCON
  D:00F8H         PUBLIC        SPICON
  B:0088H.4       PUBLIC        TR0
  B:00A8H.1       PUBLIC        ET0
  C:2F5EH         PUBLIC        Timer0_Initialize
  -------         PROC          TIMER0_INITIALIZE
  C:2F5EH         LINE#         4
  C:2F5EH         LINE#         5
  C:2F5EH         LINE#         6
  C:2F61H         LINE#         7
  C:2F64H         LINE#         9
  C:2F67H         LINE#         10
  C:2F6AH         LINE#         13
  C:2F6CH         LINE#         14
  C:2F6EH         LINE#         16
  -------         ENDPROC       TIMER0_INITIALIZE
  -------         ENDMOD        TIMER0

  -------         MODULE        TIMER2
  C:0000H         SYMBOL        _ICE_DUMMY_
BL51 BANKED LINKER/LOCATER V6.22                                                      05/03/2018  17:44:15  PAGE 34


  D:0088H         PUBLIC        TCON
  D:0090H         PUBLIC        P1
  D:0098H         PUBLIC        SCON
  D:00A8H         PUBLIC        IE
  D:00B0H         PUBLIC        P3
  D:00B8H         PUBLIC        IP
  D:00C0H         PUBLIC        WDCON
  D:00C8H         PUBLIC        T2CON
  D:00CAH         PUBLIC        RCAP2L
  D:00CBH         PUBLIC        RCAP2H
  D:00CCH         PUBLIC        TL2
  D:00CDH         PUBLIC        TH2
  D:00D0H         PUBLIC        PSW
  D:00D8H         PUBLIC        ADCSTAT
  D:00E8H         PUBLIC        I2CCON
  D:00E8H         PUBLIC        DCON
  D:00F8H         PUBLIC        SPICON
  B:00A8H.5       PUBLIC        ET2
  B:00C8H.2       PUBLIC        TR2
  C:2F38H         PUBLIC        Timer2_Initialize
  -------         PROC          TIMER2_INITIALIZE
  C:2F38H         LINE#         3
  C:2F38H         LINE#         4
  C:2F38H         LINE#         5
  C:2F3AH         LINE#         6
  C:2F3DH         LINE#         7
  C:2F40H         LINE#         8
  C:2F43H         LINE#         9
  C:2F46H         LINE#         10
  C:2F49H         LINE#         11
  C:2F4BH         LINE#         13
  -------         ENDPROC       TIMER2_INITIALIZE
  -------         ENDMOD        TIMER2

  -------         MODULE        I2C
  C:0000H         SYMBOL        _ICE_DUMMY_
  D:0088H         PUBLIC        TCON
  D:0090H         PUBLIC        P1
  D:0098H         PUBLIC        SCON
  D:00A8H         PUBLIC        IE
  D:00B0H         PUBLIC        P3
  D:00B8H         PUBLIC        IP
  D:00C0H         PUBLIC        WDCON
  D:00C8H         PUBLIC        T2CON
  D:00D0H         PUBLIC        PSW
  D:00D8H         PUBLIC        ADCSTAT
  D:00E8H         PUBLIC        I2CCON
  D:00E8H         PUBLIC        DCON
  D:00F8H         PUBLIC        SPICON
  B:00D0H.7       PUBLIC        CY
  B:00E8H.7       PUBLIC        MDO
  B:00E8H.6       PUBLIC        MDE
  B:00E8H.5       PUBLIC        MCO
  B:00E8H.4       PUBLIC        MDI
  B:00E8H.3       PUBLIC        I2CM
  C:2F0DH         PUBLIC        I2C_Init
  C:0DCCH         PUBLIC        _I2C_Process
BL51 BANKED LINKER/LOCATER V6.22                                                      05/03/2018  17:44:15  PAGE 35


  C:2EB0H         PUBLIC        _I2C_Repeat_Start_Read
  X:0573H         PUBLIC        DEV_ADDR
  X:0574H         PUBLIC        byte_num_write
  X:0575H         PUBLIC        byte_num_read
  X:0576H         PUBLIC        i2c_buf
  X:0579H         PUBLIC        temp_val
  X:057AH         PUBLIC        i2c_mas
  X:0584H         PUBLIC        i2c_channels
  I:000BH         PUBLIC        i2c_buffer
  X:058EH         PUBLIC        START_I2C
  X:058FH         PUBLIC        ERROR_I2C
[...]
  C:2996H         SYMBOL        L?0193
  C:2997H         SYMBOL        L?0194
  C:299FH         SYMBOL        L?0195
  C:29ABH         SYMBOL        L?0196
  C:29ABH         SYMBOL        L?0197
  C:29B2H         SYMBOL        L?0198
  C:29B2H         SYMBOL        L?0199
  -------         PROC          COM00AD
  -------         ENDPROC       COM00AD
  -------         PROC          I2C_INIT
  C:2F0DH         LINE#         37
  C:2F0DH         LINE#         38
  C:2F0DH         LINE#         39
  C:2F0FH         LINE#         40
  C:2F16H         LINE#         41
  C:2F1CH         LINE#         42
  C:2F22H         LINE#         45
  -------         ENDPROC       I2C_INIT
  -------         PROC          _I2C_REPEAT_START_READ
  D:0007H         SYMBOL        addr
  D:0001H         SYMBOL        par_buf
BL51 BANKED LINKER/LOCATER V6.22                                                      05/03/2018  17:44:15  PAGE 36


  X:05CCH         SYMBOL        par_buf_len
  X:05CDH         SYMBOL        buf
  X:05D0H         SYMBOL        buf_len
  C:2EB0H         LINE#         47
  C:2EB0H         LINE#         48
  C:2EB0H         LINE#         49
  C:2EB9H         LINE#         51
  C:2EC1H         LINE#         52
  C:2EC9H         LINE#         54
  C:2ECDH         LINE#         56
  C:2ED3H         LINE#         59
  -------         ENDPROC       _I2C_REPEAT_START_READ
  C:0FBEH         SYMBOL        L?0182
  -------         PROC          _I2C_PROCESS
  X:05C4H         SYMBOL        pt
  -------         DO            
  X:05C7H         SYMBOL        PT_YIELD_FLAG
  -------         ENDDO         
  C:0DCCH         LINE#         61
  C:0DD2H         LINE#         62
  C:0DD2H         LINE#         63
  C:0E0FH         LINE#         65
  C:0E0FH         LINE#         66
  C:0E0FH         LINE#         68
  C:0E20H         LINE#         69
  C:0E25H         LINE#         72
  C:0E27H         LINE#         76
  C:0E29H         LINE#         77
  C:0E2BH         LINE#         78
  C:0E2DH         LINE#         79
  C:0E3FH         LINE#         80
  C:0E41H         LINE#         85
  C:0E5AH         LINE#         88
  C:0E60H         LINE#         89
  C:0E60H         LINE#         91
  C:0E60H         LINE#         92
  C:0E60H         LINE#         93
  C:0E60H         LINE#         94
  C:0E72H         LINE#         99
  C:0E72H         LINE#         105
  C:0EA9H         LINE#         106
  C:0EAFH         LINE#         107
  C:0EAFH         LINE#         109
  C:0EAFH         LINE#         110
  C:0EAFH         LINE#         111
  C:0EAFH         LINE#         112
  C:0EC1H         LINE#         113
  C:0EC1H         LINE#         115
  C:0EC1H         LINE#         116
  C:0EC4H         LINE#         117
  C:0EC4H         LINE#         122
  C:0EC6H         LINE#         123
  C:0EC8H         LINE#         124
  C:0EC8H         LINE#         125
  C:0EDAH         LINE#         126
  C:0EDCH         LINE#         128
  C:0EE3H         LINE#         131
BL51 BANKED LINKER/LOCATER V6.22                                                      05/03/2018  17:44:15  PAGE 37


  C:0EFCH         LINE#         133
  C:0F02H         LINE#         134
  C:0F02H         LINE#         136
  C:0F02H         LINE#         137
  C:0F02H         LINE#         138
  C:0F02H         LINE#         139
  C:0F14H         LINE#         140
  C:0F14H         LINE#         142
  C:0F14H         LINE#         143
  C:0F16H         LINE#         144
  C:0F16H         LINE#         147
  C:0F51H         LINE#         148
  C:0F57H         LINE#         149
  C:0F57H         LINE#         151
  C:0F57H         LINE#         152
  C:0F57H         LINE#         153
  C:0F57H         LINE#         154
  C:0F69H         LINE#         155
  C:0F6BH         LINE#         157
  C:0F70H         LINE#         158
  C:0F7BH         LINE#         159
  C:0F7BH         LINE#         163
  C:0F7BH         LINE#         164
  C:0F7BH         LINE#         165
  C:0F7BH         LINE#         166
  C:0F8DH         LINE#         167
  C:0F8FH         LINE#         171
  C:0FB7H         LINE#         174
  C:0FB7H         LINE#         175
  C:0FBDH         LINE#         177
  -------         ENDPROC       _I2C_PROCESS
  -------         PROC          _I2C_READ_BUF
  X:05C8H         SYMBOL        pt
  X:05CBH         SYMBOL        buf
  X:05CEH         SYMBOL        len
  -------         DO            
  X:056DH         SYMBOL        read_byte_counter
  X:056EH         SYMBOL        bit_counter
  X:056FH         SYMBOL        recieve_byte
  -------         DO            
  X:05CFH         SYMBOL        PT_YIELD_FLAG
  -------         ENDDO         
  -------         ENDDO         
  C:235CH         LINE#         179
  C:2362H         LINE#         180
  C:2362H         LINE#         181
  C:2362H         LINE#         183
  C:2383H         LINE#         185
  C:2388H         LINE#         187
  C:2390H         LINE#         188
  C:2390H         LINE#         189
  C:2395H         LINE#         190
  C:2397H         LINE#         191
  C:2399H         LINE#         192
  C:23AEH         LINE#         193
  C:23B3H         LINE#         194
  C:23B3H         LINE#         195
BL51 BANKED LINKER/LOCATER V6.22                                                      05/03/2018  17:44:15  PAGE 38


  C:23B5H         LINE#         198
  C:23C2H         LINE#         199
  C:23C4H         LINE#         200
  C:23CEH         LINE#         202
  C:23E6H         LINE#         203
  C:23ECH         LINE#         206
  C:23EEH         LINE#         207
  C:23F3H         LINE#         208
  C:23F3H         LINE#         210
  C:23F5H         LINE#         212
  C:23F7H         LINE#         214
  C:23F7H         LINE#         216
  C:23F9H         LINE#         217
  C:23F9H         LINE#         219
  C:23FBH         LINE#         220
  C:2410H         LINE#         221
  C:2412H         LINE#         223
  C:2414H         LINE#         225
  C:2417H         LINE#         226
  C:2419H         LINE#         227
  C:241EH         LINE#         228
  C:2427H         LINE#         229
  -------         ENDPROC       _I2C_READ_BUF
  -------         PROC          _I2C_WRITE_BUF
  X:05C8H         SYMBOL        pt
  X:05CBH         SYMBOL        buf
  X:05CEH         SYMBOL        len
  -------         DO            
  X:0570H         SYMBOL        write_byte_counter
  X:0571H         SYMBOL        bit_counter
  X:0572H         SYMBOL        write_byte
  -------         DO            
  X:05CFH         SYMBOL        PT_YIELD_FLAG
  -------         ENDDO         
  -------         ENDDO         
  C:2188H         LINE#         231
  C:218EH         LINE#         232
  C:218EH         LINE#         233
  C:218EH         LINE#         234
  C:21AFH         LINE#         235
  C:21B1H         LINE#         236
  C:21B6H         LINE#         237
  C:21C6H         LINE#         238
  C:21C6H         LINE#         241
  C:21DCH         LINE#         242
  C:21E2H         LINE#         243
  C:21E4H         LINE#         244
  C:21F9H         LINE#         245
  C:21FEH         LINE#         246
  C:21FEH         LINE#         248
  C:2205H         LINE#         249
  C:2207H         LINE#         251
  C:2209H         LINE#         252
  C:221EH         LINE#         253
  C:2220H         LINE#         256
  C:222AH         LINE#         257
  C:222CH         LINE#         258
BL51 BANKED LINKER/LOCATER V6.22                                                      05/03/2018  17:44:15  PAGE 39


  C:222EH         LINE#         259
  C:2242H         LINE#         260
  C:2244H         LINE#         261
  C:2258H         LINE#         262
  C:225AH         LINE#         263
  C:225CH         LINE#         264
  C:2262H         LINE#         265
  C:2262H         LINE#         266
  C:2268H         LINE#         267
  C:2276H         LINE#         268
  C:2276H         LINE#         269
  C:2276H         LINE#         270
  C:227BH         LINE#         271
  C:2284H         LINE#         272
  -------         ENDPROC       _I2C_WRITE_BUF
  -------         PROC          _I2C_READ_COMPLETE
  X:05C8H         SYMBOL        pt
  -------         DO            
  X:05CBH         SYMBOL        PT_YIELD_FLAG
  -------         ENDDO         
  C:2864H         LINE#         274
  C:286AH         LINE#         275
  C:286AH         LINE#         276
  C:2873H         LINE#         277
  C:2883H         LINE#         278
  C:2883H         LINE#         279
  C:2897H         LINE#         280
  C:28A8H         LINE#         281
  C:28B9H         LINE#         282
  C:28C9H         LINE#         283
  C:28C9H         LINE#         284
  C:28CDH         LINE#         286
  C:28DBH         LINE#         287
  -------         ENDPROC       _I2C_READ_COMPLETE
  -------         ENDMOD        I2C

  -------         MODULE        CALIBRATE
  C:0000H         SYMBOL        _ICE_DUMMY_
  D:0088H         PUBLIC        TCON
  D:0090H         PUBLIC        P1
  D:0098H         PUBLIC        SCON
  D:00A8H         PUBLIC        IE
  D:00B0H         PUBLIC        P3
  D:00B8H         PUBLIC        IP
  D:00C0H         PUBLIC        WDCON
  D:00C8H         PUBLIC        T2CON
  D:00D0H         PUBLIC        PSW
  D:00D8H         PUBLIC        ADCSTAT
  D:00E8H         PUBLIC        I2CCON
  D:00E8H         PUBLIC        DCON
  D:00F8H         PUBLIC        SPICON
  C:28DCH         PUBLIC        _Calibrate
  C:2D1AH         PUBLIC        RestoreCalibrate
  C:25AAH         PUBLIC        _GetCalibrateVal
  -------         PROC          _GETCALIBRATEVAL
  X:05C8H         SYMBOL        channel_num
  X:05C9H         SYMBOL        ADC_Code
BL51 BANKED LINKER/LOCATER V6.22                                                      05/03/2018  17:44:15  PAGE 40


  -------         DO            
  X:05CDH         SYMBOL        result
  -------         ENDDO         
  C:25AAH         LINE#         4
  C:25AFH         LINE#         5
  C:25AFH         LINE#         6
  C:25B9H         LINE#         8
  C:2611H         LINE#         10
  C:262EH         LINE#         11
  C:262EH         LINE#         12
  C:2636H         LINE#         13
  C:2636H         LINE#         15
  C:2636H         LINE#         16
  C:264EH         LINE#         17
  C:264EH         LINE#         18
  C:2654H         LINE#         19
  C:2654H         LINE#         21
  C:2654H         LINE#         22
  C:2665H         LINE#         23
  C:2665H         LINE#         24
  C:2665H         LINE#         25
  -------         ENDPROC       _GETCALIBRATEVAL
  -------         PROC          RESTORECALIBRATE
  -------         DO            
  X:05C4H         SYMBOL        i
  -------         ENDDO         
  C:2D1AH         LINE#         27
  C:2D1AH         LINE#         28
  C:2D1AH         LINE#         29
  C:2D1FH         LINE#         30
  C:2D2AH         LINE#         31
  C:2D2AH         LINE#         32
  C:2D52H         LINE#         33
  C:2D5AH         LINE#         36
  -------         ENDPROC       RESTORECALIBRATE
  -------         PROC          _CALIBRATE
  X:05D0H         SYMBOL        channel_num
  X:05D1H         SYMBOL        K
  X:05D5H         SYMBOL        C
  C:28DCH         LINE#         38
  C:28E2H         LINE#         39
  C:28E2H         LINE#         40
  C:2900H         LINE#         41
  C:2920H         LINE#         42
  C:294BH         LINE#         44
  -------         ENDPROC       _CALIBRATE
  -------         ENDMOD        CALIBRATE

  -------         MODULE        ULONGSORT
  C:0000H         SYMBOL        _ICE_DUMMY_
  D:0088H         PUBLIC        TCON
  D:0090H         PUBLIC        P1
  D:0098H         PUBLIC        SCON
  D:00A8H         PUBLIC        IE
  D:00B0H         PUBLIC        P3
  D:00B8H         PUBLIC        IP
  D:00C0H         PUBLIC        WDCON
BL51 BANKED LINKER/LOCATER V6.22                                                      05/03/2018  17:44:15  PAGE 41


  D:00C8H         PUBLIC        T2CON
  D:00D0H         PUBLIC        PSW
  D:00D8H         PUBLIC        ADCSTAT
  D:00E8H         PUBLIC        I2CCON
  D:00E8H         PUBLIC        DCON
  D:00F8H         PUBLIC        SPICON
  C:0FDFH         PUBLIC        _ulongsort_process
  X:059FH         PUBLIC        mas_copy
  X:05BFH         PUBLIC        mid_cycle_counter
  X:05C0H         PUBLIC        temp
  C:2A22H         SYMBOL        Com002F
  C:2A22H         SYMBOL        L?0048
  C:2A22H         SYMBOL        L?0049
  C:2A27H         SYMBOL        L?0050
  C:2A33H         SYMBOL        L?0051
  C:2A3FH         SYMBOL        L?0052
  C:2A41H         SYMBOL        L?0053
  C:2A4DH         SYMBOL        L?0054
  C:2A4DH         SYMBOL        L?0055
  C:2A60H         SYMBOL        L?0056
  C:2A60H         SYMBOL        L?0057
  C:2A70H         SYMBOL        L?0058
  C:2A70H         SYMBOL        L?0059
  C:2A79H         SYMBOL        L?0060
  -------         PROC          COM002F
  -------         ENDPROC       COM002F
  -------         PROC          _ULONGSORT_PROCESS
  X:05C4H         SYMBOL        pt
  -------         DO            
  X:059CH         SYMBOL        counter
  X:059DH         SYMBOL        i
  X:059EH         SYMBOL        j
  -------         DO            
  X:05C7H         SYMBOL        PT_YIELD_FLAG
  -------         ENDDO         
  -------         ENDDO         
  C:0FDFH         LINE#         8
  C:0FEAH         LINE#         9
  C:0FEAH         LINE#         10
  C:0FEAH         LINE#         12
  C:1017H         LINE#         14
  C:1017H         LINE#         15
  C:1017H         LINE#         16
  C:1045H         LINE#         19
  C:104BH         LINE#         20
  C:104BH         LINE#         21
  C:104FH         LINE#         22
  C:105DH         LINE#         23
  C:105DH         LINE#         24
  C:1065H         LINE#         25
  C:106BH         LINE#         26
  C:107EH         LINE#         27
  C:107EH         LINE#         29
  C:1085H         LINE#         30
  C:1085H         LINE#         31
  C:1088H         LINE#         32
  C:1088H         LINE#         33
BL51 BANKED LINKER/LOCATER V6.22                                                      05/03/2018  17:44:15  PAGE 42


  C:1088H         LINE#         36
  C:10B3H         LINE#         37
  C:10C6H         LINE#         39
  C:10CCH         LINE#         40
  C:10CCH         LINE#         41
  C:10DCH         LINE#         42
  C:10DCH         LINE#         43
  C:10EEH         LINE#         44
  C:10EEH         LINE#         45
  C:10FAH         LINE#         46
  C:1108H         LINE#         47
  C:1122H         LINE#         48
  C:1122H         LINE#         49
  C:1135H         LINE#         50
  C:113EH         LINE#         51
  C:1147H         LINE#         53
  C:1173H         LINE#         55
  C:1183H         LINE#         56
  C:1183H         LINE#         57
  C:11AFH         LINE#         58
  C:11AFH         LINE#         60
  C:11B4H         LINE#         61
  C:11C0H         LINE#         63
  C:11C0H         LINE#         64
  C:11CBH         LINE#         65
  -------         ENDPROC       _ULONGSORT_PROCESS
  -------         ENDMOD        ULONGSORT

  -------         MODULE        TIMER1
  C:0000H         SYMBOL        _ICE_DUMMY_
  D:0088H         PUBLIC        TCON
  D:0089H         PUBLIC        TMOD
  D:008BH         PUBLIC        TL1
  D:008DH         PUBLIC        TH1
  D:0090H         PUBLIC        P1
  D:0098H         PUBLIC        SCON
  D:00A8H         PUBLIC        IE
  D:00B0H         PUBLIC        P3
  D:00B8H         PUBLIC        IP
  D:00C0H         PUBLIC        WDCON
  D:00C8H         PUBLIC        T2CON
  D:00D0H         PUBLIC        PSW
  D:00D8H         PUBLIC        ADCSTAT
  D:00E8H         PUBLIC        I2CCON
  D:00E8H         PUBLIC        DCON
  D:00F8H         PUBLIC        SPICON
  B:0088H.6       PUBLIC        TR1
  B:00A8H.3       PUBLIC        ET1
  C:2F6FH         PUBLIC        Timer1_Initialize
  -------         PROC          TIMER1_INITIALIZE
  C:2F6FH         LINE#         4
  C:2F6FH         LINE#         5
  C:2F6FH         LINE#         6
  C:2F72H         LINE#         7
  C:2F75H         LINE#         9
  C:2F78H         LINE#         10
  C:2F7BH         LINE#         13
BL51 BANKED LINKER/LOCATER V6.22                                                      05/03/2018  17:44:15  PAGE 43


  C:2F7DH         LINE#         14
  C:2F7FH         LINE#         16
  -------         ENDPROC       TIMER1_INITIALIZE
  -------         ENDMOD        TIMER1

  -------         MODULE        ?C?FPADD
  C:003DH         PUBLIC        ?C?FPADD
  C:0039H         PUBLIC        ?C?FPSUB
  -------         ENDMOD        ?C?FPADD

  -------         MODULE        ?C?FPMUL
  C:012EH         PUBLIC        ?C?FPMUL
  -------         ENDMOD        ?C?FPMUL

  -------         MODULE        ?C?FPCMP
  C:0236H         PUBLIC        ?C?FPCMP
  C:0234H         PUBLIC        ?C?FPCMP3
  -------         ENDMOD        ?C?FPCMP

  -------         MODULE        ?C?FCAST
  C:02B7H         PUBLIC        ?C?FCASTC
  C:02B2H         PUBLIC        ?C?FCASTI
  C:02ADH         PUBLIC        ?C?FCASTL
  -------         ENDMOD        ?C?FCAST

  -------         MODULE        ?C?CASTF
  C:02EBH         PUBLIC        ?C?CASTF
  -------         ENDMOD        ?C?CASTF

  -------         MODULE        ?C?CLDOPTR
  C:036CH         PUBLIC        ?C?CLDOPTR
  -------         ENDMOD        ?C?CLDOPTR

  -------         MODULE        ?C?CSTOPTR
  C:0399H         PUBLIC        ?C?CSTOPTR
  -------         ENDMOD        ?C?CSTOPTR

  -------         MODULE        ?C?IILDX
  C:03BBH         PUBLIC        ?C?IILDX
  -------         ENDMOD        ?C?IILDX

  -------         MODULE        ?C?ILDPTR
  C:03D1H         PUBLIC        ?C?ILDPTR
  -------         ENDMOD        ?C?ILDPTR

  -------         MODULE        ?C?ILDOPTR
  C:03FCH         PUBLIC        ?C?ILDOPTR
  -------         ENDMOD        ?C?ILDOPTR

  -------         MODULE        ?C?ISTPTR
  C:0434H         PUBLIC        ?C?ISTPTR
  -------         ENDMOD        ?C?ISTPTR

  -------         MODULE        ?C?ISTOPTR
  C:0453H         PUBLIC        ?C?ISTOPTR
  -------         ENDMOD        ?C?ISTOPTR

BL51 BANKED LINKER/LOCATER V6.22                                                      05/03/2018  17:44:15  PAGE 44


  -------         MODULE        ?C?ULDIV
  C:04BCH         PUBLIC        ?C?ULDIV
  -------         ENDMOD        ?C?ULDIV

  -------         MODULE        ?C?SLDIV
  C:2CD6H         PUBLIC        ?C?SLDIV
  -------         ENDMOD        ?C?SLDIV

  -------         MODULE        ?C?LNEG
  C:054EH         PUBLIC        ?C?LNEG
  -------         ENDMOD        ?C?LNEG

  -------         MODULE        ?C?ULCMP
  C:055CH         PUBLIC        ?C?ULCMP
  -------         ENDMOD        ?C?ULCMP

  -------         MODULE        ?C?ULSHR
  C:056DH         PUBLIC        ?C?ULSHR
  -------         ENDMOD        ?C?ULSHR

  -------         MODULE        ?C?LSHL
  C:0580H         PUBLIC        ?C?LSHL
  -------         ENDMOD        ?C?LSHL

  -------         MODULE        ?C?LSTXDATA
  C:0593H         PUBLIC        ?C?LSTXDATA
  -------         ENDMOD        ?C?LSTXDATA

  -------         MODULE        ?C?LSTKXDATA
  C:059FH         PUBLIC        ?C?LSTKXDATA
  -------         ENDMOD        ?C?LSTKXDATA

  -------         MODULE        ?C?OFFXADD
  C:05D0H         PUBLIC        ?C?OFFXADD
  -------         ENDMOD        ?C?OFFXADD

  -------         MODULE        ?C?CCASE
  C:05DCH         PUBLIC        ?C?CCASE
  -------         ENDMOD        ?C?CCASE

  -------         MODULE        ?C?ICASE
  C:0602H         PUBLIC        ?C?ICASE
  -------         ENDMOD        ?C?ICASE

  -------         MODULE        ?C?COPYAB2
  C:06EFH         PUBLIC        ?C?COPYAB2
  -------         ENDMOD        ?C?COPYAB2

Program Size: data=19.0 xdata=1522 code=12202
LINK/LOCATE RUN COMPLETE.  0 WARNING(S),  0 ERROR(S)
