BL51 BANKED LINKER/LOCATER V6.22                                                        06/24/2014  13:55:33  PAGE 1


BL51 BANKED LINKER/LOCATER V6.22, INVOKED BY:
C:\PROGRAM FILES\KEIL\C51\BIN\BL51.EXE debug.obj, timer3.obj, adc.obj, eeprom.obj, watchdog.obj, proto_uso.obj, channels
>> .obj, START_AD.obj, frequency.obj, timer0.obj, timer2.obj, i2c.obj, calibrate.obj, ulongsort.obj, timer1.obj, crc_tab
>> le.obj, modbus_ascii.obj TO debug RAMSIZE (256) XDATA (0X0000-0X7FFE)


MEMORY MODEL: LARGE WITH FLOATING POINT ARITHMETIC


INPUT MODULES INCLUDED:
  debug.obj (DEBUG)
  timer3.obj (TIMER3)
  adc.obj (ADC)
  eeprom.obj (EEPROM)
  watchdog.obj (WATCHDOG)
  proto_uso.obj (PROTO_USO)
  channels.obj (CHANNELS)
  START_AD.obj (?C_STARTUP)
  frequency.obj (FREQUENCY)
  timer0.obj (TIMER0)
  timer2.obj (TIMER2)
  i2c.obj (I2C)
  calibrate.obj (CALIBRATE)
  ulongsort.obj (ULONGSORT)
  timer1.obj (TIMER1)
  crc_table.obj (CRC_TABLE)
  modbus_ascii.obj (MODBUS_ASCII)
  C:\PROGRAM FILES\KEIL\C51\LIB\C51FPL.LIB (?C?FPADD)
  C:\PROGRAM FILES\KEIL\C51\LIB\C51FPL.LIB (?C?FPMUL)
  C:\PROGRAM FILES\KEIL\C51\LIB\C51FPL.LIB (?C?FPCMP)
  C:\PROGRAM FILES\KEIL\C51\LIB\C51FPL.LIB (?C?FCAST)
  C:\PROGRAM FILES\KEIL\C51\LIB\C51FPL.LIB (?C?CASTF)
  C:\PROGRAM FILES\KEIL\C51\LIB\C51FPL.LIB (?C?FPGETOPN)
  C:\PROGRAM FILES\KEIL\C51\LIB\C51L.LIB (?C_INIT)
  C:\PROGRAM FILES\KEIL\C51\LIB\C51L.LIB (?C?COPY)
  C:\PROGRAM FILES\KEIL\C51\LIB\C51L.LIB (?C?CLDPTR)
  C:\PROGRAM FILES\KEIL\C51\LIB\C51L.LIB (?C?CLDOPTR)
  C:\PROGRAM FILES\KEIL\C51\LIB\C51L.LIB (?C?CILDOPTR)
  C:\PROGRAM FILES\KEIL\C51\LIB\C51L.LIB (?C?CSTPTR)
  C:\PROGRAM FILES\KEIL\C51\LIB\C51L.LIB (?C?CSTOPTR)
  C:\PROGRAM FILES\KEIL\C51\LIB\C51L.LIB (?C?IILDX)
  C:\PROGRAM FILES\KEIL\C51\LIB\C51L.LIB (?C?ILDIX)
  C:\PROGRAM FILES\KEIL\C51\LIB\C51L.LIB (?C?ILDPTR)
  C:\PROGRAM FILES\KEIL\C51\LIB\C51L.LIB (?C?ILDOPTR)
  C:\PROGRAM FILES\KEIL\C51\LIB\C51L.LIB (?C?ISTPTR)
  C:\PROGRAM FILES\KEIL\C51\LIB\C51L.LIB (?C?ISTOPTR)
  C:\PROGRAM FILES\KEIL\C51\LIB\C51L.LIB (?C?ULDIV)
  C:\PROGRAM FILES\KEIL\C51\LIB\C51L.LIB (?C?SLDIV)
  C:\PROGRAM FILES\KEIL\C51\LIB\C51L.LIB (?C?LNEG)
  C:\PROGRAM FILES\KEIL\C51\LIB\C51L.LIB (?C?ULCMP)
  C:\PROGRAM FILES\KEIL\C51\LIB\C51L.LIB (?C?ULSHR)
  C:\PROGRAM FILES\KEIL\C51\LIB\C51L.LIB (?C?LSHL)
  C:\PROGRAM FILES\KEIL\C51\LIB\C51L.LIB (?C?LSTXDATA)
  C:\PROGRAM FILES\KEIL\C51\LIB\C51L.LIB (?C?LSTKXDATA)
  C:\PROGRAM FILES\KEIL\C51\LIB\C51L.LIB (?C?OFFXADD)
  C:\PROGRAM FILES\KEIL\C51\LIB\C51L.LIB (?C?CCASE)
  C:\PROGRAM FILES\KEIL\C51\LIB\C51L.LIB (?C?ICASE)

BL51 BANKED LINKER/LOCATER V6.22                                                      06/24/2014  13:55:33  PAGE 2



LINK MAP OF MODULE:  debug (DEBUG)


            TYPE    BASE      LENGTH    RELOCATION   SEGMENT NAME
            -----------------------------------------------------

            * * * * * * *   D A T A   M E M O R Y   * * * * * * *
            REG     0000H     0008H     ABSOLUTE     "REG BANK 0"
            DATA    0008H     0002H     UNIT         _DATA_GROUP_
            DATA    000AH     0001H     UNIT         ?DT?WATCHDOG
            DATA    000BH     0001H     UNIT         ?DT?PROTO_USO
            IDATA   000CH     0006H     UNIT         ?ID?I2C
            IDATA   0012H     0001H     UNIT         ?STACK

            * * * * * * *  X D A T A   M E M O R Y  * * * * * * *
            XDATA   0000H     037FH     UNIT         ?XD?PROTO_USO
            XDATA   037FH     015FH     UNIT         ?XD?CHANNELS
            XDATA   04DEH     0132H     UNIT         ?XD?ADC
            XDATA   0610H     006BH     UNIT         ?XD?FREQUENCY
            XDATA   067BH     0030H     UNIT         ?XD?I2C
            XDATA   06ABH     0028H     UNIT         ?XD?ULONGSORT
            XDATA   06D3H     001EH     UNIT         _XDATA_GROUP_
            XDATA   06F1H     0019H     UNIT         ?XD?WATCHDOG
            XDATA   070AH     0010H     UNIT         ?XD?DEBUG
            XDATA   071AH     000DH     UNIT         ?XD?_STORE_DEV_ADDRESS_DESC?PROTO_USO
            XDATA   0727H     0008H     UNIT         ?XD?CHANNEL_SET_CALIBRATE?PROTO_USO
            XDATA   072FH     0007H     UNIT         ?XD?MODBUS_ASCII
            XDATA   0736H     0006H     UNIT         ?XD?_PROTO_PASTE_NULL?PROTO_USO
            XDATA   073CH     0005H     UNIT         ?XD?_OLD_CRC_CHECK?PROTO_USO
            XDATA   0741H     0004H     UNIT         ?XD?_PROTOPROCESS?PROTO_USO
            XDATA   0745H     0004H     UNIT         ?XD?_RINGBUFHANDLING?PROTO_USO
            XDATA   0749H     0004H     UNIT         ?XD?_FREQUENCY_MEASURE_PROCESS?FREQUENCY
            XDATA   074DH     0004H     UNIT         ?XD?_SYM_8_TO_LONG?MODBUS_ASCII
            XDATA   0751H     0002H     UNIT         ?XD?OLD_CHANNEL_GET_DATA?PROTO_USO
            XDATA   0753H     0002H     UNIT         ?XD?OLD_CHANNEL_GET_DATA_STATE?PROTO_USO
            XDATA   0755H     0002H     UNIT         ?XD?OLD_CHANNEL_GET_STATE?PROTO_USO
            XDATA   0757H     0002H     UNIT         ?XD?RESTORE_DEV_ADDRESS_DESC?PROTO_USO
            XDATA   0759H     0002H     UNIT         ?XD?_INT_TO_SYM_4?MODBUS_ASCII
            XDATA   075BH     0001H     UNIT         ?XD?CHANNEL_SET_ADDRESS_DESC?PROTO_USO
            XDATA   075CH     0001H     UNIT         ?XD?_REQUEST_ERROR?PROTO_USO
            XDATA   075DH     0001H     UNIT         ?XD?OLD_CHANNEL_SET_ADC_RANGE?PROTO_USO

            * * * * * * *   C O D E   M E M O R Y   * * * * * * *
            CODE    0000H     0003H     ABSOLUTE     
            CODE    0003H     0003H     ABSOLUTE     
            CODE    0006H     0003H     UNIT         ?PR?NODE_FULL_INIT?PROTO_USO
                    0009H     0002H                  *** GAP ***
            CODE    000BH     0003H     ABSOLUTE     
            CODE    000EH     0003H     UNIT         ?PR?CHANNEL_LIST_INIT?PROTO_USO
                    0011H     0002H                  *** GAP ***
            CODE    0013H     0003H     ABSOLUTE     
            CODE    0016H     0003H     UNIT         ?PR?CHANNEL_GET_DATA?PROTO_USO
                    0019H     0002H                  *** GAP ***
            CODE    001BH     0003H     ABSOLUTE     
            CODE    001EH     0003H     UNIT         ?PR?CHANNEL_SET_ORDER_QUERY?PROTO_USO
                    0021H     0002H                  *** GAP ***
BL51 BANKED LINKER/LOCATER V6.22                                                      06/24/2014  13:55:33  PAGE 3


            CODE    0023H     0003H     ABSOLUTE     
            CODE    0026H     0003H     UNIT         ?PR?CHANNEL_GET_DATA_ORDER?PROTO_USO
                    0029H     0002H                  *** GAP ***
            CODE    002BH     0003H     ABSOLUTE     
            CODE    002EH     0003H     UNIT         ?PR?CHANNEL_SET_STATE?PROTO_USO
                    0031H     0002H                  *** GAP ***
            CODE    0033H     0003H     ABSOLUTE     
            CODE    0036H     0757H     UNIT         ?C?LIB_CODE
            CODE    078DH     046BH     UNIT         ?PR?_RINGBUFHANDLING?PROTO_USO
            CODE    0BF8H     03FAH     UNIT         ?PR?CHANNEL_ALL_GET_DATA?PROTO_USO
            CODE    0FF2H     03B8H     UNIT         ?PR?OLD_CHANNEL_GET_DATA_STATE?PROTO_USO
            CODE    13AAH     038CH     UNIT         ?PR?_I2C_PROCESS?I2C
            CODE    1736H     0361H     UNIT         ?C_INITSEG
            CODE    1A97H     0345H     UNIT         ?PR?READHOLDINGREG?MODBUS_ASCII
            CODE    1DDCH     0330H     UNIT         ?PR?_ULONGSORT_PROCESS?ULONGSORT
            CODE    210CH     0319H     UNIT         ?PR?_PROTOPROCESS?PROTO_USO
            CODE    2425H     02FAH     UNIT         ?PR?OLD_CHANNEL_GET_DATA?PROTO_USO
            CODE    271FH     02D2H     UNIT         ?PR?TIMER2_ISR?FREQUENCY
            CODE    29F1H     0288H     UNIT         ?PR?_FREQUENCY_MEASURE_PROCESS?FREQUENCY
            CODE    2C79H     01E8H     UNIT         ?PR?CHANNELS_SET_DEFAULT?CHANNELS
            CODE    2E61H     0189H     UNIT         ?PR?_STORE_DEV_ADDRESS_DESC?PROTO_USO
            CODE    2FEAH     0173H     UNIT         ?PR?OLD_CHANNEL_GET_STATE?PROTO_USO
            CODE    315DH     016EH     UNIT         ?PR?OLD_CHANNEL_SET_ADC_RANGE?PROTO_USO
            CODE    32CBH     0165H     UNIT         ?PR?PROTOBUFHANDLING?PROTO_USO
            CODE    3430H     0162H     UNIT         ?PR?SEND_INFO?PROTO_USO
            CODE    3592H     0151H     UNIT         ?PR?_I2C_WRITE_BUF?I2C
            CODE    36E3H     0140H     UNIT         ?PR?CHANNEL_SET_PARAMETERS?PROTO_USO
            CODE    3823H     0132H     UNIT         ?PR?ADC_ISR?ADC
            CODE    3955H     0110H     UNIT         ?PR?_PROTO_PASTE_NULL?PROTO_USO
            CODE    3A65H     0110H     UNIT         ?PR?_I2C_READ_BUF?I2C
            CODE    3B75H     010DH     UNIT         ?PR?_WDT_PROCESS?WATCHDOG
            CODE    3C82H     0105H     UNIT         ?PR?CHANNEL_GET_CALIBRATE_VALUE?PROTO_USO
            CODE    3D87H     0100H     UNIT         ?CO?CRC_TABLE
            CODE    3E87H     00F1H     UNIT         ?PR?RESTORE_DEV_ADDRESS_DESC?PROTO_USO
            CODE    3F78H     00E5H     UNIT         ?PR?CHANNEL_SET_CALIBRATE?PROTO_USO
            CODE    405DH     00E3H     UNIT         ?PR?_EEPROM_WRITE?EEPROM
            CODE    4140H     00DFH     UNIT         ?PR?_EEPROM_READ?EEPROM
            CODE    421FH     00C6H     UNIT         ?PR?_I2C_READ_COMPLETE?I2C
            CODE    42E5H     00C3H     UNIT         ?PR?_CALIBRATE_SET_FLAG?CALIBRATE
            CODE    43A8H     00C0H     UNIT         ?PR?FREQUENCY_INIT?FREQUENCY
            CODE    4468H     00BCH     UNIT         ?PR?_GETCALIBRATEVAL?CALIBRATE
            CODE    4524H     00AEH     UNIT         ?PR?_I2C_REPEATREAD?DEBUG
            CODE    45D2H     00A2H     UNIT         ?PR?_CALIBRATE?CALIBRATE
            CODE    4674H     00A1H     UNIT         ?PR?MAIN?DEBUG
            CODE    4715H     009DH     UNIT         ?PR?ADC_RESTORE_SETTINGS?ADC
            CODE    47B2H     009DH     UNIT         ?C_C51STARTUP
            CODE    484FH     009DH     UNIT         ?PR?RESTORECALIBRATE?CALIBRATE
            CODE    48ECH     0098H     UNIT         ?PR?CHANNELSINIT?CHANNELS
            CODE    4984H     0098H     UNIT         ?PR?RESTORE_CHANNELS_DATA?CHANNELS
            CODE    4A1CH     0089H     UNIT         ?PR?_SYM_8_TO_LONG?MODBUS_ASCII
            CODE    4AA5H     0079H     UNIT         ?PR?_LRC_CHECK?MODBUS_ASCII
            CODE    4B1EH     0078H     UNIT         ?PR?CHANNEL_SET_ADDRESS_DESC?PROTO_USO
            CODE    4B96H     0076H     UNIT         ?PR?_OLD_CRC_CHECK?PROTO_USO
            CODE    4C0CH     0075H     UNIT         ?PR?UART_ISR?PROTO_USO
            CODE    4C81H     006BH     UNIT         ?PR?STORE_CHANNELS_DATA?CHANNELS
            CODE    4CECH     006BH     UNIT         ?PR?INT2_ISR?FREQUENCY
            CODE    4D57H     006BH     UNIT         ?PR?_LONG_TO_SYM_8?MODBUS_ASCII
BL51 BANKED LINKER/LOCATER V6.22                                                      06/24/2014  13:55:33  PAGE 4


            CODE    4DC2H     0067H     UNIT         ?PR?TIMER1_INTERRUPT?DEBUG
            CODE    4E29H     0065H     UNIT         ?PR?INT0_ISR?FREQUENCY
            CODE    4E8EH     0065H     UNIT         ?PR?INT1_ISR?FREQUENCY
            CODE    4EF3H     005BH     UNIT         ?PR?_REQUEST_ERROR?PROTO_USO
            CODE    4F4EH     0058H     UNIT         ?PR?CHANNELS_GET_SETTINGS_CRC?CHANNELS
            CODE    4FA6H     0058H     UNIT         ?PR?CALIBRATE_GET_CRC?CALIBRATE
            CODE    4FFEH     004EH     UNIT         ?PR?_INT_TO_SYM_4?MODBUS_ASCII
            CODE    504CH     004DH     UNIT         ?PR?CALIBRATE_SET_DEFAULT?CALIBRATE
            CODE    5099H     0045H     UNIT         ?PR?_SYM_4_TO_INT?MODBUS_ASCII
            CODE    50DEH     0044H     UNIT         ?C?LDIV
            CODE    5122H     0039H     UNIT         ?PR?_WDT_INIT?WATCHDOG
            CODE    515BH     0030H     UNIT         ?PR?PROTOCOL_INIT?PROTO_USO
            CODE    518BH     002DH     UNIT         ?PR?ADC_INITIALIZE?ADC
            CODE    51B8H     0029H     UNIT         ?PR?_I2C_REPEAT_START_READ?I2C
            CODE    51E1H     0029H     UNIT         ?PR?_MBCHAR2BIN?MODBUS_ASCII
            CODE    520AH     0025H     UNIT         ?PR?_MBBIN2CHAR?MODBUS_ASCII
            CODE    522FH     0023H     UNIT         ?PR?_CRC_CHECK?CRC_TABLE
            CODE    5252H     001EH     UNIT         ?PR?_CHAR_TO_SYM_2?MODBUS_ASCII
            CODE    5270H     001BH     UNIT         ?PR?_SYM_2_TO_CHAR?MODBUS_ASCII
            CODE    528BH     0016H     UNIT         ?PR?I2C_INIT?I2C
            CODE    52A1H     0015H     UNIT         ?PR?_ADC_OUT_FREQ?ADC
            CODE    52B6H     0014H     UNIT         ?PR?TIMER2_INITIALIZE?TIMER2
            CODE    52CAH     0013H     UNIT         ?PR?CHANNEL_SET_RESET_STATE_FLAGS?PROTO_USO
            CODE    52DDH     0012H     UNIT         ?PR?UART_INIT?TIMER3
            CODE    52EFH     0011H     UNIT         ?PR?TIMER0_INITIALIZE?TIMER0
            CODE    5300H     0011H     UNIT         ?PR?TIMER1_INITIALIZE?TIMER1
            CODE    5311H     000CH     UNIT         ?PR?CHANNEL_SET_ALL_DEFAULT?PROTO_USO
            CODE    531DH     000AH     UNIT         ?PR?WDT_CLEAR?WATCHDOG
            CODE    5327H     0007H     UNIT         ?PR?_ADC_SET_MODE?ADC
            CODE    532EH     0003H     UNIT         ?PR?CHANNEL_GET_DATA_ORDER_M2?PROTO_USO
            CODE    5331H     0003H     UNIT         ?PR?OLD_REINIT_BLOCK?PROTO_USO



OVERLAY MAP OF MODULE:   debug (DEBUG)


SEGMENT                                            DATA_GROUP          XDATA_GROUP
  +--> CALLED SEGMENT                            START    LENGTH     START    LENGTH
------------------------------------------------------------------------------------
?C_C51STARTUP                                    -----    -----      -----    -----
  +--> ?PR?MAIN?DEBUG
  +--> ?C_INITSEG

?PR?MAIN?DEBUG                                   -----    -----      -----    -----
  +--> ?PR?RESTORECALIBRATE?CALIBRATE
  +--> ?PR?CHANNELSINIT?CHANNELS
  +--> ?PR?PROTOCOL_INIT?PROTO_USO
  +--> ?PR?TIMER1_INITIALIZE?TIMER1
  +--> ?PR?ADC_INITIALIZE?ADC
  +--> ?PR?UART_INIT?TIMER3
  +--> ?PR?FREQUENCY_INIT?FREQUENCY
  +--> ?PR?_WDT_INIT?WATCHDOG
  +--> ?PR?I2C_INIT?I2C
  +--> ?PR?_I2C_REPEAT_START_READ?I2C
  +--> ?PR?_PROTOPROCESS?PROTO_USO
  +--> ?PR?_I2C_REPEATREAD?DEBUG
BL51 BANKED LINKER/LOCATER V6.22                                                      06/24/2014  13:55:33  PAGE 5


  +--> ?PR?_FREQUENCY_MEASURE_PROCESS?FREQUENCY
  +--> ?PR?_ULONGSORT_PROCESS?ULONGSORT
  +--> ?PR?_I2C_PROCESS?I2C
  +--> ?PR?_WDT_PROCESS?WATCHDOG
  +--> ?PR?_RINGBUFHANDLING?PROTO_USO

?PR?RESTORECALIBRATE?CALIBRATE                   -----    -----      06D3H    0009H
  +--> ?PR?_EEPROM_READ?EEPROM
  +--> ?PR?CALIBRATE_GET_CRC?CALIBRATE
  +--> ?PR?CALIBRATE_SET_DEFAULT?CALIBRATE

?PR?_EEPROM_READ?EEPROM                          -----    -----      06DCH    000AH

?PR?CALIBRATE_GET_CRC?CALIBRATE                  -----    -----      06E7H    0003H
  +--> ?CO?CRC_TABLE

?PR?CALIBRATE_SET_DEFAULT?CALIBRATE              -----    -----      06DCH    0005H
  +--> ?PR?_CALIBRATE_SET_FLAG?CALIBRATE
  +--> ?PR?CALIBRATE_GET_CRC?CALIBRATE
  +--> ?PR?_EEPROM_WRITE?EEPROM

?PR?_CALIBRATE_SET_FLAG?CALIBRATE                -----    -----      06E1H    0006H
  +--> ?PR?_EEPROM_WRITE?EEPROM
  +--> ?PR?CALIBRATE_GET_CRC?CALIBRATE

?PR?_EEPROM_WRITE?EEPROM                         -----    -----      06E7H    000AH

?PR?CHANNELSINIT?CHANNELS                        -----    -----      -----    -----
  +--> ?PR?RESTORE_CHANNELS_DATA?CHANNELS

?PR?RESTORE_CHANNELS_DATA?CHANNELS               -----    -----      06D3H    0009H
  +--> ?PR?_EEPROM_READ?EEPROM
  +--> ?PR?CHANNELS_GET_SETTINGS_CRC?CHANNELS
  +--> ?PR?CHANNELS_SET_DEFAULT?CHANNELS

?PR?CHANNELS_GET_SETTINGS_CRC?CHANNELS           -----    -----      06E1H    0003H
  +--> ?CO?CRC_TABLE

?PR?CHANNELS_SET_DEFAULT?CHANNELS                -----    -----      -----    -----
  +--> ?PR?STORE_CHANNELS_DATA?CHANNELS

?PR?STORE_CHANNELS_DATA?CHANNELS                 -----    -----      06DCH    0005H
  +--> ?PR?_EEPROM_WRITE?EEPROM
  +--> ?PR?CHANNELS_GET_SETTINGS_CRC?CHANNELS

?PR?PROTOCOL_INIT?PROTO_USO                      -----    -----      -----    -----
  +--> ?PR?RESTORE_DEV_ADDRESS_DESC?PROTO_USO

?PR?RESTORE_DEV_ADDRESS_DESC?PROTO_USO           -----    -----      -----    -----
  +--> ?PR?_EEPROM_READ?EEPROM

?PR?ADC_INITIALIZE?ADC                           -----    -----      -----    -----
  +--> ?PR?ADC_RESTORE_SETTINGS?ADC
  +--> ?PR?_ADC_SET_MODE?ADC
  +--> ?PR?_ADC_OUT_FREQ?ADC

?PR?ADC_RESTORE_SETTINGS?ADC                     -----    -----      06D3H    0002H
BL51 BANKED LINKER/LOCATER V6.22                                                      06/24/2014  13:55:33  PAGE 6



?PR?FREQUENCY_INIT?FREQUENCY                     -----    -----      06D3H    0001H
  +--> ?PR?TIMER0_INITIALIZE?TIMER0
  +--> ?PR?TIMER2_INITIALIZE?TIMER2

?PR?_I2C_REPEAT_START_READ?I2C                   -----    -----      06D7H    0009H

?PR?_PROTOPROCESS?PROTO_USO                      -----    -----      -----    -----
  +--> ?PR?_CRC_CHECK?CRC_TABLE
  +--> ?PR?_OLD_CRC_CHECK?PROTO_USO
  +--> ?PR?_SYM_2_TO_CHAR?MODBUS_ASCII
  +--> ?PR?_LRC_CHECK?MODBUS_ASCII
  +--> ?PR?PROTOBUFHANDLING?PROTO_USO
  +--> ?PR?_PROTO_PASTE_NULL?PROTO_USO

?PR?_CRC_CHECK?CRC_TABLE                         -----    -----      -----    -----
  +--> ?CO?CRC_TABLE

?PR?_SYM_2_TO_CHAR?MODBUS_ASCII                  -----    -----      -----    -----
  +--> ?PR?_MBCHAR2BIN?MODBUS_ASCII

?PR?_LRC_CHECK?MODBUS_ASCII                      -----    -----      06D3H    0006H
  +--> ?PR?_MBCHAR2BIN?MODBUS_ASCII

?PR?PROTOBUFHANDLING?PROTO_USO                   -----    -----      -----    -----
  +--> ?PR?SEND_INFO?PROTO_USO
  +--> ?PR?NODE_FULL_INIT?PROTO_USO
  +--> ?PR?CHANNEL_LIST_INIT?PROTO_USO
  +--> ?PR?CHANNEL_GET_DATA?PROTO_USO
  +--> ?PR?CHANNEL_SET_PARAMETERS?PROTO_USO
  +--> ?PR?CHANNEL_SET_ORDER_QUERY?PROTO_USO
  +--> ?PR?CHANNEL_GET_DATA_ORDER?PROTO_USO
  +--> ?PR?CHANNEL_SET_STATE?PROTO_USO
  +--> ?PR?CHANNEL_GET_DATA_ORDER_M2?PROTO_USO
  +--> ?PR?CHANNEL_SET_RESET_STATE_FLAGS?PRO...
  +--> ?PR?CHANNEL_ALL_GET_DATA?PROTO_USO
  +--> ?PR?CHANNEL_SET_ADDRESS_DESC?PROTO_USO
  +--> ?PR?CHANNEL_SET_CALIBRATE?PROTO_USO
  +--> ?PR?CHANNEL_SET_ALL_DEFAULT?PROTO_USO
  +--> ?PR?CHANNEL_GET_CALIBRATE_VALUE?PROTO...
  +--> ?PR?_REQUEST_ERROR?PROTO_USO
  +--> ?PR?OLD_REINIT_BLOCK?PROTO_USO
  +--> ?PR?OLD_CHANNEL_SET_ADC_RANGE?PROTO_USO
  +--> ?PR?OLD_CHANNEL_GET_STATE?PROTO_USO
  +--> ?PR?OLD_CHANNEL_GET_DATA?PROTO_USO
  +--> ?PR?OLD_CHANNEL_GET_DATA_STATE?PROTO_USO
  +--> ?PR?_SYM_2_TO_CHAR?MODBUS_ASCII
  +--> ?PR?READHOLDINGREG?MODBUS_ASCII

?PR?SEND_INFO?PROTO_USO                          -----    -----      -----    -----
  +--> ?PR?_CRC_CHECK?CRC_TABLE

?PR?CHANNEL_SET_PARAMETERS?PROTO_USO             -----    -----      06D3H    0001H
  +--> ?PR?_REQUEST_ERROR?PROTO_USO
  +--> ?PR?STORE_CHANNELS_DATA?CHANNELS

?PR?_REQUEST_ERROR?PROTO_USO                     -----    -----      -----    -----
BL51 BANKED LINKER/LOCATER V6.22                                                      06/24/2014  13:55:33  PAGE 7


  +--> ?PR?_CRC_CHECK?CRC_TABLE

?PR?CHANNEL_SET_RESET_STATE_FLAGS?PRO...         -----    -----      -----    -----
  +--> ?PR?CHANNELSINIT?CHANNELS
  +--> ?PR?_REQUEST_ERROR?PROTO_USO

?PR?CHANNEL_ALL_GET_DATA?PROTO_USO               0008H    0002H      -----    -----
  +--> ?PR?_CRC_CHECK?CRC_TABLE

?PR?CHANNEL_SET_ADDRESS_DESC?PROTO_USO           -----    -----      -----    -----
  +--> ?PR?_STORE_DEV_ADDRESS_DESC?PROTO_USO
  +--> ?PR?_REQUEST_ERROR?PROTO_USO

?PR?_STORE_DEV_ADDRESS_DESC?PROTO_USO            -----    -----      -----    -----
  +--> ?PR?_EEPROM_WRITE?EEPROM

?PR?CHANNEL_SET_CALIBRATE?PROTO_USO              -----    -----      -----    -----
  +--> ?PR?_CALIBRATE?CALIBRATE
  +--> ?PR?_CALIBRATE_SET_FLAG?CALIBRATE
  +--> ?PR?_REQUEST_ERROR?PROTO_USO

?PR?_CALIBRATE?CALIBRATE                         -----    -----      06D3H    000DH
  +--> ?PR?_EEPROM_WRITE?EEPROM
  +--> ?PR?CALIBRATE_GET_CRC?CALIBRATE

?PR?CHANNEL_SET_ALL_DEFAULT?PROTO_USO            -----    -----      -----    -----
  +--> ?PR?CHANNELS_SET_DEFAULT?CHANNELS
  +--> ?PR?CALIBRATE_SET_DEFAULT?CALIBRATE
  +--> ?PR?_REQUEST_ERROR?PROTO_USO

?PR?CHANNEL_GET_CALIBRATE_VALUE?PROTO...         -----    -----      -----    -----
  +--> ?PR?_REQUEST_ERROR?PROTO_USO
  +--> ?PR?_CRC_CHECK?CRC_TABLE

?PR?OLD_CHANNEL_GET_STATE?PROTO_USO              -----    -----      -----    -----
  +--> ?PR?_PROTO_PASTE_NULL?PROTO_USO
  +--> ?PR?_OLD_CRC_CHECK?PROTO_USO

?PR?OLD_CHANNEL_GET_DATA?PROTO_USO               -----    -----      -----    -----
  +--> ?PR?_PROTO_PASTE_NULL?PROTO_USO
  +--> ?PR?_OLD_CRC_CHECK?PROTO_USO

?PR?OLD_CHANNEL_GET_DATA_STATE?PROTO_USO         -----    -----      -----    -----
  +--> ?PR?_PROTO_PASTE_NULL?PROTO_USO
  +--> ?PR?_OLD_CRC_CHECK?PROTO_USO

?PR?READHOLDINGREG?MODBUS_ASCII                  -----    -----      -----    -----
  +--> ?PR?_SYM_4_TO_INT?MODBUS_ASCII
  +--> ?PR?_CHAR_TO_SYM_2?MODBUS_ASCII
  +--> ?PR?_LONG_TO_SYM_8?MODBUS_ASCII
  +--> ?PR?_LRC_CHECK?MODBUS_ASCII

?PR?_SYM_4_TO_INT?MODBUS_ASCII                   -----    -----      06D3H    0002H
  +--> ?PR?_MBCHAR2BIN?MODBUS_ASCII

?PR?_CHAR_TO_SYM_2?MODBUS_ASCII                  -----    -----      -----    -----
  +--> ?PR?_MBBIN2CHAR?MODBUS_ASCII
BL51 BANKED LINKER/LOCATER V6.22                                                      06/24/2014  13:55:33  PAGE 8



?PR?_LONG_TO_SYM_8?MODBUS_ASCII                  -----    -----      06D3H    0008H
  +--> ?PR?_MBBIN2CHAR?MODBUS_ASCII

?PR?_I2C_REPEATREAD?DEBUG                        -----    -----      06D3H    0004H
  +--> ?PR?_I2C_REPEAT_START_READ?I2C

?PR?_ULONGSORT_PROCESS?ULONGSORT                 -----    -----      06D3H    0004H
  +--> ?PR?_GETCALIBRATEVAL?CALIBRATE

?PR?_GETCALIBRATEVAL?CALIBRATE                   -----    -----      06D7H    0009H

?PR?_I2C_PROCESS?I2C                             -----    -----      06D3H    0004H
  +--> ?PR?_I2C_WRITE_BUF?I2C
  +--> ?PR?_I2C_READ_BUF?I2C
  +--> ?PR?_I2C_READ_COMPLETE?I2C

?PR?_I2C_WRITE_BUF?I2C                           -----    -----      06D7H    0008H

?PR?_I2C_READ_BUF?I2C                            -----    -----      06D7H    0008H

?PR?_I2C_READ_COMPLETE?I2C                       -----    -----      06D7H    0004H
  +--> ?PR?_CRC_CHECK?CRC_TABLE

?PR?_WDT_PROCESS?WATCHDOG                        -----    -----      06D3H    0006H
  +--> ?PR?WDT_CLEAR?WATCHDOG



SYMBOL TABLE OF MODULE:  debug (DEBUG)

  VALUE           TYPE          NAME
  ----------------------------------

  -------         MODULE        DEBUG
  C:0000H         SYMBOL        _ICE_DUMMY_
  D:0088H         PUBLIC        TCON
  D:008BH         PUBLIC        TL1
  D:008DH         PUBLIC        TH1
  D:0098H         PUBLIC        SCON
  D:00A0H         PUBLIC        P2
  D:00A8H         PUBLIC        IE
  D:00B0H         PUBLIC        P3
  D:00B8H         PUBLIC        IP
  D:00C0H         PUBLIC        WDCON
  D:00C8H         PUBLIC        T2CON
  D:00D0H         PUBLIC        PSW
  D:00D7H         PUBLIC        PLLCON
  D:00D8H         PUBLIC        ADCSTAT
  D:00E8H         PUBLIC        I2CCON
  D:00E8H         PUBLIC        DCON
  D:00F8H         PUBLIC        SPICON
  B:00A8H.7       PUBLIC        EA
  X:070AH         PUBLIC        pt_i2c_read
  X:070EH         PUBLIC        pt_freq_measure
  X:0712H         PUBLIC        pt_sort
  X:0716H         PUBLIC        pt_i2c_process
BL51 BANKED LINKER/LOCATER V6.22                                                      06/24/2014  13:55:33  PAGE 9


  C:4524H         PUBLIC        _I2C_RepeatRead
  C:4674H         PUBLIC        main
  C:4DC2H         PUBLIC        Timer1_Interrupt
  -------         PROC          MAIN
  C:4674H         LINE#         34
  C:4674H         LINE#         35
  C:4674H         LINE#         36
  C:4676H         LINE#         39
  C:4679H         LINE#         41
  C:467CH         LINE#         43
  C:467FH         LINE#         44
  C:4682H         LINE#         45
  C:4685H         LINE#         46
  C:4688H         LINE#         47
  C:468BH         LINE#         48
  C:468EH         LINE#         50
  C:4693H         LINE#         51
  C:4696H         LINE#         55
  C:469DH         LINE#         56
  C:46A3H         LINE#         57
  C:46A9H         LINE#         58
  C:46AFH         LINE#         60
  C:46B1H         LINE#         62
  C:46B5H         LINE#         64
  C:46D3H         LINE#         65
  C:46D3H         LINE#         66
  C:46D3H         LINE#         67
  C:46DCH         LINE#         68
  C:46E5H         LINE#         69
  C:46EEH         LINE#         70
  C:46F7H         LINE#         71
  C:4700H         LINE#         72
  C:4709H         LINE#         73
  C:4712H         LINE#         74
  -------         ENDPROC       MAIN
  -------         PROC          _I2C_REPEATREAD
  X:06D3H         SYMBOL        pt
  -------         DO            
  X:06D6H         SYMBOL        PT_YIELD_FLAG
  -------         ENDDO         
  C:4524H         LINE#         79
  C:452FH         LINE#         80
  C:452FH         LINE#         81
  C:4534H         LINE#         83
  C:454CH         LINE#         85
  C:454CH         LINE#         86
  C:454CH         LINE#         87
  C:458AH         LINE#         88
  C:45A9H         LINE#         89
  C:45B7H         LINE#         90
  C:45B9H         LINE#         91
  C:45D1H         LINE#         93
  -------         ENDPROC       _I2C_REPEATREAD
  -------         PROC          TIMER1_INTERRUPT
  C:4DC2H         LINE#         95
  C:4DC8H         LINE#         98
  C:4DCBH         LINE#         99
BL51 BANKED LINKER/LOCATER V6.22                                                      06/24/2014  13:55:33  PAGE 10


  C:4DCEH         LINE#         100
  C:4DDCH         LINE#         101
  C:4DEAH         LINE#         102
  C:4DF8H         LINE#         103
  C:4E06H         LINE#         104
  C:4E14H         LINE#         105
  C:4E22H         LINE#         107
  -------         ENDPROC       TIMER1_INTERRUPT
  -------         ENDMOD        DEBUG

  -------         MODULE        TIMER3
  C:0000H         SYMBOL        _ICE_DUMMY_
  D:0088H         PUBLIC        TCON
  D:0098H         PUBLIC        SCON
  D:009DH         PUBLIC        T3FD
  D:009EH         PUBLIC        T3CON
  D:00A0H         PUBLIC        P2
  D:00A8H         PUBLIC        IE
  D:00B0H         PUBLIC        P3
  D:00B8H         PUBLIC        IP
  D:00C0H         PUBLIC        WDCON
  D:00C8H         PUBLIC        T2CON
  D:00D0H         PUBLIC        PSW
  D:00D8H         PUBLIC        ADCSTAT
  D:00E8H         PUBLIC        I2CCON
  D:00E8H         PUBLIC        DCON
  D:00F8H         PUBLIC        SPICON
  B:00A8H.4       PUBLIC        ES
  B:00B8H.4       PUBLIC        PS
  B:0098H.1       PUBLIC        TI
  B:0098H.0       PUBLIC        RI
  C:52DDH         PUBLIC        UART_Init
  -------         PROC          UART_INIT
  C:52DDH         LINE#         3
  C:52DDH         LINE#         4
  C:52DDH         LINE#         6
  C:52E0H         LINE#         8
  C:52E3H         LINE#         9
  C:52E6H         LINE#         10
  C:52E8H         LINE#         11
  C:52EAH         LINE#         12
  C:52ECH         LINE#         13
  C:52EEH         LINE#         15
  -------         ENDPROC       UART_INIT
  -------         ENDMOD        TIMER3

  -------         MODULE        ADC
  C:0000H         SYMBOL        _ICE_DUMMY_
  D:0088H         PUBLIC        TCON
  D:0098H         PUBLIC        SCON
  D:00A0H         PUBLIC        P2
  D:00A8H         PUBLIC        IE
  D:00B0H         PUBLIC        P3
  D:00B8H         PUBLIC        IP
  D:00C0H         PUBLIC        WDCON
  D:00C8H         PUBLIC        T2CON
  D:00D0H         PUBLIC        PSW
BL51 BANKED LINKER/LOCATER V6.22                                                      06/24/2014  13:55:33  PAGE 11


  D:00D1H         PUBLIC        ADCMODE
  D:00D2H         PUBLIC        ADC0CON1
  D:00D4H         PUBLIC        SF
  D:00D8H         PUBLIC        ADCSTAT
  D:00D9H         PUBLIC        ADC0L
  D:00DAH         PUBLIC        ADC0M
  D:00DBH         PUBLIC        ADC0H
  D:00E6H         PUBLIC        ADC0CON2
  D:00E8H         PUBLIC        I2CCON
  D:00E8H         PUBLIC        DCON
  D:00F8H         PUBLIC        SPICON
  B:00A8H.6       PUBLIC        EADC
  B:00D8H.7       PUBLIC        RDY0
  X:04E0H         PUBLIC        adc_channels
  C:518BH         PUBLIC        ADC_Initialize
  C:3823H         PUBLIC        ADC_ISR
  C:5327H         PUBLIC        _ADC_Set_Mode
  C:52A1H         PUBLIC        _ADC_Out_Freq
  C:4715H         PUBLIC        ADC_Restore_Settings
  -------         PROC          ADC_INITIALIZE
  C:518BH         LINE#         6
  C:518BH         LINE#         7
  C:518BH         LINE#         8
  C:518EH         LINE#         9
  C:5191H         LINE#         10
  C:5194H         LINE#         16
  C:5197H         LINE#         17
  C:519AH         LINE#         18
  C:519DH         LINE#         20
  C:51A0H         LINE#         21
  C:51A3H         LINE#         31
  C:51A6H         LINE#         32
  C:51ABH         LINE#         34
  C:51B2H         LINE#         37
  C:51B4H         LINE#         39
  C:51B7H         LINE#         42
  -------         ENDPROC       ADC_INITIALIZE
  -------         PROC          ADC_ISR
  -------         DO            
  X:04DEH         SYMBOL        current_channel
  X:04DFH         SYMBOL        current_buf_item
  -------         ENDDO         
  C:3823H         LINE#         44
  C:3833H         LINE#         49
  C:383BH         LINE#         50
  C:3850H         LINE#         52
  C:3874H         LINE#         53
  C:3891H         LINE#         54
  C:38B6H         LINE#         55
  C:38D3H         LINE#         57
  C:38ECH         LINE#         58
  C:3902H         LINE#         61
  C:390EH         LINE#         62
  C:392DH         LINE#         63
  C:3942H         LINE#         66
  C:3944H         LINE#         68
  -------         ENDPROC       ADC_ISR
BL51 BANKED LINKER/LOCATER V6.22                                                      06/24/2014  13:55:33  PAGE 12


  -------         PROC          _ADC_SET_MODE
  D:0007H         SYMBOL        mode
  C:5327H         LINE#         70
  C:5327H         LINE#         71
  C:5327H         LINE#         72
  C:532AH         LINE#         73
  C:532DH         LINE#         75
  -------         ENDPROC       _ADC_SET_MODE
  -------         PROC          _ADC_OUT_FREQ
  D:0006H         SYMBOL        freq
  C:52A1H         LINE#         77
  C:52A1H         LINE#         78
  C:52A1H         LINE#         79
  C:52B5H         LINE#         81
  -------         ENDPROC       _ADC_OUT_FREQ
  -------         PROC          ADC_RESTORE_SETTINGS
  -------         DO            
  X:06D3H         SYMBOL        i
  X:06D4H         SYMBOL        j
  -------         ENDDO         
  C:4715H         LINE#         83
  C:4715H         LINE#         84
  C:4715H         LINE#         85
  C:471CH         LINE#         86
  C:472DH         LINE#         87
  C:472DH         LINE#         88
  C:473EH         LINE#         89
  C:474FH         LINE#         90
  C:4761H         LINE#         91
  C:4772H         LINE#         93
  C:4780H         LINE#         94
  C:4780H         LINE#         95
  C:47A0H         LINE#         96
  C:47A8H         LINE#         97
  C:47B1H         LINE#         99
  -------         ENDPROC       ADC_RESTORE_SETTINGS
  -------         ENDMOD        ADC

  -------         MODULE        EEPROM
  C:0000H         SYMBOL        _ICE_DUMMY_
  D:0088H         PUBLIC        TCON
  D:0098H         PUBLIC        SCON
  D:00A0H         PUBLIC        P2
  D:00A8H         PUBLIC        IE
  D:00B0H         PUBLIC        P3
  D:00B8H         PUBLIC        IP
  D:00B9H         PUBLIC        ECON
  D:00BCH         PUBLIC        EDATA1
  D:00BDH         PUBLIC        EDATA2
  D:00BEH         PUBLIC        EDATA3
  D:00BFH         PUBLIC        EDATA4
  D:00C0H         PUBLIC        WDCON
  D:00C8H         PUBLIC        T2CON
  D:00D0H         PUBLIC        PSW
  D:00D8H         PUBLIC        ADCSTAT
  D:00E8H         PUBLIC        I2CCON
  D:00E8H         PUBLIC        DCON
BL51 BANKED LINKER/LOCATER V6.22                                                      06/24/2014  13:55:33  PAGE 13


  D:00F8H         PUBLIC        SPICON
  B:00A8H.7       PUBLIC        EA
  D:00C6H         PUBLIC        EADR
  C:4140H         PUBLIC        _EEPROM_Read
  C:405DH         PUBLIC        _EEPROM_Write
  -------         PROC          _EEPROM_WRITE
  D:0001H         SYMBOL        buffer
  X:06EAH         SYMBOL        len
  X:06ECH         SYMBOL        addr
  -------         DO            
  X:06EEH         SYMBOL        i
  D:0001H         SYMBOL        buf
  X:06F0H         SYMBOL        ea_temp
  -------         ENDDO         
  C:405DH         LINE#         4
  C:4065H         LINE#         5
  C:4065H         LINE#         7
  C:406CH         LINE#         10
  C:406EH         LINE#         12
  C:4085H         LINE#         13
  C:4089H         LINE#         15
  C:4089H         LINE#         17
  C:40A8H         LINE#         18
  C:40A8H         LINE#         19
  C:40B0H         LINE#         20
  C:40B2H         LINE#         22
  C:40CCH         LINE#         23
  C:40D6H         LINE#         24
  C:40F2H         LINE#         25
  C:40FEH         LINE#         27
  C:410AH         LINE#         29
  C:410DH         LINE#         30
  C:4110H         LINE#         32
  C:4118H         LINE#         34
  C:4126H         LINE#         35
  C:4137H         LINE#         37
  C:413FH         LINE#         38
  -------         ENDPROC       _EEPROM_WRITE
  -------         PROC          _EEPROM_READ
  D:0001H         SYMBOL        buffer
  X:06DFH         SYMBOL        len
  X:06E1H         SYMBOL        addr
  -------         DO            
  X:06E3H         SYMBOL        i
  D:0001H         SYMBOL        buf
  X:06E5H         SYMBOL        ea_temp
  -------         ENDDO         
  C:4140H         LINE#         40
  C:4148H         LINE#         41
  C:4148H         LINE#         44
  C:414FH         LINE#         47
  C:4151H         LINE#         49
  C:4168H         LINE#         50
  C:416CH         LINE#         52
  C:416CH         LINE#         54
  C:418BH         LINE#         55
  C:418BH         LINE#         56
BL51 BANKED LINKER/LOCATER V6.22                                                      06/24/2014  13:55:33  PAGE 14


  C:4193H         LINE#         57
  C:4195H         LINE#         59
  C:41A1H         LINE#         60
  C:41A4H         LINE#         62
  C:41C0H         LINE#         63
  C:41CAH         LINE#         64
  C:41E3H         LINE#         65
  C:41EFH         LINE#         67
  C:41F7H         LINE#         69
  C:4205H         LINE#         70
  C:4216H         LINE#         72
  C:421EH         LINE#         73
  -------         ENDPROC       _EEPROM_READ
  -------         ENDMOD        EEPROM

  -------         MODULE        WATCHDOG
  C:0000H         SYMBOL        _ICE_DUMMY_
  D:0088H         PUBLIC        TCON
  D:0098H         PUBLIC        SCON
  D:00A0H         PUBLIC        P2
  D:00A8H         PUBLIC        IE
  D:00B0H         PUBLIC        P3
  D:00B8H         PUBLIC        IP
  D:00C0H         PUBLIC        WDCON
  D:00C8H         PUBLIC        T2CON
  D:00D0H         PUBLIC        PSW
  D:00D8H         PUBLIC        ADCSTAT
  D:00E8H         PUBLIC        I2CCON
  D:00E8H         PUBLIC        DCON
  D:00F8H         PUBLIC        SPICON
  B:00A8H.7       PUBLIC        EA
  B:00C0H.0       PUBLIC        WDWR
  X:06F1H         PUBLIC        wdt_count
  C:5122H         PUBLIC        _WDT_Init
  C:531DH         PUBLIC        WDT_Clear
  C:3B75H         PUBLIC        _WDT_Process
  D:000AH         PUBLIC        wdt_intval
  X:0706H         PUBLIC        pt_wdt
  -------         PROC          _WDT_INIT
  D:0007H         SYMBOL        interval
  -------         DO            
  D:0006H         SYMBOL        i
  -------         ENDDO         
  C:5122H         LINE#         8
  C:5122H         LINE#         9
  C:5122H         LINE#         10
  C:5124H         LINE#         12
  C:5126H         LINE#         13
  C:5128H         LINE#         14
  C:512BH         LINE#         30
  C:512BH         LINE#         31
  C:512BH         LINE#         32
  C:513DH         LINE#         33
  C:514EH         LINE#         34
  C:5153H         LINE#         36
  C:515AH         LINE#         38
  -------         ENDPROC       _WDT_INIT
BL51 BANKED LINKER/LOCATER V6.22                                                      06/24/2014  13:55:33  PAGE 15


  -------         PROC          WDT_CLEAR
  C:531DH         LINE#         40
  C:531DH         LINE#         41
  C:531DH         LINE#         42
  C:531FH         LINE#         44
  C:5321H         LINE#         45
  C:5324H         LINE#         47
  C:5326H         LINE#         49
  -------         ENDPROC       WDT_CLEAR
  -------         PROC          _WDT_PROCESS
  X:06D3H         SYMBOL        pt
  -------         DO            
  X:06D6H         SYMBOL        i
  X:06D7H         SYMBOL        process_error
  -------         DO            
  X:06D8H         SYMBOL        PT_YIELD_FLAG
  -------         ENDDO         
  -------         ENDDO         
  C:3B75H         LINE#         51
  C:3B80H         LINE#         52
  C:3B80H         LINE#         54
  C:3B85H         LINE#         55
  C:3B89H         LINE#         57
  C:3BB2H         LINE#         59
  C:3BB2H         LINE#         60
  C:3BB2H         LINE#         61
  C:3BF0H         LINE#         62
  C:3BF5H         LINE#         64
  C:3C03H         LINE#         66
  C:3C08H         LINE#         67
  C:3C08H         LINE#         68
  C:3C34H         LINE#         69
  C:3C34H         LINE#         70
  C:3C39H         LINE#         71
  C:3C3BH         LINE#         72
  C:3C3BH         LINE#         74
  C:3C3BH         LINE#         75
  C:3C50H         LINE#         76
  C:3C50H         LINE#         77
  C:3C5AH         LINE#         79
  C:3C63H         LINE#         80
  C:3C63H         LINE#         81
  C:3C66H         LINE#         82
  C:3C66H         LINE#         83
  C:3C69H         LINE#         84
  C:3C81H         LINE#         85
  -------         ENDPROC       _WDT_PROCESS
  -------         ENDMOD        WATCHDOG

  -------         MODULE        PROTO_USO
  C:0000H         SYMBOL        _ICE_DUMMY_
  D:0088H         PUBLIC        TCON
  D:0098H         PUBLIC        SCON
  D:0099H         PUBLIC        SBUF
  D:00A0H         PUBLIC        P2
  D:00A8H         PUBLIC        IE
  D:00B0H         PUBLIC        P3
BL51 BANKED LINKER/LOCATER V6.22                                                      06/24/2014  13:55:33  PAGE 16


  D:00B8H         PUBLIC        IP
  D:00C0H         PUBLIC        WDCON
  D:00C8H         PUBLIC        T2CON
  D:00D0H         PUBLIC        PSW
  D:00D8H         PUBLIC        ADCSTAT
  D:00E8H         PUBLIC        I2CCON
  D:00E8H         PUBLIC        DCON
  D:00F8H         PUBLIC        SPICON
  B:00D0H.7       PUBLIC        CY
  B:00A8H.7       PUBLIC        EA
  B:00A8H.4       PUBLIC        ES
  B:0098H.4       PUBLIC        REN
  B:0098H.1       PUBLIC        TI
  B:0098H.0       PUBLIC        RI
  C:4C0CH         PUBLIC        UART_ISR
  C:515BH         PUBLIC        Protocol_Init
  C:3430H         PUBLIC        Send_Info
  C:0006H         PUBLIC        Node_Full_Init
  C:000EH         PUBLIC        Channel_List_Init
  C:0016H         PUBLIC        Channel_Get_Data
  C:36E3H         PUBLIC        Channel_Set_Parameters
  C:001EH         PUBLIC        Channel_Set_Order_Query
  C:0026H         PUBLIC        Channel_Get_Data_Order
  C:002EH         PUBLIC        Channel_Set_State
  C:532EH         PUBLIC        Channel_Get_Data_Order_M2
  C:52CAH         PUBLIC        Channel_Set_Reset_State_Flags
  C:0BF8H         PUBLIC        Channel_All_Get_Data
  C:4B1EH         PUBLIC        Channel_Set_Address_Desc
  C:3F78H         PUBLIC        Channel_Set_Calibrate
  C:5311H         PUBLIC        Channel_Set_All_Default
  C:3C82H         PUBLIC        Channel_Get_Calibrate_Value
  C:4EF3H         PUBLIC        _Request_Error
  C:4B96H         PUBLIC        _Old_CRC_Check
  C:2425H         PUBLIC        Old_Channel_Get_Data
  C:0FF2H         PUBLIC        Old_Channel_Get_Data_State
  C:2FEAH         PUBLIC        Old_Channel_Get_State
  C:5331H         PUBLIC        Old_Reinit_Block
  C:315DH         PUBLIC        Old_Channel_Set_ADC_Range
  C:3955H         PUBLIC        _Proto_Paste_Null
  C:32CBH         PUBLIC        ProtoBufHandling
  C:210CH         PUBLIC        _ProtoProcess
  C:078DH         PUBLIC        _RingBufHandling
  C:2E61H         PUBLIC        _Store_Dev_Address_Desc
  C:3E87H         PUBLIC        Restore_Dev_Address_Desc
  B:00B0H.5       PUBLIC        DE_RE
  X:0006H         PUBLIC        DEV_NAME
  X:001AH         PUBLIC        NOTICE
  X:0042H         PUBLIC        VERSION
  X:004AH         PUBLIC        ADRESS_DEV
  X:004BH         PUBLIC        dev_desc_len
  X:004CH         PUBLIC        RECIEVED
  X:004DH         PUBLIC        recieve_count
  X:004FH         PUBLIC        transf_count
  X:0050H         PUBLIC        buf_len
  X:0051H         PUBLIC        frame_len
  X:0052H         PUBLIC        RecieveBuf
  X:0160H         PUBLIC        TransferBuf
BL51 BANKED LINKER/LOCATER V6.22                                                      06/24/2014  13:55:33  PAGE 17


  X:026EH         PUBLIC        STATE_BYTE
  X:026FH         PUBLIC        protocol_type
  X:0270H         PUBLIC        pt_proto
  X:0274H         PUBLIC        pt_buf_handle
  X:0278H         PUBLIC        rngbuf
  X:037BH         PUBLIC        sym_8_to_float
  -------         PROC          UART_ISR
  C:4C0CH         LINE#         55
  C:4C1AH         LINE#         57
  C:4C1CH         LINE#         59
  C:4C1FH         LINE#         60
  C:4C1FH         LINE#         61
  C:4C21H         LINE#         62
  C:4C31H         LINE#         63
  C:4C37H         LINE#         64
  C:4C3DH         LINE#         65
  C:4C3DH         LINE#         67
  C:4C40H         LINE#         68
  C:4C40H         LINE#         69
  C:4C42H         LINE#         71
  C:4C50H         LINE#         72
  C:4C50H         LINE#         74
  C:4C5DH         LINE#         75
  C:4C63H         LINE#         76
  C:4C65H         LINE#         78
  C:4C65H         LINE#         79
  C:4C6AH         LINE#         80
  C:4C70H         LINE#         81
  C:4C70H         LINE#         82
  C:4C70H         LINE#         83
  C:4C72H         LINE#         85
  -------         ENDPROC       UART_ISR
  -------         PROC          PROTOCOL_INIT
  C:515BH         LINE#         88
  C:515BH         LINE#         89
  C:515BH         LINE#         90
  C:515DH         LINE#         91
  C:515FH         LINE#         94
  C:5162H         LINE#         96
  C:5167H         LINE#         97
  C:5169H         LINE#         98
  C:516BH         LINE#         100
  C:5171H         LINE#         101
  C:5173H         LINE#         102
  C:5175H         LINE#         103
  C:5177H         LINE#         105
  C:517DH         LINE#         106
  C:5184H         LINE#         107
  C:518AH         LINE#         109
  -------         ENDPROC       PROTOCOL_INIT
  -------         PROC          SEND_INFO
  -------         DO            
  D:0007H         SYMBOL        i
  -------         ENDDO         
  C:3430H         LINE#         111
  C:3430H         LINE#         112
  C:3430H         LINE#         113
BL51 BANKED LINKER/LOCATER V6.22                                                      06/24/2014  13:55:33  PAGE 18


  C:3432H         LINE#         116
  C:3436H         LINE#         117
  C:343AH         LINE#         118
  C:343EH         LINE#         120
  C:3446H         LINE#         121
  C:344AH         LINE#         122
  C:3452H         LINE#         124
  C:3453H         LINE#         125
  C:3453H         LINE#         126
  C:3459H         LINE#         127
  C:3459H         LINE#         128
  C:3471H         LINE#         129
  C:3473H         LINE#         131
  C:3473H         LINE#         132
  C:347FH         LINE#         133
  C:347FH         LINE#         134
  C:3484H         LINE#         136
  C:3486H         LINE#         137
  C:3486H         LINE#         138
  C:348CH         LINE#         139
  C:348CH         LINE#         140
  C:34A4H         LINE#         141
  C:34A4H         LINE#         142
  C:34A9H         LINE#         144
  C:34B1H         LINE#         146
  C:34BDH         LINE#         147
  C:34BDH         LINE#         148
  C:34F5H         LINE#         149
  C:3506H         LINE#         150
  C:3509H         LINE#         151
  C:3515H         LINE#         152
  C:3515H         LINE#         153
  C:353FH         LINE#         154
  C:3542H         LINE#         156
  C:3556H         LINE#         157
  C:3588H         LINE#         159
  C:3591H         LINE#         160
  -------         ENDPROC       SEND_INFO
  -------         PROC          NODE_FULL_INIT
  C:0006H         LINE#         162
  C:0006H         LINE#         163
  C:0006H         LINE#         164
  C:0008H         LINE#         165
  -------         ENDPROC       NODE_FULL_INIT
  -------         PROC          CHANNEL_LIST_INIT
  C:000EH         LINE#         167
  C:000EH         LINE#         168
  C:000EH         LINE#         169
  C:0010H         LINE#         170
  -------         ENDPROC       CHANNEL_LIST_INIT
  -------         PROC          CHANNEL_GET_DATA
  C:0016H         LINE#         172
  C:0016H         LINE#         173
  C:0016H         LINE#         174
  C:0018H         LINE#         175
  -------         ENDPROC       CHANNEL_GET_DATA
  -------         PROC          CHANNEL_SET_PARAMETERS
BL51 BANKED LINKER/LOCATER V6.22                                                      06/24/2014  13:55:33  PAGE 19


  -------         DO            
  D:0007H         SYMBOL        index
  X:06D3H         SYMBOL        store_data
  -------         ENDDO         
  C:36E3H         LINE#         177
  C:36E3H         LINE#         178
  C:36E3H         LINE#         179
  C:36E9H         LINE#         181
  C:36F7H         LINE#         182
  C:36F7H         LINE#         183
  C:3710H         LINE#         184
  C:3710H         LINE#         185
  C:3724H         LINE#         186
  C:3724H         LINE#         187
  C:3724H         LINE#         188
  C:3724H         LINE#         189
  C:3787H         LINE#         190
  C:3787H         LINE#         191
  C:37AEH         LINE#         192
  C:37D5H         LINE#         193
  C:37FEH         LINE#         194
  C:3804H         LINE#         196
  C:3804H         LINE#         197
  C:3805H         LINE#         198
  C:3805H         LINE#         199
  C:3807H         LINE#         202
  C:3807H         LINE#         203
  C:3807H         LINE#         204
  C:3808H         LINE#         205
  C:3808H         LINE#         206
  C:3808H         LINE#         207
  C:380BH         LINE#         208
  C:380EH         LINE#         210
  C:380EH         LINE#         211
  C:3814H         LINE#         212
  C:3814H         LINE#         213
  C:3814H         LINE#         214
  C:381AH         LINE#         215
  C:381AH         LINE#         216
  C:381DH         LINE#         217
  C:381DH         LINE#         219
  C:3822H         LINE#         220
  -------         ENDPROC       CHANNEL_SET_PARAMETERS
  -------         PROC          CHANNEL_SET_ORDER_QUERY
  C:001EH         LINE#         222
  C:001EH         LINE#         223
  C:001EH         LINE#         224
  C:0020H         LINE#         225
  -------         ENDPROC       CHANNEL_SET_ORDER_QUERY
  -------         PROC          CHANNEL_GET_DATA_ORDER
  C:0026H         LINE#         227
  C:0026H         LINE#         228
  C:0026H         LINE#         229
  C:0028H         LINE#         230
  -------         ENDPROC       CHANNEL_GET_DATA_ORDER
  -------         PROC          CHANNEL_SET_STATE
  C:002EH         LINE#         232
BL51 BANKED LINKER/LOCATER V6.22                                                      06/24/2014  13:55:33  PAGE 20


  C:002EH         LINE#         233
  C:002EH         LINE#         234
  C:0030H         LINE#         235
  -------         ENDPROC       CHANNEL_SET_STATE
  -------         PROC          CHANNEL_GET_DATA_ORDER_M2
  C:532EH         LINE#         237
  C:532EH         LINE#         238
  C:532EH         LINE#         239
  C:5330H         LINE#         240
  -------         ENDPROC       CHANNEL_GET_DATA_ORDER_M2
  -------         PROC          CHANNEL_SET_RESET_STATE_FLAGS
  C:52CAH         LINE#         242
  C:52CAH         LINE#         243
  C:52CAH         LINE#         244
  C:52D0H         LINE#         245
  C:52D4H         LINE#         246
  C:52D7H         LINE#         247
  C:52DCH         LINE#         248
  -------         ENDPROC       CHANNEL_SET_RESET_STATE_FLAGS
  -------         PROC          CHANNEL_ALL_GET_DATA
  -------         DO            
  D:0008H         SYMBOL        index
  D:0009H         SYMBOL        i
  -------         ENDDO         
  C:0BF8H         LINE#         251
  C:0BF8H         LINE#         252
  C:0BF8H         LINE#         253
  C:0BFDH         LINE#         256
  C:0C09H         LINE#         257
  C:0C11H         LINE#         258
  C:0C15H         LINE#         259
  C:0C1DH         LINE#         261
  C:0C20H         LINE#         263
  C:0C31H         LINE#         264
  C:0C31H         LINE#         265
  C:0C42H         LINE#         266
  C:0C78H         LINE#         267
  C:0C9CH         LINE#         268
  C:0C9CH         LINE#         269
  C:0C9CH         LINE#         270
  C:0C9CH         LINE#         271
  C:0CBBH         LINE#         272
  C:0CBBH         LINE#         273
  C:0CBBH         LINE#         274
  C:0CBBH         LINE#         275
  C:0CD3H         LINE#         276
  C:0CD3H         LINE#         277
  C:0CF2H         LINE#         278
  C:0D00H         LINE#         279
  C:0D02H         LINE#         281
  C:0D02H         LINE#         282
  C:0D21H         LINE#         283
  C:0D43H         LINE#         284
  C:0D43H         LINE#         287
  C:0D43H         LINE#         288
  C:0D43H         LINE#         289
  C:0D43H         LINE#         290
BL51 BANKED LINKER/LOCATER V6.22                                                      06/24/2014  13:55:33  PAGE 21


  C:0D46H         LINE#         292
  C:0D46H         LINE#         293
  C:0D46H         LINE#         294
  C:0D5EH         LINE#         295
  C:0D5EH         LINE#         296
  C:0D7DH         LINE#         297
  C:0D9FH         LINE#         298
  C:0DADH         LINE#         299
  C:0DAFH         LINE#         301
  C:0DAFH         LINE#         302
  C:0DCEH         LINE#         303
  C:0DF0H         LINE#         304
  C:0E12H         LINE#         305
  C:0E12H         LINE#         307
  C:0E34H         LINE#         308
  C:0E42H         LINE#         309
  C:0E42H         LINE#         310
  C:0E45H         LINE#         311
  C:0E45H         LINE#         312
  C:0E45H         LINE#         313
  C:0E45H         LINE#         315
  C:0E45H         LINE#         316
  C:0E45H         LINE#         317
  C:0E5BH         LINE#         318
  C:0E5BH         LINE#         319
  C:0E5BH         LINE#         320
  C:0E5BH         LINE#         321
  C:0E7DH         LINE#         322
  C:0E9FH         LINE#         323
  C:0EC1H         LINE#         324
  C:0EE3H         LINE#         325
  C:0EF1H         LINE#         326
  C:0EF1H         LINE#         327
  C:0EF4H         LINE#         328
  C:0EF4H         LINE#         329
  C:0EF4H         LINE#         330
  C:0EF4H         LINE#         332
  C:0EF4H         LINE#         333
  C:0EF4H         LINE#         334
  C:0F0EH         LINE#         335
  C:0F0EH         LINE#         337
  C:0F0EH         LINE#         338
  C:0F0EH         LINE#         339
  C:0F30H         LINE#         340
  C:0F52H         LINE#         341
  C:0F60H         LINE#         342
  C:0F60H         LINE#         343
  C:0F62H         LINE#         345
  C:0F62H         LINE#         346
  C:0F62H         LINE#         347
  C:0F84H         LINE#         348
  C:0FA6H         LINE#         349
  C:0FC8H         LINE#         350
  C:0FC8H         LINE#         351
  C:0FC8H         LINE#         352
  C:0FC8H         LINE#         353
  C:0FC8H         LINE#         354
BL51 BANKED LINKER/LOCATER V6.22                                                      06/24/2014  13:55:33  PAGE 22


  C:0FC8H         LINE#         355
  C:0FC8H         LINE#         356
  C:0FCDH         LINE#         358
  C:0FD5H         LINE#         359
  C:0FEDH         LINE#         360
  C:0FF1H         LINE#         361
  -------         ENDPROC       CHANNEL_ALL_GET_DATA
  -------         PROC          CHANNEL_SET_CALIBRATE
  -------         DO            
  X:0727H         SYMBOL        K
  X:072BH         SYMBOL        C
  -------         ENDDO         
  C:3F78H         LINE#         364
  C:3F78H         LINE#         365
  C:3F78H         LINE#         369
  C:3F82H         LINE#         370
  C:3F8CH         LINE#         371
  C:3F96H         LINE#         372
  C:3FA0H         LINE#         374
  C:3FB4H         LINE#         376
  C:3FBEH         LINE#         377
  C:3FC8H         LINE#         378
  C:3FD2H         LINE#         379
  C:3FDCH         LINE#         381
  C:3FF0H         LINE#         383
  C:4006H         LINE#         384
  C:4006H         LINE#         385
  C:4006H         LINE#         386
  C:4006H         LINE#         387
  C:403CH         LINE#         388
  C:403CH         LINE#         389
  C:403EH         LINE#         391
  C:403EH         LINE#         392
  C:403EH         LINE#         393
  C:4048H         LINE#         394
  C:4048H         LINE#         395
  C:404AH         LINE#         397
  C:404AH         LINE#         398
  C:404AH         LINE#         399
  C:4054H         LINE#         400
  C:4054H         LINE#         401
  C:4056H         LINE#         403
  C:4056H         LINE#         404
  C:4056H         LINE#         405
  C:4057H         LINE#         406
  C:4057H         LINE#         407
  C:4057H         LINE#         408
  C:4057H         LINE#         411
  C:405CH         LINE#         412
  -------         ENDPROC       CHANNEL_SET_CALIBRATE
  -------         PROC          CHANNEL_GET_CALIBRATE_VALUE
  -------         DO            
  D:000BH         SYMBOL        channel
  -------         ENDDO         
  C:3C82H         LINE#         414
  C:3C82H         LINE#         415
  C:3C82H         LINE#         416
BL51 BANKED LINKER/LOCATER V6.22                                                      06/24/2014  13:55:33  PAGE 23


  C:3C85H         LINE#         419
  C:3C96H         LINE#         420
  C:3CA0H         LINE#         421
  C:3CA6H         LINE#         422
  C:3CACH         LINE#         425
  C:3CB3H         LINE#         427
  C:3CBEH         LINE#         428
  C:3CBEH         LINE#         429
  C:3CC4H         LINE#         430
  C:3CC4H         LINE#         432
  C:3CCAH         LINE#         434
  C:3CE2H         LINE#         436
  C:3D04H         LINE#         438
  C:3D0EH         LINE#         439
  C:3D18H         LINE#         440
  C:3D22H         LINE#         441
  C:3D2CH         LINE#         443
  C:3D4EH         LINE#         445
  C:3D58H         LINE#         446
  C:3D62H         LINE#         447
  C:3D6CH         LINE#         448
  C:3D76H         LINE#         450
  C:3D84H         LINE#         451
  C:3D86H         LINE#         452
  -------         ENDPROC       CHANNEL_GET_CALIBRATE_VALUE
  -------         PROC          CHANNEL_SET_ADDRESS_DESC
  -------         DO            
  X:075BH         SYMBOL        desc_len
  -------         ENDDO         
  C:4B1EH         LINE#         454
  C:4B1EH         LINE#         455
  C:4B1EH         LINE#         456
  C:4B23H         LINE#         457
  C:4B31H         LINE#         459
  C:4B39H         LINE#         460
  C:4B39H         LINE#         461
  C:4B85H         LINE#         462
  C:4B8BH         LINE#         463
  C:4B8DH         LINE#         465
  C:4B8DH         LINE#         466
  C:4B93H         LINE#         467
  C:4B93H         LINE#         468
  C:4B95H         LINE#         469
  -------         ENDPROC       CHANNEL_SET_ADDRESS_DESC
  -------         PROC          CHANNEL_SET_ALL_DEFAULT
  C:5311H         LINE#         471
  C:5311H         LINE#         472
  C:5311H         LINE#         473
  C:5314H         LINE#         474
  C:5317H         LINE#         475
  C:531CH         LINE#         476
  -------         ENDPROC       CHANNEL_SET_ALL_DEFAULT
  -------         PROC          _REQUEST_ERROR
  X:075CH         SYMBOL        error_code
  C:4EF3H         LINE#         478
  C:4EF8H         LINE#         479
  C:4EF8H         LINE#         480
BL51 BANKED LINKER/LOCATER V6.22                                                      06/24/2014  13:55:33  PAGE 24


  C:4F09H         LINE#         481
  C:4F13H         LINE#         482
  C:4F1DH         LINE#         483
  C:4F23H         LINE#         485
  C:4F2DH         LINE#         486
  C:4F37H         LINE#         487
  C:4F3DH         LINE#         488
  C:4F4BH         LINE#         489
  C:4F4DH         LINE#         490
  -------         ENDPROC       _REQUEST_ERROR
  -------         PROC          _OLD_CRC_CHECK
  X:073CH         SYMBOL        Spool_pr
  X:073EH         SYMBOL        Count_pr
  -------         DO            
  X:073FH         SYMBOL        crc
  X:0740H         SYMBOL        i
  -------         ENDDO         
  C:4B96H         LINE#         493
  C:4BA3H         LINE#         494
  C:4BA3H         LINE#         495
  C:4BA8H         LINE#         496
  C:4BADH         LINE#         498
  C:4BC1H         LINE#         499
  C:4BC1H         LINE#         500
  C:4BC3H         LINE#         501
  C:4BE6H         LINE#         502
  C:4BE9H         LINE#         503
  C:4BE9H         LINE#         504
  C:4BEFH         LINE#         505
  C:4BEFH         LINE#         506
  C:4BF7H         LINE#         507
  C:4C06H         LINE#         509
  C:4C0BH         LINE#         510
  -------         ENDPROC       _OLD_CRC_CHECK
  -------         PROC          OLD_CHANNEL_GET_DATA
  -------         DO            
  X:0751H         SYMBOL        channel
  X:0752H         SYMBOL        len
  -------         ENDDO         
  C:2425H         LINE#         512
  C:2425H         LINE#         513
  C:2425H         LINE#         514
  C:242AH         LINE#         515
  C:242FH         LINE#         516
  C:2444H         LINE#         517
  C:2452H         LINE#         518
  C:2452H         LINE#         519
  C:2463H         LINE#         520
  C:2468H         LINE#         521
  C:2472H         LINE#         522
  C:2478H         LINE#         524
  C:249FH         LINE#         525
  C:249FH         LINE#         526
  C:249FH         LINE#         527
  C:249FH         LINE#         528
  C:24C3H         LINE#         529
  C:24C3H         LINE#         530
BL51 BANKED LINKER/LOCATER V6.22                                                      06/24/2014  13:55:33  PAGE 25


  C:24C3H         LINE#         531
  C:24C3H         LINE#         532
  C:24DDH         LINE#         533
  C:24DDH         LINE#         534
  C:24F8H         LINE#         535
  C:2513H         LINE#         536
  C:2516H         LINE#         538
  C:2516H         LINE#         539
  C:2531H         LINE#         540
  C:254CH         LINE#         541
  C:254CH         LINE#         542
  C:254CH         LINE#         543
  C:254FH         LINE#         545
  C:254FH         LINE#         546
  C:254FH         LINE#         547
  C:256AH         LINE#         548
  C:256AH         LINE#         549
  C:2591H         LINE#         550
  C:25B8H         LINE#         551
  C:25BBH         LINE#         553
  C:25BBH         LINE#         554
  C:25D6H         LINE#         555
  C:25F1H         LINE#         556
  C:25F1H         LINE#         558
  C:25F1H         LINE#         559
  C:25F4H         LINE#         560
  C:25F4H         LINE#         561
  C:25F4H         LINE#         562
  C:25F7H         LINE#         564
  C:25F7H         LINE#         565
  C:25F7H         LINE#         566
  C:2618H         LINE#         567
  C:2618H         LINE#         568
  C:2618H         LINE#         569
  C:2618H         LINE#         570
  C:2633H         LINE#         571
  C:264EH         LINE#         574
  C:264EH         LINE#         575
  C:2651H         LINE#         576
  C:2651H         LINE#         577
  C:2651H         LINE#         578
  C:2654H         LINE#         580
  C:2654H         LINE#         581
  C:2654H         LINE#         582
  C:2678H         LINE#         583
  C:2678H         LINE#         585
  C:2678H         LINE#         586
  C:2678H         LINE#         587
  C:2693H         LINE#         588
  C:26AEH         LINE#         590
  C:26AEH         LINE#         591
  C:26B0H         LINE#         593
  C:26B0H         LINE#         594
  C:26B0H         LINE#         595
  C:26CBH         LINE#         596
  C:26E6H         LINE#         597
  C:26E6H         LINE#         598
BL51 BANKED LINKER/LOCATER V6.22                                                      06/24/2014  13:55:33  PAGE 26


  C:26E6H         LINE#         599
  C:26E6H         LINE#         600
  C:26E6H         LINE#         601
  C:26E6H         LINE#         602
  C:26E6H         LINE#         604
  C:26F6H         LINE#         606
  C:2713H         LINE#         607
  C:271CH         LINE#         608
  C:271CH         LINE#         609
  C:271EH         LINE#         610
  -------         ENDPROC       OLD_CHANNEL_GET_DATA
  -------         PROC          OLD_CHANNEL_GET_DATA_STATE
  -------         DO            
  X:0753H         SYMBOL        channel
  X:0754H         SYMBOL        len
  -------         ENDDO         
  C:0FF2H         LINE#         612
  C:0FF2H         LINE#         613
  C:0FF2H         LINE#         614
  C:0FF7H         LINE#         615
  C:0FFCH         LINE#         616
  C:1011H         LINE#         617
  C:101FH         LINE#         618
  C:101FH         LINE#         619
  C:1030H         LINE#         620
  C:1035H         LINE#         621
  C:103FH         LINE#         622
  C:1045H         LINE#         624
  C:106CH         LINE#         625
  C:106CH         LINE#         626
  C:106CH         LINE#         627
  C:106CH         LINE#         628
  C:1090H         LINE#         629
  C:1090H         LINE#         630
  C:1090H         LINE#         631
  C:1090H         LINE#         632
  C:10AAH         LINE#         633
  C:10AAH         LINE#         634
  C:10C5H         LINE#         635
  C:10E0H         LINE#         636
  C:10E3H         LINE#         638
  C:10E3H         LINE#         639
  C:10FEH         LINE#         640
  C:1119H         LINE#         641
  C:1119H         LINE#         642
  C:1119H         LINE#         643
  C:111CH         LINE#         645
  C:111CH         LINE#         646
  C:111CH         LINE#         647
  C:1137H         LINE#         648
  C:1137H         LINE#         649
  C:115EH         LINE#         650
  C:1185H         LINE#         651
  C:1187H         LINE#         653
  C:1187H         LINE#         654
  C:11A2H         LINE#         655
  C:11BDH         LINE#         656
BL51 BANKED LINKER/LOCATER V6.22                                                      06/24/2014  13:55:33  PAGE 27


  C:11BDH         LINE#         658
  C:11BDH         LINE#         659
  C:11BDH         LINE#         660
  C:11BDH         LINE#         662
  C:11EBH         LINE#         663
  C:11EBH         LINE#         664
  C:11EBH         LINE#         665
  C:11EBH         LINE#         666
  C:11F0H         LINE#         667
  C:11F0H         LINE#         668
  C:11F2H         LINE#         670
  C:11F2H         LINE#         671
  C:11F2H         LINE#         672
  C:11F8H         LINE#         673
  C:11F8H         LINE#         674
  C:11FAH         LINE#         676
  C:11FAH         LINE#         677
  C:11FAH         LINE#         678
  C:1200H         LINE#         679
  C:1200H         LINE#         680
  C:1202H         LINE#         682
  C:1202H         LINE#         683
  C:1202H         LINE#         684
  C:1208H         LINE#         685
  C:1208H         LINE#         686
  C:120AH         LINE#         688
  C:120AH         LINE#         689
  C:120AH         LINE#         690
  C:120FH         LINE#         691
  C:120FH         LINE#         692
  C:120FH         LINE#         693
  C:120FH         LINE#         695
  C:1215H         LINE#         697
  C:1215H         LINE#         698
  C:1218H         LINE#         700
  C:1218H         LINE#         701
  C:1218H         LINE#         702
  C:1239H         LINE#         703
  C:1239H         LINE#         704
  C:1239H         LINE#         705
  C:1239H         LINE#         706
  C:1254H         LINE#         707
  C:126FH         LINE#         713
  C:129DH         LINE#         714
  C:129DH         LINE#         715
  C:129DH         LINE#         716
  C:129DH         LINE#         717
  C:12A3H         LINE#         718
  C:12A3H         LINE#         719
  C:12A5H         LINE#         721
  C:12A5H         LINE#         722
  C:12A5H         LINE#         723
  C:12ABH         LINE#         724
  C:12ABH         LINE#         725
  C:12ADH         LINE#         727
  C:12ADH         LINE#         728
  C:12ADH         LINE#         729
BL51 BANKED LINKER/LOCATER V6.22                                                      06/24/2014  13:55:33  PAGE 28


  C:12B3H         LINE#         730
  C:12B3H         LINE#         731
  C:12B5H         LINE#         733
  C:12B5H         LINE#         734
  C:12B5H         LINE#         735
  C:12BBH         LINE#         736
  C:12BBH         LINE#         737
  C:12BDH         LINE#         739
  C:12BDH         LINE#         740
  C:12BDH         LINE#         741
  C:12C3H         LINE#         742
  C:12C3H         LINE#         743
  C:12C3H         LINE#         744
  C:12C3H         LINE#         745
  C:12C8H         LINE#         746
  C:12C8H         LINE#         747
  C:12CBH         LINE#         748
  C:12CBH         LINE#         749
  C:12CBH         LINE#         750
  C:12CEH         LINE#         752
  C:12CEH         LINE#         753
  C:12CEH         LINE#         754
  C:12F2H         LINE#         755
  C:12F2H         LINE#         757
  C:12F2H         LINE#         758
  C:12F2H         LINE#         759
  C:130DH         LINE#         760
  C:1328H         LINE#         762
  C:1328H         LINE#         763
  C:132AH         LINE#         765
  C:132AH         LINE#         766
  C:132AH         LINE#         767
  C:1345H         LINE#         768
  C:1360H         LINE#         769
  C:1360H         LINE#         770
  C:1360H         LINE#         771
  C:1360H         LINE#         773
  C:1366H         LINE#         774
  C:136BH         LINE#         775
  C:136BH         LINE#         776
  C:136BH         LINE#         777
  C:136BH         LINE#         779
  C:1371H         LINE#         781
  C:1381H         LINE#         783
  C:139EH         LINE#         784
  C:13A7H         LINE#         785
  C:13A7H         LINE#         786
  C:13A9H         LINE#         788
  -------         ENDPROC       OLD_CHANNEL_GET_DATA_STATE
  -------         PROC          OLD_CHANNEL_GET_STATE
  -------         DO            
  X:0755H         SYMBOL        channel
  X:0756H         SYMBOL        len
  -------         ENDDO         
  C:2FEAH         LINE#         790
  C:2FEAH         LINE#         791
  C:2FEAH         LINE#         792
BL51 BANKED LINKER/LOCATER V6.22                                                      06/24/2014  13:55:33  PAGE 29


  C:2FEFH         LINE#         793
  C:2FF4H         LINE#         794
  C:3009H         LINE#         795
  C:3017H         LINE#         796
  C:3017H         LINE#         798
  C:3028H         LINE#         799
  C:302DH         LINE#         800
  C:3037H         LINE#         801
  C:303DH         LINE#         803
  C:3064H         LINE#         804
  C:3064H         LINE#         805
  C:3064H         LINE#         806
  C:3064H         LINE#         807
  C:3092H         LINE#         808
  C:3092H         LINE#         809
  C:3092H         LINE#         810
  C:3092H         LINE#         811
  C:3097H         LINE#         812
  C:3097H         LINE#         813
  C:3099H         LINE#         815
  C:3099H         LINE#         816
  C:3099H         LINE#         817
  C:309FH         LINE#         818
  C:309FH         LINE#         819
  C:30A1H         LINE#         821
  C:30A1H         LINE#         822
  C:30A1H         LINE#         823
  C:30A7H         LINE#         824
  C:30A7H         LINE#         825
  C:30A9H         LINE#         827
  C:30A9H         LINE#         828
  C:30A9H         LINE#         829
  C:30AFH         LINE#         830
  C:30AFH         LINE#         831
  C:30B1H         LINE#         833
  C:30B1H         LINE#         834
  C:30B1H         LINE#         835
  C:30B6H         LINE#         836
  C:30B6H         LINE#         837
  C:30B6H         LINE#         838
  C:30B6H         LINE#         840
  C:30BCH         LINE#         841
  C:30BCH         LINE#         842
  C:30BEH         LINE#         844
  C:30BEH         LINE#         845
  C:30BEH         LINE#         847
  C:30ECH         LINE#         848
  C:30ECH         LINE#         849
  C:30ECH         LINE#         850
  C:30ECH         LINE#         851
  C:30F2H         LINE#         852
  C:30F2H         LINE#         853
  C:30F4H         LINE#         855
  C:30F4H         LINE#         856
  C:30F4H         LINE#         857
  C:30FAH         LINE#         858
  C:30FAH         LINE#         859
BL51 BANKED LINKER/LOCATER V6.22                                                      06/24/2014  13:55:33  PAGE 30


  C:30FCH         LINE#         861
  C:30FCH         LINE#         862
  C:30FCH         LINE#         863
  C:3102H         LINE#         864
  C:3102H         LINE#         865
  C:3104H         LINE#         867
  C:3104H         LINE#         868
  C:3104H         LINE#         869
  C:310AH         LINE#         870
  C:310AH         LINE#         871
  C:310CH         LINE#         873
  C:310CH         LINE#         874
  C:310CH         LINE#         875
  C:3112H         LINE#         876
  C:3112H         LINE#         877
  C:3112H         LINE#         879
  C:3112H         LINE#         880
  C:3117H         LINE#         881
  C:3117H         LINE#         882
  C:3119H         LINE#         884
  C:3119H         LINE#         885
  C:3119H         LINE#         887
  C:311FH         LINE#         888
  C:3124H         LINE#         889
  C:3124H         LINE#         890
  C:3124H         LINE#         891
  C:3124H         LINE#         893
  C:3134H         LINE#         895
  C:3151H         LINE#         896
  C:315AH         LINE#         897
  C:315AH         LINE#         898
  C:315CH         LINE#         899
  -------         ENDPROC       OLD_CHANNEL_GET_STATE
  -------         PROC          OLD_REINIT_BLOCK
  C:5331H         LINE#         901
  C:5331H         LINE#         902
  C:5331H         LINE#         903
  C:5333H         LINE#         904
  -------         ENDPROC       OLD_REINIT_BLOCK
  -------         PROC          OLD_CHANNEL_SET_ADC_RANGE
  -------         DO            
  X:075DH         SYMBOL        channel
  -------         ENDDO         
  C:315DH         LINE#         906
  C:315DH         LINE#         907
  C:315DH         LINE#         908
  C:3162H         LINE#         909
  C:3177H         LINE#         910
  C:3185H         LINE#         911
  C:3185H         LINE#         912
  C:31A6H         LINE#         913
  C:31A6H         LINE#         914
  C:31A6H         LINE#         915
  C:31A6H         LINE#         916
  C:31C2H         LINE#         917
  C:31DEH         LINE#         918
  C:31DEH         LINE#         919
BL51 BANKED LINKER/LOCATER V6.22                                                      06/24/2014  13:55:33  PAGE 31


  C:31E1H         LINE#         921
  C:31E1H         LINE#         922
  C:31E1H         LINE#         923
  C:31FDH         LINE#         924
  C:3219H         LINE#         925
  C:3219H         LINE#         926
  C:321CH         LINE#         928
  C:321CH         LINE#         929
  C:321CH         LINE#         930
  C:3238H         LINE#         931
  C:3254H         LINE#         932
  C:3254H         LINE#         933
  C:3256H         LINE#         935
  C:3256H         LINE#         936
  C:3256H         LINE#         937
  C:3272H         LINE#         938
  C:328EH         LINE#         939
  C:328EH         LINE#         940
  C:3290H         LINE#         942
  C:3290H         LINE#         943
  C:3290H         LINE#         944
  C:32ACH         LINE#         945
  C:32C8H         LINE#         946
  C:32C8H         LINE#         947
  C:32C8H         LINE#         948
  C:32C8H         LINE#         949
  C:32C8H         LINE#         950
  C:32CAH         LINE#         951
  -------         ENDPROC       OLD_CHANNEL_SET_ADC_RANGE
  -------         PROC          _PROTO_PASTE_NULL
  X:0736H         SYMBOL        buf
  X:0739H         SYMBOL        len
  -------         DO            
  X:073AH         SYMBOL        i
  X:073BH         SYMBOL        j
  -------         ENDDO         
  C:3955H         LINE#         953
  C:3965H         LINE#         954
  C:3965H         LINE#         955
  C:396FH         LINE#         957
  C:3987H         LINE#         958
  C:3987H         LINE#         959
  C:39A8H         LINE#         960
  C:39A8H         LINE#         961
  C:39C4H         LINE#         962
  C:39C4H         LINE#         963
  C:3A01H         LINE#         964
  C:3A09H         LINE#         965
  C:3A2BH         LINE#         967
  C:3A34H         LINE#         968
  C:3A34H         LINE#         969
  C:3A4AH         LINE#         970
  C:3A4AH         LINE#         972
  C:3A50H         LINE#         973
  C:3A56H         LINE#         974
  C:3A56H         LINE#         975
  C:3A5FH         LINE#         976
BL51 BANKED LINKER/LOCATER V6.22                                                      06/24/2014  13:55:33  PAGE 32


  C:3A64H         LINE#         977
  -------         ENDPROC       _PROTO_PASTE_NULL
  -------         PROC          PROTOBUFHANDLING
  C:32CBH         LINE#         979
  C:32CBH         LINE#         980
  C:32CBH         LINE#         981
  C:32E1H         LINE#         982
  C:32E1H         LINE#         983
  C:32E1H         LINE#         984
  C:32E1H         LINE#         985
  C:32E7H         LINE#         986
  C:32EDH         LINE#         987
  C:3327H         LINE#         988
  C:3327H         LINE#         990
  C:3327H         LINE#         991
  C:3327H         LINE#         992
  C:332FH         LINE#         993
  C:332FH         LINE#         994
  C:3330H         LINE#         996
  C:3330H         LINE#         997
  C:3330H         LINE#         998
  C:3338H         LINE#         999
  C:3338H         LINE#         1000
  C:3339H         LINE#         1002
  C:3339H         LINE#         1003
  C:3339H         LINE#         1004
  C:3341H         LINE#         1005
  C:3341H         LINE#         1006
  C:3342H         LINE#         1008
  C:3342H         LINE#         1009
  C:3342H         LINE#         1010
  C:334AH         LINE#         1011
  C:334AH         LINE#         1012
  C:334BH         LINE#         1014
  C:334BH         LINE#         1015
  C:334BH         LINE#         1016
  C:3353H         LINE#         1017
  C:3353H         LINE#         1018
  C:3354H         LINE#         1020
  C:3354H         LINE#         1021
  C:3354H         LINE#         1022
  C:335CH         LINE#         1023
  C:335CH         LINE#         1024
  C:335DH         LINE#         1026
  C:335DH         LINE#         1027
  C:335DH         LINE#         1028
  C:3365H         LINE#         1029
  C:3365H         LINE#         1030
  C:3366H         LINE#         1032
  C:3366H         LINE#         1033
  C:3366H         LINE#         1034
  C:336EH         LINE#         1035
  C:336EH         LINE#         1036
  C:336FH         LINE#         1038
  C:336FH         LINE#         1039
  C:336FH         LINE#         1040
  C:3377H         LINE#         1041
BL51 BANKED LINKER/LOCATER V6.22                                                      06/24/2014  13:55:33  PAGE 33


  C:3377H         LINE#         1042
  C:3378H         LINE#         1044
  C:3378H         LINE#         1045
  C:3378H         LINE#         1046
  C:3380H         LINE#         1047
  C:3380H         LINE#         1048
  C:3381H         LINE#         1050
  C:3381H         LINE#         1051
  C:3381H         LINE#         1052
  C:3389H         LINE#         1053
  C:3389H         LINE#         1054
  C:338AH         LINE#         1056
  C:338AH         LINE#         1057
  C:338AH         LINE#         1058
  C:3392H         LINE#         1059
  C:3392H         LINE#         1060
  C:3393H         LINE#         1062
  C:3393H         LINE#         1063
  C:3393H         LINE#         1064
  C:339BH         LINE#         1065
  C:339BH         LINE#         1066
  C:339CH         LINE#         1068
  C:339CH         LINE#         1069
  C:339CH         LINE#         1070
  C:33A4H         LINE#         1071
  C:33A4H         LINE#         1072
  C:33A5H         LINE#         1074
  C:33A5H         LINE#         1075
  C:33A5H         LINE#         1076
  C:33ADH         LINE#         1077
  C:33ADH         LINE#         1078
  C:33AEH         LINE#         1080
  C:33AEH         LINE#         1081
  C:33AEH         LINE#         1082
  C:33B8H         LINE#         1083
  C:33B8H         LINE#         1084
  C:33B8H         LINE#         1085
  C:33B8H         LINE#         1086
  C:33B9H         LINE#         1088
  C:33B9H         LINE#         1089
  C:33B9H         LINE#         1090
  C:33DFH         LINE#         1091
  C:33DFH         LINE#         1093
  C:33DFH         LINE#         1094
  C:33DFH         LINE#         1095
  C:33E7H         LINE#         1096
  C:33E7H         LINE#         1097
  C:33E8H         LINE#         1099
  C:33E8H         LINE#         1100
  C:33E8H         LINE#         1101
  C:33F0H         LINE#         1102
  C:33F0H         LINE#         1103
  C:33F1H         LINE#         1105
  C:33F1H         LINE#         1106
  C:33F1H         LINE#         1107
  C:33F9H         LINE#         1108
  C:33F9H         LINE#         1109
BL51 BANKED LINKER/LOCATER V6.22                                                      06/24/2014  13:55:33  PAGE 34


  C:33FAH         LINE#         1111
[...]
  C:504CH         LINE#         100
  C:504CH         LINE#         101
  C:5051H         LINE#         102
  C:5059H         LINE#         104
  C:5068H         LINE#         105
  C:5068H         LINE#         106
  C:506DH         LINE#         107
  C:5075H         LINE#         109
  C:5082H         LINE#         110
  C:5098H         LINE#         111
  -------         ENDPROC       CALIBRATE_SET_DEFAULT
  -------         ENDMOD        CALIBRATE

  -------         MODULE        ULONGSORT
  C:0000H         SYMBOL        _ICE_DUMMY_
  D:0088H         PUBLIC        TCON
  D:0098H         PUBLIC        SCON
  D:00A0H         PUBLIC        P2
  D:00A8H         PUBLIC        IE
  D:00B0H         PUBLIC        P3
  D:00B8H         PUBLIC        IP
  D:00C0H         PUBLIC        WDCON
  D:00C8H         PUBLIC        T2CON
  D:00D0H         PUBLIC        PSW
  D:00D8H         PUBLIC        ADCSTAT
  D:00E8H         PUBLIC        I2CCON
  D:00E8H         PUBLIC        DCON
  D:00F8H         PUBLIC        SPICON
  C:1DDCH         PUBLIC        _ulongsort_process
  X:06AEH         PUBLIC        mas_copy
  X:06CEH         PUBLIC        mid_cycle_counter
  X:06CFH         PUBLIC        temp
  -------         PROC          _ULONGSORT_PROCESS
  X:06D3H         SYMBOL        pt
  -------         DO            
  X:06ABH         SYMBOL        counter
  X:06ACH         SYMBOL        i
  X:06ADH         SYMBOL        j
  -------         DO            
  X:06D6H         SYMBOL        PT_YIELD_FLAG
  -------         ENDDO         
  -------         ENDDO         
  C:1DDCH         LINE#         10
  C:1DE7H         LINE#         11
  C:1DE7H         LINE#         13
  C:1DECH         LINE#         15
  C:1E1FH         LINE#         17
  C:1E1FH         LINE#         18
  C:1E1FH         LINE#         19
BL51 BANKED LINKER/LOCATER V6.22                                                      06/24/2014  13:55:33  PAGE 57


  C:1E5DH         LINE#         22
  C:1E72H         LINE#         23
  C:1E72H         LINE#         24
  C:1E76H         LINE#         25
  C:1E93H         LINE#         26
  C:1E93H         LINE#         27
  C:1E9BH         LINE#         28
  C:1EA1H         LINE#         29
  C:1EC1H         LINE#         30
  C:1EC1H         LINE#         32
  C:1EC8H         LINE#         33
  C:1EC8H         LINE#         34
  C:1EDCH         LINE#         35
  C:1EDCH         LINE#         36
  C:1EDCH         LINE#         39
  C:1F0BH         LINE#         40
  C:1F2BH         LINE#         42
  C:1F31H         LINE#         43
  C:1F31H         LINE#         44
  C:1F44H         LINE#         45
  C:1F44H         LINE#         46
  C:1F7FH         LINE#         47
  C:1F7FH         LINE#         48
  C:1FA1H         LINE#         49
  C:1FD1H         LINE#         50
  C:1FF3H         LINE#         51
  C:1FF3H         LINE#         52
  C:2013H         LINE#         53
  C:201CH         LINE#         54
  C:2028H         LINE#         56
  C:2068H         LINE#         58
  C:207DH         LINE#         59
  C:207DH         LINE#         60
  C:20BDH         LINE#         61
  C:20BDH         LINE#         63
  C:20D1H         LINE#         64
  C:20DFH         LINE#         65
  C:20F3H         LINE#         67
  C:20F3H         LINE#         68
  C:210BH         LINE#         69
  -------         ENDPROC       _ULONGSORT_PROCESS
  -------         ENDMOD        ULONGSORT

  -------         MODULE        TIMER1
  C:0000H         SYMBOL        _ICE_DUMMY_
  D:0088H         PUBLIC        TCON
  D:0089H         PUBLIC        TMOD
  D:008BH         PUBLIC        TL1
  D:008DH         PUBLIC        TH1
  D:0098H         PUBLIC        SCON
  D:00A0H         PUBLIC        P2
  D:00A8H         PUBLIC        IE
  D:00B0H         PUBLIC        P3
  D:00B8H         PUBLIC        IP
  D:00C0H         PUBLIC        WDCON
  D:00C8H         PUBLIC        T2CON
  D:00D0H         PUBLIC        PSW
BL51 BANKED LINKER/LOCATER V6.22                                                      06/24/2014  13:55:33  PAGE 58


  D:00D8H         PUBLIC        ADCSTAT
  D:00E8H         PUBLIC        I2CCON
  D:00E8H         PUBLIC        DCON
  D:00F8H         PUBLIC        SPICON
  B:0088H.6       PUBLIC        TR1
  B:00A8H.3       PUBLIC        ET1
  C:5300H         PUBLIC        Timer1_Initialize
  -------         PROC          TIMER1_INITIALIZE
  C:5300H         LINE#         4
  C:5300H         LINE#         5
  C:5300H         LINE#         6
  C:5303H         LINE#         7
  C:5306H         LINE#         9
  C:5309H         LINE#         10
  C:530CH         LINE#         13
  C:530EH         LINE#         14
  C:5310H         LINE#         16
  -------         ENDPROC       TIMER1_INITIALIZE
  -------         ENDMOD        TIMER1

  -------         MODULE        CRC_TABLE
  C:0000H         SYMBOL        _ICE_DUMMY_
  C:3D87H         PUBLIC        Crc8Table
  C:522FH         PUBLIC        _CRC_Check
  -------         PROC          _CRC_CHECK
  D:0006H         SYMBOL        Spool_pr
  D:0005H         SYMBOL        Count_pr
  -------         DO            
  D:0004H         SYMBOL        crc
  -------         ENDDO         
  C:522FH         LINE#         36
  C:522FH         LINE#         37
  C:522FH         LINE#         38
  C:5231H         LINE#         40
  C:5238H         LINE#         41
  C:524EH         LINE#         43
  C:5251H         LINE#         44
  -------         ENDPROC       _CRC_CHECK
  -------         ENDMOD        CRC_TABLE

  -------         MODULE        MODBUS_ASCII
  C:0000H         SYMBOL        _ICE_DUMMY_
  D:0088H         PUBLIC        TCON
  D:0098H         PUBLIC        SCON
  D:00A0H         PUBLIC        P2
  D:00A8H         PUBLIC        IE
  D:00B0H         PUBLIC        P3
  D:00B8H         PUBLIC        IP
  D:00C0H         PUBLIC        WDCON
  D:00C8H         PUBLIC        T2CON
  D:00D0H         PUBLIC        PSW
  D:00D8H         PUBLIC        ADCSTAT
  D:00E8H         PUBLIC        I2CCON
  D:00E8H         PUBLIC        DCON
  D:00F8H         PUBLIC        SPICON
  C:1A97H         PUBLIC        ReadHoldingReg
  C:51E1H         PUBLIC        _MBCHAR2BIN
BL51 BANKED LINKER/LOCATER V6.22                                                      06/24/2014  13:55:33  PAGE 59


  C:520AH         PUBLIC        _MBBIN2CHAR
  C:4AA5H         PUBLIC        _LRC_Check
  C:5270H         PUBLIC        _Sym_2_To_Char
  C:5099H         PUBLIC        _Sym_4_To_Int
  C:4FFEH         PUBLIC        _Int_To_Sym_4
  C:5252H         PUBLIC        _Char_To_Sym_2
  C:4A1CH         PUBLIC        _Sym_8_To_Long
  C:4D57H         PUBLIC        _Long_To_Sym_8
  -------         PROC          _LRC_CHECK
  X:06D3H         SYMBOL        pucFrame
  X:06D6H         SYMBOL        usLen
  -------         DO            
  X:06D8H         SYMBOL        ucLRC
  -------         ENDDO         
  C:4AA5H         LINE#         12
  C:4AB6H         LINE#         13
  C:4AB6H         LINE#         14
  C:4AB9H         LINE#         16
  C:4AC3H         LINE#         17
  C:4AC3H         LINE#         18
  C:4B03H         LINE#         19
  C:4B05H         LINE#         20
  C:4B13H         LINE#         21
  C:4B15H         LINE#         23
  C:4B1DH         LINE#         25
  C:4B1DH         LINE#         26
  -------         ENDPROC       _LRC_CHECK
  -------         PROC          _MBCHAR2BIN
  D:0006H         SYMBOL        ucCharacter
  C:51E1H         LINE#         28
  C:51E4H         LINE#         29
  C:51E4H         LINE#         30
  C:51F0H         LINE#         31
  C:51F0H         LINE#         32
  C:51F6H         LINE#         33
  C:51F6H         LINE#         34
  C:5202H         LINE#         35
  C:5202H         LINE#         36
  C:5207H         LINE#         37
  C:5207H         LINE#         39
  C:5207H         LINE#         40
  C:5209H         LINE#         41
  C:5209H         LINE#         42
  -------         ENDPROC       _MBCHAR2BIN
  -------         PROC          _MBBIN2CHAR
  D:0006H         SYMBOL        ucByte
  C:520AH         LINE#         44
  C:520DH         LINE#         45
  C:520DH         LINE#         46
  C:5213H         LINE#         47
  C:5213H         LINE#         48
  C:5218H         LINE#         49
  C:5218H         LINE#         50
  C:5224H         LINE#         51
  C:5224H         LINE#         52
  C:5229H         LINE#         53
  C:5229H         LINE#         55
BL51 BANKED LINKER/LOCATER V6.22                                                      06/24/2014  13:55:33  PAGE 60


  C:5229H         LINE#         56
  C:522CH         LINE#         57
  C:522CH         LINE#         58
  C:522EH         LINE#         59
  -------         ENDPROC       _MBBIN2CHAR
  -------         PROC          _SYM_4_TO_INT
  D:0001H         SYMBOL        pucFrame
  -------         DO            
  X:06D3H         SYMBOL        sym_4_to_int
  -------         ENDDO         
  C:5099H         LINE#         61
  C:5099H         LINE#         62
  C:5099H         LINE#         69
  C:50B6H         LINE#         70
  C:50D5H         LINE#         72
  C:50DDH         LINE#         73
  -------         ENDPROC       _SYM_4_TO_INT
  -------         PROC          _SYM_2_TO_CHAR
  D:0001H         SYMBOL        pucFrame
  -------         DO            
  D:0007H         SYMBOL        result_char
  -------         ENDDO         
  C:5270H         LINE#         75
  C:5270H         LINE#         76
  C:5270H         LINE#         79
  C:528AH         LINE#         80
  C:528AH         LINE#         81
  -------         ENDPROC       _SYM_2_TO_CHAR
  -------         PROC          _INT_TO_SYM_4
  D:0006H         SYMBOL        val
  D:0001H         SYMBOL        buf
  -------         DO            
  X:0759H         SYMBOL        int_to_sym_4
  -------         ENDDO         
  C:4FFEH         LINE#         83
  C:4FFEH         LINE#         84
  C:4FFEH         LINE#         92
  C:5006H         LINE#         94
  C:5017H         LINE#         95
  C:5027H         LINE#         96
  C:5038H         LINE#         97
  C:504BH         LINE#         100
  -------         ENDPROC       _INT_TO_SYM_4
  -------         PROC          _CHAR_TO_SYM_2
  D:0005H         SYMBOL        val
  D:0001H         SYMBOL        buf
  C:5252H         LINE#         102
  C:5255H         LINE#         103
  C:5255H         LINE#         104
  C:5261H         LINE#         105
  C:526FH         LINE#         106
  -------         ENDPROC       _CHAR_TO_SYM_2
  -------         PROC          _SYM_8_TO_LONG
  D:0001H         SYMBOL        pucFrame
  -------         DO            
  X:074DH         SYMBOL        sym_8_to_long
  -------         ENDDO         
BL51 BANKED LINKER/LOCATER V6.22                                                      06/24/2014  13:55:33  PAGE 61


  C:4A1CH         LINE#         108
  C:4A1CH         LINE#         109
  C:4A1CH         LINE#         117
  C:4A39H         LINE#         118
  C:4A58H         LINE#         119
  C:4A77H         LINE#         120
  C:4A96H         LINE#         122
  C:4AA4H         LINE#         123
  -------         ENDPROC       _SYM_8_TO_LONG
  -------         PROC          _LONG_TO_SYM_8
  X:06D3H         SYMBOL        val
  X:06D7H         SYMBOL        buf
  -------         DO            
  X:06DAH         SYMBOL        i
  -------         ENDDO         
  C:4D57H         LINE#         125
  C:4D68H         LINE#         126
  C:4D68H         LINE#         129
  C:4D6BH         LINE#         130
  C:4D6BH         LINE#         131
  C:4D9CH         LINE#         132
  C:4DB5H         LINE#         133
  C:4DC1H         LINE#         134
  -------         ENDPROC       _LONG_TO_SYM_8
  -------         PROC          READHOLDINGREG
  -------         DO            
  X:072FH         SYMBOL        i
  X:0730H         SYMBOL        count
  X:0731H         SYMBOL        LRC
  X:0732H         SYMBOL        addr
  X:0734H         SYMBOL        len
  -------         ENDDO         
  C:1A97H         LINE#         165
  C:1A97H         LINE#         166
  C:1A97H         LINE#         175
  C:1A9CH         LINE#         177
  C:1AADH         LINE#         178
  C:1ABCH         LINE#         180
  C:1AEAH         LINE#         181
  C:1AEAH         LINE#         182
  C:1AF0H         LINE#         183
  C:1AF6H         LINE#         185
  C:1B02H         LINE#         186
  C:1B09H         LINE#         188
  C:1B12H         LINE#         189
  C:1B19H         LINE#         192
  C:1B1DH         LINE#         195
  C:1B55H         LINE#         196
  C:1B55H         LINE#         197
  C:1B78H         LINE#         198
  C:1B78H         LINE#         199
  C:1B78H         LINE#         200
  C:1B78H         LINE#         201
  C:1B9AH         LINE#         202
  C:1B9AH         LINE#         203
  C:1B9AH         LINE#         204
  C:1B9AH         LINE#         205
BL51 BANKED LINKER/LOCATER V6.22                                                      06/24/2014  13:55:33  PAGE 62


  C:1BADH         LINE#         206
  C:1BADH         LINE#         207
  C:1BE1H         LINE#         208
  C:1BE4H         LINE#         210
  C:1BE4H         LINE#         211
  C:1C18H         LINE#         212
  C:1C18H         LINE#         213
  C:1C18H         LINE#         214
  C:1C1BH         LINE#         216
  C:1C1BH         LINE#         217
  C:1C1BH         LINE#         218
  C:1C32H         LINE#         219
  C:1C32H         LINE#         220
  C:1C5EH         LINE#         221
  C:1C61H         LINE#         223
  C:1C61H         LINE#         224
  C:1C90H         LINE#         225
  C:1C90H         LINE#         227
  C:1C90H         LINE#         228
  C:1C93H         LINE#         229
  C:1C93H         LINE#         230
  C:1C93H         LINE#         231
  C:1C96H         LINE#         233
  C:1C96H         LINE#         234
  C:1C96H         LINE#         235
  C:1CAFH         LINE#         236
  C:1CAFH         LINE#         237
  C:1CAFH         LINE#         238
  C:1CAFH         LINE#         239
  C:1CDBH         LINE#         240
  C:1CDBH         LINE#         241
  C:1CDDH         LINE#         242
  C:1CDDH         LINE#         243
  C:1CDDH         LINE#         244
  C:1CDFH         LINE#         246
  C:1CDFH         LINE#         247
  C:1CDFH         LINE#         248
  C:1CF9H         LINE#         249
  C:1CF9H         LINE#         251
  C:1CF9H         LINE#         252
  C:1CF9H         LINE#         253
  C:1D25H         LINE#         254
  C:1D25H         LINE#         255
  C:1D27H         LINE#         257
  C:1D27H         LINE#         258
  C:1D27H         LINE#         259
  C:1D56H         LINE#         260
  C:1D56H         LINE#         261
  C:1D56H         LINE#         262
  C:1D56H         LINE#         263
  C:1D56H         LINE#         264
  C:1D56H         LINE#         265
  C:1D56H         LINE#         266
  C:1D5DH         LINE#         267
  C:1D66H         LINE#         269
  C:1D79H         LINE#         271
  C:1D90H         LINE#         273
BL51 BANKED LINKER/LOCATER V6.22                                                      06/24/2014  13:55:33  PAGE 63


  C:1DA4H         LINE#         274
  C:1DABH         LINE#         276
  C:1DB8H         LINE#         277
  C:1DBEH         LINE#         278
  C:1DCBH         LINE#         279
  C:1DD1H         LINE#         280
  C:1DD3H         LINE#         282
  C:1DD3H         LINE#         283
  C:1DD6H         LINE#         284
  C:1DD6H         LINE#         286
  C:1DDBH         LINE#         287
  -------         ENDPROC       READHOLDINGREG
  -------         ENDMOD        MODBUS_ASCII

  -------         MODULE        ?C?FPADD
  C:003DH         PUBLIC        ?C?FPADD
  C:0039H         PUBLIC        ?C?FPSUB
  -------         ENDMOD        ?C?FPADD

  -------         MODULE        ?C?FPMUL
  C:012EH         PUBLIC        ?C?FPMUL
  -------         ENDMOD        ?C?FPMUL

  -------         MODULE        ?C?FPCMP
  C:0236H         PUBLIC        ?C?FPCMP
  C:0234H         PUBLIC        ?C?FPCMP3
  -------         ENDMOD        ?C?FPCMP

  -------         MODULE        ?C?FCAST
  C:02ABH         PUBLIC        ?C?FCASTC
  C:02A6H         PUBLIC        ?C?FCASTI
  C:02A1H         PUBLIC        ?C?FCASTL
  -------         ENDMOD        ?C?FCAST

  -------         MODULE        ?C?CASTF
  C:02DFH         PUBLIC        ?C?CASTF
  -------         ENDMOD        ?C?CASTF

  -------         MODULE        ?C?COPY
  C:0430H         PUBLIC        ?C?COPY
  -------         ENDMOD        ?C?COPY

  -------         MODULE        ?C?CLDPTR
  C:0456H         PUBLIC        ?C?CLDPTR
  -------         ENDMOD        ?C?CLDPTR

  -------         MODULE        ?C?CLDOPTR
  C:046FH         PUBLIC        ?C?CLDOPTR
  -------         ENDMOD        ?C?CLDOPTR

  -------         MODULE        ?C?CILDOPTR
  C:049CH         PUBLIC        ?C?CILDOPTR
  -------         ENDMOD        ?C?CILDOPTR

  -------         MODULE        ?C?CSTPTR
  C:04CFH         PUBLIC        ?C?CSTPTR
  -------         ENDMOD        ?C?CSTPTR
BL51 BANKED LINKER/LOCATER V6.22                                                      06/24/2014  13:55:33  PAGE 64



  -------         MODULE        ?C?CSTOPTR
  C:04E1H         PUBLIC        ?C?CSTOPTR
  -------         ENDMOD        ?C?CSTOPTR

  -------         MODULE        ?C?IILDX
  C:0503H         PUBLIC        ?C?IILDX
  -------         ENDMOD        ?C?IILDX

  -------         MODULE        ?C?ILDIX
  C:0519H         PUBLIC        ?C?ILDIX
  -------         ENDMOD        ?C?ILDIX

  -------         MODULE        ?C?ILDPTR
  C:052FH         PUBLIC        ?C?ILDPTR
  -------         ENDMOD        ?C?ILDPTR

  -------         MODULE        ?C?ILDOPTR
  C:055AH         PUBLIC        ?C?ILDOPTR
  -------         ENDMOD        ?C?ILDOPTR

  -------         MODULE        ?C?ISTPTR
  C:0592H         PUBLIC        ?C?ISTPTR
  -------         ENDMOD        ?C?ISTPTR

  -------         MODULE        ?C?ISTOPTR
  C:05B1H         PUBLIC        ?C?ISTOPTR
  -------         ENDMOD        ?C?ISTOPTR

  -------         MODULE        ?C?ULDIV
  C:061AH         PUBLIC        ?C?ULDIV
  -------         ENDMOD        ?C?ULDIV

  -------         MODULE        ?C?SLDIV
  C:50DEH         PUBLIC        ?C?SLDIV
  -------         ENDMOD        ?C?SLDIV

  -------         MODULE        ?C?LNEG
  C:06ACH         PUBLIC        ?C?LNEG
  -------         ENDMOD        ?C?LNEG

  -------         MODULE        ?C?ULCMP
  C:06BAH         PUBLIC        ?C?ULCMP
  -------         ENDMOD        ?C?ULCMP

  -------         MODULE        ?C?ULSHR
  C:06CBH         PUBLIC        ?C?ULSHR
  -------         ENDMOD        ?C?ULSHR

  -------         MODULE        ?C?LSHL
  C:06DEH         PUBLIC        ?C?LSHL
  -------         ENDMOD        ?C?LSHL

  -------         MODULE        ?C?LSTXDATA
  C:06F1H         PUBLIC        ?C?LSTXDATA
  -------         ENDMOD        ?C?LSTXDATA

BL51 BANKED LINKER/LOCATER V6.22                                                      06/24/2014  13:55:33  PAGE 65


  -------         MODULE        ?C?LSTKXDATA
  C:06FDH         PUBLIC        ?C?LSTKXDATA
  -------         ENDMOD        ?C?LSTKXDATA

  -------         MODULE        ?C?OFFXADD
  C:072EH         PUBLIC        ?C?OFFXADD
  -------         ENDMOD        ?C?OFFXADD

  -------         MODULE        ?C?CCASE
  C:073AH         PUBLIC        ?C?CCASE
  -------         ENDMOD        ?C?CCASE

  -------         MODULE        ?C?ICASE
  C:0760H         PUBLIC        ?C?ICASE
  -------         ENDMOD        ?C?ICASE

*** WARNING L16: UNCALLED SEGMENT, IGNORED FOR OVERLAY PROCESS
    SEGMENT: ?PR?_INT_TO_SYM_4?MODBUS_ASCII

*** WARNING L16: UNCALLED SEGMENT, IGNORED FOR OVERLAY PROCESS
    SEGMENT: ?PR?_SYM_8_TO_LONG?MODBUS_ASCII

Program Size: data=19.0 xdata=1886 code=21288
LINK/LOCATE RUN COMPLETE.  2 WARNING(S),  0 ERROR(S)
