BL51 BANKED LINKER/LOCATER V6.22                                                        06/23/2014  16:07:07  PAGE 1


BL51 BANKED LINKER/LOCATER V6.22, INVOKED BY:
C:\PROGRAM FILES\KEIL\C51\BIN\BL51.EXE debug.obj, timer3.obj, adc.obj, eeprom.obj, watchdog.obj, proto_uso.obj, channels
>> .obj, START_AD.obj, frequency.obj, timer0.obj, timer2.obj, i2c.obj, calibrate.obj, ulongsort.obj, timer1.obj, crc_tab
>> le.obj, modbus_ascii.obj TO debug RAMSIZE (256) XDATA (0X0000-0X7FFE)


MEMORY MODEL: LARGE WITH FLOATING POINT ARITHMETIC


INPUT MODULES INCLUDED:
  debug.obj (DEBUG)
  timer3.obj (TIMER3)
  adc.obj (ADC)
  eeprom.obj (EEPROM)
  watchdog.obj (WATCHDOG)
  proto_uso.obj (PROTO_USO)
  channels.obj (CHANNELS)
  START_AD.obj (?C_STARTUP)
  frequency.obj (FREQUENCY)
  timer0.obj (TIMER0)
  timer2.obj (TIMER2)
  i2c.obj (I2C)
  calibrate.obj (CALIBRATE)
  ulongsort.obj (ULONGSORT)
  timer1.obj (TIMER1)
  crc_table.obj (CRC_TABLE)
  modbus_ascii.obj (MODBUS_ASCII)
  C:\PROGRAM FILES\KEIL\C51\LIB\C51FPL.LIB (?C?FPADD)
  C:\PROGRAM FILES\KEIL\C51\LIB\C51FPL.LIB (?C?FPMUL)
  C:\PROGRAM FILES\KEIL\C51\LIB\C51FPL.LIB (?C?FPCMP)
  C:\PROGRAM FILES\KEIL\C51\LIB\C51FPL.LIB (?C?FCAST)
  C:\PROGRAM FILES\KEIL\C51\LIB\C51FPL.LIB (?C?CASTF)
  C:\PROGRAM FILES\KEIL\C51\LIB\C51FPL.LIB (?C?FPGETOPN)
  C:\PROGRAM FILES\KEIL\C51\LIB\C51L.LIB (?C_INIT)
  C:\PROGRAM FILES\KEIL\C51\LIB\C51L.LIB (?C?COPY)
  C:\PROGRAM FILES\KEIL\C51\LIB\C51L.LIB (?C?CLDPTR)
  C:\PROGRAM FILES\KEIL\C51\LIB\C51L.LIB (?C?CLDOPTR)
  C:\PROGRAM FILES\KEIL\C51\LIB\C51L.LIB (?C?CILDOPTR)
  C:\PROGRAM FILES\KEIL\C51\LIB\C51L.LIB (?C?CSTPTR)
  C:\PROGRAM FILES\KEIL\C51\LIB\C51L.LIB (?C?CSTOPTR)
  C:\PROGRAM FILES\KEIL\C51\LIB\C51L.LIB (?C?IILDX)
  C:\PROGRAM FILES\KEIL\C51\LIB\C51L.LIB (?C?ILDIX)
  C:\PROGRAM FILES\KEIL\C51\LIB\C51L.LIB (?C?ILDPTR)
  C:\PROGRAM FILES\KEIL\C51\LIB\C51L.LIB (?C?ILDOPTR)
  C:\PROGRAM FILES\KEIL\C51\LIB\C51L.LIB (?C?ISTPTR)
  C:\PROGRAM FILES\KEIL\C51\LIB\C51L.LIB (?C?ISTOPTR)
  C:\PROGRAM FILES\KEIL\C51\LIB\C51L.LIB (?C?ULDIV)
  C:\PROGRAM FILES\KEIL\C51\LIB\C51L.LIB (?C?SLDIV)
  C:\PROGRAM FILES\KEIL\C51\LIB\C51L.LIB (?C?LNEG)
  C:\PROGRAM FILES\KEIL\C51\LIB\C51L.LIB (?C?ULCMP)
  C:\PROGRAM FILES\KEIL\C51\LIB\C51L.LIB (?C?ULSHR)
  C:\PROGRAM FILES\KEIL\C51\LIB\C51L.LIB (?C?LSHL)
  C:\PROGRAM FILES\KEIL\C51\LIB\C51L.LIB (?C?LSTXDATA)
  C:\PROGRAM FILES\KEIL\C51\LIB\C51L.LIB (?C?LSTKXDATA)
  C:\PROGRAM FILES\KEIL\C51\LIB\C51L.LIB (?C?OFFXADD)
  C:\PROGRAM FILES\KEIL\C51\LIB\C51L.LIB (?C?CCASE)
  C:\PROGRAM FILES\KEIL\C51\LIB\C51L.LIB (?C?ICASE)

BL51 BANKED LINKER/LOCATER V6.22                                                      06/23/2014  16:07:07  PAGE 2



LINK MAP OF MODULE:  debug (DEBUG)


            TYPE    BASE      LENGTH    RELOCATION   SEGMENT NAME
            -----------------------------------------------------

            * * * * * * *   D A T A   M E M O R Y   * * * * * * *
            REG     0000H     0008H     ABSOLUTE     "REG BANK 0"
            DATA    0008H     0002H     UNIT         _DATA_GROUP_
            DATA    000AH     0001H     UNIT         ?DT?WATCHDOG
            DATA    000BH     0001H     UNIT         ?DT?PROTO_USO
            IDATA   000CH     0006H     UNIT         ?ID?I2C
            IDATA   0012H     0001H     UNIT         ?STACK

            * * * * * * *  X D A T A   M E M O R Y  * * * * * * *
            XDATA   0000H     037FH     UNIT         ?XD?PROTO_USO
            XDATA   037FH     015FH     UNIT         ?XD?CHANNELS
            XDATA   04DEH     0132H     UNIT         ?XD?ADC
            XDATA   0610H     006BH     UNIT         ?XD?FREQUENCY
            XDATA   067BH     0030H     UNIT         ?XD?I2C
            XDATA   06ABH     0028H     UNIT         ?XD?ULONGSORT
            XDATA   06D3H     001EH     UNIT         _XDATA_GROUP_
            XDATA   06F1H     0019H     UNIT         ?XD?WATCHDOG
            XDATA   070AH     0010H     UNIT         ?XD?DEBUG
            XDATA   071AH     000DH     UNIT         ?XD?_STORE_DEV_ADDRESS_DESC?PROTO_USO
            XDATA   0727H     0008H     UNIT         ?XD?CHANNEL_SET_CALIBRATE?PROTO_USO
            XDATA   072FH     0007H     UNIT         ?XD?MODBUS_ASCII
            XDATA   0736H     0006H     UNIT         ?XD?_PROTO_PASTE_NULL?PROTO_USO
            XDATA   073CH     0005H     UNIT         ?XD?_OLD_CRC_CHECK?PROTO_USO
            XDATA   0741H     0004H     UNIT         ?XD?_PROTOPROCESS?PROTO_USO
            XDATA   0745H     0004H     UNIT         ?XD?_RINGBUFHANDLING?PROTO_USO
            XDATA   0749H     0004H     UNIT         ?XD?_FREQUENCY_MEASURE_PROCESS?FREQUENCY
            XDATA   074DH     0004H     UNIT         ?XD?_SYM_8_TO_LONG?MODBUS_ASCII
            XDATA   0751H     0002H     UNIT         ?XD?OLD_CHANNEL_GET_DATA?PROTO_USO
            XDATA   0753H     0002H     UNIT         ?XD?OLD_CHANNEL_GET_DATA_STATE?PROTO_USO
            XDATA   0755H     0002H     UNIT         ?XD?OLD_CHANNEL_GET_STATE?PROTO_USO
            XDATA   0757H     0002H     UNIT         ?XD?RESTORE_DEV_ADDRESS_DESC?PROTO_USO
            XDATA   0759H     0002H     UNIT         ?XD?_INT_TO_SYM_4?MODBUS_ASCII
            XDATA   075BH     0001H     UNIT         ?XD?CHANNEL_SET_ADDRESS_DESC?PROTO_USO
            XDATA   075CH     0001H     UNIT         ?XD?_REQUEST_ERROR?PROTO_USO
            XDATA   075DH     0001H     UNIT         ?XD?OLD_CHANNEL_SET_ADC_RANGE?PROTO_USO

            * * * * * * *   C O D E   M E M O R Y   * * * * * * *
            CODE    0000H     0003H     ABSOLUTE     
            CODE    0003H     0003H     ABSOLUTE     
            CODE    0006H     0003H     UNIT         ?PR?NODE_FULL_INIT?PROTO_USO
                    0009H     0002H                  *** GAP ***
            CODE    000BH     0003H     ABSOLUTE     
            CODE    000EH     0003H     UNIT         ?PR?CHANNEL_LIST_INIT?PROTO_USO
                    0011H     0002H                  *** GAP ***
            CODE    0013H     0003H     ABSOLUTE     
            CODE    0016H     0003H     UNIT         ?PR?CHANNEL_GET_DATA?PROTO_USO
                    0019H     0002H                  *** GAP ***
            CODE    001BH     0003H     ABSOLUTE     
            CODE    001EH     0003H     UNIT         ?PR?CHANNEL_SET_ORDER_QUERY?PROTO_USO
                    0021H     0002H                  *** GAP ***
BL51 BANKED LINKER/LOCATER V6.22                                                      06/23/2014  16:07:07  PAGE 3


            CODE    0023H     0003H     ABSOLUTE     
            CODE    0026H     0003H     UNIT         ?PR?CHANNEL_GET_DATA_ORDER?PROTO_USO
                    0029H     0002H                  *** GAP ***
            CODE    002BH     0003H     ABSOLUTE     
            CODE    002EH     0003H     UNIT         ?PR?CHANNEL_SET_STATE?PROTO_USO
                    0031H     0002H                  *** GAP ***
            CODE    0033H     0003H     ABSOLUTE     
            CODE    0036H     0757H     UNIT         ?C?LIB_CODE
            CODE    078DH     03FAH     UNIT         ?PR?CHANNEL_ALL_GET_DATA?PROTO_USO
            CODE    0B87H     03BBH     UNIT         ?PR?_RINGBUFHANDLING?PROTO_USO
            CODE    0F42H     03B8H     UNIT         ?PR?OLD_CHANNEL_GET_DATA_STATE?PROTO_USO
            CODE    12FAH     038CH     UNIT         ?PR?_I2C_PROCESS?I2C
            CODE    1686H     0361H     UNIT         ?C_INITSEG
            CODE    19E7H     0355H     UNIT         ?PR?_PROTOPROCESS?PROTO_USO
            CODE    1D3CH     0330H     UNIT         ?PR?_ULONGSORT_PROCESS?ULONGSORT
            CODE    206CH     02FAH     UNIT         ?PR?OLD_CHANNEL_GET_DATA?PROTO_USO
            CODE    2366H     02D2H     UNIT         ?PR?TIMER2_ISR?FREQUENCY
            CODE    2638H     0288H     UNIT         ?PR?_FREQUENCY_MEASURE_PROCESS?FREQUENCY
            CODE    28C0H     01E8H     UNIT         ?PR?CHANNELS_SET_DEFAULT?CHANNELS
            CODE    2AA8H     0189H     UNIT         ?PR?_STORE_DEV_ADDRESS_DESC?PROTO_USO
            CODE    2C31H     0173H     UNIT         ?PR?OLD_CHANNEL_GET_STATE?PROTO_USO
            CODE    2DA4H     0171H     UNIT         ?PR?PROTOBUFHANDLING?PROTO_USO
            CODE    2F15H     016EH     UNIT         ?PR?OLD_CHANNEL_SET_ADC_RANGE?PROTO_USO
            CODE    3083H     0162H     UNIT         ?PR?SEND_INFO?PROTO_USO
            CODE    31E5H     015EH     UNIT         ?PR?READHOLDINGREG?MODBUS_ASCII
            CODE    3343H     0151H     UNIT         ?PR?_I2C_WRITE_BUF?I2C
            CODE    3494H     0140H     UNIT         ?PR?CHANNEL_SET_PARAMETERS?PROTO_USO
            CODE    35D4H     0132H     UNIT         ?PR?ADC_ISR?ADC
            CODE    3706H     0110H     UNIT         ?PR?_PROTO_PASTE_NULL?PROTO_USO
            CODE    3816H     0110H     UNIT         ?PR?_I2C_READ_BUF?I2C
            CODE    3926H     010DH     UNIT         ?PR?_WDT_PROCESS?WATCHDOG
            CODE    3A33H     0105H     UNIT         ?PR?CHANNEL_GET_CALIBRATE_VALUE?PROTO_USO
            CODE    3B38H     0100H     UNIT         ?CO?CRC_TABLE
            CODE    3C38H     00F1H     UNIT         ?PR?RESTORE_DEV_ADDRESS_DESC?PROTO_USO
            CODE    3D29H     00E5H     UNIT         ?PR?CHANNEL_SET_CALIBRATE?PROTO_USO
            CODE    3E0EH     00E3H     UNIT         ?PR?_EEPROM_WRITE?EEPROM
            CODE    3EF1H     00DFH     UNIT         ?PR?_EEPROM_READ?EEPROM
            CODE    3FD0H     00C6H     UNIT         ?PR?_I2C_READ_COMPLETE?I2C
            CODE    4096H     00C3H     UNIT         ?PR?_CALIBRATE_SET_FLAG?CALIBRATE
            CODE    4159H     00C0H     UNIT         ?PR?FREQUENCY_INIT?FREQUENCY
            CODE    4219H     00BCH     UNIT         ?PR?_GETCALIBRATEVAL?CALIBRATE
            CODE    42D5H     00AEH     UNIT         ?PR?_I2C_REPEATREAD?DEBUG
            CODE    4383H     00A2H     UNIT         ?PR?_CALIBRATE?CALIBRATE
            CODE    4425H     00A0H     UNIT         ?PR?MAIN?DEBUG
            CODE    44C5H     009DH     UNIT         ?PR?ADC_RESTORE_SETTINGS?ADC
            CODE    4562H     009DH     UNIT         ?C_C51STARTUP
            CODE    45FFH     009DH     UNIT         ?PR?RESTORECALIBRATE?CALIBRATE
            CODE    469CH     0098H     UNIT         ?PR?CHANNELSINIT?CHANNELS
            CODE    4734H     0098H     UNIT         ?PR?RESTORE_CHANNELS_DATA?CHANNELS
            CODE    47CCH     0089H     UNIT         ?PR?_SYM_8_TO_LONG?MODBUS_ASCII
            CODE    4855H     0079H     UNIT         ?PR?_LRC_CHECK?MODBUS_ASCII
            CODE    48CEH     0078H     UNIT         ?PR?CHANNEL_SET_ADDRESS_DESC?PROTO_USO
            CODE    4946H     0076H     UNIT         ?PR?_OLD_CRC_CHECK?PROTO_USO
            CODE    49BCH     0075H     UNIT         ?PR?UART_ISR?PROTO_USO
            CODE    4A31H     006BH     UNIT         ?PR?STORE_CHANNELS_DATA?CHANNELS
            CODE    4A9CH     006BH     UNIT         ?PR?INT2_ISR?FREQUENCY
            CODE    4B07H     006BH     UNIT         ?PR?_LONG_TO_SYM_8?MODBUS_ASCII
BL51 BANKED LINKER/LOCATER V6.22                                                      06/23/2014  16:07:07  PAGE 4


            CODE    4B72H     0067H     UNIT         ?PR?TIMER1_INTERRUPT?DEBUG
            CODE    4BD9H     0065H     UNIT         ?PR?INT0_ISR?FREQUENCY
            CODE    4C3EH     0065H     UNIT         ?PR?INT1_ISR?FREQUENCY
            CODE    4CA3H     005BH     UNIT         ?PR?_REQUEST_ERROR?PROTO_USO
            CODE    4CFEH     0058H     UNIT         ?PR?CHANNELS_GET_SETTINGS_CRC?CHANNELS
            CODE    4D56H     0058H     UNIT         ?PR?CALIBRATE_GET_CRC?CALIBRATE
            CODE    4DAEH     004EH     UNIT         ?PR?_INT_TO_SYM_4?MODBUS_ASCII
            CODE    4DFCH     004DH     UNIT         ?PR?CALIBRATE_SET_DEFAULT?CALIBRATE
            CODE    4E49H     0045H     UNIT         ?PR?_SYM_4_TO_INT?MODBUS_ASCII
            CODE    4E8EH     0044H     UNIT         ?C?LDIV
            CODE    4ED2H     0039H     UNIT         ?PR?_WDT_INIT?WATCHDOG
            CODE    4F0BH     0030H     UNIT         ?PR?PROTOCOL_INIT?PROTO_USO
            CODE    4F3BH     002DH     UNIT         ?PR?ADC_INITIALIZE?ADC
            CODE    4F68H     0029H     UNIT         ?PR?_I2C_REPEAT_START_READ?I2C
            CODE    4F91H     0029H     UNIT         ?PR?_MBCHAR2BIN?MODBUS_ASCII
            CODE    4FBAH     0025H     UNIT         ?PR?_MBBIN2CHAR?MODBUS_ASCII
            CODE    4FDFH     0023H     UNIT         ?PR?_CRC_CHECK?CRC_TABLE
            CODE    5002H     001EH     UNIT         ?PR?_CHAR_TO_SYM_2?MODBUS_ASCII
            CODE    5020H     001BH     UNIT         ?PR?_SYM_2_TO_CHAR?MODBUS_ASCII
            CODE    503BH     0016H     UNIT         ?PR?I2C_INIT?I2C
            CODE    5051H     0015H     UNIT         ?PR?_ADC_OUT_FREQ?ADC
            CODE    5066H     0014H     UNIT         ?PR?TIMER2_INITIALIZE?TIMER2
            CODE    507AH     0013H     UNIT         ?PR?CHANNEL_SET_RESET_STATE_FLAGS?PROTO_USO
            CODE    508DH     0012H     UNIT         ?PR?UART_INIT?TIMER3
            CODE    509FH     0011H     UNIT         ?PR?TIMER0_INITIALIZE?TIMER0
            CODE    50B0H     0011H     UNIT         ?PR?TIMER1_INITIALIZE?TIMER1
            CODE    50C1H     000CH     UNIT         ?PR?CHANNEL_SET_ALL_DEFAULT?PROTO_USO
            CODE    50CDH     000AH     UNIT         ?PR?WDT_CLEAR?WATCHDOG
            CODE    50D7H     0007H     UNIT         ?PR?_ADC_SET_MODE?ADC
            CODE    50DEH     0003H     UNIT         ?PR?CHANNEL_GET_DATA_ORDER_M2?PROTO_USO
            CODE    50E1H     0003H     UNIT         ?PR?OLD_REINIT_BLOCK?PROTO_USO



OVERLAY MAP OF MODULE:   debug (DEBUG)


SEGMENT                                            DATA_GROUP          XDATA_GROUP
  +--> CALLED SEGMENT                            START    LENGTH     START    LENGTH
------------------------------------------------------------------------------------
?C_C51STARTUP                                    -----    -----      -----    -----
  +--> ?PR?MAIN?DEBUG
  +--> ?C_INITSEG

?PR?MAIN?DEBUG                                   -----    -----      -----    -----
  +--> ?PR?RESTORECALIBRATE?CALIBRATE
  +--> ?PR?CHANNELSINIT?CHANNELS
  +--> ?PR?PROTOCOL_INIT?PROTO_USO
  +--> ?PR?TIMER1_INITIALIZE?TIMER1
  +--> ?PR?ADC_INITIALIZE?ADC
  +--> ?PR?UART_INIT?TIMER3
  +--> ?PR?FREQUENCY_INIT?FREQUENCY
  +--> ?PR?_WDT_INIT?WATCHDOG
  +--> ?PR?I2C_INIT?I2C
  +--> ?PR?_I2C_REPEAT_START_READ?I2C
  +--> ?PR?_PROTOPROCESS?PROTO_USO
  +--> ?PR?_I2C_REPEATREAD?DEBUG
BL51 BANKED LINKER/LOCATER V6.22                                                      06/23/2014  16:07:07  PAGE 5


  +--> ?PR?_FREQUENCY_MEASURE_PROCESS?FREQUENCY
  +--> ?PR?_ULONGSORT_PROCESS?ULONGSORT
  +--> ?PR?_I2C_PROCESS?I2C
  +--> ?PR?_WDT_PROCESS?WATCHDOG
  +--> ?PR?_RINGBUFHANDLING?PROTO_USO

?PR?RESTORECALIBRATE?CALIBRATE                   -----    -----      06D3H    0009H
  +--> ?PR?_EEPROM_READ?EEPROM
  +--> ?PR?CALIBRATE_GET_CRC?CALIBRATE
  +--> ?PR?CALIBRATE_SET_DEFAULT?CALIBRATE

?PR?_EEPROM_READ?EEPROM                          -----    -----      06DCH    000AH

?PR?CALIBRATE_GET_CRC?CALIBRATE                  -----    -----      06E7H    0003H
  +--> ?CO?CRC_TABLE

?PR?CALIBRATE_SET_DEFAULT?CALIBRATE              -----    -----      06DCH    0005H
  +--> ?PR?_CALIBRATE_SET_FLAG?CALIBRATE
  +--> ?PR?CALIBRATE_GET_CRC?CALIBRATE
  +--> ?PR?_EEPROM_WRITE?EEPROM

?PR?_CALIBRATE_SET_FLAG?CALIBRATE                -----    -----      06E1H    0006H
  +--> ?PR?_EEPROM_WRITE?EEPROM
  +--> ?PR?CALIBRATE_GET_CRC?CALIBRATE

?PR?_EEPROM_WRITE?EEPROM                         -----    -----      06E7H    000AH

?PR?CHANNELSINIT?CHANNELS                        -----    -----      -----    -----
  +--> ?PR?RESTORE_CHANNELS_DATA?CHANNELS

?PR?RESTORE_CHANNELS_DATA?CHANNELS               -----    -----      06D3H    0009H
  +--> ?PR?_EEPROM_READ?EEPROM
  +--> ?PR?CHANNELS_GET_SETTINGS_CRC?CHANNELS
  +--> ?PR?CHANNELS_SET_DEFAULT?CHANNELS

?PR?CHANNELS_GET_SETTINGS_CRC?CHANNELS           -----    -----      06E1H    0003H
  +--> ?CO?CRC_TABLE

?PR?CHANNELS_SET_DEFAULT?CHANNELS                -----    -----      -----    -----
  +--> ?PR?STORE_CHANNELS_DATA?CHANNELS

?PR?STORE_CHANNELS_DATA?CHANNELS                 -----    -----      06DCH    0005H
  +--> ?PR?_EEPROM_WRITE?EEPROM
  +--> ?PR?CHANNELS_GET_SETTINGS_CRC?CHANNELS

?PR?PROTOCOL_INIT?PROTO_USO                      -----    -----      -----    -----
  +--> ?PR?RESTORE_DEV_ADDRESS_DESC?PROTO_USO

?PR?RESTORE_DEV_ADDRESS_DESC?PROTO_USO           -----    -----      -----    -----
  +--> ?PR?_EEPROM_READ?EEPROM

?PR?ADC_INITIALIZE?ADC                           -----    -----      -----    -----
  +--> ?PR?ADC_RESTORE_SETTINGS?ADC
  +--> ?PR?_ADC_SET_MODE?ADC
  +--> ?PR?_ADC_OUT_FREQ?ADC

?PR?ADC_RESTORE_SETTINGS?ADC                     -----    -----      06D3H    0002H
BL51 BANKED LINKER/LOCATER V6.22                                                      06/23/2014  16:07:07  PAGE 6



?PR?FREQUENCY_INIT?FREQUENCY                     -----    -----      06D3H    0001H
  +--> ?PR?TIMER0_INITIALIZE?TIMER0
  +--> ?PR?TIMER2_INITIALIZE?TIMER2

?PR?_I2C_REPEAT_START_READ?I2C                   -----    -----      06D7H    0009H

?PR?_PROTOPROCESS?PROTO_USO                      -----    -----      -----    -----
  +--> ?PR?_CRC_CHECK?CRC_TABLE
  +--> ?PR?_OLD_CRC_CHECK?PROTO_USO
  +--> ?PR?_MBCHAR2BIN?MODBUS_ASCII
  +--> ?PR?_LRC_CHECK?MODBUS_ASCII
  +--> ?PR?PROTOBUFHANDLING?PROTO_USO
  +--> ?PR?_PROTO_PASTE_NULL?PROTO_USO

?PR?_CRC_CHECK?CRC_TABLE                         -----    -----      -----    -----
  +--> ?CO?CRC_TABLE

?PR?_LRC_CHECK?MODBUS_ASCII                      -----    -----      06D3H    0006H
  +--> ?PR?_MBCHAR2BIN?MODBUS_ASCII

?PR?PROTOBUFHANDLING?PROTO_USO                   -----    -----      -----    -----
  +--> ?PR?SEND_INFO?PROTO_USO
  +--> ?PR?NODE_FULL_INIT?PROTO_USO
  +--> ?PR?CHANNEL_LIST_INIT?PROTO_USO
  +--> ?PR?CHANNEL_GET_DATA?PROTO_USO
  +--> ?PR?CHANNEL_SET_PARAMETERS?PROTO_USO
  +--> ?PR?CHANNEL_SET_ORDER_QUERY?PROTO_USO
  +--> ?PR?CHANNEL_GET_DATA_ORDER?PROTO_USO
  +--> ?PR?CHANNEL_SET_STATE?PROTO_USO
  +--> ?PR?CHANNEL_GET_DATA_ORDER_M2?PROTO_USO
  +--> ?PR?CHANNEL_SET_RESET_STATE_FLAGS?PRO...
  +--> ?PR?CHANNEL_ALL_GET_DATA?PROTO_USO
  +--> ?PR?CHANNEL_SET_ADDRESS_DESC?PROTO_USO
  +--> ?PR?CHANNEL_SET_CALIBRATE?PROTO_USO
  +--> ?PR?CHANNEL_SET_ALL_DEFAULT?PROTO_USO
  +--> ?PR?CHANNEL_GET_CALIBRATE_VALUE?PROTO...
  +--> ?PR?_REQUEST_ERROR?PROTO_USO
  +--> ?PR?OLD_REINIT_BLOCK?PROTO_USO
  +--> ?PR?OLD_CHANNEL_SET_ADC_RANGE?PROTO_USO
  +--> ?PR?OLD_CHANNEL_GET_STATE?PROTO_USO
  +--> ?PR?OLD_CHANNEL_GET_DATA?PROTO_USO
  +--> ?PR?OLD_CHANNEL_GET_DATA_STATE?PROTO_USO
  +--> ?PR?_MBCHAR2BIN?MODBUS_ASCII
  +--> ?PR?READHOLDINGREG?MODBUS_ASCII

?PR?SEND_INFO?PROTO_USO                          -----    -----      -----    -----
  +--> ?PR?_CRC_CHECK?CRC_TABLE

?PR?CHANNEL_SET_PARAMETERS?PROTO_USO             -----    -----      06D3H    0001H
  +--> ?PR?_REQUEST_ERROR?PROTO_USO
  +--> ?PR?STORE_CHANNELS_DATA?CHANNELS

?PR?_REQUEST_ERROR?PROTO_USO                     -----    -----      -----    -----
  +--> ?PR?_CRC_CHECK?CRC_TABLE

?PR?CHANNEL_SET_RESET_STATE_FLAGS?PRO...         -----    -----      -----    -----
BL51 BANKED LINKER/LOCATER V6.22                                                      06/23/2014  16:07:07  PAGE 7


  +--> ?PR?CHANNELSINIT?CHANNELS
  +--> ?PR?_REQUEST_ERROR?PROTO_USO

?PR?CHANNEL_ALL_GET_DATA?PROTO_USO               0008H    0002H      -----    -----
  +--> ?PR?_CRC_CHECK?CRC_TABLE

?PR?CHANNEL_SET_ADDRESS_DESC?PROTO_USO           -----    -----      -----    -----
  +--> ?PR?_STORE_DEV_ADDRESS_DESC?PROTO_USO
  +--> ?PR?_REQUEST_ERROR?PROTO_USO

?PR?_STORE_DEV_ADDRESS_DESC?PROTO_USO            -----    -----      -----    -----
  +--> ?PR?_EEPROM_WRITE?EEPROM

?PR?CHANNEL_SET_CALIBRATE?PROTO_USO              -----    -----      -----    -----
  +--> ?PR?_CALIBRATE?CALIBRATE
  +--> ?PR?_CALIBRATE_SET_FLAG?CALIBRATE
  +--> ?PR?_REQUEST_ERROR?PROTO_USO

?PR?_CALIBRATE?CALIBRATE                         -----    -----      06D3H    000DH
  +--> ?PR?_EEPROM_WRITE?EEPROM
  +--> ?PR?CALIBRATE_GET_CRC?CALIBRATE

?PR?CHANNEL_SET_ALL_DEFAULT?PROTO_USO            -----    -----      -----    -----
  +--> ?PR?CHANNELS_SET_DEFAULT?CHANNELS
  +--> ?PR?CALIBRATE_SET_DEFAULT?CALIBRATE
  +--> ?PR?_REQUEST_ERROR?PROTO_USO

?PR?CHANNEL_GET_CALIBRATE_VALUE?PROTO...         -----    -----      -----    -----
  +--> ?PR?_REQUEST_ERROR?PROTO_USO
  +--> ?PR?_CRC_CHECK?CRC_TABLE

?PR?OLD_CHANNEL_GET_STATE?PROTO_USO              -----    -----      -----    -----
  +--> ?PR?_PROTO_PASTE_NULL?PROTO_USO
  +--> ?PR?_OLD_CRC_CHECK?PROTO_USO

?PR?OLD_CHANNEL_GET_DATA?PROTO_USO               -----    -----      -----    -----
  +--> ?PR?_PROTO_PASTE_NULL?PROTO_USO
  +--> ?PR?_OLD_CRC_CHECK?PROTO_USO

?PR?OLD_CHANNEL_GET_DATA_STATE?PROTO_USO         -----    -----      -----    -----
  +--> ?PR?_PROTO_PASTE_NULL?PROTO_USO
  +--> ?PR?_OLD_CRC_CHECK?PROTO_USO

?PR?READHOLDINGREG?MODBUS_ASCII                  -----    -----      -----    -----
  +--> ?PR?_SYM_4_TO_INT?MODBUS_ASCII
  +--> ?PR?_CHAR_TO_SYM_2?MODBUS_ASCII
  +--> ?PR?_LONG_TO_SYM_8?MODBUS_ASCII
  +--> ?PR?_LRC_CHECK?MODBUS_ASCII

?PR?_SYM_4_TO_INT?MODBUS_ASCII                   -----    -----      06D3H    0002H
  +--> ?PR?_MBCHAR2BIN?MODBUS_ASCII

?PR?_CHAR_TO_SYM_2?MODBUS_ASCII                  -----    -----      -----    -----
  +--> ?PR?_MBBIN2CHAR?MODBUS_ASCII

?PR?_LONG_TO_SYM_8?MODBUS_ASCII                  -----    -----      06D3H    0008H
  +--> ?PR?_MBBIN2CHAR?MODBUS_ASCII
BL51 BANKED LINKER/LOCATER V6.22                                                      06/23/2014  16:07:07  PAGE 8



?PR?_I2C_REPEATREAD?DEBUG                        -----    -----      06D3H    0004H
  +--> ?PR?_I2C_REPEAT_START_READ?I2C

?PR?_ULONGSORT_PROCESS?ULONGSORT                 -----    -----      06D3H    0004H
  +--> ?PR?_GETCALIBRATEVAL?CALIBRATE

?PR?_GETCALIBRATEVAL?CALIBRATE                   -----    -----      06D7H    0009H

?PR?_I2C_PROCESS?I2C                             -----    -----      06D3H    0004H
  +--> ?PR?_I2C_WRITE_BUF?I2C
  +--> ?PR?_I2C_READ_BUF?I2C
  +--> ?PR?_I2C_READ_COMPLETE?I2C

?PR?_I2C_WRITE_BUF?I2C                           -----    -----      06D7H    0008H

?PR?_I2C_READ_BUF?I2C                            -----    -----      06D7H    0008H

?PR?_I2C_READ_COMPLETE?I2C                       -----    -----      06D7H    0004H
  +--> ?PR?_CRC_CHECK?CRC_TABLE

?PR?_WDT_PROCESS?WATCHDOG                        -----    -----      06D3H    0006H
  +--> ?PR?WDT_CLEAR?WATCHDOG



SYMBOL TABLE OF MODULE:  debug (DEBUG)

  VALUE           TYPE          NAME
  ----------------------------------

  -------         MODULE        DEBUG
  C:0000H         SYMBOL        _ICE_DUMMY_
  D:0088H         PUBLIC        TCON
  D:008BH         PUBLIC        TL1
  D:008DH         PUBLIC        TH1
  D:0098H         PUBLIC        SCON
  D:00A0H         PUBLIC        P2
  D:00A8H         PUBLIC        IE
  D:00B0H         PUBLIC        P3
  D:00B8H         PUBLIC        IP
  D:00C0H         PUBLIC        WDCON
  D:00C8H         PUBLIC        T2CON
  D:00D0H         PUBLIC        PSW
  D:00D7H         PUBLIC        PLLCON
  D:00D8H         PUBLIC        ADCSTAT
  D:00E8H         PUBLIC        I2CCON
  D:00E8H         PUBLIC        DCON
  D:00F8H         PUBLIC        SPICON
  B:00A8H.7       PUBLIC        EA
  X:070AH         PUBLIC        pt_i2c_read
  X:070EH         PUBLIC        pt_freq_measure
  X:0712H         PUBLIC        pt_sort
  X:0716H         PUBLIC        pt_i2c_process
  C:42D5H         PUBLIC        _I2C_RepeatRead
  C:4425H         PUBLIC        main
  C:4B72H         PUBLIC        Timer1_Interrupt
BL51 BANKED LINKER/LOCATER V6.22                                                      06/23/2014  16:07:07  PAGE 9


  -------         PROC          MAIN
  C:4425H         LINE#         34
  C:4425H         LINE#         35
  C:4425H         LINE#         36
  C:4427H         LINE#         39
  C:442AH         LINE#         41
  C:442DH         LINE#         43
  C:4430H         LINE#         44
  C:4433H         LINE#         45
  C:4436H         LINE#         46
  C:4439H         LINE#         47
  C:443CH         LINE#         48
  C:443FH         LINE#         50
  C:4444H         LINE#         51
  C:4447H         LINE#         55
  C:444EH         LINE#         56
  C:4454H         LINE#         57
  C:445AH         LINE#         58
  C:4460H         LINE#         60
  C:4462H         LINE#         62
  C:4465H         LINE#         64
  C:4483H         LINE#         65
  C:4483H         LINE#         66
  C:4483H         LINE#         67
  C:448CH         LINE#         68
  C:4495H         LINE#         69
  C:449EH         LINE#         70
  C:44A7H         LINE#         71
  C:44B0H         LINE#         72
  C:44B9H         LINE#         73
  C:44C2H         LINE#         74
  -------         ENDPROC       MAIN
  -------         PROC          _I2C_REPEATREAD
  X:06D3H         SYMBOL        pt
  -------         DO            
  X:06D6H         SYMBOL        PT_YIELD_FLAG
  -------         ENDDO         
  C:42D5H         LINE#         79
  C:42E0H         LINE#         80
  C:42E0H         LINE#         81
  C:42E5H         LINE#         83
  C:42FDH         LINE#         85
  C:42FDH         LINE#         86
  C:42FDH         LINE#         87
  C:433BH         LINE#         88
  C:435AH         LINE#         89
  C:4368H         LINE#         90
  C:436AH         LINE#         91
  C:4382H         LINE#         93
  -------         ENDPROC       _I2C_REPEATREAD
  -------         PROC          TIMER1_INTERRUPT
  C:4B72H         LINE#         95
  C:4B78H         LINE#         98
  C:4B7BH         LINE#         99
  C:4B7EH         LINE#         100
  C:4B8CH         LINE#         101
  C:4B9AH         LINE#         102
BL51 BANKED LINKER/LOCATER V6.22                                                      06/23/2014  16:07:07  PAGE 10


  C:4BA8H         LINE#         103
  C:4BB6H         LINE#         104
  C:4BC4H         LINE#         105
  C:4BD2H         LINE#         107
  -------         ENDPROC       TIMER1_INTERRUPT
  -------         ENDMOD        DEBUG

  -------         MODULE        TIMER3
  C:0000H         SYMBOL        _ICE_DUMMY_
  D:0088H         PUBLIC        TCON
  D:0098H         PUBLIC        SCON
  D:009DH         PUBLIC        T3FD
  D:009EH         PUBLIC        T3CON
  D:00A0H         PUBLIC        P2
  D:00A8H         PUBLIC        IE
  D:00B0H         PUBLIC        P3
  D:00B8H         PUBLIC        IP
  D:00C0H         PUBLIC        WDCON
  D:00C8H         PUBLIC        T2CON
  D:00D0H         PUBLIC        PSW
  D:00D8H         PUBLIC        ADCSTAT
  D:00E8H         PUBLIC        I2CCON
  D:00E8H         PUBLIC        DCON
  D:00F8H         PUBLIC        SPICON
  B:00A8H.4       PUBLIC        ES
  B:00B8H.4       PUBLIC        PS
  B:0098H.1       PUBLIC        TI
  B:0098H.0       PUBLIC        RI
  C:508DH         PUBLIC        UART_Init
  -------         PROC          UART_INIT
  C:508DH         LINE#         3
  C:508DH         LINE#         4
  C:508DH         LINE#         6
  C:5090H         LINE#         8
  C:5093H         LINE#         9
  C:5096H         LINE#         10
  C:5098H         LINE#         11
  C:509AH         LINE#         12
  C:509CH         LINE#         13
  C:509EH         LINE#         15
  -------         ENDPROC       UART_INIT
  -------         ENDMOD        TIMER3

  -------         MODULE        ADC
  C:0000H         SYMBOL        _ICE_DUMMY_
  D:0088H         PUBLIC        TCON
  D:0098H         PUBLIC        SCON
  D:00A0H         PUBLIC        P2
  D:00A8H         PUBLIC        IE
  D:00B0H         PUBLIC        P3
  D:00B8H         PUBLIC        IP
  D:00C0H         PUBLIC        WDCON
  D:00C8H         PUBLIC        T2CON
  D:00D0H         PUBLIC        PSW
  D:00D1H         PUBLIC        ADCMODE
  D:00D2H         PUBLIC        ADC0CON1
  D:00D4H         PUBLIC        SF
BL51 BANKED LINKER/LOCATER V6.22                                                      06/23/2014  16:07:07  PAGE 11


  D:00D8H         PUBLIC        ADCSTAT
  D:00D9H         PUBLIC        ADC0L
  D:00DAH         PUBLIC        ADC0M
  D:00DBH         PUBLIC        ADC0H
  D:00E6H         PUBLIC        ADC0CON2
  D:00E8H         PUBLIC        I2CCON
  D:00E8H         PUBLIC        DCON
  D:00F8H         PUBLIC        SPICON
  B:00A8H.6       PUBLIC        EADC
  B:00D8H.7       PUBLIC        RDY0
  X:04E0H         PUBLIC        adc_channels
  C:4F3BH         PUBLIC        ADC_Initialize
  C:35D4H         PUBLIC        ADC_ISR
  C:50D7H         PUBLIC        _ADC_Set_Mode
  C:5051H         PUBLIC        _ADC_Out_Freq
  C:44C5H         PUBLIC        ADC_Restore_Settings
  -------         PROC          ADC_INITIALIZE
  C:4F3BH         LINE#         6
  C:4F3BH         LINE#         7
  C:4F3BH         LINE#         8
  C:4F3EH         LINE#         9
  C:4F41H         LINE#         10
  C:4F44H         LINE#         16
  C:4F47H         LINE#         17
  C:4F4AH         LINE#         18
  C:4F4DH         LINE#         20
  C:4F50H         LINE#         21
  C:4F53H         LINE#         31
  C:4F56H         LINE#         32
  C:4F5BH         LINE#         34
  C:4F62H         LINE#         37
  C:4F64H         LINE#         39
  C:4F67H         LINE#         42
  -------         ENDPROC       ADC_INITIALIZE
  -------         PROC          ADC_ISR
  -------         DO            
  X:04DEH         SYMBOL        current_channel
  X:04DFH         SYMBOL        current_buf_item
  -------         ENDDO         
  C:35D4H         LINE#         44
  C:35E4H         LINE#         49
  C:35ECH         LINE#         50
  C:3601H         LINE#         52
  C:3625H         LINE#         53
  C:3642H         LINE#         54
  C:3667H         LINE#         55
  C:3684H         LINE#         57
  C:369DH         LINE#         58
  C:36B3H         LINE#         61
  C:36BFH         LINE#         62
  C:36DEH         LINE#         63
  C:36F3H         LINE#         66
  C:36F5H         LINE#         68
  -------         ENDPROC       ADC_ISR
  -------         PROC          _ADC_SET_MODE
  D:0007H         SYMBOL        mode
  C:50D7H         LINE#         70
BL51 BANKED LINKER/LOCATER V6.22                                                      06/23/2014  16:07:07  PAGE 12


  C:50D7H         LINE#         71
  C:50D7H         LINE#         72
  C:50DAH         LINE#         73
  C:50DDH         LINE#         75
  -------         ENDPROC       _ADC_SET_MODE
  -------         PROC          _ADC_OUT_FREQ
  D:0006H         SYMBOL        freq
  C:5051H         LINE#         77
  C:5051H         LINE#         78
  C:5051H         LINE#         79
  C:5065H         LINE#         81
  -------         ENDPROC       _ADC_OUT_FREQ
  -------         PROC          ADC_RESTORE_SETTINGS
  -------         DO            
  X:06D3H         SYMBOL        i
  X:06D4H         SYMBOL        j
  -------         ENDDO         
  C:44C5H         LINE#         83
  C:44C5H         LINE#         84
  C:44C5H         LINE#         85
  C:44CCH         LINE#         86
  C:44DDH         LINE#         87
  C:44DDH         LINE#         88
  C:44EEH         LINE#         89
  C:44FFH         LINE#         90
  C:4511H         LINE#         91
  C:4522H         LINE#         93
  C:4530H         LINE#         94
  C:4530H         LINE#         95
  C:4550H         LINE#         96
  C:4558H         LINE#         97
  C:4561H         LINE#         99
  -------         ENDPROC       ADC_RESTORE_SETTINGS
  -------         ENDMOD        ADC

  -------         MODULE        EEPROM
  C:0000H         SYMBOL        _ICE_DUMMY_
  D:0088H         PUBLIC        TCON
  D:0098H         PUBLIC        SCON
  D:00A0H         PUBLIC        P2
  D:00A8H         PUBLIC        IE
  D:00B0H         PUBLIC        P3
  D:00B8H         PUBLIC        IP
  D:00B9H         PUBLIC        ECON
  D:00BCH         PUBLIC        EDATA1
  D:00BDH         PUBLIC        EDATA2
  D:00BEH         PUBLIC        EDATA3
  D:00BFH         PUBLIC        EDATA4
  D:00C0H         PUBLIC        WDCON
  D:00C8H         PUBLIC        T2CON
  D:00D0H         PUBLIC        PSW
  D:00D8H         PUBLIC        ADCSTAT
  D:00E8H         PUBLIC        I2CCON
  D:00E8H         PUBLIC        DCON
  D:00F8H         PUBLIC        SPICON
  B:00A8H.7       PUBLIC        EA
  D:00C6H         PUBLIC        EADR
BL51 BANKED LINKER/LOCATER V6.22                                                      06/23/2014  16:07:07  PAGE 13


  C:3EF1H         PUBLIC        _EEPROM_Read
  C:3E0EH         PUBLIC        _EEPROM_Write
  -------         PROC          _EEPROM_WRITE
  D:0001H         SYMBOL        buffer
  X:06EAH         SYMBOL        len
  X:06ECH         SYMBOL        addr
  -------         DO            
  X:06EEH         SYMBOL        i
  D:0001H         SYMBOL        buf
  X:06F0H         SYMBOL        ea_temp
  -------         ENDDO         
  C:3E0EH         LINE#         4
  C:3E16H         LINE#         5
  C:3E16H         LINE#         7
  C:3E1DH         LINE#         10
  C:3E1FH         LINE#         12
  C:3E36H         LINE#         13
  C:3E3AH         LINE#         15
  C:3E3AH         LINE#         17
  C:3E59H         LINE#         18
  C:3E59H         LINE#         19
  C:3E61H         LINE#         20
  C:3E63H         LINE#         22
  C:3E7DH         LINE#         23
  C:3E87H         LINE#         24
  C:3EA3H         LINE#         25
  C:3EAFH         LINE#         27
  C:3EBBH         LINE#         29
  C:3EBEH         LINE#         30
  C:3EC1H         LINE#         32
  C:3EC9H         LINE#         34
  C:3ED7H         LINE#         35
  C:3EE8H         LINE#         37
  C:3EF0H         LINE#         38
  -------         ENDPROC       _EEPROM_WRITE
  -------         PROC          _EEPROM_READ
  D:0001H         SYMBOL        buffer
  X:06DFH         SYMBOL        len
  X:06E1H         SYMBOL        addr
  -------         DO            
  X:06E3H         SYMBOL        i
  D:0001H         SYMBOL        buf
  X:06E5H         SYMBOL        ea_temp
  -------         ENDDO         
  C:3EF1H         LINE#         40
  C:3EF9H         LINE#         41
  C:3EF9H         LINE#         44
  C:3F00H         LINE#         47
  C:3F02H         LINE#         49
  C:3F19H         LINE#         50
  C:3F1DH         LINE#         52
  C:3F1DH         LINE#         54
  C:3F3CH         LINE#         55
  C:3F3CH         LINE#         56
  C:3F44H         LINE#         57
  C:3F46H         LINE#         59
  C:3F52H         LINE#         60
BL51 BANKED LINKER/LOCATER V6.22                                                      06/23/2014  16:07:07  PAGE 14


  C:3F55H         LINE#         62
  C:3F71H         LINE#         63
  C:3F7BH         LINE#         64
  C:3F94H         LINE#         65
  C:3FA0H         LINE#         67
  C:3FA8H         LINE#         69
  C:3FB6H         LINE#         70
  C:3FC7H         LINE#         72
  C:3FCFH         LINE#         73
  -------         ENDPROC       _EEPROM_READ
  -------         ENDMOD        EEPROM

  -------         MODULE        WATCHDOG
  C:0000H         SYMBOL        _ICE_DUMMY_
  D:0088H         PUBLIC        TCON
  D:0098H         PUBLIC        SCON
  D:00A0H         PUBLIC        P2
  D:00A8H         PUBLIC        IE
  D:00B0H         PUBLIC        P3
  D:00B8H         PUBLIC        IP
  D:00C0H         PUBLIC        WDCON
  D:00C8H         PUBLIC        T2CON
  D:00D0H         PUBLIC        PSW
  D:00D8H         PUBLIC        ADCSTAT
  D:00E8H         PUBLIC        I2CCON
  D:00E8H         PUBLIC        DCON
  D:00F8H         PUBLIC        SPICON
  B:00A8H.7       PUBLIC        EA
  B:00C0H.0       PUBLIC        WDWR
  X:06F1H         PUBLIC        wdt_count
  C:4ED2H         PUBLIC        _WDT_Init
  C:50CDH         PUBLIC        WDT_Clear
  C:3926H         PUBLIC        _WDT_Process
  D:000AH         PUBLIC        wdt_intval
  X:0706H         PUBLIC        pt_wdt
  -------         PROC          _WDT_INIT
  D:0007H         SYMBOL        interval
  -------         DO            
  D:0006H         SYMBOL        i
  -------         ENDDO         
  C:4ED2H         LINE#         8
  C:4ED2H         LINE#         9
  C:4ED2H         LINE#         10
  C:4ED4H         LINE#         12
  C:4ED6H         LINE#         13
  C:4ED8H         LINE#         14
  C:4EDBH         LINE#         30
  C:4EDBH         LINE#         31
  C:4EDBH         LINE#         32
  C:4EEDH         LINE#         33
  C:4EFEH         LINE#         34
  C:4F03H         LINE#         36
  C:4F0AH         LINE#         38
  -------         ENDPROC       _WDT_INIT
  -------         PROC          WDT_CLEAR
  C:50CDH         LINE#         40
  C:50CDH         LINE#         41
BL51 BANKED LINKER/LOCATER V6.22                                                      06/23/2014  16:07:07  PAGE 15


  C:50CDH         LINE#         42
  C:50CFH         LINE#         44
  C:50D1H         LINE#         45
  C:50D4H         LINE#         47
  C:50D6H         LINE#         49
  -------         ENDPROC       WDT_CLEAR
  -------         PROC          _WDT_PROCESS
  X:06D3H         SYMBOL        pt
  -------         DO            
  X:06D6H         SYMBOL        i
  X:06D7H         SYMBOL        process_error
  -------         DO            
  X:06D8H         SYMBOL        PT_YIELD_FLAG
  -------         ENDDO         
  -------         ENDDO         
  C:3926H         LINE#         51
  C:3931H         LINE#         52
  C:3931H         LINE#         54
  C:3936H         LINE#         55
  C:393AH         LINE#         57
  C:3963H         LINE#         59
  C:3963H         LINE#         60
  C:3963H         LINE#         61
  C:39A1H         LINE#         62
  C:39A6H         LINE#         64
  C:39B4H         LINE#         66
  C:39B9H         LINE#         67
  C:39B9H         LINE#         68
  C:39E5H         LINE#         69
  C:39E5H         LINE#         70
  C:39EAH         LINE#         71
  C:39ECH         LINE#         72
  C:39ECH         LINE#         74
  C:39ECH         LINE#         75
  C:3A01H         LINE#         76
  C:3A01H         LINE#         77
  C:3A0BH         LINE#         79
  C:3A14H         LINE#         80
  C:3A14H         LINE#         81
  C:3A17H         LINE#         82
  C:3A17H         LINE#         83
  C:3A1AH         LINE#         84
  C:3A32H         LINE#         85
  -------         ENDPROC       _WDT_PROCESS
  -------         ENDMOD        WATCHDOG

  -------         MODULE        PROTO_USO
  C:0000H         SYMBOL        _ICE_DUMMY_
  D:0088H         PUBLIC        TCON
  D:0098H         PUBLIC        SCON
  D:0099H         PUBLIC        SBUF
  D:00A0H         PUBLIC        P2
  D:00A8H         PUBLIC        IE
  D:00B0H         PUBLIC        P3
  D:00B8H         PUBLIC        IP
  D:00C0H         PUBLIC        WDCON
  D:00C8H         PUBLIC        T2CON
BL51 BANKED LINKER/LOCATER V6.22                                                      06/23/2014  16:07:07  PAGE 16


  D:00D0H         PUBLIC        PSW
  D:00D8H         PUBLIC        ADCSTAT
  D:00E8H         PUBLIC        I2CCON
  D:00E8H         PUBLIC        DCON
  D:00F8H         PUBLIC        SPICON
  B:00D0H.7       PUBLIC        CY
  B:00A8H.7       PUBLIC        EA
  B:00A8H.4       PUBLIC        ES
  B:0098H.4       PUBLIC        REN
  B:0098H.1       PUBLIC        TI
  B:0098H.0       PUBLIC        RI
  C:49BCH         PUBLIC        UART_ISR
  C:4F0BH         PUBLIC        Protocol_Init
  C:3083H         PUBLIC        Send_Info
  C:0006H         PUBLIC        Node_Full_Init
  C:000EH         PUBLIC        Channel_List_Init
  C:0016H         PUBLIC        Channel_Get_Data
  C:3494H         PUBLIC        Channel_Set_Parameters
  C:001EH         PUBLIC        Channel_Set_Order_Query
  C:0026H         PUBLIC        Channel_Get_Data_Order
  C:002EH         PUBLIC        Channel_Set_State
  C:50DEH         PUBLIC        Channel_Get_Data_Order_M2
  C:507AH         PUBLIC        Channel_Set_Reset_State_Flags
  C:078DH         PUBLIC        Channel_All_Get_Data
  C:48CEH         PUBLIC        Channel_Set_Address_Desc
  C:3D29H         PUBLIC        Channel_Set_Calibrate
  C:50C1H         PUBLIC        Channel_Set_All_Default
  C:3A33H         PUBLIC        Channel_Get_Calibrate_Value
  C:4CA3H         PUBLIC        _Request_Error
  C:4946H         PUBLIC        _Old_CRC_Check
  C:206CH         PUBLIC        Old_Channel_Get_Data
  C:0F42H         PUBLIC        Old_Channel_Get_Data_State
  C:2C31H         PUBLIC        Old_Channel_Get_State
  C:50E1H         PUBLIC        Old_Reinit_Block
  C:2F15H         PUBLIC        Old_Channel_Set_ADC_Range
  C:3706H         PUBLIC        _Proto_Paste_Null
  C:2DA4H         PUBLIC        ProtoBufHandling
  C:19E7H         PUBLIC        _ProtoProcess
  C:0B87H         PUBLIC        _RingBufHandling
  C:2AA8H         PUBLIC        _Store_Dev_Address_Desc
  C:3C38H         PUBLIC        Restore_Dev_Address_Desc
  B:00B0H.5       PUBLIC        DE_RE
  X:0006H         PUBLIC        DEV_NAME
  X:001AH         PUBLIC        NOTICE
  X:0042H         PUBLIC        VERSION
  X:004AH         PUBLIC        ADRESS_DEV
  X:004BH         PUBLIC        dev_desc_len
  X:004CH         PUBLIC        RECIEVED
  X:004DH         PUBLIC        recieve_count
  X:004FH         PUBLIC        transf_count
  X:0050H         PUBLIC        buf_len
  X:0051H         PUBLIC        frame_len
  X:0052H         PUBLIC        RecieveBuf
  X:0160H         PUBLIC        TransferBuf
  X:026EH         PUBLIC        STATE_BYTE
  X:026FH         PUBLIC        protocol_type
  X:0270H         PUBLIC        pt_proto
BL51 BANKED LINKER/LOCATER V6.22                                                      06/23/2014  16:07:07  PAGE 17


  X:0274H         PUBLIC        pt_buf_handle
  X:0278H         PUBLIC        rngbuf
  X:037BH         PUBLIC        sym_8_to_float
  -------         PROC          UART_ISR
  C:49BCH         LINE#         54
  C:49CAH         LINE#         56
  C:49CCH         LINE#         58
  C:49CFH         LINE#         59
  C:49CFH         LINE#         60
  C:49D1H         LINE#         61
  C:49E1H         LINE#         62
  C:49E7H         LINE#         63
  C:49EDH         LINE#         64
  C:49EDH         LINE#         66
  C:49F0H         LINE#         67
  C:49F0H         LINE#         68
  C:49F2H         LINE#         70
  C:4A00H         LINE#         71
  C:4A00H         LINE#         73
  C:4A0DH         LINE#         74
  C:4A13H         LINE#         75
  C:4A15H         LINE#         77
  C:4A15H         LINE#         78
  C:4A1AH         LINE#         79
  C:4A20H         LINE#         80
  C:4A20H         LINE#         81
  C:4A20H         LINE#         82
  C:4A22H         LINE#         84
  -------         ENDPROC       UART_ISR
  -------         PROC          PROTOCOL_INIT
  C:4F0BH         LINE#         87
  C:4F0BH         LINE#         88
  C:4F0BH         LINE#         89
  C:4F0DH         LINE#         90
  C:4F0FH         LINE#         93
  C:4F12H         LINE#         95
  C:4F17H         LINE#         96
  C:4F19H         LINE#         97
  C:4F1BH         LINE#         99
  C:4F21H         LINE#         100
  C:4F23H         LINE#         101
  C:4F25H         LINE#         102
  C:4F27H         LINE#         104
  C:4F2DH         LINE#         105
  C:4F34H         LINE#         106
  C:4F3AH         LINE#         108
  -------         ENDPROC       PROTOCOL_INIT
  -------         PROC          SEND_INFO
  -------         DO            
  D:0007H         SYMBOL        i
  -------         ENDDO         
  C:3083H         LINE#         110
  C:3083H         LINE#         111
  C:3083H         LINE#         112
  C:3085H         LINE#         115
  C:3089H         LINE#         116
  C:308DH         LINE#         117
BL51 BANKED LINKER/LOCATER V6.22                                                      06/23/2014  16:07:07  PAGE 18


  C:3091H         LINE#         119
  C:3099H         LINE#         120
  C:309DH         LINE#         121
  C:30A5H         LINE#         123
  C:30A6H         LINE#         124
  C:30A6H         LINE#         125
  C:30ACH         LINE#         126
  C:30ACH         LINE#         127
  C:30C4H         LINE#         128
  C:30C6H         LINE#         130
  C:30C6H         LINE#         131
  C:30D2H         LINE#         132
  C:30D2H         LINE#         133
  C:30D7H         LINE#         135
  C:30D9H         LINE#         136
  C:30D9H         LINE#         137
  C:30DFH         LINE#         138
  C:30DFH         LINE#         139
  C:30F7H         LINE#         140
  C:30F7H         LINE#         141
  C:30FCH         LINE#         143
  C:3104H         LINE#         145
  C:3110H         LINE#         146
  C:3110H         LINE#         147
  C:3148H         LINE#         148
  C:3159H         LINE#         149
  C:315CH         LINE#         150
  C:3168H         LINE#         151
  C:3168H         LINE#         152
  C:3192H         LINE#         153
  C:3195H         LINE#         155
  C:31A9H         LINE#         156
  C:31DBH         LINE#         158
  C:31E4H         LINE#         159
  -------         ENDPROC       SEND_INFO
  -------         PROC          NODE_FULL_INIT
  C:0006H         LINE#         161
  C:0006H         LINE#         162
  C:0006H         LINE#         163
  C:0008H         LINE#         164
  -------         ENDPROC       NODE_FULL_INIT
  -------         PROC          CHANNEL_LIST_INIT
  C:000EH         LINE#         166
  C:000EH         LINE#         167
  C:000EH         LINE#         168
  C:0010H         LINE#         169
  -------         ENDPROC       CHANNEL_LIST_INIT
  -------         PROC          CHANNEL_GET_DATA
  C:0016H         LINE#         171
  C:0016H         LINE#         172
  C:0016H         LINE#         173
  C:0018H         LINE#         174
  -------         ENDPROC       CHANNEL_GET_DATA
  -------         PROC          CHANNEL_SET_PARAMETERS
  -------         DO            
  D:0007H         SYMBOL        index
  X:06D3H         SYMBOL        store_data
BL51 BANKED LINKER/LOCATER V6.22                                                      06/23/2014  16:07:07  PAGE 19


  -------         ENDDO         
  C:3494H         LINE#         176
  C:3494H         LINE#         177
  C:3494H         LINE#         178
  C:349AH         LINE#         180
  C:34A8H         LINE#         181
  C:34A8H         LINE#         182
  C:34C1H         LINE#         183
  C:34C1H         LINE#         184
  C:34D5H         LINE#         185
  C:34D5H         LINE#         186
  C:34D5H         LINE#         187
  C:34D5H         LINE#         188
  C:3538H         LINE#         189
  C:3538H         LINE#         190
  C:355FH         LINE#         191
  C:3586H         LINE#         192
  C:35AFH         LINE#         193
  C:35B5H         LINE#         195
  C:35B5H         LINE#         196
  C:35B6H         LINE#         197
  C:35B6H         LINE#         198
  C:35B8H         LINE#         201
  C:35B8H         LINE#         202
  C:35B8H         LINE#         203
  C:35B9H         LINE#         204
  C:35B9H         LINE#         205
  C:35B9H         LINE#         206
  C:35BCH         LINE#         207
  C:35BFH         LINE#         209
  C:35BFH         LINE#         210
  C:35C5H         LINE#         211
  C:35C5H         LINE#         212
  C:35C5H         LINE#         213
  C:35CBH         LINE#         214
  C:35CBH         LINE#         215
  C:35CEH         LINE#         216
  C:35CEH         LINE#         218
  C:35D3H         LINE#         219
  -------         ENDPROC       CHANNEL_SET_PARAMETERS
  -------         PROC          CHANNEL_SET_ORDER_QUERY
  C:001EH         LINE#         221
  C:001EH         LINE#         222
  C:001EH         LINE#         223
  C:0020H         LINE#         224
  -------         ENDPROC       CHANNEL_SET_ORDER_QUERY
  -------         PROC          CHANNEL_GET_DATA_ORDER
  C:0026H         LINE#         226
  C:0026H         LINE#         227
  C:0026H         LINE#         228
  C:0028H         LINE#         229
  -------         ENDPROC       CHANNEL_GET_DATA_ORDER
  -------         PROC          CHANNEL_SET_STATE
  C:002EH         LINE#         231
  C:002EH         LINE#         232
  C:002EH         LINE#         233
  C:0030H         LINE#         234
BL51 BANKED LINKER/LOCATER V6.22                                                      06/23/2014  16:07:07  PAGE 20


  -------         ENDPROC       CHANNEL_SET_STATE
  -------         PROC          CHANNEL_GET_DATA_ORDER_M2
  C:50DEH         LINE#         236
  C:50DEH         LINE#         237
  C:50DEH         LINE#         238
  C:50E0H         LINE#         239
  -------         ENDPROC       CHANNEL_GET_DATA_ORDER_M2
  -------         PROC          CHANNEL_SET_RESET_STATE_FLAGS
  C:507AH         LINE#         241
  C:507AH         LINE#         242
  C:507AH         LINE#         243
  C:5080H         LINE#         244
  C:5084H         LINE#         245
  C:5087H         LINE#         246
  C:508CH         LINE#         247
  -------         ENDPROC       CHANNEL_SET_RESET_STATE_FLAGS
  -------         PROC          CHANNEL_ALL_GET_DATA
  -------         DO            
  D:0008H         SYMBOL        index
  D:0009H         SYMBOL        i
  -------         ENDDO         
  C:078DH         LINE#         250
  C:078DH         LINE#         251
  C:078DH         LINE#         252
  C:0792H         LINE#         255
  C:079EH         LINE#         256
  C:07A6H         LINE#         257
  C:07AAH         LINE#         258
  C:07B2H         LINE#         260
  C:07B5H         LINE#         262
  C:07C6H         LINE#         263
  C:07C6H         LINE#         264
  C:07D7H         LINE#         265
  C:080DH         LINE#         266
  C:0831H         LINE#         267
  C:0831H         LINE#         268
  C:0831H         LINE#         269
  C:0831H         LINE#         270
  C:0850H         LINE#         271
  C:0850H         LINE#         272
  C:0850H         LINE#         273
  C:0850H         LINE#         274
  C:0868H         LINE#         275
  C:0868H         LINE#         276
  C:0887H         LINE#         277
  C:0895H         LINE#         278
  C:0897H         LINE#         280
  C:0897H         LINE#         281
  C:08B6H         LINE#         282
  C:08D8H         LINE#         283
  C:08D8H         LINE#         286
  C:08D8H         LINE#         287
  C:08D8H         LINE#         288
  C:08D8H         LINE#         289
  C:08DBH         LINE#         291
  C:08DBH         LINE#         292
  C:08DBH         LINE#         293
BL51 BANKED LINKER/LOCATER V6.22                                                      06/23/2014  16:07:07  PAGE 21


  C:08F3H         LINE#         294
  C:08F3H         LINE#         295
  C:0912H         LINE#         296
  C:0934H         LINE#         297
  C:0942H         LINE#         298
  C:0944H         LINE#         300
  C:0944H         LINE#         301
  C:0963H         LINE#         302
  C:0985H         LINE#         303
  C:09A7H         LINE#         304
  C:09A7H         LINE#         306
  C:09C9H         LINE#         307
  C:09D7H         LINE#         308
  C:09D7H         LINE#         309
  C:09DAH         LINE#         310
  C:09DAH         LINE#         311
  C:09DAH         LINE#         312
  C:09DAH         LINE#         314
  C:09DAH         LINE#         315
  C:09DAH         LINE#         316
  C:09F0H         LINE#         317
  C:09F0H         LINE#         318
  C:09F0H         LINE#         319
  C:09F0H         LINE#         320
  C:0A12H         LINE#         321
  C:0A34H         LINE#         322
  C:0A56H         LINE#         323
  C:0A78H         LINE#         324
  C:0A86H         LINE#         325
  C:0A86H         LINE#         326
  C:0A89H         LINE#         327
  C:0A89H         LINE#         328
  C:0A89H         LINE#         329
  C:0A89H         LINE#         331
  C:0A89H         LINE#         332
  C:0A89H         LINE#         333
  C:0AA3H         LINE#         334
  C:0AA3H         LINE#         336
  C:0AA3H         LINE#         337
  C:0AA3H         LINE#         338
  C:0AC5H         LINE#         339
  C:0AE7H         LINE#         340
  C:0AF5H         LINE#         341
  C:0AF5H         LINE#         342
  C:0AF7H         LINE#         344
  C:0AF7H         LINE#         345
  C:0AF7H         LINE#         346
  C:0B19H         LINE#         347
  C:0B3BH         LINE#         348
  C:0B5DH         LINE#         349
  C:0B5DH         LINE#         350
  C:0B5DH         LINE#         351
  C:0B5DH         LINE#         352
  C:0B5DH         LINE#         353
  C:0B5DH         LINE#         354
  C:0B5DH         LINE#         355
  C:0B62H         LINE#         357
BL51 BANKED LINKER/LOCATER V6.22                                                      06/23/2014  16:07:07  PAGE 22


  C:0B6AH         LINE#         358
  C:0B82H         LINE#         359
  C:0B86H         LINE#         360
  -------         ENDPROC       CHANNEL_ALL_GET_DATA
  -------         PROC          CHANNEL_SET_CALIBRATE
  -------         DO            
  X:0727H         SYMBOL        K
  X:072BH         SYMBOL        C
  -------         ENDDO         
  C:3D29H         LINE#         363
  C:3D29H         LINE#         364
  C:3D29H         LINE#         368
  C:3D33H         LINE#         369
  C:3D3DH         LINE#         370
  C:3D47H         LINE#         371
  C:3D51H         LINE#         373
  C:3D65H         LINE#         375
  C:3D6FH         LINE#         376
  C:3D79H         LINE#         377
  C:3D83H         LINE#         378
  C:3D8DH         LINE#         380
  C:3DA1H         LINE#         382
  C:3DB7H         LINE#         383
  C:3DB7H         LINE#         384
  C:3DB7H         LINE#         385
  C:3DB7H         LINE#         386
  C:3DEDH         LINE#         387
  C:3DEDH         LINE#         388
  C:3DEFH         LINE#         390
  C:3DEFH         LINE#         391
  C:3DEFH         LINE#         392
  C:3DF9H         LINE#         393
  C:3DF9H         LINE#         394
  C:3DFBH         LINE#         396
  C:3DFBH         LINE#         397
  C:3DFBH         LINE#         398
  C:3E05H         LINE#         399
  C:3E05H         LINE#         400
  C:3E07H         LINE#         402
  C:3E07H         LINE#         403
  C:3E07H         LINE#         404
  C:3E08H         LINE#         405
  C:3E08H         LINE#         406
  C:3E08H         LINE#         407
  C:3E08H         LINE#         410
  C:3E0DH         LINE#         411
  -------         ENDPROC       CHANNEL_SET_CALIBRATE
  -------         PROC          CHANNEL_GET_CALIBRATE_VALUE
  -------         DO            
  D:000BH         SYMBOL        channel
  -------         ENDDO         
  C:3A33H         LINE#         413
  C:3A33H         LINE#         414
  C:3A33H         LINE#         415
  C:3A36H         LINE#         418
  C:3A47H         LINE#         419
  C:3A51H         LINE#         420
BL51 BANKED LINKER/LOCATER V6.22                                                      06/23/2014  16:07:07  PAGE 23


  C:3A57H         LINE#         421
  C:3A5DH         LINE#         424
  C:3A64H         LINE#         426
  C:3A6FH         LINE#         427
  C:3A6FH         LINE#         428
  C:3A75H         LINE#         429
  C:3A75H         LINE#         431
  C:3A7BH         LINE#         433
  C:3A93H         LINE#         435
  C:3AB5H         LINE#         437
  C:3ABFH         LINE#         438
  C:3AC9H         LINE#         439
  C:3AD3H         LINE#         440
  C:3ADDH         LINE#         442
  C:3AFFH         LINE#         444
  C:3B09H         LINE#         445
  C:3B13H         LINE#         446
  C:3B1DH         LINE#         447
  C:3B27H         LINE#         449
  C:3B35H         LINE#         450
  C:3B37H         LINE#         451
  -------         ENDPROC       CHANNEL_GET_CALIBRATE_VALUE
  -------         PROC          CHANNEL_SET_ADDRESS_DESC
  -------         DO            
  X:075BH         SYMBOL        desc_len
  -------         ENDDO         
  C:48CEH         LINE#         453
  C:48CEH         LINE#         454
  C:48CEH         LINE#         455
  C:48D3H         LINE#         456
  C:48E1H         LINE#         458
  C:48E9H         LINE#         459
  C:48E9H         LINE#         460
  C:4935H         LINE#         461
  C:493BH         LINE#         462
  C:493DH         LINE#         464
  C:493DH         LINE#         465
  C:4943H         LINE#         466
  C:4943H         LINE#         467
  C:4945H         LINE#         468
  -------         ENDPROC       CHANNEL_SET_ADDRESS_DESC
  -------         PROC          CHANNEL_SET_ALL_DEFAULT
  C:50C1H         LINE#         470
  C:50C1H         LINE#         471
  C:50C1H         LINE#         472
  C:50C4H         LINE#         473
  C:50C7H         LINE#         474
  C:50CCH         LINE#         475
  -------         ENDPROC       CHANNEL_SET_ALL_DEFAULT
  -------         PROC          _REQUEST_ERROR
  X:075CH         SYMBOL        error_code
  C:4CA3H         LINE#         477
  C:4CA8H         LINE#         478
  C:4CA8H         LINE#         479
  C:4CB9H         LINE#         480
  C:4CC3H         LINE#         481
  C:4CCDH         LINE#         482
BL51 BANKED LINKER/LOCATER V6.22                                                      06/23/2014  16:07:07  PAGE 24


  C:4CD3H         LINE#         484
  C:4CDDH         LINE#         485
  C:4CE7H         LINE#         486
  C:4CEDH         LINE#         487
  C:4CFBH         LINE#         488
  C:4CFDH         LINE#         489
  -------         ENDPROC       _REQUEST_ERROR
  -------         PROC          _OLD_CRC_CHECK
  X:073CH         SYMBOL        Spool_pr
  X:073EH         SYMBOL        Count_pr
  -------         DO            
  X:073FH         SYMBOL        crc
  X:0740H         SYMBOL        i
  -------         ENDDO         
  C:4946H         LINE#         492
  C:4953H         LINE#         493
  C:4953H         LINE#         494
  C:4958H         LINE#         495
  C:495DH         LINE#         497
  C:4971H         LINE#         498
  C:4971H         LINE#         499
  C:4973H         LINE#         500
  C:4996H         LINE#         501
  C:4999H         LINE#         502
  C:4999H         LINE#         503
  C:499FH         LINE#         504
  C:499FH         LINE#         505
  C:49A7H         LINE#         506
  C:49B6H         LINE#         508
  C:49BBH         LINE#         509
  -------         ENDPROC       _OLD_CRC_CHECK
  -------         PROC          OLD_CHANNEL_GET_DATA
  -------         DO            
  X:0751H         SYMBOL        channel
  X:0752H         SYMBOL        len
  -------         ENDDO         
  C:206CH         LINE#         511
  C:206CH         LINE#         512
  C:206CH         LINE#         513
  C:2071H         LINE#         514
  C:2076H         LINE#         515
  C:208BH         LINE#         516
  C:2099H         LINE#         517
  C:2099H         LINE#         518
  C:20AAH         LINE#         519
  C:20AFH         LINE#         520
  C:20B9H         LINE#         521
  C:20BFH         LINE#         523
  C:20E6H         LINE#         524
  C:20E6H         LINE#         525
  C:20E6H         LINE#         526
  C:20E6H         LINE#         527
  C:210AH         LINE#         528
  C:210AH         LINE#         529
  C:210AH         LINE#         530
  C:210AH         LINE#         531
  C:2124H         LINE#         532
BL51 BANKED LINKER/LOCATER V6.22                                                      06/23/2014  16:07:07  PAGE 25


  C:2124H         LINE#         533
  C:213FH         LINE#         534
  C:215AH         LINE#         535
  C:215DH         LINE#         537
  C:215DH         LINE#         538
  C:2178H         LINE#         539
  C:2193H         LINE#         540
  C:2193H         LINE#         541
  C:2193H         LINE#         542
  C:2196H         LINE#         544
  C:2196H         LINE#         545
  C:2196H         LINE#         546
  C:21B1H         LINE#         547
  C:21B1H         LINE#         548
  C:21D8H         LINE#         549
  C:21FFH         LINE#         550
  C:2202H         LINE#         552
  C:2202H         LINE#         553
  C:221DH         LINE#         554
  C:2238H         LINE#         555
  C:2238H         LINE#         557
  C:2238H         LINE#         558
  C:223BH         LINE#         559
  C:223BH         LINE#         560
  C:223BH         LINE#         561
  C:223EH         LINE#         563
  C:223EH         LINE#         564
  C:223EH         LINE#         565
  C:225FH         LINE#         566
  C:225FH         LINE#         567
  C:225FH         LINE#         568
  C:225FH         LINE#         569
  C:227AH         LINE#         570
  C:2295H         LINE#         573
  C:2295H         LINE#         574
  C:2298H         LINE#         575
  C:2298H         LINE#         576
  C:2298H         LINE#         577
  C:229BH         LINE#         579
  C:229BH         LINE#         580
  C:229BH         LINE#         581
  C:22BFH         LINE#         582
  C:22BFH         LINE#         584
  C:22BFH         LINE#         585
  C:22BFH         LINE#         586
  C:22DAH         LINE#         587
  C:22F5H         LINE#         589
  C:22F5H         LINE#         590
  C:22F7H         LINE#         592
  C:22F7H         LINE#         593
  C:22F7H         LINE#         594
  C:2312H         LINE#         595
  C:232DH         LINE#         596
  C:232DH         LINE#         597
  C:232DH         LINE#         598
  C:232DH         LINE#         599
  C:232DH         LINE#         600
BL51 BANKED LINKER/LOCATER V6.22                                                      06/23/2014  16:07:07  PAGE 26


  C:232DH         LINE#         601
  C:232DH         LINE#         603
  C:233DH         LINE#         605
  C:235AH         LINE#         606
  C:2363H         LINE#         607
  C:2363H         LINE#         608
  C:2365H         LINE#         609
  -------         ENDPROC       OLD_CHANNEL_GET_DATA
  -------         PROC          OLD_CHANNEL_GET_DATA_STATE
  -------         DO            
  X:0753H         SYMBOL        channel
  X:0754H         SYMBOL        len
  -------         ENDDO         
  C:0F42H         LINE#         611
  C:0F42H         LINE#         612
  C:0F42H         LINE#         613
  C:0F47H         LINE#         614
  C:0F4CH         LINE#         615
  C:0F61H         LINE#         616
  C:0F6FH         LINE#         617
  C:0F6FH         LINE#         618
  C:0F80H         LINE#         619
  C:0F85H         LINE#         620
  C:0F8FH         LINE#         621
  C:0F95H         LINE#         623
  C:0FBCH         LINE#         624
  C:0FBCH         LINE#         625
  C:0FBCH         LINE#         626
  C:0FBCH         LINE#         627
  C:0FE0H         LINE#         628
  C:0FE0H         LINE#         629
  C:0FE0H         LINE#         630
  C:0FE0H         LINE#         631
  C:0FFAH         LINE#         632
  C:0FFAH         LINE#         633
  C:1015H         LINE#         634
  C:1030H         LINE#         635
  C:1033H         LINE#         637
  C:1033H         LINE#         638
  C:104EH         LINE#         639
  C:1069H         LINE#         640
  C:1069H         LINE#         641
  C:1069H         LINE#         642
  C:106CH         LINE#         644
  C:106CH         LINE#         645
  C:106CH         LINE#         646
  C:1087H         LINE#         647
  C:1087H         LINE#         648
  C:10AEH         LINE#         649
  C:10D5H         LINE#         650
  C:10D7H         LINE#         652
  C:10D7H         LINE#         653
  C:10F2H         LINE#         654
  C:110DH         LINE#         655
  C:110DH         LINE#         657
  C:110DH         LINE#         658
  C:110DH         LINE#         659
BL51 BANKED LINKER/LOCATER V6.22                                                      06/23/2014  16:07:07  PAGE 27


  C:110DH         LINE#         661
  C:113BH         LINE#         662
  C:113BH         LINE#         663
  C:113BH         LINE#         664
  C:113BH         LINE#         665
  C:1140H         LINE#         666
  C:1140H         LINE#         667
  C:1142H         LINE#         669
  C:1142H         LINE#         670
  C:1142H         LINE#         671
  C:1148H         LINE#         672
  C:1148H         LINE#         673
  C:114AH         LINE#         675
  C:114AH         LINE#         676
  C:114AH         LINE#         677
  C:1150H         LINE#         678
  C:1150H         LINE#         679
  C:1152H         LINE#         681
  C:1152H         LINE#         682
  C:1152H         LINE#         683
  C:1158H         LINE#         684
  C:1158H         LINE#         685
  C:115AH         LINE#         687
  C:115AH         LINE#         688
  C:115AH         LINE#         689
  C:115FH         LINE#         690
  C:115FH         LINE#         691
  C:115FH         LINE#         692
  C:115FH         LINE#         694
  C:1165H         LINE#         696
  C:1165H         LINE#         697
  C:1168H         LINE#         699
  C:1168H         LINE#         700
  C:1168H         LINE#         701
  C:1189H         LINE#         702
  C:1189H         LINE#         703
  C:1189H         LINE#         704
  C:1189H         LINE#         705
  C:11A4H         LINE#         706
  C:11BFH         LINE#         712
  C:11EDH         LINE#         713
  C:11EDH         LINE#         714
  C:11EDH         LINE#         715
  C:11EDH         LINE#         716
  C:11F3H         LINE#         717
  C:11F3H         LINE#         718
  C:11F5H         LINE#         720
  C:11F5H         LINE#         721
  C:11F5H         LINE#         722
  C:11FBH         LINE#         723
  C:11FBH         LINE#         724
  C:11FDH         LINE#         726
  C:11FDH         LINE#         727
  C:11FDH         LINE#         728
  C:1203H         LINE#         729
  C:1203H         LINE#         730
  C:1205H         LINE#         732
BL51 BANKED LINKER/LOCATER V6.22                                                      06/23/2014  16:07:07  PAGE 28


  C:1205H         LINE#         733
  C:1205H         LINE#         734
  C:120BH         LINE#         735
  C:120BH         LINE#         736
  C:120DH         LINE#         738
  C:120DH         LINE#         739
  C:120DH         LINE#         740
  C:1213H         LINE#         741
  C:1213H         LINE#         742
  C:1213H         LINE#         743
  C:1213H         LINE#         744
  C:1218H         LINE#         745
  C:1218H         LINE#         746
  C:121BH         LINE#         747
  C:121BH         LINE#         748
  C:121BH         LINE#         749
  C:121EH         LINE#         751
  C:121EH         LINE#         752
  C:121EH         LINE#         753
  C:1242H         LINE#         754
  C:1242H         LINE#         756
  C:1242H         LINE#         757
  C:1242H         LINE#         758
  C:125DH         LINE#         759
  C:1278H         LINE#         761
  C:1278H         LINE#         762
  C:127AH         LINE#         764
  C:127AH         LINE#         765
  C:127AH         LINE#         766
  C:1295H         LINE#         767
  C:12B0H         LINE#         768
  C:12B0H         LINE#         769
  C:12B0H         LINE#         770
  C:12B0H         LINE#         772
  C:12B6H         LINE#         773
  C:12BBH         LINE#         774
  C:12BBH         LINE#         775
  C:12BBH         LINE#         776
  C:12BBH         LINE#         778
  C:12C1H         LINE#         780
  C:12D1H         LINE#         782
  C:12EEH         LINE#         783
  C:12F7H         LINE#         784
  C:12F7H         LINE#         785
  C:12F9H         LINE#         787
  -------         ENDPROC       OLD_CHANNEL_GET_DATA_STATE
  -------         PROC          OLD_CHANNEL_GET_STATE
  -------         DO            
  X:0755H         SYMBOL        channel
  X:0756H         SYMBOL        len
  -------         ENDDO         
  C:2C31H         LINE#         789
  C:2C31H         LINE#         790
  C:2C31H         LINE#         791
  C:2C36H         LINE#         792
  C:2C3BH         LINE#         793
  C:2C50H         LINE#         794
BL51 BANKED LINKER/LOCATER V6.22                                                      06/23/2014  16:07:07  PAGE 29


  C:2C5EH         LINE#         795
  C:2C5EH         LINE#         797
  C:2C6FH         LINE#         798
  C:2C74H         LINE#         799
  C:2C7EH         LINE#         800
  C:2C84H         LINE#         802
  C:2CABH         LINE#         803
  C:2CABH         LINE#         804
  C:2CABH         LINE#         805
  C:2CABH         LINE#         806
  C:2CD9H         LINE#         807
  C:2CD9H         LINE#         808
  C:2CD9H         LINE#         809
  C:2CD9H         LINE#         810
  C:2CDEH         LINE#         811
  C:2CDEH         LINE#         812
  C:2CE0H         LINE#         814
  C:2CE0H         LINE#         815
  C:2CE0H         LINE#         816
  C:2CE6H         LINE#         817
  C:2CE6H         LINE#         818
  C:2CE8H         LINE#         820
  C:2CE8H         LINE#         821
  C:2CE8H         LINE#         822
  C:2CEEH         LINE#         823
  C:2CEEH         LINE#         824
  C:2CF0H         LINE#         826
  C:2CF0H         LINE#         827
  C:2CF0H         LINE#         828
  C:2CF6H         LINE#         829
  C:2CF6H         LINE#         830
  C:2CF8H         LINE#         832
  C:2CF8H         LINE#         833
  C:2CF8H         LINE#         834
  C:2CFDH         LINE#         835
  C:2CFDH         LINE#         836
  C:2CFDH         LINE#         837
  C:2CFDH         LINE#         839
  C:2D03H         LINE#         840
  C:2D03H         LINE#         841
  C:2D05H         LINE#         843
  C:2D05H         LINE#         844
  C:2D05H         LINE#         846
  C:2D33H         LINE#         847
  C:2D33H         LINE#         848
  C:2D33H         LINE#         849
  C:2D33H         LINE#         850
  C:2D39H         LINE#         851
  C:2D39H         LINE#         852
  C:2D3BH         LINE#         854
  C:2D3BH         LINE#         855
  C:2D3BH         LINE#         856
  C:2D41H         LINE#         857
  C:2D41H         LINE#         858
  C:2D43H         LINE#         860
  C:2D43H         LINE#         861
  C:2D43H         LINE#         862
BL51 BANKED LINKER/LOCATER V6.22                                                      06/23/2014  16:07:07  PAGE 30


  C:2D49H         LINE#         863
  C:2D49H         LINE#         864
  C:2D4BH         LINE#         866
  C:2D4BH         LINE#         867
  C:2D4BH         LINE#         868
  C:2D51H         LINE#         869
  C:2D51H         LINE#         870
  C:2D53H         LINE#         872
  C:2D53H         LINE#         873
  C:2D53H         LINE#         874
  C:2D59H         LINE#         875
  C:2D59H         LINE#         876
  C:2D59H         LINE#         878
  C:2D59H         LINE#         879
  C:2D5EH         LINE#         880
  C:2D5EH         LINE#         881
  C:2D60H         LINE#         883
  C:2D60H         LINE#         884
  C:2D60H         LINE#         886
  C:2D66H         LINE#         887
  C:2D6BH         LINE#         888
  C:2D6BH         LINE#         889
  C:2D6BH         LINE#         890
  C:2D6BH         LINE#         892
  C:2D7BH         LINE#         894
  C:2D98H         LINE#         895
  C:2DA1H         LINE#         896
  C:2DA1H         LINE#         897
  C:2DA3H         LINE#         898
  -------         ENDPROC       OLD_CHANNEL_GET_STATE
  -------         PROC          OLD_REINIT_BLOCK
  C:50E1H         LINE#         900
  C:50E1H         LINE#         901
  C:50E1H         LINE#         902
  C:50E3H         LINE#         903
  -------         ENDPROC       OLD_REINIT_BLOCK
  -------         PROC          OLD_CHANNEL_SET_ADC_RANGE
  -------         DO            
  X:075DH         SYMBOL        channel
  -------         ENDDO         
  C:2F15H         LINE#         905
  C:2F15H         LINE#         906
  C:2F15H         LINE#         907
  C:2F1AH         LINE#         908
  C:2F2FH         LINE#         909
  C:2F3DH         LINE#         910
  C:2F3DH         LINE#         911
  C:2F5EH         LINE#         912
  C:2F5EH         LINE#         913
  C:2F5EH         LINE#         914
  C:2F5EH         LINE#         915
  C:2F7AH         LINE#         916
  C:2F96H         LINE#         917
  C:2F96H         LINE#         918
  C:2F99H         LINE#         920
  C:2F99H         LINE#         921
  C:2F99H         LINE#         922
BL51 BANKED LINKER/LOCATER V6.22                                                      06/23/2014  16:07:07  PAGE 31


  C:2FB5H         LINE#         923
  C:2FD1H         LINE#         924
  C:2FD1H         LINE#         925
  C:2FD4H         LINE#         927
  C:2FD4H         LINE#         928
  C:2FD4H         LINE#         929
  C:2FF0H         LINE#         930
  C:300CH         LINE#         931
  C:300CH         LINE#         932
  C:300EH         LINE#         934
  C:300EH         LINE#         935
  C:300EH         LINE#         936
  C:302AH         LINE#         937
  C:3046H         LINE#         938
  C:3046H         LINE#         939
  C:3048H         LINE#         941
  C:3048H         LINE#         942
  C:3048H         LINE#         943
  C:3064H         LINE#         944
  C:3080H         LINE#         945
  C:3080H         LINE#         946
  C:3080H         LINE#         947
  C:3080H         LINE#         948
  C:3080H         LINE#         949
  C:3082H         LINE#         950
  -------         ENDPROC       OLD_CHANNEL_SET_ADC_RANGE
  -------         PROC          _PROTO_PASTE_NULL
  X:0736H         SYMBOL        buf
  X:0739H         SYMBOL        len
  -------         DO            
  X:073AH         SYMBOL        i
  X:073BH         SYMBOL        j
  -------         ENDDO         
  C:3706H         LINE#         952
  C:3716H         LINE#         953
  C:3716H         LINE#         954
  C:3720H         LINE#         956
  C:3738H         LINE#         957
  C:3738H         LINE#         958
  C:3759H         LINE#         959
  C:3759H         LINE#         960
  C:3775H         LINE#         961
  C:3775H         LINE#         962
  C:37B2H         LINE#         963
  C:37BAH         LINE#         964
  C:37DCH         LINE#         966
  C:37E5H         LINE#         967
  C:37E5H         LINE#         968
  C:37FBH         LINE#         969
  C:37FBH         LINE#         971
  C:3801H         LINE#         972
  C:3807H         LINE#         973
  C:3807H         LINE#         974
  C:3810H         LINE#         975
  C:3815H         LINE#         976
  -------         ENDPROC       _PROTO_PASTE_NULL
  -------         PROC          PROTOBUFHANDLING
BL51 BANKED LINKER/LOCATER V6.22                                                      06/23/2014  16:07:07  PAGE 32


  C:2DA4H         LINE#         978
  C:2DA4H         LINE#         979
  C:2DA4H         LINE#         980
  C:2DBAH         LINE#         981
  C:2DBAH         LINE#         982
  C:2DBAH         LINE#         983
  C:2DBAH         LINE#         986
  C:2DF4H         LINE#         987
  C:2DF4H         LINE#         989
  C:2DF4H         LINE#         990
  C:2DF4H         LINE#         991
  C:2DFCH         LINE#         992
  C:2DFCH         LINE#         993
  C:2DFDH         LINE#         995
  C:2DFDH         LINE#         996
  C:2DFDH         LINE#         997
  C:2E05H         LINE#         998
  C:2E05H         LINE#         999
  C:2E06H         LINE#         1001
  C:2E06H         LINE#         1002
  C:2E06H         LINE#         1003
  C:2E0EH         LINE#         1004
  C:2E0EH         LINE#         1005
  C:2E0FH         LINE#         1007
  C:2E0FH         LINE#         1008
  C:2E0FH         LINE#         1009
  C:2E17H         LINE#         1010
  C:2E17H         LINE#         1011
  C:2E18H         LINE#         1013
  C:2E18H         LINE#         1014
  C:2E18H         LINE#         1015
  C:2E20H         LINE#         1016
  C:2E20H         LINE#         1017
  C:2E21H         LINE#         1019
  C:2E21H         LINE#         1020
  C:2E21H         LINE#         1021
  C:2E29H         LINE#         1022
  C:2E29H         LINE#         1023
  C:2E2AH         LINE#         1025
  C:2E2AH         LINE#         1026
  C:2E2AH         LINE#         1027
  C:2E32H         LINE#         1028
  C:2E32H         LINE#         1029
  C:2E33H         LINE#         1031
  C:2E33H         LINE#         1032
  C:2E33H         LINE#         1033
  C:2E3BH         LINE#         1034
  C:2E3BH         LINE#         1035
  C:2E3CH         LINE#         1037
  C:2E3CH         LINE#         1038
  C:2E3CH         LINE#         1039
  C:2E44H         LINE#         1040
  C:2E44H         LINE#         1041
  C:2E45H         LINE#         1043
  C:2E45H         LINE#         1044
  C:2E45H         LINE#         1045
  C:2E4DH         LINE#         1046
BL51 BANKED LINKER/LOCATER V6.22                                                      06/23/2014  16:07:07  PAGE 33


  C:2E4DH         LINE#         1047
  C:2E4EH         LINE#         1049
  C:2E4EH         LINE#         1050
  C:2E4EH         LINE#         1051
  C:2E56H         LINE#         1052
  C:2E56H         LINE#         1053
  C:2E57H         LINE#         1055
  C:2E57H         LINE#         1056
  C:2E57H         LINE#         1057
  C:2E5FH         LINE#         1058
  C:2E5FH         LINE#         1059
  C:2E60H         LINE#         1061
  C:2E60H         LINE#         1062
  C:2E60H         LINE#         1063
  C:2E68H         LINE#         1064
  C:2E68H         LINE#         1065
  C:2E69H         LINE#         1067
  C:2E69H         LINE#         1068
  C:2E69H         LINE#         1069
  C:2E71H         LINE#         1070
  C:2E71H         LINE#         1071
  C:2E72H         LINE#         1073
  C:2E72H         LINE#         1074
  C:2E72H         LINE#         1075
  C:2E7AH         LINE#         1076
  C:2E7AH         LINE#         1077
  C:2E7BH         LINE#         1079
  C:2E7BH         LINE#         1080
  C:2E7BH         LINE#         1081
  C:2E85H         LINE#         1082
  C:2E85H         LINE#         1083
  C:2E85H         LINE#         1084
  C:2E85H         LINE#         1085
  C:2E86H         LINE#         1087
  C:2E86H         LINE#         1088
  C:2E86H         LINE#         1089
  C:2EACH         LINE#         1090
  C:2EACH         LINE#         1092
  C:2EACH         LINE#         1093
  C:2EACH         LINE#         1094
  C:2EB4H         LINE#         1095
  C:2EB4H         LINE#         1096
  C:2EB5H         LINE#         1098
  C:2EB5H         LINE#         1099
  C:2EB5H         LINE#         1100
  C:2EBDH         LINE#         1101
  C:2EBDH         LINE#         1102
  C:2EBEH         LINE#         1104
  C:2EBEH         LINE#         1105
  C:2EBEH         LINE#         1106
  C:2EC6H         LINE#         1107
  C:2EC6H         LINE#         1108
  C:2EC7H         LINE#         1110
  C:2EC7H         LINE#         1111
  C:2EC7H         LINE#         1112
  C:2ECFH         LINE#         1113
  C:2ECFH         LINE#         1114
BL51 BANKED LINKER/LOCATER V6.22                                                      06/23/2014  16:07:07  PAGE 34


  C:2ED0H         LINE#         1116
[...]
  C:440EH         LINE#         56
  C:4424H         LINE#         59
  -------         ENDPROC       _CALIBRATE
  -------         PROC          CALIBRATE_GET_CRC
  -------         DO            
  X:06E7H         SYMBOL        crc
  X:06E8H         SYMBOL        i
  X:06E9H         SYMBOL        j
  -------         ENDDO         
BL51 BANKED LINKER/LOCATER V6.22                                                      06/23/2014  16:07:07  PAGE 55


  C:4D56H         LINE#         61
  C:4D56H         LINE#         62
  C:4D56H         LINE#         63
  C:4D5BH         LINE#         64
  C:4D5FH         LINE#         66
  C:4D63H         LINE#         67
  C:4D63H         LINE#         68
  C:4D68H         LINE#         69
  C:4D68H         LINE#         70
  C:4D94H         LINE#         71
  C:4D9EH         LINE#         72
  C:4DA8H         LINE#         74
  C:4DADH         LINE#         75
  -------         ENDPROC       CALIBRATE_GET_CRC
  -------         PROC          _CALIBRATE_SET_FLAG
  X:06E1H         SYMBOL        channel
  X:06E2H         SYMBOL        flag
  -------         DO            
  X:06E3H         SYMBOL        true_crc
  -------         ENDDO         
  C:4096H         LINE#         77
  C:409FH         LINE#         78
  C:409FH         LINE#         79
  C:40A7H         LINE#         81
  C:40ACH         LINE#         82
  C:40ACH         LINE#         83
  C:40C2H         LINE#         84
  C:40EDH         LINE#         85
  C:40EFH         LINE#         87
  C:40EFH         LINE#         88
  C:40F5H         LINE#         89
  C:40F5H         LINE#         90
  C:410AH         LINE#         91
  C:4135H         LINE#         92
  C:4135H         LINE#         93
  C:4135H         LINE#         95
  C:4142H         LINE#         96
  C:4158H         LINE#         97
  -------         ENDPROC       _CALIBRATE_SET_FLAG
  -------         PROC          CALIBRATE_SET_DEFAULT
  -------         DO            
  X:06DCH         SYMBOL        i
  X:06DDH         SYMBOL        true_crc
  -------         ENDDO         
  C:4DFCH         LINE#         99
  C:4DFCH         LINE#         100
  C:4DFCH         LINE#         101
  C:4E01H         LINE#         102
  C:4E09H         LINE#         104
  C:4E18H         LINE#         105
  C:4E18H         LINE#         106
  C:4E1DH         LINE#         107
  C:4E25H         LINE#         109
  C:4E32H         LINE#         110
  C:4E48H         LINE#         111
  -------         ENDPROC       CALIBRATE_SET_DEFAULT
  -------         ENDMOD        CALIBRATE
BL51 BANKED LINKER/LOCATER V6.22                                                      06/23/2014  16:07:07  PAGE 56



  -------         MODULE        ULONGSORT
  C:0000H         SYMBOL        _ICE_DUMMY_
  D:0088H         PUBLIC        TCON
  D:0098H         PUBLIC        SCON
  D:00A0H         PUBLIC        P2
  D:00A8H         PUBLIC        IE
  D:00B0H         PUBLIC        P3
  D:00B8H         PUBLIC        IP
  D:00C0H         PUBLIC        WDCON
  D:00C8H         PUBLIC        T2CON
  D:00D0H         PUBLIC        PSW
  D:00D8H         PUBLIC        ADCSTAT
  D:00E8H         PUBLIC        I2CCON
  D:00E8H         PUBLIC        DCON
  D:00F8H         PUBLIC        SPICON
  C:1D3CH         PUBLIC        _ulongsort_process
  X:06AEH         PUBLIC        mas_copy
  X:06CEH         PUBLIC        mid_cycle_counter
  X:06CFH         PUBLIC        temp
  -------         PROC          _ULONGSORT_PROCESS
  X:06D3H         SYMBOL        pt
  -------         DO            
  X:06ABH         SYMBOL        counter
  X:06ACH         SYMBOL        i
  X:06ADH         SYMBOL        j
  -------         DO            
  X:06D6H         SYMBOL        PT_YIELD_FLAG
  -------         ENDDO         
  -------         ENDDO         
  C:1D3CH         LINE#         10
  C:1D47H         LINE#         11
  C:1D47H         LINE#         13
  C:1D4CH         LINE#         15
  C:1D7FH         LINE#         17
  C:1D7FH         LINE#         18
  C:1D7FH         LINE#         19
  C:1DBDH         LINE#         22
  C:1DD2H         LINE#         23
  C:1DD2H         LINE#         24
  C:1DD6H         LINE#         25
  C:1DF3H         LINE#         26
  C:1DF3H         LINE#         27
  C:1DFBH         LINE#         28
  C:1E01H         LINE#         29
  C:1E21H         LINE#         30
  C:1E21H         LINE#         32
  C:1E28H         LINE#         33
  C:1E28H         LINE#         34
  C:1E3CH         LINE#         35
  C:1E3CH         LINE#         36
  C:1E3CH         LINE#         39
  C:1E6BH         LINE#         40
  C:1E8BH         LINE#         42
  C:1E91H         LINE#         43
  C:1E91H         LINE#         44
  C:1EA4H         LINE#         45
BL51 BANKED LINKER/LOCATER V6.22                                                      06/23/2014  16:07:07  PAGE 57


  C:1EA4H         LINE#         46
  C:1EDFH         LINE#         47
  C:1EDFH         LINE#         48
  C:1F01H         LINE#         49
  C:1F31H         LINE#         50
  C:1F53H         LINE#         51
  C:1F53H         LINE#         52
  C:1F73H         LINE#         53
  C:1F7CH         LINE#         54
  C:1F88H         LINE#         56
  C:1FC8H         LINE#         58
  C:1FDDH         LINE#         59
  C:1FDDH         LINE#         60
  C:201DH         LINE#         61
  C:201DH         LINE#         63
  C:2031H         LINE#         64
  C:203FH         LINE#         65
  C:2053H         LINE#         67
  C:2053H         LINE#         68
  C:206BH         LINE#         69
  -------         ENDPROC       _ULONGSORT_PROCESS
  -------         ENDMOD        ULONGSORT

  -------         MODULE        TIMER1
  C:0000H         SYMBOL        _ICE_DUMMY_
  D:0088H         PUBLIC        TCON
  D:0089H         PUBLIC        TMOD
  D:008BH         PUBLIC        TL1
  D:008DH         PUBLIC        TH1
  D:0098H         PUBLIC        SCON
  D:00A0H         PUBLIC        P2
  D:00A8H         PUBLIC        IE
  D:00B0H         PUBLIC        P3
  D:00B8H         PUBLIC        IP
  D:00C0H         PUBLIC        WDCON
  D:00C8H         PUBLIC        T2CON
  D:00D0H         PUBLIC        PSW
  D:00D8H         PUBLIC        ADCSTAT
  D:00E8H         PUBLIC        I2CCON
  D:00E8H         PUBLIC        DCON
  D:00F8H         PUBLIC        SPICON
  B:0088H.6       PUBLIC        TR1
  B:00A8H.3       PUBLIC        ET1
  C:50B0H         PUBLIC        Timer1_Initialize
  -------         PROC          TIMER1_INITIALIZE
  C:50B0H         LINE#         4
  C:50B0H         LINE#         5
  C:50B0H         LINE#         6
  C:50B3H         LINE#         7
  C:50B6H         LINE#         9
  C:50B9H         LINE#         10
  C:50BCH         LINE#         13
  C:50BEH         LINE#         14
  C:50C0H         LINE#         16
  -------         ENDPROC       TIMER1_INITIALIZE
  -------         ENDMOD        TIMER1

BL51 BANKED LINKER/LOCATER V6.22                                                      06/23/2014  16:07:07  PAGE 58


  -------         MODULE        CRC_TABLE
  C:0000H         SYMBOL        _ICE_DUMMY_
  C:3B38H         PUBLIC        Crc8Table
  C:4FDFH         PUBLIC        _CRC_Check
  -------         PROC          _CRC_CHECK
  D:0006H         SYMBOL        Spool_pr
  D:0005H         SYMBOL        Count_pr
  -------         DO            
  D:0004H         SYMBOL        crc
  -------         ENDDO         
  C:4FDFH         LINE#         36
  C:4FDFH         LINE#         37
  C:4FDFH         LINE#         38
  C:4FE1H         LINE#         40
  C:4FE8H         LINE#         41
  C:4FFEH         LINE#         43
  C:5001H         LINE#         44
  -------         ENDPROC       _CRC_CHECK
  -------         ENDMOD        CRC_TABLE

  -------         MODULE        MODBUS_ASCII
  C:0000H         SYMBOL        _ICE_DUMMY_
  D:0088H         PUBLIC        TCON
  D:0098H         PUBLIC        SCON
  D:00A0H         PUBLIC        P2
  D:00A8H         PUBLIC        IE
  D:00B0H         PUBLIC        P3
  D:00B8H         PUBLIC        IP
  D:00C0H         PUBLIC        WDCON
  D:00C8H         PUBLIC        T2CON
  D:00D0H         PUBLIC        PSW
  D:00D8H         PUBLIC        ADCSTAT
  D:00E8H         PUBLIC        I2CCON
  D:00E8H         PUBLIC        DCON
  D:00F8H         PUBLIC        SPICON
  C:31E5H         PUBLIC        ReadHoldingReg
  C:4F91H         PUBLIC        _MBCHAR2BIN
  C:4FBAH         PUBLIC        _MBBIN2CHAR
  C:4855H         PUBLIC        _LRC_Check
  C:4E49H         PUBLIC        _Sym_4_To_Int
  C:5020H         PUBLIC        _Sym_2_To_Char
  C:4DAEH         PUBLIC        _Int_To_Sym_4
  C:5002H         PUBLIC        _Char_To_Sym_2
  C:47CCH         PUBLIC        _Sym_8_To_Long
  C:4B07H         PUBLIC        _Long_To_Sym_8
  -------         PROC          _LRC_CHECK
  X:06D3H         SYMBOL        pucFrame
  X:06D6H         SYMBOL        usLen
  -------         DO            
  X:06D8H         SYMBOL        ucLRC
  -------         ENDDO         
  C:4855H         LINE#         12
  C:4866H         LINE#         13
  C:4866H         LINE#         14
  C:4869H         LINE#         16
  C:4873H         LINE#         17
  C:4873H         LINE#         18
BL51 BANKED LINKER/LOCATER V6.22                                                      06/23/2014  16:07:07  PAGE 59


  C:48B3H         LINE#         19
  C:48B5H         LINE#         20
  C:48C3H         LINE#         21
  C:48C5H         LINE#         23
  C:48CDH         LINE#         25
  C:48CDH         LINE#         26
  -------         ENDPROC       _LRC_CHECK
  -------         PROC          _MBCHAR2BIN
  D:0006H         SYMBOL        ucCharacter
  C:4F91H         LINE#         28
  C:4F94H         LINE#         29
  C:4F94H         LINE#         30
  C:4FA0H         LINE#         31
  C:4FA0H         LINE#         32
  C:4FA6H         LINE#         33
  C:4FA6H         LINE#         34
  C:4FB2H         LINE#         35
  C:4FB2H         LINE#         36
  C:4FB7H         LINE#         37
  C:4FB7H         LINE#         39
  C:4FB7H         LINE#         40
  C:4FB9H         LINE#         41
  C:4FB9H         LINE#         42
  -------         ENDPROC       _MBCHAR2BIN
  -------         PROC          _MBBIN2CHAR
  D:0006H         SYMBOL        ucByte
  C:4FBAH         LINE#         44
  C:4FBDH         LINE#         45
  C:4FBDH         LINE#         46
  C:4FC3H         LINE#         47
  C:4FC3H         LINE#         48
  C:4FC8H         LINE#         49
  C:4FC8H         LINE#         50
  C:4FD4H         LINE#         51
  C:4FD4H         LINE#         52
  C:4FD9H         LINE#         53
  C:4FD9H         LINE#         55
  C:4FD9H         LINE#         56
  C:4FDCH         LINE#         57
  C:4FDCH         LINE#         58
  C:4FDEH         LINE#         59
  -------         ENDPROC       _MBBIN2CHAR
  -------         PROC          _SYM_4_TO_INT
  D:0001H         SYMBOL        pucFrame
  -------         DO            
  X:06D3H         SYMBOL        sym_4_to_int
  -------         ENDDO         
  C:4E49H         LINE#         61
  C:4E49H         LINE#         62
  C:4E49H         LINE#         69
  C:4E66H         LINE#         70
  C:4E85H         LINE#         72
  C:4E8DH         LINE#         73
  -------         ENDPROC       _SYM_4_TO_INT
  -------         PROC          _SYM_2_TO_CHAR
  D:0001H         SYMBOL        pucFrame
  -------         DO            
BL51 BANKED LINKER/LOCATER V6.22                                                      06/23/2014  16:07:07  PAGE 60


  D:0007H         SYMBOL        result_char
  -------         ENDDO         
  C:5020H         LINE#         75
  C:5020H         LINE#         76
  C:5020H         LINE#         79
  C:503AH         LINE#         80
  C:503AH         LINE#         81
  -------         ENDPROC       _SYM_2_TO_CHAR
  -------         PROC          _INT_TO_SYM_4
  D:0006H         SYMBOL        val
  D:0001H         SYMBOL        buf
  -------         DO            
  X:0759H         SYMBOL        int_to_sym_4
  -------         ENDDO         
  C:4DAEH         LINE#         83
  C:4DAEH         LINE#         84
  C:4DAEH         LINE#         92
  C:4DB6H         LINE#         94
  C:4DC7H         LINE#         95
  C:4DD7H         LINE#         96
  C:4DE8H         LINE#         97
  C:4DFBH         LINE#         100
  -------         ENDPROC       _INT_TO_SYM_4
  -------         PROC          _CHAR_TO_SYM_2
  D:0005H         SYMBOL        val
  D:0001H         SYMBOL        buf
  C:5002H         LINE#         102
  C:5005H         LINE#         103
  C:5005H         LINE#         104
  C:5011H         LINE#         105
  C:501FH         LINE#         106
  -------         ENDPROC       _CHAR_TO_SYM_2
  -------         PROC          _SYM_8_TO_LONG
  D:0001H         SYMBOL        pucFrame
  -------         DO            
  X:074DH         SYMBOL        sym_8_to_long
  -------         ENDDO         
  C:47CCH         LINE#         108
  C:47CCH         LINE#         109
  C:47CCH         LINE#         117
  C:47E9H         LINE#         118
  C:4808H         LINE#         119
  C:4827H         LINE#         120
  C:4846H         LINE#         122
  C:4854H         LINE#         123
  -------         ENDPROC       _SYM_8_TO_LONG
  -------         PROC          _LONG_TO_SYM_8
  X:06D3H         SYMBOL        val
  X:06D7H         SYMBOL        buf
  -------         DO            
  X:06DAH         SYMBOL        i
  -------         ENDDO         
  C:4B07H         LINE#         125
  C:4B18H         LINE#         126
  C:4B18H         LINE#         129
  C:4B1BH         LINE#         130
  C:4B1BH         LINE#         131
BL51 BANKED LINKER/LOCATER V6.22                                                      06/23/2014  16:07:07  PAGE 61


  C:4B4CH         LINE#         132
  C:4B65H         LINE#         133
  C:4B71H         LINE#         134
  -------         ENDPROC       _LONG_TO_SYM_8
  -------         PROC          READHOLDINGREG
  -------         DO            
  X:072FH         SYMBOL        i
  X:0730H         SYMBOL        count
  X:0731H         SYMBOL        LRC
  X:0732H         SYMBOL        addr
  X:0734H         SYMBOL        len
  -------         ENDDO         
  C:31E5H         LINE#         165
  C:31E5H         LINE#         166
  C:31E5H         LINE#         175
  C:31EAH         LINE#         177
  C:31FBH         LINE#         178
  C:320AH         LINE#         180
  C:3238H         LINE#         181
  C:3238H         LINE#         182
  C:323EH         LINE#         183
  C:3244H         LINE#         185
  C:3250H         LINE#         186
  C:3257H         LINE#         188
  C:3260H         LINE#         189
  C:3267H         LINE#         192
  C:326BH         LINE#         195
  C:3299H         LINE#         196
  C:3299H         LINE#         197
  C:32C5H         LINE#         198
  C:32CCH         LINE#         199
  C:32D4H         LINE#         201
  C:32E4H         LINE#         203
  C:32FBH         LINE#         205
  C:330FH         LINE#         206
  C:3316H         LINE#         208
  C:3324H         LINE#         209
  C:3331H         LINE#         210
  C:3338H         LINE#         211
  C:333AH         LINE#         213
  C:333AH         LINE#         214
  C:333DH         LINE#         215
  C:333DH         LINE#         217
  C:3342H         LINE#         218
  -------         ENDPROC       READHOLDINGREG
  -------         ENDMOD        MODBUS_ASCII

  -------         MODULE        ?C?FPADD
  C:003DH         PUBLIC        ?C?FPADD
  C:0039H         PUBLIC        ?C?FPSUB
  -------         ENDMOD        ?C?FPADD

  -------         MODULE        ?C?FPMUL
  C:012EH         PUBLIC        ?C?FPMUL
  -------         ENDMOD        ?C?FPMUL

  -------         MODULE        ?C?FPCMP
BL51 BANKED LINKER/LOCATER V6.22                                                      06/23/2014  16:07:07  PAGE 62


  C:0236H         PUBLIC        ?C?FPCMP
  C:0234H         PUBLIC        ?C?FPCMP3
  -------         ENDMOD        ?C?FPCMP

  -------         MODULE        ?C?FCAST
  C:02ABH         PUBLIC        ?C?FCASTC
  C:02A6H         PUBLIC        ?C?FCASTI
  C:02A1H         PUBLIC        ?C?FCASTL
  -------         ENDMOD        ?C?FCAST

  -------         MODULE        ?C?CASTF
  C:02DFH         PUBLIC        ?C?CASTF
  -------         ENDMOD        ?C?CASTF

  -------         MODULE        ?C?COPY
  C:0430H         PUBLIC        ?C?COPY
  -------         ENDMOD        ?C?COPY

  -------         MODULE        ?C?CLDPTR
  C:0456H         PUBLIC        ?C?CLDPTR
  -------         ENDMOD        ?C?CLDPTR

  -------         MODULE        ?C?CLDOPTR
  C:046FH         PUBLIC        ?C?CLDOPTR
  -------         ENDMOD        ?C?CLDOPTR

  -------         MODULE        ?C?CILDOPTR
  C:049CH         PUBLIC        ?C?CILDOPTR
  -------         ENDMOD        ?C?CILDOPTR

  -------         MODULE        ?C?CSTPTR
  C:04CFH         PUBLIC        ?C?CSTPTR
  -------         ENDMOD        ?C?CSTPTR

  -------         MODULE        ?C?CSTOPTR
  C:04E1H         PUBLIC        ?C?CSTOPTR
  -------         ENDMOD        ?C?CSTOPTR

  -------         MODULE        ?C?IILDX
  C:0503H         PUBLIC        ?C?IILDX
  -------         ENDMOD        ?C?IILDX

  -------         MODULE        ?C?ILDIX
  C:0519H         PUBLIC        ?C?ILDIX
  -------         ENDMOD        ?C?ILDIX

  -------         MODULE        ?C?ILDPTR
  C:052FH         PUBLIC        ?C?ILDPTR
  -------         ENDMOD        ?C?ILDPTR

  -------         MODULE        ?C?ILDOPTR
  C:055AH         PUBLIC        ?C?ILDOPTR
  -------         ENDMOD        ?C?ILDOPTR

  -------         MODULE        ?C?ISTPTR
  C:0592H         PUBLIC        ?C?ISTPTR
  -------         ENDMOD        ?C?ISTPTR
BL51 BANKED LINKER/LOCATER V6.22                                                      06/23/2014  16:07:07  PAGE 63



  -------         MODULE        ?C?ISTOPTR
  C:05B1H         PUBLIC        ?C?ISTOPTR
  -------         ENDMOD        ?C?ISTOPTR

  -------         MODULE        ?C?ULDIV
  C:061AH         PUBLIC        ?C?ULDIV
  -------         ENDMOD        ?C?ULDIV

  -------         MODULE        ?C?SLDIV
  C:4E8EH         PUBLIC        ?C?SLDIV
  -------         ENDMOD        ?C?SLDIV

  -------         MODULE        ?C?LNEG
  C:06ACH         PUBLIC        ?C?LNEG
  -------         ENDMOD        ?C?LNEG

  -------         MODULE        ?C?ULCMP
  C:06BAH         PUBLIC        ?C?ULCMP
  -------         ENDMOD        ?C?ULCMP

  -------         MODULE        ?C?ULSHR
  C:06CBH         PUBLIC        ?C?ULSHR
  -------         ENDMOD        ?C?ULSHR

  -------         MODULE        ?C?LSHL
  C:06DEH         PUBLIC        ?C?LSHL
  -------         ENDMOD        ?C?LSHL

  -------         MODULE        ?C?LSTXDATA
  C:06F1H         PUBLIC        ?C?LSTXDATA
  -------         ENDMOD        ?C?LSTXDATA

  -------         MODULE        ?C?LSTKXDATA
  C:06FDH         PUBLIC        ?C?LSTKXDATA
  -------         ENDMOD        ?C?LSTKXDATA

  -------         MODULE        ?C?OFFXADD
  C:072EH         PUBLIC        ?C?OFFXADD
  -------         ENDMOD        ?C?OFFXADD

  -------         MODULE        ?C?CCASE
  C:073AH         PUBLIC        ?C?CCASE
  -------         ENDMOD        ?C?CCASE

  -------         MODULE        ?C?ICASE
  C:0760H         PUBLIC        ?C?ICASE
  -------         ENDMOD        ?C?ICASE

*** WARNING L16: UNCALLED SEGMENT, IGNORED FOR OVERLAY PROCESS
    SEGMENT: ?PR?_SYM_2_TO_CHAR?MODBUS_ASCII

*** WARNING L16: UNCALLED SEGMENT, IGNORED FOR OVERLAY PROCESS
    SEGMENT: ?PR?_INT_TO_SYM_4?MODBUS_ASCII

*** WARNING L16: UNCALLED SEGMENT, IGNORED FOR OVERLAY PROCESS
    SEGMENT: ?PR?_SYM_8_TO_LONG?MODBUS_ASCII
BL51 BANKED LINKER/LOCATER V6.22                                                      06/23/2014  16:07:07  PAGE 64



Program Size: data=19.0 xdata=1886 code=20696
LINK/LOCATE RUN COMPLETE.  3 WARNING(S),  0 ERROR(S)
