BL51 BANKED LINKER/LOCATER V6.22                                                        06/23/2014  12:15:09  PAGE 1


BL51 BANKED LINKER/LOCATER V6.22, INVOKED BY:
C:\PROGRAM FILES\KEIL\C51\BIN\BL51.EXE debug.obj, timer3.obj, adc.obj, eeprom.obj, watchdog.obj, proto_uso.obj, channels
>> .obj, START_AD.obj, frequency.obj, timer0.obj, timer2.obj, i2c.obj, calibrate.obj, ulongsort.obj, timer1.obj, crc_tab
>> le.obj TO debug RAMSIZE (256) XDATA (0X0000-0X7FFE)


MEMORY MODEL: LARGE WITH FLOATING POINT ARITHMETIC


INPUT MODULES INCLUDED:
  debug.obj (DEBUG)
  timer3.obj (TIMER3)
  adc.obj (ADC)
  eeprom.obj (EEPROM)
  watchdog.obj (WATCHDOG)
  proto_uso.obj (PROTO_USO)
  channels.obj (CHANNELS)
  START_AD.obj (?C_STARTUP)
  frequency.obj (FREQUENCY)
  timer0.obj (TIMER0)
  timer2.obj (TIMER2)
  i2c.obj (I2C)
  calibrate.obj (CALIBRATE)
  ulongsort.obj (ULONGSORT)
  timer1.obj (TIMER1)
  crc_table.obj (CRC_TABLE)
  C:\PROGRAM FILES\KEIL\C51\LIB\C51FPL.LIB (?C?FPADD)
  C:\PROGRAM FILES\KEIL\C51\LIB\C51FPL.LIB (?C?FPMUL)
  C:\PROGRAM FILES\KEIL\C51\LIB\C51FPL.LIB (?C?FPCMP)
  C:\PROGRAM FILES\KEIL\C51\LIB\C51FPL.LIB (?C?FCAST)
  C:\PROGRAM FILES\KEIL\C51\LIB\C51FPL.LIB (?C?CASTF)
  C:\PROGRAM FILES\KEIL\C51\LIB\C51FPL.LIB (?C?FPGETOPN)
  C:\PROGRAM FILES\KEIL\C51\LIB\C51L.LIB (?C_INIT)
  C:\PROGRAM FILES\KEIL\C51\LIB\C51L.LIB (?C?COPY)
  C:\PROGRAM FILES\KEIL\C51\LIB\C51L.LIB (?C?CLDPTR)
  C:\PROGRAM FILES\KEIL\C51\LIB\C51L.LIB (?C?CLDOPTR)
  C:\PROGRAM FILES\KEIL\C51\LIB\C51L.LIB (?C?CILDOPTR)
  C:\PROGRAM FILES\KEIL\C51\LIB\C51L.LIB (?C?CSTOPTR)
  C:\PROGRAM FILES\KEIL\C51\LIB\C51L.LIB (?C?IILDX)
  C:\PROGRAM FILES\KEIL\C51\LIB\C51L.LIB (?C?ILDPTR)
  C:\PROGRAM FILES\KEIL\C51\LIB\C51L.LIB (?C?ILDOPTR)
  C:\PROGRAM FILES\KEIL\C51\LIB\C51L.LIB (?C?ISTPTR)
  C:\PROGRAM FILES\KEIL\C51\LIB\C51L.LIB (?C?ISTOPTR)
  C:\PROGRAM FILES\KEIL\C51\LIB\C51L.LIB (?C?ULDIV)
  C:\PROGRAM FILES\KEIL\C51\LIB\C51L.LIB (?C?SLDIV)
  C:\PROGRAM FILES\KEIL\C51\LIB\C51L.LIB (?C?LNEG)
  C:\PROGRAM FILES\KEIL\C51\LIB\C51L.LIB (?C?ULCMP)
  C:\PROGRAM FILES\KEIL\C51\LIB\C51L.LIB (?C?ULSHR)
  C:\PROGRAM FILES\KEIL\C51\LIB\C51L.LIB (?C?LSHL)
  C:\PROGRAM FILES\KEIL\C51\LIB\C51L.LIB (?C?LSTXDATA)
  C:\PROGRAM FILES\KEIL\C51\LIB\C51L.LIB (?C?LSTKXDATA)
  C:\PROGRAM FILES\KEIL\C51\LIB\C51L.LIB (?C?OFFXADD)
  C:\PROGRAM FILES\KEIL\C51\LIB\C51L.LIB (?C?CCASE)
  C:\PROGRAM FILES\KEIL\C51\LIB\C51L.LIB (?C?ICASE)


LINK MAP OF MODULE:  debug (DEBUG)

BL51 BANKED LINKER/LOCATER V6.22                                                      06/23/2014  12:15:09  PAGE 2



            TYPE    BASE      LENGTH    RELOCATION   SEGMENT NAME
            -----------------------------------------------------

            * * * * * * *   D A T A   M E M O R Y   * * * * * * *
            REG     0000H     0008H     ABSOLUTE     "REG BANK 0"
            DATA    0008H     0002H     UNIT         _DATA_GROUP_
            DATA    000AH     0001H     UNIT         ?DT?WATCHDOG
            DATA    000BH     0001H     UNIT         ?DT?PROTO_USO
            IDATA   000CH     0006H     UNIT         ?ID?I2C
            IDATA   0012H     0003H     UNIT         ?ID?PROTO_USO
            IDATA   0015H     0001H     UNIT         ?STACK

            * * * * * * *  X D A T A   M E M O R Y  * * * * * * *
            XDATA   0000H     037DH     UNIT         ?XD?PROTO_USO
            XDATA   037DH     015FH     UNIT         ?XD?CHANNELS
            XDATA   04DCH     0132H     UNIT         ?XD?ADC
            XDATA   060EH     006BH     UNIT         ?XD?FREQUENCY
            XDATA   0679H     0030H     UNIT         ?XD?I2C
            XDATA   06A9H     0028H     UNIT         ?XD?ULONGSORT
            XDATA   06D1H     001EH     UNIT         _XDATA_GROUP_
            XDATA   06EFH     0016H     UNIT         ?XD?WATCHDOG
            XDATA   0705H     0010H     UNIT         ?XD?DEBUG
            XDATA   0715H     000DH     UNIT         ?XD?_STORE_DEV_ADDRESS_DESC?PROTO_USO
            XDATA   0722H     0008H     UNIT         ?XD?CHANNEL_SET_CALIBRATE?PROTO_USO
            XDATA   072AH     0006H     UNIT         ?XD?_WDT_PROCESS?WATCHDOG
            XDATA   0730H     0006H     UNIT         ?XD?_PROTO_PASTE_NULL?PROTO_USO
            XDATA   0736H     0005H     UNIT         ?XD?_OLD_CRC_CHECK?PROTO_USO
            XDATA   073BH     0004H     UNIT         ?XD?_PROTOPROCESS?PROTO_USO
            XDATA   073FH     0004H     UNIT         ?XD?_RINGBUFHANDLING?PROTO_USO
            XDATA   0743H     0004H     UNIT         ?XD?_FREQUENCY_MEASURE_PROCESS?FREQUENCY
            XDATA   0747H     0002H     UNIT         ?XD?OLD_CHANNEL_GET_DATA?PROTO_USO
            XDATA   0749H     0002H     UNIT         ?XD?OLD_CHANNEL_GET_DATA_STATE?PROTO_USO
            XDATA   074BH     0002H     UNIT         ?XD?OLD_CHANNEL_GET_STATE?PROTO_USO
            XDATA   074DH     0002H     UNIT         ?XD?RESTORE_DEV_ADDRESS_DESC?PROTO_USO
            XDATA   074FH     0001H     UNIT         ?XD?CHANNEL_SET_ADDRESS_DESC?PROTO_USO
            XDATA   0750H     0001H     UNIT         ?XD?_REQUEST_ERROR?PROTO_USO
            XDATA   0751H     0001H     UNIT         ?XD?OLD_CHANNEL_SET_ADC_RANGE?PROTO_USO

            * * * * * * *   C O D E   M E M O R Y   * * * * * * *
            CODE    0000H     0003H     ABSOLUTE     
            CODE    0003H     0003H     ABSOLUTE     
            CODE    0006H     0003H     UNIT         ?PR?NODE_FULL_INIT?PROTO_USO
                    0009H     0002H                  *** GAP ***
            CODE    000BH     0003H     ABSOLUTE     
            CODE    000EH     0003H     UNIT         ?PR?CHANNEL_LIST_INIT?PROTO_USO
                    0011H     0002H                  *** GAP ***
            CODE    0013H     0003H     ABSOLUTE     
            CODE    0016H     0003H     UNIT         ?PR?CHANNEL_GET_DATA?PROTO_USO
                    0019H     0002H                  *** GAP ***
            CODE    001BH     0003H     ABSOLUTE     
            CODE    001EH     0003H     UNIT         ?PR?CHANNEL_SET_ORDER_QUERY?PROTO_USO
                    0021H     0002H                  *** GAP ***
            CODE    0023H     0003H     ABSOLUTE     
            CODE    0026H     0003H     UNIT         ?PR?CHANNEL_GET_DATA_ORDER?PROTO_USO
                    0029H     0002H                  *** GAP ***
            CODE    002BH     0003H     ABSOLUTE     
BL51 BANKED LINKER/LOCATER V6.22                                                      06/23/2014  12:15:09  PAGE 3


            CODE    002EH     0003H     UNIT         ?PR?CHANNEL_SET_STATE?PROTO_USO
                    0031H     0002H                  *** GAP ***
            CODE    0033H     0003H     ABSOLUTE     
            CODE    0036H     072FH     UNIT         ?C?LIB_CODE
            CODE    0765H     03FAH     UNIT         ?PR?CHANNEL_ALL_GET_DATA?PROTO_USO
            CODE    0B5FH     03B8H     UNIT         ?PR?OLD_CHANNEL_GET_DATA_STATE?PROTO_USO
            CODE    0F17H     038CH     UNIT         ?PR?_I2C_PROCESS?I2C
            CODE    12A3H     0355H     UNIT         ?PR?_PROTOPROCESS?PROTO_USO
            CODE    15F8H     0353H     UNIT         ?C_INITSEG
            CODE    194BH     0330H     UNIT         ?PR?_ULONGSORT_PROCESS?ULONGSORT
            CODE    1C7BH     0303H     UNIT         ?PR?_RINGBUFHANDLING?PROTO_USO
            CODE    1F7EH     02FAH     UNIT         ?PR?OLD_CHANNEL_GET_DATA?PROTO_USO
            CODE    2278H     02D2H     UNIT         ?PR?TIMER2_ISR?FREQUENCY
            CODE    254AH     0288H     UNIT         ?PR?_FREQUENCY_MEASURE_PROCESS?FREQUENCY
            CODE    27D2H     01E8H     UNIT         ?PR?CHANNELS_SET_DEFAULT?CHANNELS
            CODE    29BAH     0189H     UNIT         ?PR?_STORE_DEV_ADDRESS_DESC?PROTO_USO
            CODE    2B43H     017DH     UNIT         ?PR?PROTOBUFHANDLING?PROTO_USO
            CODE    2CC0H     0173H     UNIT         ?PR?OLD_CHANNEL_GET_STATE?PROTO_USO
            CODE    2E33H     016EH     UNIT         ?PR?OLD_CHANNEL_SET_ADC_RANGE?PROTO_USO
            CODE    2FA1H     0167H     UNIT         ?PR?SEND_INFO?PROTO_USO
            CODE    3108H     0161H     UNIT         ?PR?CHANNEL_SET_PARAMETERS?PROTO_USO
            CODE    3269H     0151H     UNIT         ?PR?_I2C_WRITE_BUF?I2C
            CODE    33BAH     0132H     UNIT         ?PR?ADC_ISR?ADC
            CODE    34ECH     0110H     UNIT         ?PR?_PROTO_PASTE_NULL?PROTO_USO
            CODE    35FCH     0110H     UNIT         ?PR?_I2C_READ_BUF?I2C
            CODE    370CH     010DH     UNIT         ?PR?_WDT_PROCESS?WATCHDOG
            CODE    3819H     0105H     UNIT         ?PR?CHANNEL_GET_CALIBRATE_VALUE?PROTO_USO
            CODE    391EH     0100H     UNIT         ?CO?CRC_TABLE
            CODE    3A1EH     00F1H     UNIT         ?PR?RESTORE_DEV_ADDRESS_DESC?PROTO_USO
            CODE    3B0FH     00E5H     UNIT         ?PR?CHANNEL_SET_CALIBRATE?PROTO_USO
            CODE    3BF4H     00E3H     UNIT         ?PR?_EEPROM_WRITE?EEPROM
            CODE    3CD7H     00DFH     UNIT         ?PR?_EEPROM_READ?EEPROM
            CODE    3DB6H     00C6H     UNIT         ?PR?_I2C_READ_COMPLETE?I2C
            CODE    3E7CH     00C3H     UNIT         ?PR?_CALIBRATE_SET_FLAG?CALIBRATE
            CODE    3F3FH     00C0H     UNIT         ?PR?FREQUENCY_INIT?FREQUENCY
            CODE    3FFFH     00BCH     UNIT         ?PR?_GETCALIBRATEVAL?CALIBRATE
            CODE    40BBH     00AEH     UNIT         ?PR?_I2C_REPEATREAD?DEBUG
            CODE    4169H     00A2H     UNIT         ?PR?_CALIBRATE?CALIBRATE
            CODE    420BH     009DH     UNIT         ?PR?ADC_RESTORE_SETTINGS?ADC
            CODE    42A8H     009DH     UNIT         ?C_C51STARTUP
            CODE    4345H     009DH     UNIT         ?PR?RESTORECALIBRATE?CALIBRATE
            CODE    43E2H     0098H     UNIT         ?PR?CHANNELSINIT?CHANNELS
            CODE    447AH     0098H     UNIT         ?PR?RESTORE_CHANNELS_DATA?CHANNELS
            CODE    4512H     0092H     UNIT         ?PR?MAIN?DEBUG
            CODE    45A4H     0078H     UNIT         ?PR?CHANNEL_SET_ADDRESS_DESC?PROTO_USO
            CODE    461CH     0076H     UNIT         ?PR?_OLD_CRC_CHECK?PROTO_USO
            CODE    4692H     006EH     UNIT         ?PR?UART_ISR?PROTO_USO
            CODE    4700H     006BH     UNIT         ?PR?STORE_CHANNELS_DATA?CHANNELS
            CODE    476BH     006BH     UNIT         ?PR?INT2_ISR?FREQUENCY
            CODE    47D6H     0067H     UNIT         ?PR?TIMER1_INTERRUPT?DEBUG
            CODE    483DH     0065H     UNIT         ?PR?INT0_ISR?FREQUENCY
            CODE    48A2H     0065H     UNIT         ?PR?INT1_ISR?FREQUENCY
            CODE    4907H     005BH     UNIT         ?PR?_REQUEST_ERROR?PROTO_USO
            CODE    4962H     0058H     UNIT         ?PR?CHANNELS_GET_SETTINGS_CRC?CHANNELS
            CODE    49BAH     0058H     UNIT         ?PR?CALIBRATE_GET_CRC?CALIBRATE
            CODE    4A12H     004DH     UNIT         ?PR?CALIBRATE_SET_DEFAULT?CALIBRATE
            CODE    4A5FH     0044H     UNIT         ?C?LDIV
BL51 BANKED LINKER/LOCATER V6.22                                                      06/23/2014  12:15:09  PAGE 4


            CODE    4AA3H     0039H     UNIT         ?PR?_WDT_INIT?WATCHDOG
            CODE    4ADCH     0035H     UNIT         ?PR?PROTOCOL_INIT?PROTO_USO
            CODE    4B11H     002DH     UNIT         ?PR?ADC_INITIALIZE?ADC
            CODE    4B3EH     0029H     UNIT         ?PR?_I2C_REPEAT_START_READ?I2C
            CODE    4B67H     0023H     UNIT         ?PR?_CRC_CHECK?CRC_TABLE
            CODE    4B8AH     0016H     UNIT         ?PR?I2C_INIT?I2C
            CODE    4BA0H     0015H     UNIT         ?PR?_ADC_OUT_FREQ?ADC
            CODE    4BB5H     0014H     UNIT         ?PR?TIMER2_INITIALIZE?TIMER2
            CODE    4BC9H     0013H     UNIT         ?PR?CHANNEL_SET_RESET_STATE_FLAGS?PROTO_USO
            CODE    4BDCH     0012H     UNIT         ?PR?UART_INIT?TIMER3
            CODE    4BEEH     0011H     UNIT         ?PR?TIMER0_INITIALIZE?TIMER0
            CODE    4BFFH     0011H     UNIT         ?PR?TIMER1_INITIALIZE?TIMER1
            CODE    4C10H     000CH     UNIT         ?PR?CHANNEL_SET_ALL_DEFAULT?PROTO_USO
            CODE    4C1CH     000AH     UNIT         ?PR?WDT_CLEAR?WATCHDOG
            CODE    4C26H     0007H     UNIT         ?PR?_ADC_SET_MODE?ADC
            CODE    4C2DH     0003H     UNIT         ?PR?CHANNEL_GET_DATA_ORDER_M2?PROTO_USO
            CODE    4C30H     0003H     UNIT         ?PR?OLD_REINIT_BLOCK?PROTO_USO



OVERLAY MAP OF MODULE:   debug (DEBUG)


SEGMENT                                            DATA_GROUP          XDATA_GROUP
  +--> CALLED SEGMENT                            START    LENGTH     START    LENGTH
------------------------------------------------------------------------------------
?C_C51STARTUP                                    -----    -----      -----    -----
  +--> ?PR?MAIN?DEBUG
  +--> ?C_INITSEG

?PR?MAIN?DEBUG                                   -----    -----      -----    -----
  +--> ?PR?RESTORECALIBRATE?CALIBRATE
  +--> ?PR?CHANNELSINIT?CHANNELS
  +--> ?PR?PROTOCOL_INIT?PROTO_USO
  +--> ?PR?TIMER1_INITIALIZE?TIMER1
  +--> ?PR?ADC_INITIALIZE?ADC
  +--> ?PR?UART_INIT?TIMER3
  +--> ?PR?FREQUENCY_INIT?FREQUENCY
  +--> ?PR?I2C_INIT?I2C
  +--> ?PR?_I2C_REPEAT_START_READ?I2C
  +--> ?PR?_PROTOPROCESS?PROTO_USO
  +--> ?PR?_I2C_REPEATREAD?DEBUG
  +--> ?PR?_FREQUENCY_MEASURE_PROCESS?FREQUENCY
  +--> ?PR?_ULONGSORT_PROCESS?ULONGSORT
  +--> ?PR?_I2C_PROCESS?I2C
  +--> ?PR?_RINGBUFHANDLING?PROTO_USO

?PR?RESTORECALIBRATE?CALIBRATE                   -----    -----      06D1H    0009H
  +--> ?PR?_EEPROM_READ?EEPROM
  +--> ?PR?CALIBRATE_GET_CRC?CALIBRATE
  +--> ?PR?CALIBRATE_SET_DEFAULT?CALIBRATE

?PR?_EEPROM_READ?EEPROM                          -----    -----      06DAH    000AH

?PR?CALIBRATE_GET_CRC?CALIBRATE                  -----    -----      06E5H    0003H
  +--> ?CO?CRC_TABLE

BL51 BANKED LINKER/LOCATER V6.22                                                      06/23/2014  12:15:09  PAGE 5


?PR?CALIBRATE_SET_DEFAULT?CALIBRATE              -----    -----      06DAH    0005H
  +--> ?PR?_CALIBRATE_SET_FLAG?CALIBRATE
  +--> ?PR?CALIBRATE_GET_CRC?CALIBRATE
  +--> ?PR?_EEPROM_WRITE?EEPROM

?PR?_CALIBRATE_SET_FLAG?CALIBRATE                -----    -----      06DFH    0006H
  +--> ?PR?_EEPROM_WRITE?EEPROM
  +--> ?PR?CALIBRATE_GET_CRC?CALIBRATE

?PR?_EEPROM_WRITE?EEPROM                         -----    -----      06E5H    000AH

?PR?CHANNELSINIT?CHANNELS                        -----    -----      -----    -----
  +--> ?PR?RESTORE_CHANNELS_DATA?CHANNELS

?PR?RESTORE_CHANNELS_DATA?CHANNELS               -----    -----      06D1H    0009H
  +--> ?PR?_EEPROM_READ?EEPROM
  +--> ?PR?CHANNELS_GET_SETTINGS_CRC?CHANNELS
  +--> ?PR?CHANNELS_SET_DEFAULT?CHANNELS

?PR?CHANNELS_GET_SETTINGS_CRC?CHANNELS           -----    -----      06DFH    0003H
  +--> ?CO?CRC_TABLE

?PR?CHANNELS_SET_DEFAULT?CHANNELS                -----    -----      -----    -----
  +--> ?PR?STORE_CHANNELS_DATA?CHANNELS

?PR?STORE_CHANNELS_DATA?CHANNELS                 -----    -----      06DAH    0005H
  +--> ?PR?_EEPROM_WRITE?EEPROM
  +--> ?PR?CHANNELS_GET_SETTINGS_CRC?CHANNELS

?PR?PROTOCOL_INIT?PROTO_USO                      -----    -----      -----    -----
  +--> ?PR?RESTORE_DEV_ADDRESS_DESC?PROTO_USO

?PR?RESTORE_DEV_ADDRESS_DESC?PROTO_USO           -----    -----      -----    -----
  +--> ?PR?_EEPROM_READ?EEPROM

?PR?ADC_INITIALIZE?ADC                           -----    -----      -----    -----
  +--> ?PR?ADC_RESTORE_SETTINGS?ADC
  +--> ?PR?_ADC_SET_MODE?ADC
  +--> ?PR?_ADC_OUT_FREQ?ADC

?PR?ADC_RESTORE_SETTINGS?ADC                     -----    -----      06D1H    0002H

?PR?FREQUENCY_INIT?FREQUENCY                     -----    -----      06D1H    0001H
  +--> ?PR?TIMER0_INITIALIZE?TIMER0
  +--> ?PR?TIMER2_INITIALIZE?TIMER2

?PR?_I2C_REPEAT_START_READ?I2C                   -----    -----      06D5H    0009H

?PR?_PROTOPROCESS?PROTO_USO                      -----    -----      -----    -----
  +--> ?PR?_CRC_CHECK?CRC_TABLE
  +--> ?PR?_OLD_CRC_CHECK?PROTO_USO
  +--> ?PR?PROTOBUFHANDLING?PROTO_USO
  +--> ?PR?_PROTO_PASTE_NULL?PROTO_USO

?PR?_CRC_CHECK?CRC_TABLE                         -----    -----      -----    -----
  +--> ?CO?CRC_TABLE

BL51 BANKED LINKER/LOCATER V6.22                                                      06/23/2014  12:15:09  PAGE 6


?PR?PROTOBUFHANDLING?PROTO_USO                   -----    -----      -----    -----
  +--> ?PR?SEND_INFO?PROTO_USO
  +--> ?PR?NODE_FULL_INIT?PROTO_USO
  +--> ?PR?CHANNEL_LIST_INIT?PROTO_USO
  +--> ?PR?CHANNEL_GET_DATA?PROTO_USO
  +--> ?PR?CHANNEL_SET_PARAMETERS?PROTO_USO
  +--> ?PR?CHANNEL_SET_ORDER_QUERY?PROTO_USO
  +--> ?PR?CHANNEL_GET_DATA_ORDER?PROTO_USO
  +--> ?PR?CHANNEL_SET_STATE?PROTO_USO
  +--> ?PR?CHANNEL_GET_DATA_ORDER_M2?PROTO_USO
  +--> ?PR?CHANNEL_SET_RESET_STATE_FLAGS?PRO...
  +--> ?PR?CHANNEL_ALL_GET_DATA?PROTO_USO
  +--> ?PR?CHANNEL_SET_ADDRESS_DESC?PROTO_USO
  +--> ?PR?CHANNEL_SET_CALIBRATE?PROTO_USO
  +--> ?PR?CHANNEL_SET_ALL_DEFAULT?PROTO_USO
  +--> ?PR?CHANNEL_GET_CALIBRATE_VALUE?PROTO...
  +--> ?PR?_REQUEST_ERROR?PROTO_USO
  +--> ?PR?OLD_REINIT_BLOCK?PROTO_USO
  +--> ?PR?OLD_CHANNEL_SET_ADC_RANGE?PROTO_USO
  +--> ?PR?OLD_CHANNEL_GET_STATE?PROTO_USO
  +--> ?PR?OLD_CHANNEL_GET_DATA?PROTO_USO
  +--> ?PR?OLD_CHANNEL_GET_DATA_STATE?PROTO_USO

?PR?SEND_INFO?PROTO_USO                          -----    -----      -----    -----
  +--> ?PR?_CRC_CHECK?CRC_TABLE

?PR?CHANNEL_SET_PARAMETERS?PROTO_USO             -----    -----      06D1H    0001H
  +--> ?PR?_REQUEST_ERROR?PROTO_USO
  +--> ?PR?STORE_CHANNELS_DATA?CHANNELS

?PR?_REQUEST_ERROR?PROTO_USO                     -----    -----      -----    -----
  +--> ?PR?_CRC_CHECK?CRC_TABLE

?PR?CHANNEL_SET_RESET_STATE_FLAGS?PRO...         -----    -----      -----    -----
  +--> ?PR?CHANNELSINIT?CHANNELS
  +--> ?PR?_REQUEST_ERROR?PROTO_USO

?PR?CHANNEL_ALL_GET_DATA?PROTO_USO               0008H    0002H      -----    -----
  +--> ?PR?_CRC_CHECK?CRC_TABLE

?PR?CHANNEL_SET_ADDRESS_DESC?PROTO_USO           -----    -----      -----    -----
  +--> ?PR?_STORE_DEV_ADDRESS_DESC?PROTO_USO
  +--> ?PR?_REQUEST_ERROR?PROTO_USO

?PR?_STORE_DEV_ADDRESS_DESC?PROTO_USO            -----    -----      -----    -----
  +--> ?PR?_EEPROM_WRITE?EEPROM

?PR?CHANNEL_SET_CALIBRATE?PROTO_USO              -----    -----      -----    -----
  +--> ?PR?_CALIBRATE?CALIBRATE
  +--> ?PR?_CALIBRATE_SET_FLAG?CALIBRATE
  +--> ?PR?_REQUEST_ERROR?PROTO_USO

?PR?_CALIBRATE?CALIBRATE                         -----    -----      06D1H    000DH
  +--> ?PR?_EEPROM_WRITE?EEPROM
  +--> ?PR?CALIBRATE_GET_CRC?CALIBRATE

?PR?CHANNEL_SET_ALL_DEFAULT?PROTO_USO            -----    -----      -----    -----
BL51 BANKED LINKER/LOCATER V6.22                                                      06/23/2014  12:15:09  PAGE 7


  +--> ?PR?CHANNELS_SET_DEFAULT?CHANNELS
  +--> ?PR?CALIBRATE_SET_DEFAULT?CALIBRATE
  +--> ?PR?_REQUEST_ERROR?PROTO_USO

?PR?CHANNEL_GET_CALIBRATE_VALUE?PROTO...         -----    -----      -----    -----
  +--> ?PR?_REQUEST_ERROR?PROTO_USO
  +--> ?PR?_CRC_CHECK?CRC_TABLE

?PR?OLD_CHANNEL_GET_STATE?PROTO_USO              -----    -----      -----    -----
  +--> ?PR?_PROTO_PASTE_NULL?PROTO_USO
  +--> ?PR?_OLD_CRC_CHECK?PROTO_USO

?PR?OLD_CHANNEL_GET_DATA?PROTO_USO               -----    -----      -----    -----
  +--> ?PR?_PROTO_PASTE_NULL?PROTO_USO
  +--> ?PR?_OLD_CRC_CHECK?PROTO_USO

?PR?OLD_CHANNEL_GET_DATA_STATE?PROTO_USO         -----    -----      -----    -----
  +--> ?PR?_PROTO_PASTE_NULL?PROTO_USO
  +--> ?PR?_OLD_CRC_CHECK?PROTO_USO

?PR?_I2C_REPEATREAD?DEBUG                        -----    -----      06D1H    0004H
  +--> ?PR?_I2C_REPEAT_START_READ?I2C

?PR?_ULONGSORT_PROCESS?ULONGSORT                 -----    -----      06D1H    0004H
  +--> ?PR?_GETCALIBRATEVAL?CALIBRATE

?PR?_GETCALIBRATEVAL?CALIBRATE                   -----    -----      06D5H    0009H

?PR?_I2C_PROCESS?I2C                             -----    -----      06D1H    0004H
  +--> ?PR?_I2C_WRITE_BUF?I2C
  +--> ?PR?_I2C_READ_BUF?I2C
  +--> ?PR?_I2C_READ_COMPLETE?I2C

?PR?_I2C_WRITE_BUF?I2C                           -----    -----      06D5H    0008H

?PR?_I2C_READ_BUF?I2C                            -----    -----      06D5H    0008H

?PR?_I2C_READ_COMPLETE?I2C                       -----    -----      06D5H    0004H
  +--> ?PR?_CRC_CHECK?CRC_TABLE



UNRESOLVED EXTERNAL SYMBOLS:
   READHOLDINGREG
   _LRC_CHECK
   _MBCHAR2BIN



SYMBOL TABLE OF MODULE:  debug (DEBUG)

  VALUE           TYPE          NAME
  ----------------------------------

  -------         MODULE        DEBUG
  C:0000H         SYMBOL        _ICE_DUMMY_
  D:0088H         PUBLIC        TCON
BL51 BANKED LINKER/LOCATER V6.22                                                      06/23/2014  12:15:09  PAGE 8


  D:008BH         PUBLIC        TL1
  D:008DH         PUBLIC        TH1
  D:0098H         PUBLIC        SCON
  D:00A0H         PUBLIC        P2
  D:00A8H         PUBLIC        IE
  D:00B0H         PUBLIC        P3
  D:00B8H         PUBLIC        IP
  D:00C0H         PUBLIC        WDCON
  D:00C8H         PUBLIC        T2CON
  D:00D0H         PUBLIC        PSW
  D:00D7H         PUBLIC        PLLCON
  D:00D8H         PUBLIC        ADCSTAT
  D:00E8H         PUBLIC        I2CCON
  D:00E8H         PUBLIC        DCON
  D:00F8H         PUBLIC        SPICON
  B:00A8H.7       PUBLIC        EA
  X:0705H         PUBLIC        pt_i2c_read
  X:0709H         PUBLIC        pt_freq_measure
  X:070DH         PUBLIC        pt_sort
  X:0711H         PUBLIC        pt_i2c_process
  C:40BBH         PUBLIC        _I2C_RepeatRead
  C:4512H         PUBLIC        main
  C:47D6H         PUBLIC        Timer1_Interrupt
  -------         PROC          MAIN
  C:4512H         LINE#         34
  C:4512H         LINE#         35
  C:4512H         LINE#         36
  C:4514H         LINE#         39
  C:4517H         LINE#         41
  C:451AH         LINE#         43
  C:451DH         LINE#         44
  C:4520H         LINE#         45
  C:4523H         LINE#         46
  C:4526H         LINE#         47
  C:4529H         LINE#         48
  C:452CH         LINE#         51
  C:452FH         LINE#         55
  C:4536H         LINE#         56
  C:453CH         LINE#         57
  C:4542H         LINE#         58
  C:4548H         LINE#         60
  C:454AH         LINE#         62
  C:454DH         LINE#         64
  C:456BH         LINE#         65
  C:456BH         LINE#         66
  C:456BH         LINE#         67
  C:4574H         LINE#         68
  C:457DH         LINE#         69
  C:4586H         LINE#         70
  C:458FH         LINE#         71
  C:4598H         LINE#         73
  C:45A1H         LINE#         74
  -------         ENDPROC       MAIN
  -------         PROC          _I2C_REPEATREAD
  X:06D1H         SYMBOL        pt
  -------         DO            
  X:06D4H         SYMBOL        PT_YIELD_FLAG
BL51 BANKED LINKER/LOCATER V6.22                                                      06/23/2014  12:15:09  PAGE 9


  -------         ENDDO         
  C:40BBH         LINE#         79
  C:40C6H         LINE#         80
  C:40C6H         LINE#         81
  C:40CBH         LINE#         83
  C:40E3H         LINE#         85
  C:40E3H         LINE#         86
  C:40E3H         LINE#         87
  C:4121H         LINE#         88
  C:4140H         LINE#         90
  C:414EH         LINE#         91
  C:4150H         LINE#         92
  C:4168H         LINE#         94
  -------         ENDPROC       _I2C_REPEATREAD
  -------         PROC          TIMER1_INTERRUPT
  C:47D6H         LINE#         96
  C:47DCH         LINE#         99
  C:47DFH         LINE#         100
  C:47E2H         LINE#         101
  C:47F0H         LINE#         102
  C:47FEH         LINE#         103
  C:480CH         LINE#         104
  C:481AH         LINE#         105
  C:4828H         LINE#         106
  C:4836H         LINE#         108
  -------         ENDPROC       TIMER1_INTERRUPT
  -------         ENDMOD        DEBUG

  -------         MODULE        TIMER3
  C:0000H         SYMBOL        _ICE_DUMMY_
  D:0088H         PUBLIC        TCON
  D:0098H         PUBLIC        SCON
  D:009DH         PUBLIC        T3FD
  D:009EH         PUBLIC        T3CON
  D:00A0H         PUBLIC        P2
  D:00A8H         PUBLIC        IE
  D:00B0H         PUBLIC        P3
  D:00B8H         PUBLIC        IP
  D:00C0H         PUBLIC        WDCON
  D:00C8H         PUBLIC        T2CON
  D:00D0H         PUBLIC        PSW
  D:00D8H         PUBLIC        ADCSTAT
  D:00E8H         PUBLIC        I2CCON
  D:00E8H         PUBLIC        DCON
  D:00F8H         PUBLIC        SPICON
  B:00A8H.4       PUBLIC        ES
  B:00B8H.4       PUBLIC        PS
  B:0098H.1       PUBLIC        TI
  B:0098H.0       PUBLIC        RI
  C:4BDCH         PUBLIC        UART_Init
  -------         PROC          UART_INIT
  C:4BDCH         LINE#         3
  C:4BDCH         LINE#         4
  C:4BDCH         LINE#         6
  C:4BDFH         LINE#         8
  C:4BE2H         LINE#         9
  C:4BE5H         LINE#         10
BL51 BANKED LINKER/LOCATER V6.22                                                      06/23/2014  12:15:09  PAGE 10


  C:4BE7H         LINE#         11
  C:4BE9H         LINE#         12
  C:4BEBH         LINE#         13
  C:4BEDH         LINE#         15
  -------         ENDPROC       UART_INIT
  -------         ENDMOD        TIMER3

  -------         MODULE        ADC
  C:0000H         SYMBOL        _ICE_DUMMY_
  D:0088H         PUBLIC        TCON
  D:0098H         PUBLIC        SCON
  D:00A0H         PUBLIC        P2
  D:00A8H         PUBLIC        IE
  D:00B0H         PUBLIC        P3
  D:00B8H         PUBLIC        IP
  D:00C0H         PUBLIC        WDCON
  D:00C8H         PUBLIC        T2CON
  D:00D0H         PUBLIC        PSW
  D:00D1H         PUBLIC        ADCMODE
  D:00D2H         PUBLIC        ADC0CON1
  D:00D4H         PUBLIC        SF
  D:00D8H         PUBLIC        ADCSTAT
  D:00D9H         PUBLIC        ADC0L
  D:00DAH         PUBLIC        ADC0M
  D:00DBH         PUBLIC        ADC0H
  D:00E6H         PUBLIC        ADC0CON2
  D:00E8H         PUBLIC        I2CCON
  D:00E8H         PUBLIC        DCON
  D:00F8H         PUBLIC        SPICON
  B:00A8H.6       PUBLIC        EADC
  B:00D8H.7       PUBLIC        RDY0
  X:04DEH         PUBLIC        adc_channels
  C:4B11H         PUBLIC        ADC_Initialize
  C:33BAH         PUBLIC        ADC_ISR
  C:4C26H         PUBLIC        _ADC_Set_Mode
  C:4BA0H         PUBLIC        _ADC_Out_Freq
  C:420BH         PUBLIC        ADC_Restore_Settings
  -------         PROC          ADC_INITIALIZE
  C:4B11H         LINE#         6
  C:4B11H         LINE#         7
  C:4B11H         LINE#         8
  C:4B14H         LINE#         9
  C:4B17H         LINE#         10
  C:4B1AH         LINE#         16
  C:4B1DH         LINE#         17
  C:4B20H         LINE#         18
  C:4B23H         LINE#         20
  C:4B26H         LINE#         21
  C:4B29H         LINE#         31
  C:4B2CH         LINE#         32
  C:4B31H         LINE#         34
  C:4B38H         LINE#         37
  C:4B3AH         LINE#         39
  C:4B3DH         LINE#         42
  -------         ENDPROC       ADC_INITIALIZE
  -------         PROC          ADC_ISR
  -------         DO            
BL51 BANKED LINKER/LOCATER V6.22                                                      06/23/2014  12:15:09  PAGE 11


  X:04DCH         SYMBOL        current_channel
  X:04DDH         SYMBOL        current_buf_item
  -------         ENDDO         
  C:33BAH         LINE#         44
  C:33CAH         LINE#         49
  C:33D2H         LINE#         50
  C:33E7H         LINE#         52
  C:340BH         LINE#         53
  C:3428H         LINE#         54
  C:344DH         LINE#         55
  C:346AH         LINE#         57
  C:3483H         LINE#         58
  C:3499H         LINE#         61
  C:34A5H         LINE#         62
  C:34C4H         LINE#         63
  C:34D9H         LINE#         66
  C:34DBH         LINE#         68
  -------         ENDPROC       ADC_ISR
  -------         PROC          _ADC_SET_MODE
  D:0007H         SYMBOL        mode
  C:4C26H         LINE#         70
  C:4C26H         LINE#         71
  C:4C26H         LINE#         72
  C:4C29H         LINE#         73
  C:4C2CH         LINE#         75
  -------         ENDPROC       _ADC_SET_MODE
  -------         PROC          _ADC_OUT_FREQ
  D:0006H         SYMBOL        freq
  C:4BA0H         LINE#         77
  C:4BA0H         LINE#         78
  C:4BA0H         LINE#         79
  C:4BB4H         LINE#         81
  -------         ENDPROC       _ADC_OUT_FREQ
  -------         PROC          ADC_RESTORE_SETTINGS
  -------         DO            
  X:06D1H         SYMBOL        i
  X:06D2H         SYMBOL        j
  -------         ENDDO         
  C:420BH         LINE#         83
  C:420BH         LINE#         84
  C:420BH         LINE#         85
  C:4212H         LINE#         86
  C:4223H         LINE#         87
  C:4223H         LINE#         88
  C:4234H         LINE#         89
  C:4245H         LINE#         90
  C:4257H         LINE#         91
  C:4268H         LINE#         93
  C:4276H         LINE#         94
  C:4276H         LINE#         95
  C:4296H         LINE#         96
  C:429EH         LINE#         97
  C:42A7H         LINE#         99
  -------         ENDPROC       ADC_RESTORE_SETTINGS
  -------         ENDMOD        ADC

  -------         MODULE        EEPROM
BL51 BANKED LINKER/LOCATER V6.22                                                      06/23/2014  12:15:09  PAGE 12


  C:0000H         SYMBOL        _ICE_DUMMY_
  D:0088H         PUBLIC        TCON
  D:0098H         PUBLIC        SCON
  D:00A0H         PUBLIC        P2
  D:00A8H         PUBLIC        IE
  D:00B0H         PUBLIC        P3
  D:00B8H         PUBLIC        IP
  D:00B9H         PUBLIC        ECON
  D:00BCH         PUBLIC        EDATA1
  D:00BDH         PUBLIC        EDATA2
  D:00BEH         PUBLIC        EDATA3
  D:00BFH         PUBLIC        EDATA4
  D:00C0H         PUBLIC        WDCON
  D:00C8H         PUBLIC        T2CON
  D:00D0H         PUBLIC        PSW
  D:00D8H         PUBLIC        ADCSTAT
  D:00E8H         PUBLIC        I2CCON
  D:00E8H         PUBLIC        DCON
  D:00F8H         PUBLIC        SPICON
  B:00A8H.7       PUBLIC        EA
  D:00C6H         PUBLIC        EADR
  C:3CD7H         PUBLIC        _EEPROM_Read
  C:3BF4H         PUBLIC        _EEPROM_Write
  -------         PROC          _EEPROM_WRITE
  D:0001H         SYMBOL        buffer
  X:06E8H         SYMBOL        len
  X:06EAH         SYMBOL        addr
  -------         DO            
  X:06ECH         SYMBOL        i
  D:0001H         SYMBOL        buf
  X:06EEH         SYMBOL        ea_temp
  -------         ENDDO         
  C:3BF4H         LINE#         4
  C:3BFCH         LINE#         5
  C:3BFCH         LINE#         7
  C:3C03H         LINE#         10
  C:3C05H         LINE#         12
  C:3C1CH         LINE#         13
  C:3C20H         LINE#         15
  C:3C20H         LINE#         17
  C:3C3FH         LINE#         18
  C:3C3FH         LINE#         19
  C:3C47H         LINE#         20
  C:3C49H         LINE#         22
  C:3C63H         LINE#         23
  C:3C6DH         LINE#         24
  C:3C89H         LINE#         25
  C:3C95H         LINE#         27
  C:3CA1H         LINE#         29
  C:3CA4H         LINE#         30
  C:3CA7H         LINE#         32
  C:3CAFH         LINE#         34
  C:3CBDH         LINE#         35
  C:3CCEH         LINE#         37
  C:3CD6H         LINE#         38
  -------         ENDPROC       _EEPROM_WRITE
  -------         PROC          _EEPROM_READ
BL51 BANKED LINKER/LOCATER V6.22                                                      06/23/2014  12:15:09  PAGE 13


  D:0001H         SYMBOL        buffer
  X:06DDH         SYMBOL        len
  X:06DFH         SYMBOL        addr
  -------         DO            
  X:06E1H         SYMBOL        i
  D:0001H         SYMBOL        buf
  X:06E3H         SYMBOL        ea_temp
  -------         ENDDO         
  C:3CD7H         LINE#         40
  C:3CDFH         LINE#         41
  C:3CDFH         LINE#         44
  C:3CE6H         LINE#         47
  C:3CE8H         LINE#         49
  C:3CFFH         LINE#         50
  C:3D03H         LINE#         52
  C:3D03H         LINE#         54
  C:3D22H         LINE#         55
  C:3D22H         LINE#         56
  C:3D2AH         LINE#         57
  C:3D2CH         LINE#         59
  C:3D38H         LINE#         60
  C:3D3BH         LINE#         62
  C:3D57H         LINE#         63
  C:3D61H         LINE#         64
  C:3D7AH         LINE#         65
  C:3D86H         LINE#         67
  C:3D8EH         LINE#         69
  C:3D9CH         LINE#         70
  C:3DADH         LINE#         72
  C:3DB5H         LINE#         73
  -------         ENDPROC       _EEPROM_READ
  -------         ENDMOD        EEPROM

  -------         MODULE        WATCHDOG
  C:0000H         SYMBOL        _ICE_DUMMY_
  D:0088H         PUBLIC        TCON
  D:0098H         PUBLIC        SCON
  D:00A0H         PUBLIC        P2
  D:00A8H         PUBLIC        IE
  D:00B0H         PUBLIC        P3
  D:00B8H         PUBLIC        IP
  D:00C0H         PUBLIC        WDCON
  D:00C8H         PUBLIC        T2CON
  D:00D0H         PUBLIC        PSW
  D:00D8H         PUBLIC        ADCSTAT
  D:00E8H         PUBLIC        I2CCON
  D:00E8H         PUBLIC        DCON
  D:00F8H         PUBLIC        SPICON
  B:00A8H.7       PUBLIC        EA
  B:00C0H.0       PUBLIC        WDWR
  X:06EFH         PUBLIC        wdt_count
  C:4AA3H         PUBLIC        _WDT_Init
  C:4C1CH         PUBLIC        WDT_Clear
  C:370CH         PUBLIC        _WDT_Process
  D:000AH         PUBLIC        wdt_intval
  X:0701H         PUBLIC        pt_wdt
  -------         PROC          _WDT_INIT
BL51 BANKED LINKER/LOCATER V6.22                                                      06/23/2014  12:15:09  PAGE 14


  D:0007H         SYMBOL        interval
  -------         DO            
  D:0006H         SYMBOL        i
  -------         ENDDO         
  C:4AA3H         LINE#         8
  C:4AA3H         LINE#         9
  C:4AA3H         LINE#         10
  C:4AA5H         LINE#         12
  C:4AA7H         LINE#         13
  C:4AA9H         LINE#         14
  C:4AACH         LINE#         30
  C:4AACH         LINE#         31
  C:4AACH         LINE#         32
  C:4ABEH         LINE#         33
  C:4ACFH         LINE#         34
  C:4AD4H         LINE#         36
  C:4ADBH         LINE#         38
  -------         ENDPROC       _WDT_INIT
  -------         PROC          WDT_CLEAR
  C:4C1CH         LINE#         40
  C:4C1CH         LINE#         41
  C:4C1CH         LINE#         42
  C:4C1EH         LINE#         44
  C:4C20H         LINE#         45
  C:4C23H         LINE#         47
  C:4C25H         LINE#         49
  -------         ENDPROC       WDT_CLEAR
  -------         PROC          _WDT_PROCESS
  X:072AH         SYMBOL        pt
  -------         DO            
  X:072DH         SYMBOL        i
  X:072EH         SYMBOL        process_error
  -------         DO            
  X:072FH         SYMBOL        PT_YIELD_FLAG
  -------         ENDDO         
  -------         ENDDO         
  C:370CH         LINE#         51
  C:3717H         LINE#         52
  C:3717H         LINE#         54
  C:371CH         LINE#         55
  C:3720H         LINE#         57
  C:3749H         LINE#         59
  C:3749H         LINE#         60
  C:3749H         LINE#         61
  C:3787H         LINE#         62
  C:378CH         LINE#         64
  C:379AH         LINE#         66
  C:379FH         LINE#         67
  C:379FH         LINE#         68
  C:37CBH         LINE#         69
  C:37CBH         LINE#         70
  C:37D0H         LINE#         71
  C:37D2H         LINE#         72
  C:37D2H         LINE#         74
  C:37D2H         LINE#         75
  C:37E7H         LINE#         76
  C:37E7H         LINE#         77
BL51 BANKED LINKER/LOCATER V6.22                                                      06/23/2014  12:15:09  PAGE 15


  C:37F1H         LINE#         79
  C:37FAH         LINE#         80
  C:37FAH         LINE#         81
  C:37FDH         LINE#         82
  C:37FDH         LINE#         83
  C:3800H         LINE#         84
  C:3818H         LINE#         85
  -------         ENDPROC       _WDT_PROCESS
  -------         ENDMOD        WATCHDOG

  -------         MODULE        PROTO_USO
  C:0000H         SYMBOL        _ICE_DUMMY_
  D:0088H         PUBLIC        TCON
  D:0098H         PUBLIC        SCON
  D:0099H         PUBLIC        SBUF
  D:00A0H         PUBLIC        P2
  D:00A8H         PUBLIC        IE
  D:00B0H         PUBLIC        P3
  D:00B8H         PUBLIC        IP
  D:00C0H         PUBLIC        WDCON
  D:00C8H         PUBLIC        T2CON
  D:00D0H         PUBLIC        PSW
  D:00D8H         PUBLIC        ADCSTAT
  D:00E8H         PUBLIC        I2CCON
  D:00E8H         PUBLIC        DCON
  D:00F8H         PUBLIC        SPICON
  B:00D0H.7       PUBLIC        CY
  B:00A8H.7       PUBLIC        EA
  B:00A8H.4       PUBLIC        ES
  B:0098H.4       PUBLIC        REN
  B:0098H.1       PUBLIC        TI
  B:0098H.0       PUBLIC        RI
  C:4692H         PUBLIC        UART_ISR
  C:4ADCH         PUBLIC        Protocol_Init
  C:2FA1H         PUBLIC        Send_Info
  C:0006H         PUBLIC        Node_Full_Init
  C:000EH         PUBLIC        Channel_List_Init
  C:0016H         PUBLIC        Channel_Get_Data
  C:3108H         PUBLIC        Channel_Set_Parameters
  C:001EH         PUBLIC        Channel_Set_Order_Query
  C:0026H         PUBLIC        Channel_Get_Data_Order
  C:002EH         PUBLIC        Channel_Set_State
  C:4C2DH         PUBLIC        Channel_Get_Data_Order_M2
  C:4BC9H         PUBLIC        Channel_Set_Reset_State_Flags
  C:0765H         PUBLIC        Channel_All_Get_Data
  C:45A4H         PUBLIC        Channel_Set_Address_Desc
  C:3B0FH         PUBLIC        Channel_Set_Calibrate
  C:4C10H         PUBLIC        Channel_Set_All_Default
  C:3819H         PUBLIC        Channel_Get_Calibrate_Value
  C:4907H         PUBLIC        _Request_Error
  C:461CH         PUBLIC        _Old_CRC_Check
  C:1F7EH         PUBLIC        Old_Channel_Get_Data
  C:0B5FH         PUBLIC        Old_Channel_Get_Data_State
  C:2CC0H         PUBLIC        Old_Channel_Get_State
  C:4C30H         PUBLIC        Old_Reinit_Block
  C:2E33H         PUBLIC        Old_Channel_Set_ADC_Range
  C:34ECH         PUBLIC        _Proto_Paste_Null
BL51 BANKED LINKER/LOCATER V6.22                                                      06/23/2014  12:15:09  PAGE 16


  C:2B43H         PUBLIC        ProtoBufHandling
  C:12A3H         PUBLIC        _ProtoProcess
  C:1C7BH         PUBLIC        _RingBufHandling
  C:29BAH         PUBLIC        _Store_Dev_Address_Desc
  C:3A1EH         PUBLIC        Restore_Dev_Address_Desc
  B:00B0H.5       PUBLIC        DE_RE
  X:0005H         PUBLIC        DEV_NAME
  X:0019H         PUBLIC        NOTICE
  X:0041H         PUBLIC        VERSION
  X:0049H         PUBLIC        ADRESS_DEV
  X:004AH         PUBLIC        dev_desc_len
  I:0012H         PUBLIC        RECIEVED
  X:004BH         PUBLIC        recieve_count
  X:004DH         PUBLIC        transf_count
  X:004EH         PUBLIC        buf_len
  I:0013H         PUBLIC        CUT_OUT_NULL
  X:004FH         PUBLIC        frame_len
  X:0050H         PUBLIC        RecieveBuf
  X:015EH         PUBLIC        TransferBuf
  X:026CH         PUBLIC        STATE_BYTE
  I:0014H         PUBLIC        symbol
  X:026DH         PUBLIC        protocol_type
  X:026EH         PUBLIC        pt_proto
  X:0272H         PUBLIC        pt_buf_handle
  X:0276H         PUBLIC        rngbuf
  X:0379H         PUBLIC        sym_8_to_float
  -------         PROC          UART_ISR
  C:4692H         LINE#         56
  C:469DH         LINE#         58
  C:469FH         LINE#         60
  C:46A2H         LINE#         61
  C:46A2H         LINE#         62
  C:46A4H         LINE#         63
  C:46B4H         LINE#         64
  C:46BAH         LINE#         65
  C:46C0H         LINE#         66
  C:46C0H         LINE#         68
  C:46C3H         LINE#         69
  C:46C3H         LINE#         70
  C:46C5H         LINE#         72
  C:46D2H         LINE#         73
  C:46D2H         LINE#         75
  C:46DFH         LINE#         76
  C:46E5H         LINE#         77
  C:46E7H         LINE#         79
  C:46E7H         LINE#         80
  C:46ECH         LINE#         81
  C:46F2H         LINE#         82
  C:46F2H         LINE#         83
  C:46F2H         LINE#         84
  C:46F4H         LINE#         86
  -------         ENDPROC       UART_ISR
  -------         PROC          PROTOCOL_INIT
  C:4ADCH         LINE#         89
  C:4ADCH         LINE#         90
  C:4ADCH         LINE#         91
  C:4ADEH         LINE#         92
BL51 BANKED LINKER/LOCATER V6.22                                                      06/23/2014  12:15:09  PAGE 17


  C:4AE0H         LINE#         96
  C:4AE3H         LINE#         98
  C:4AE8H         LINE#         99
  C:4AEAH         LINE#         100
  C:4AECH         LINE#         102
  C:4AF2H         LINE#         103
  C:4AF6H         LINE#         104
  C:4AF8H         LINE#         105
  C:4AFAH         LINE#         106
  C:4AFDH         LINE#         107
  C:4B03H         LINE#         108
  C:4B0AH         LINE#         109
  C:4B10H         LINE#         111
  -------         ENDPROC       PROTOCOL_INIT
  -------         PROC          SEND_INFO
  -------         DO            
  D:0007H         SYMBOL        i
  -------         ENDDO         
  C:2FA1H         LINE#         113
  C:2FA1H         LINE#         114
  C:2FA1H         LINE#         115
  C:2FA3H         LINE#         118
  C:2FA7H         LINE#         119
  C:2FABH         LINE#         120
  C:2FAFH         LINE#         122
  C:2FB7H         LINE#         123
  C:2FBBH         LINE#         124
  C:2FC3H         LINE#         126
  C:2FC4H         LINE#         127
  C:2FC4H         LINE#         128
  C:2FCAH         LINE#         129
  C:2FCAH         LINE#         130
  C:2FE2H         LINE#         131
  C:2FE4H         LINE#         133
  C:2FE4H         LINE#         134
  C:2FF0H         LINE#         135
  C:2FF0H         LINE#         136
  C:2FF5H         LINE#         138
  C:2FF7H         LINE#         139
  C:2FF7H         LINE#         140
  C:2FFDH         LINE#         141
  C:2FFDH         LINE#         142
  C:3015H         LINE#         143
  C:3015H         LINE#         144
  C:301AH         LINE#         146
  C:3022H         LINE#         148
  C:302EH         LINE#         149
  C:302EH         LINE#         150
  C:3066H         LINE#         151
  C:3077H         LINE#         152
  C:307AH         LINE#         153
  C:3086H         LINE#         154
  C:3086H         LINE#         155
  C:30B0H         LINE#         156
  C:30B3H         LINE#         158
  C:30C6H         LINE#         159
  C:30FBH         LINE#         161
BL51 BANKED LINKER/LOCATER V6.22                                                      06/23/2014  12:15:09  PAGE 18


  C:3107H         LINE#         162
  -------         ENDPROC       SEND_INFO
  -------         PROC          NODE_FULL_INIT
  C:0006H         LINE#         164
  C:0006H         LINE#         165
  C:0006H         LINE#         166
  C:0008H         LINE#         167
  -------         ENDPROC       NODE_FULL_INIT
  -------         PROC          CHANNEL_LIST_INIT
  C:000EH         LINE#         169
  C:000EH         LINE#         170
  C:000EH         LINE#         171
  C:0010H         LINE#         172
  -------         ENDPROC       CHANNEL_LIST_INIT
  -------         PROC          CHANNEL_GET_DATA
  C:0016H         LINE#         174
  C:0016H         LINE#         175
  C:0016H         LINE#         176
  C:0018H         LINE#         177
  -------         ENDPROC       CHANNEL_GET_DATA
  -------         PROC          CHANNEL_SET_PARAMETERS
  -------         DO            
  D:0007H         SYMBOL        index
  X:06D1H         SYMBOL        store_data
  -------         ENDDO         
  C:3108H         LINE#         179
  C:3108H         LINE#         180
  C:3108H         LINE#         181
  C:310EH         LINE#         183
  C:311CH         LINE#         184
  C:311CH         LINE#         185
  C:3135H         LINE#         186
  C:3135H         LINE#         187
  C:3149H         LINE#         188
  C:3149H         LINE#         189
  C:3149H         LINE#         190
  C:3149H         LINE#         191
  C:31CDH         LINE#         192
  C:31CDH         LINE#         193
  C:31F4H         LINE#         194
  C:321BH         LINE#         195
  C:3244H         LINE#         196
  C:324AH         LINE#         198
  C:324AH         LINE#         199
  C:324BH         LINE#         200
  C:324BH         LINE#         201
  C:324DH         LINE#         204
  C:324DH         LINE#         205
  C:324DH         LINE#         206
  C:324EH         LINE#         207
  C:324EH         LINE#         208
  C:324EH         LINE#         209
  C:3251H         LINE#         210
  C:3254H         LINE#         212
  C:3254H         LINE#         213
  C:325AH         LINE#         214
  C:325AH         LINE#         215
BL51 BANKED LINKER/LOCATER V6.22                                                      06/23/2014  12:15:09  PAGE 19


  C:325AH         LINE#         216
  C:3260H         LINE#         217
  C:3260H         LINE#         218
  C:3263H         LINE#         219
  C:3263H         LINE#         221
  C:3268H         LINE#         222
  -------         ENDPROC       CHANNEL_SET_PARAMETERS
  -------         PROC          CHANNEL_SET_ORDER_QUERY
  C:001EH         LINE#         224
  C:001EH         LINE#         225
  C:001EH         LINE#         226
  C:0020H         LINE#         227
  -------         ENDPROC       CHANNEL_SET_ORDER_QUERY
  -------         PROC          CHANNEL_GET_DATA_ORDER
  C:0026H         LINE#         229
  C:0026H         LINE#         230
  C:0026H         LINE#         231
  C:0028H         LINE#         232
  -------         ENDPROC       CHANNEL_GET_DATA_ORDER
  -------         PROC          CHANNEL_SET_STATE
  C:002EH         LINE#         234
  C:002EH         LINE#         235
  C:002EH         LINE#         236
  C:0030H         LINE#         237
  -------         ENDPROC       CHANNEL_SET_STATE
  -------         PROC          CHANNEL_GET_DATA_ORDER_M2
  C:4C2DH         LINE#         239
  C:4C2DH         LINE#         240
  C:4C2DH         LINE#         241
  C:4C2FH         LINE#         242
  -------         ENDPROC       CHANNEL_GET_DATA_ORDER_M2
  -------         PROC          CHANNEL_SET_RESET_STATE_FLAGS
  C:4BC9H         LINE#         244
  C:4BC9H         LINE#         245
  C:4BC9H         LINE#         246
  C:4BCFH         LINE#         247
  C:4BD3H         LINE#         248
  C:4BD6H         LINE#         249
  C:4BDBH         LINE#         250
  -------         ENDPROC       CHANNEL_SET_RESET_STATE_FLAGS
  -------         PROC          CHANNEL_ALL_GET_DATA
  -------         DO            
  D:0008H         SYMBOL        index
  D:0009H         SYMBOL        i
  -------         ENDDO         
  C:0765H         LINE#         253
  C:0765H         LINE#         254
  C:0765H         LINE#         255
  C:076AH         LINE#         258
  C:0776H         LINE#         259
  C:077EH         LINE#         260
  C:0782H         LINE#         261
  C:078AH         LINE#         263
  C:078DH         LINE#         265
  C:079EH         LINE#         266
  C:079EH         LINE#         267
  C:07AFH         LINE#         268
BL51 BANKED LINKER/LOCATER V6.22                                                      06/23/2014  12:15:09  PAGE 20


  C:07E5H         LINE#         269
  C:0809H         LINE#         270
  C:0809H         LINE#         271
  C:0809H         LINE#         272
  C:0809H         LINE#         273
  C:0828H         LINE#         274
  C:0828H         LINE#         275
  C:0828H         LINE#         276
  C:0828H         LINE#         277
  C:0840H         LINE#         278
  C:0840H         LINE#         279
  C:085FH         LINE#         280
  C:086DH         LINE#         281
  C:086FH         LINE#         283
  C:086FH         LINE#         284
  C:088EH         LINE#         285
  C:08B0H         LINE#         286
  C:08B0H         LINE#         289
  C:08B0H         LINE#         290
  C:08B0H         LINE#         291
  C:08B0H         LINE#         292
  C:08B3H         LINE#         294
  C:08B3H         LINE#         295
  C:08B3H         LINE#         296
  C:08CBH         LINE#         297
  C:08CBH         LINE#         298
  C:08EAH         LINE#         299
  C:090CH         LINE#         300
  C:091AH         LINE#         301
  C:091CH         LINE#         303
  C:091CH         LINE#         304
  C:093BH         LINE#         305
  C:095DH         LINE#         306
  C:097FH         LINE#         307
  C:097FH         LINE#         309
  C:09A1H         LINE#         310
  C:09AFH         LINE#         311
  C:09AFH         LINE#         312
  C:09B2H         LINE#         313
  C:09B2H         LINE#         314
  C:09B2H         LINE#         315
  C:09B2H         LINE#         317
  C:09B2H         LINE#         318
  C:09B2H         LINE#         319
  C:09C8H         LINE#         320
  C:09C8H         LINE#         321
  C:09C8H         LINE#         322
  C:09C8H         LINE#         323
  C:09EAH         LINE#         324
  C:0A0CH         LINE#         325
  C:0A2EH         LINE#         326
  C:0A50H         LINE#         327
  C:0A5EH         LINE#         328
  C:0A5EH         LINE#         329
  C:0A61H         LINE#         330
  C:0A61H         LINE#         331
  C:0A61H         LINE#         332
BL51 BANKED LINKER/LOCATER V6.22                                                      06/23/2014  12:15:09  PAGE 21


  C:0A61H         LINE#         334
  C:0A61H         LINE#         335
  C:0A61H         LINE#         336
  C:0A7BH         LINE#         337
  C:0A7BH         LINE#         339
  C:0A7BH         LINE#         340
  C:0A7BH         LINE#         341
  C:0A9DH         LINE#         342
  C:0ABFH         LINE#         343
  C:0ACDH         LINE#         344
  C:0ACDH         LINE#         345
  C:0ACFH         LINE#         347
  C:0ACFH         LINE#         348
  C:0ACFH         LINE#         349
  C:0AF1H         LINE#         350
  C:0B13H         LINE#         351
  C:0B35H         LINE#         352
  C:0B35H         LINE#         353
  C:0B35H         LINE#         354
  C:0B35H         LINE#         355
  C:0B35H         LINE#         356
  C:0B35H         LINE#         357
  C:0B35H         LINE#         358
  C:0B3AH         LINE#         360
  C:0B42H         LINE#         361
  C:0B5AH         LINE#         362
  C:0B5EH         LINE#         363
  -------         ENDPROC       CHANNEL_ALL_GET_DATA
  -------         PROC          CHANNEL_SET_CALIBRATE
  -------         DO            
  X:0722H         SYMBOL        K
  X:0726H         SYMBOL        C
  -------         ENDDO         
  C:3B0FH         LINE#         366
  C:3B0FH         LINE#         367
  C:3B0FH         LINE#         371
  C:3B19H         LINE#         372
  C:3B23H         LINE#         373
  C:3B2DH         LINE#         374
  C:3B37H         LINE#         376
  C:3B4BH         LINE#         378
  C:3B55H         LINE#         379
  C:3B5FH         LINE#         380
  C:3B69H         LINE#         381
  C:3B73H         LINE#         383
  C:3B87H         LINE#         385
  C:3B9DH         LINE#         386
  C:3B9DH         LINE#         387
  C:3B9DH         LINE#         388
  C:3B9DH         LINE#         389
  C:3BD3H         LINE#         390
  C:3BD3H         LINE#         391
  C:3BD5H         LINE#         393
  C:3BD5H         LINE#         394
  C:3BD5H         LINE#         395
  C:3BDFH         LINE#         396
  C:3BDFH         LINE#         397
BL51 BANKED LINKER/LOCATER V6.22                                                      06/23/2014  12:15:09  PAGE 22


  C:3BE1H         LINE#         399
  C:3BE1H         LINE#         400
  C:3BE1H         LINE#         401
  C:3BEBH         LINE#         402
  C:3BEBH         LINE#         403
  C:3BEDH         LINE#         405
  C:3BEDH         LINE#         406
  C:3BEDH         LINE#         407
  C:3BEEH         LINE#         408
  C:3BEEH         LINE#         409
  C:3BEEH         LINE#         410
  C:3BEEH         LINE#         413
  C:3BF3H         LINE#         414
  -------         ENDPROC       CHANNEL_SET_CALIBRATE
  -------         PROC          CHANNEL_GET_CALIBRATE_VALUE
  -------         DO            
  D:000BH         SYMBOL        channel
  -------         ENDDO         
  C:3819H         LINE#         416
  C:3819H         LINE#         417
  C:3819H         LINE#         418
  C:381CH         LINE#         421
  C:382DH         LINE#         422
  C:3837H         LINE#         423
  C:383DH         LINE#         424
  C:3843H         LINE#         427
  C:384AH         LINE#         429
  C:3855H         LINE#         430
  C:3855H         LINE#         431
  C:385BH         LINE#         432
  C:385BH         LINE#         434
  C:3861H         LINE#         436
  C:3879H         LINE#         438
  C:389BH         LINE#         440
  C:38A5H         LINE#         441
  C:38AFH         LINE#         442
  C:38B9H         LINE#         443
  C:38C3H         LINE#         445
  C:38E5H         LINE#         447
  C:38EFH         LINE#         448
  C:38F9H         LINE#         449
  C:3903H         LINE#         450
  C:390DH         LINE#         452
  C:391BH         LINE#         453
  C:391DH         LINE#         454
  -------         ENDPROC       CHANNEL_GET_CALIBRATE_VALUE
  -------         PROC          CHANNEL_SET_ADDRESS_DESC
  -------         DO            
  X:074FH         SYMBOL        desc_len
  -------         ENDDO         
  C:45A4H         LINE#         456
  C:45A4H         LINE#         457
  C:45A4H         LINE#         458
  C:45A9H         LINE#         459
  C:45B7H         LINE#         461
  C:45BFH         LINE#         462
  C:45BFH         LINE#         463
BL51 BANKED LINKER/LOCATER V6.22                                                      06/23/2014  12:15:09  PAGE 23


  C:460BH         LINE#         464
  C:4611H         LINE#         465
  C:4613H         LINE#         467
  C:4613H         LINE#         468
  C:4619H         LINE#         469
  C:4619H         LINE#         470
  C:461BH         LINE#         471
  -------         ENDPROC       CHANNEL_SET_ADDRESS_DESC
  -------         PROC          CHANNEL_SET_ALL_DEFAULT
  C:4C10H         LINE#         473
  C:4C10H         LINE#         474
  C:4C10H         LINE#         475
  C:4C13H         LINE#         476
  C:4C16H         LINE#         477
  C:4C1BH         LINE#         478
  -------         ENDPROC       CHANNEL_SET_ALL_DEFAULT
  -------         PROC          _REQUEST_ERROR
  X:0750H         SYMBOL        error_code
  C:4907H         LINE#         480
  C:490CH         LINE#         481
  C:490CH         LINE#         482
  C:491DH         LINE#         483
  C:4927H         LINE#         484
  C:4931H         LINE#         485
  C:4937H         LINE#         487
  C:4941H         LINE#         488
  C:494BH         LINE#         489
  C:4951H         LINE#         490
  C:495FH         LINE#         491
  C:4961H         LINE#         492
  -------         ENDPROC       _REQUEST_ERROR
  -------         PROC          _OLD_CRC_CHECK
  X:0736H         SYMBOL        Spool_pr
  X:0738H         SYMBOL        Count_pr
  -------         DO            
  X:0739H         SYMBOL        crc
  X:073AH         SYMBOL        i
  -------         ENDDO         
  C:461CH         LINE#         495
  C:4629H         LINE#         496
  C:4629H         LINE#         497
  C:462EH         LINE#         498
  C:4633H         LINE#         500
  C:4647H         LINE#         501
  C:4647H         LINE#         502
  C:4649H         LINE#         503
  C:466CH         LINE#         504
  C:466FH         LINE#         505
  C:466FH         LINE#         506
  C:4675H         LINE#         507
  C:4675H         LINE#         508
  C:467DH         LINE#         509
  C:468CH         LINE#         511
  C:4691H         LINE#         512
  -------         ENDPROC       _OLD_CRC_CHECK
  -------         PROC          OLD_CHANNEL_GET_DATA
  -------         DO            
BL51 BANKED LINKER/LOCATER V6.22                                                      06/23/2014  12:15:09  PAGE 24


  X:0747H         SYMBOL        channel
  X:0748H         SYMBOL        len
  -------         ENDDO         
  C:1F7EH         LINE#         514
  C:1F7EH         LINE#         515
  C:1F7EH         LINE#         516
  C:1F83H         LINE#         517
  C:1F88H         LINE#         518
  C:1F9DH         LINE#         519
  C:1FABH         LINE#         520
  C:1FABH         LINE#         521
  C:1FBCH         LINE#         522
  C:1FC1H         LINE#         523
  C:1FCBH         LINE#         524
  C:1FD1H         LINE#         526
  C:1FF8H         LINE#         527
  C:1FF8H         LINE#         528
  C:1FF8H         LINE#         529
  C:1FF8H         LINE#         530
  C:201CH         LINE#         531
  C:201CH         LINE#         532
  C:201CH         LINE#         533
  C:201CH         LINE#         534
  C:2036H         LINE#         535
  C:2036H         LINE#         536
  C:2051H         LINE#         537
  C:206CH         LINE#         538
  C:206FH         LINE#         540
  C:206FH         LINE#         541
  C:208AH         LINE#         542
  C:20A5H         LINE#         543
  C:20A5H         LINE#         544
  C:20A5H         LINE#         545
  C:20A8H         LINE#         547
  C:20A8H         LINE#         548
  C:20A8H         LINE#         549
  C:20C3H         LINE#         550
  C:20C3H         LINE#         551
  C:20EAH         LINE#         552
  C:2111H         LINE#         553
  C:2114H         LINE#         555
  C:2114H         LINE#         556
  C:212FH         LINE#         557
  C:214AH         LINE#         558
  C:214AH         LINE#         560
  C:214AH         LINE#         561
  C:214DH         LINE#         562
  C:214DH         LINE#         563
  C:214DH         LINE#         564
  C:2150H         LINE#         566
  C:2150H         LINE#         567
  C:2150H         LINE#         568
  C:2171H         LINE#         569
  C:2171H         LINE#         570
  C:2171H         LINE#         571
  C:2171H         LINE#         572
  C:218CH         LINE#         573
BL51 BANKED LINKER/LOCATER V6.22                                                      06/23/2014  12:15:09  PAGE 25


  C:21A7H         LINE#         576
  C:21A7H         LINE#         577
  C:21AAH         LINE#         578
  C:21AAH         LINE#         579
  C:21AAH         LINE#         580
  C:21ADH         LINE#         582
  C:21ADH         LINE#         583
  C:21ADH         LINE#         584
  C:21D1H         LINE#         585
  C:21D1H         LINE#         587
  C:21D1H         LINE#         588
  C:21D1H         LINE#         589
  C:21ECH         LINE#         590
  C:2207H         LINE#         592
  C:2207H         LINE#         593
  C:2209H         LINE#         595
  C:2209H         LINE#         596
  C:2209H         LINE#         597
  C:2224H         LINE#         598
  C:223FH         LINE#         599
  C:223FH         LINE#         600
  C:223FH         LINE#         601
  C:223FH         LINE#         602
  C:223FH         LINE#         603
  C:223FH         LINE#         604
  C:223FH         LINE#         606
  C:224FH         LINE#         608
  C:226CH         LINE#         609
  C:2275H         LINE#         610
  C:2275H         LINE#         611
  C:2277H         LINE#         612
  -------         ENDPROC       OLD_CHANNEL_GET_DATA
  -------         PROC          OLD_CHANNEL_GET_DATA_STATE
  -------         DO            
  X:0749H         SYMBOL        channel
  X:074AH         SYMBOL        len
  -------         ENDDO         
  C:0B5FH         LINE#         614
  C:0B5FH         LINE#         615
  C:0B5FH         LINE#         616
  C:0B64H         LINE#         617
  C:0B69H         LINE#         618
  C:0B7EH         LINE#         619
  C:0B8CH         LINE#         620
  C:0B8CH         LINE#         621
  C:0B9DH         LINE#         622
  C:0BA2H         LINE#         623
  C:0BACH         LINE#         624
  C:0BB2H         LINE#         626
  C:0BD9H         LINE#         627
  C:0BD9H         LINE#         628
  C:0BD9H         LINE#         629
  C:0BD9H         LINE#         630
  C:0BFDH         LINE#         631
  C:0BFDH         LINE#         632
  C:0BFDH         LINE#         633
  C:0BFDH         LINE#         634
BL51 BANKED LINKER/LOCATER V6.22                                                      06/23/2014  12:15:09  PAGE 26


  C:0C17H         LINE#         635
  C:0C17H         LINE#         636
  C:0C32H         LINE#         637
  C:0C4DH         LINE#         638
  C:0C50H         LINE#         640
  C:0C50H         LINE#         641
  C:0C6BH         LINE#         642
  C:0C86H         LINE#         643
  C:0C86H         LINE#         644
  C:0C86H         LINE#         645
  C:0C89H         LINE#         647
  C:0C89H         LINE#         648
  C:0C89H         LINE#         649
  C:0CA4H         LINE#         650
  C:0CA4H         LINE#         651
  C:0CCBH         LINE#         652
  C:0CF2H         LINE#         653
  C:0CF4H         LINE#         655
  C:0CF4H         LINE#         656
  C:0D0FH         LINE#         657
  C:0D2AH         LINE#         658
  C:0D2AH         LINE#         660
  C:0D2AH         LINE#         661
  C:0D2AH         LINE#         662
  C:0D2AH         LINE#         664
  C:0D58H         LINE#         665
  C:0D58H         LINE#         666
  C:0D58H         LINE#         667
  C:0D58H         LINE#         668
  C:0D5DH         LINE#         669
  C:0D5DH         LINE#         670
  C:0D5FH         LINE#         672
  C:0D5FH         LINE#         673
  C:0D5FH         LINE#         674
  C:0D65H         LINE#         675
  C:0D65H         LINE#         676
  C:0D67H         LINE#         678
  C:0D67H         LINE#         679
  C:0D67H         LINE#         680
  C:0D6DH         LINE#         681
  C:0D6DH         LINE#         682
  C:0D6FH         LINE#         684
  C:0D6FH         LINE#         685
  C:0D6FH         LINE#         686
  C:0D75H         LINE#         687
  C:0D75H         LINE#         688
  C:0D77H         LINE#         690
  C:0D77H         LINE#         691
  C:0D77H         LINE#         692
  C:0D7CH         LINE#         693
  C:0D7CH         LINE#         694
  C:0D7CH         LINE#         695
  C:0D7CH         LINE#         697
  C:0D82H         LINE#         699
  C:0D82H         LINE#         700
  C:0D85H         LINE#         702
  C:0D85H         LINE#         703
BL51 BANKED LINKER/LOCATER V6.22                                                      06/23/2014  12:15:09  PAGE 27


  C:0D85H         LINE#         704
  C:0DA6H         LINE#         705
  C:0DA6H         LINE#         706
  C:0DA6H         LINE#         707
  C:0DA6H         LINE#         708
  C:0DC1H         LINE#         709
  C:0DDCH         LINE#         715
  C:0E0AH         LINE#         716
  C:0E0AH         LINE#         717
  C:0E0AH         LINE#         718
  C:0E0AH         LINE#         719
  C:0E10H         LINE#         720
  C:0E10H         LINE#         721
  C:0E12H         LINE#         723
  C:0E12H         LINE#         724
  C:0E12H         LINE#         725
  C:0E18H         LINE#         726
  C:0E18H         LINE#         727
  C:0E1AH         LINE#         729
  C:0E1AH         LINE#         730
  C:0E1AH         LINE#         731
  C:0E20H         LINE#         732
  C:0E20H         LINE#         733
  C:0E22H         LINE#         735
  C:0E22H         LINE#         736
  C:0E22H         LINE#         737
  C:0E28H         LINE#         738
  C:0E28H         LINE#         739
  C:0E2AH         LINE#         741
  C:0E2AH         LINE#         742
  C:0E2AH         LINE#         743
  C:0E30H         LINE#         744
  C:0E30H         LINE#         745
  C:0E30H         LINE#         746
  C:0E30H         LINE#         747
  C:0E35H         LINE#         748
  C:0E35H         LINE#         749
  C:0E38H         LINE#         750
  C:0E38H         LINE#         751
  C:0E38H         LINE#         752
  C:0E3BH         LINE#         754
  C:0E3BH         LINE#         755
  C:0E3BH         LINE#         756
  C:0E5FH         LINE#         757
  C:0E5FH         LINE#         759
  C:0E5FH         LINE#         760
  C:0E5FH         LINE#         761
  C:0E7AH         LINE#         762
  C:0E95H         LINE#         764
  C:0E95H         LINE#         765
  C:0E97H         LINE#         767
  C:0E97H         LINE#         768
  C:0E97H         LINE#         769
  C:0EB2H         LINE#         770
  C:0ECDH         LINE#         771
  C:0ECDH         LINE#         772
  C:0ECDH         LINE#         773
BL51 BANKED LINKER/LOCATER V6.22                                                      06/23/2014  12:15:09  PAGE 28


  C:0ECDH         LINE#         775
  C:0ED3H         LINE#         776
  C:0ED8H         LINE#         777
  C:0ED8H         LINE#         778
  C:0ED8H         LINE#         779
  C:0ED8H         LINE#         781
  C:0EDEH         LINE#         783
  C:0EEEH         LINE#         785
  C:0F0BH         LINE#         786
  C:0F14H         LINE#         787
  C:0F14H         LINE#         788
  C:0F16H         LINE#         790
  -------         ENDPROC       OLD_CHANNEL_GET_DATA_STATE
  -------         PROC          OLD_CHANNEL_GET_STATE
  -------         DO            
  X:074BH         SYMBOL        channel
  X:074CH         SYMBOL        len
  -------         ENDDO         
  C:2CC0H         LINE#         792
  C:2CC0H         LINE#         793
  C:2CC0H         LINE#         794
  C:2CC5H         LINE#         795
  C:2CCAH         LINE#         796
  C:2CDFH         LINE#         797
  C:2CEDH         LINE#         798
  C:2CEDH         LINE#         800
  C:2CFEH         LINE#         801
  C:2D03H         LINE#         802
  C:2D0DH         LINE#         803
  C:2D13H         LINE#         805
  C:2D3AH         LINE#         806
  C:2D3AH         LINE#         807
  C:2D3AH         LINE#         808
  C:2D3AH         LINE#         809
  C:2D68H         LINE#         810
  C:2D68H         LINE#         811
  C:2D68H         LINE#         812
  C:2D68H         LINE#         813
  C:2D6DH         LINE#         814
  C:2D6DH         LINE#         815
  C:2D6FH         LINE#         817
  C:2D6FH         LINE#         818
  C:2D6FH         LINE#         819
  C:2D75H         LINE#         820
  C:2D75H         LINE#         821
  C:2D77H         LINE#         823
  C:2D77H         LINE#         824
  C:2D77H         LINE#         825
  C:2D7DH         LINE#         826
  C:2D7DH         LINE#         827
  C:2D7FH         LINE#         829
  C:2D7FH         LINE#         830
  C:2D7FH         LINE#         831
  C:2D85H         LINE#         832
  C:2D85H         LINE#         833
  C:2D87H         LINE#         835
  C:2D87H         LINE#         836
BL51 BANKED LINKER/LOCATER V6.22                                                      06/23/2014  12:15:09  PAGE 29


  C:2D87H         LINE#         837
  C:2D8CH         LINE#         838
  C:2D8CH         LINE#         839
  C:2D8CH         LINE#         840
  C:2D8CH         LINE#         842
  C:2D92H         LINE#         843
  C:2D92H         LINE#         844
  C:2D94H         LINE#         846
  C:2D94H         LINE#         847
  C:2D94H         LINE#         849
  C:2DC2H         LINE#         850
  C:2DC2H         LINE#         851
  C:2DC2H         LINE#         852
  C:2DC2H         LINE#         853
  C:2DC8H         LINE#         854
  C:2DC8H         LINE#         855
  C:2DCAH         LINE#         857
  C:2DCAH         LINE#         858
  C:2DCAH         LINE#         859
  C:2DD0H         LINE#         860
  C:2DD0H         LINE#         861
  C:2DD2H         LINE#         863
  C:2DD2H         LINE#         864
  C:2DD2H         LINE#         865
  C:2DD8H         LINE#         866
  C:2DD8H         LINE#         867
  C:2DDAH         LINE#         869
  C:2DDAH         LINE#         870
  C:2DDAH         LINE#         871
  C:2DE0H         LINE#         872
  C:2DE0H         LINE#         873
  C:2DE2H         LINE#         875
  C:2DE2H         LINE#         876
  C:2DE2H         LINE#         877
  C:2DE8H         LINE#         878
  C:2DE8H         LINE#         879
  C:2DE8H         LINE#         881
  C:2DE8H         LINE#         882
  C:2DEDH         LINE#         883
  C:2DEDH         LINE#         884
  C:2DEFH         LINE#         886
  C:2DEFH         LINE#         887
  C:2DEFH         LINE#         889
  C:2DF5H         LINE#         890
  C:2DFAH         LINE#         891
  C:2DFAH         LINE#         892
  C:2DFAH         LINE#         893
  C:2DFAH         LINE#         895
  C:2E0AH         LINE#         897
  C:2E27H         LINE#         898
  C:2E30H         LINE#         899
  C:2E30H         LINE#         900
  C:2E32H         LINE#         901
  -------         ENDPROC       OLD_CHANNEL_GET_STATE
  -------         PROC          OLD_REINIT_BLOCK
  C:4C30H         LINE#         903
  C:4C30H         LINE#         904
BL51 BANKED LINKER/LOCATER V6.22                                                      06/23/2014  12:15:09  PAGE 30


  C:4C30H         LINE#         905
  C:4C32H         LINE#         906
  -------         ENDPROC       OLD_REINIT_BLOCK
  -------         PROC          OLD_CHANNEL_SET_ADC_RANGE
  -------         DO            
  X:0751H         SYMBOL        channel
  -------         ENDDO         
  C:2E33H         LINE#         908
  C:2E33H         LINE#         909
  C:2E33H         LINE#         910
  C:2E38H         LINE#         911
  C:2E4DH         LINE#         912
  C:2E5BH         LINE#         913
  C:2E5BH         LINE#         914
  C:2E7CH         LINE#         915
  C:2E7CH         LINE#         916
  C:2E7CH         LINE#         917
  C:2E7CH         LINE#         918
  C:2E98H         LINE#         919
  C:2EB4H         LINE#         920
  C:2EB4H         LINE#         921
  C:2EB7H         LINE#         923
  C:2EB7H         LINE#         924
  C:2EB7H         LINE#         925
  C:2ED3H         LINE#         926
  C:2EEFH         LINE#         927
  C:2EEFH         LINE#         928
  C:2EF2H         LINE#         930
  C:2EF2H         LINE#         931
  C:2EF2H         LINE#         932
  C:2F0EH         LINE#         933
  C:2F2AH         LINE#         934
  C:2F2AH         LINE#         935
  C:2F2CH         LINE#         937
  C:2F2CH         LINE#         938
  C:2F2CH         LINE#         939
  C:2F48H         LINE#         940
  C:2F64H         LINE#         941
  C:2F64H         LINE#         942
  C:2F66H         LINE#         944
  C:2F66H         LINE#         945
  C:2F66H         LINE#         946
  C:2F82H         LINE#         947
  C:2F9EH         LINE#         948
  C:2F9EH         LINE#         949
  C:2F9EH         LINE#         950
  C:2F9EH         LINE#         951
  C:2F9EH         LINE#         952
  C:2FA0H         LINE#         953
  -------         ENDPROC       OLD_CHANNEL_SET_ADC_RANGE
  -------         PROC          _PROTO_PASTE_NULL
  X:0730H         SYMBOL        buf
  X:0733H         SYMBOL        len
  -------         DO            
  X:0734H         SYMBOL        i
  X:0735H         SYMBOL        j
  -------         ENDDO         
BL51 BANKED LINKER/LOCATER V6.22                                                      06/23/2014  12:15:09  PAGE 31


  C:34ECH         LINE#         955
  C:34FCH         LINE#         956
  C:34FCH         LINE#         957
  C:3506H         LINE#         959
  C:351EH         LINE#         960
  C:351EH         LINE#         961
  C:353FH         LINE#         962
  C:353FH         LINE#         963
  C:355BH         LINE#         964
  C:355BH         LINE#         965
  C:3598H         LINE#         966
  C:35A0H         LINE#         967
  C:35C2H         LINE#         969
  C:35CBH         LINE#         970
  C:35CBH         LINE#         971
  C:35E1H         LINE#         972
  C:35E1H         LINE#         974
  C:35E7H         LINE#         975
  C:35EDH         LINE#         976
  C:35EDH         LINE#         977
  C:35F6H         LINE#         978
  C:35FBH         LINE#         979
  -------         ENDPROC       _PROTO_PASTE_NULL
  -------         PROC          PROTOBUFHANDLING
  C:2B43H         LINE#         981
  C:2B43H         LINE#         982
  C:2B43H         LINE#         983
  C:2B59H         LINE#         984
  C:2B59H         LINE#         985
  C:2B59H         LINE#         986
  C:2B59H         LINE#         987
  C:2B5FH         LINE#         988
  C:2B65H         LINE#         989
  C:2B9FH         LINE#         990
  C:2B9FH         LINE#         992
  C:2B9FH         LINE#         993
  C:2B9FH         LINE#         994
  C:2BA7H         LINE#         995
  C:2BA7H         LINE#         996
  C:2BA8H         LINE#         998
  C:2BA8H         LINE#         999
  C:2BA8H         LINE#         1000
  C:2BB0H         LINE#         1001
  C:2BB0H         LINE#         1002
  C:2BB1H         LINE#         1004
  C:2BB1H         LINE#         1005
  C:2BB1H         LINE#         1006
  C:2BB9H         LINE#         1007
  C:2BB9H         LINE#         1008
  C:2BBAH         LINE#         1010
  C:2BBAH         LINE#         1011
  C:2BBAH         LINE#         1012
  C:2BC2H         LINE#         1013
  C:2BC2H         LINE#         1014
  C:2BC3H         LINE#         1016
  C:2BC3H         LINE#         1017
  C:2BC3H         LINE#         1018
BL51 BANKED LINKER/LOCATER V6.22                                                      06/23/2014  12:15:09  PAGE 32


  C:2BCBH         LINE#         1019
  C:2BCBH         LINE#         1020
  C:2BCCH         LINE#         1022
  C:2BCCH         LINE#         1023
  C:2BCCH         LINE#         1024
  C:2BD4H         LINE#         1025
  C:2BD4H         LINE#         1026
  C:2BD5H         LINE#         1028
  C:2BD5H         LINE#         1029
  C:2BD5H         LINE#         1030
  C:2BDDH         LINE#         1031
  C:2BDDH         LINE#         1032
  C:2BDEH         LINE#         1034
  C:2BDEH         LINE#         1035
  C:2BDEH         LINE#         1036
  C:2BE6H         LINE#         1037
  C:2BE6H         LINE#         1038
  C:2BE7H         LINE#         1040
  C:2BE7H         LINE#         1041
  C:2BE7H         LINE#         1042
  C:2BEFH         LINE#         1043
  C:2BEFH         LINE#         1044
  C:2BF0H         LINE#         1046
  C:2BF0H         LINE#         1047
  C:2BF0H         LINE#         1048
  C:2BF8H         LINE#         1049
  C:2BF8H         LINE#         1050
  C:2BF9H         LINE#         1052
  C:2BF9H         LINE#         1053
  C:2BF9H         LINE#         1054
  C:2C01H         LINE#         1055
  C:2C01H         LINE#         1056
  C:2C02H         LINE#         1058
  C:2C02H         LINE#         1059
  C:2C02H         LINE#         1060
  C:2C0AH         LINE#         1061
  C:2C0AH         LINE#         1062
  C:2C0BH         LINE#         1064
  C:2C0BH         LINE#         1065
  C:2C0BH         LINE#         1066
  C:2C13H         LINE#         1067
  C:2C13H         LINE#         1068
  C:2C14H         LINE#         1070
  C:2C14H         LINE#         1071
  C:2C14H         LINE#         1072
  C:2C1CH         LINE#         1073
  C:2C1CH         LINE#         1074
  C:2C1DH         LINE#         1076
  C:2C1DH         LINE#         1077
  C:2C1DH         LINE#         1078
  C:2C25H         LINE#         1079
  C:2C25H         LINE#         1080
  C:2C26H         LINE#         1082
  C:2C26H         LINE#         1083
  C:2C26H         LINE#         1084
  C:2C30H         LINE#         1085
  C:2C30H         LINE#         1086
BL51 BANKED LINKER/LOCATER V6.22                                                      06/23/2014  12:15:09  PAGE 33


  C:2C30H         LINE#         1087
  C:2C30H         LINE#         1088
  C:2C31H         LINE#         1090
  C:2C31H         LINE#         1091
  C:2C31H         LINE#         1092
  C:2C57H         LINE#         1093
  C:2C57H         LINE#         1095
  C:2C57H         LINE#         1096
  C:2C57H         LINE#         1097
  C:2C5FH         LINE#         1098
  C:2C5FH         LINE#         1099
  C:2C60H         LINE#         1101
  C:2C60H         LINE#         1102
  C:2C60H         LINE#         1103
  C:2C68H         LINE#         1104
  C:2C68H         LINE#         1105
  C:2C69H         LINE#         1107
  C:2C69H         LINE#         1108
  C:2C69H         LINE#         1109
  C:2C71H         LINE#         1110
  C:2C71H         LINE#         1111
  C:2C72H         LINE#         1113
  C:2C72H         LINE#         1114
  C:2C72H         LINE#         1115
  C:2C7AH         LINE#         1116
  C:2C7AH         LINE#         1117
  C:2C7BH         LINE#         1119
  C:2C7BH         LINE#         1120
  C:2C7BH         LINE#         1121
  C:2C83H         LINE#         1122
  C:2C83H         LINE#         1123
  C:2C84H         LINE#         1125
  C:2C84H         LINE#         1126
  C:2C84H         LINE#         1128
  C:2C84H         LINE#         1129
  C:2C84H         LINE#         1130
  C:2C84H         LINE#         1131
  C:2C85H         LINE#         1133
  C:2C85H         LINE#         1134
  C:2C85H         LINE#         1135
  C:2CB1H         LINE#         1136
  C:2CB1H         LINE#         1138
  C:2CB1H         LINE#         1139
  C:2CB1H         LINE#         1140
  C:2CB9H         LINE#         1141
  C:2CB9H         LINE#         1142
  C:2CBAH         LINE#         1144
  C:2CBAH         LINE#         1145
  C:2CBAH         LINE#         1146
  C:2CBFH         LINE#         1147
  C:2CBFH         LINE#         1148
  C:2CBFH         LINE#         1149
  C:2CBFH         LINE#         1150
  C:2CBFH         LINE#         1151
  C:2CBFH         LINE#         1154
  -------         ENDPROC       PROTOBUFHANDLING
  -------         PROC          _PROTOPROCESS
BL51 BANKED LINKER/LOCATER V6.22                                                      06/23/2014  12:15:09  PAGE 34


  X:073BH         SYMBOL        pt
  -------         DO            
  X:0000H         SYMBOL        CRC
  X:0001H         SYMBOL        LRC
  -------         DO            
  X:073EH         SYMBOL        PT_YIELD_FLAG
  -------         ENDDO         
  -------         ENDDO         
  C:12A3H         LINE#         1156
  C:12AEH         LINE#         1157
  C:12AEH         LINE#         1158
  C:12AEH         LINE#         1159
  C:12DFH         LINE#         1161
  C:12DFH         LINE#         1162
  C:12DFH         LINE#         1164
  C:12E7H         LINE#         1165
  C:12E9H         LINE#         1166
  C:12EBH         LINE#         1167
  C:12EDH         LINE#         1170
  C:12F3H         LINE#         1172
  C:131DH         LINE#         1173
  C:132BH         LINE#         1175
[...]
  X:06D5H         SYMBOL        pt
  X:06D8H         SYMBOL        buf
  X:06DBH         SYMBOL        len
  -------         DO            
  X:067CH         SYMBOL        write_byte_counter
  X:067DH         SYMBOL        bit_counter
  X:067EH         SYMBOL        write_byte
  -------         DO            
  X:06DCH         SYMBOL        PT_YIELD_FLAG
  -------         ENDDO         
  -------         ENDDO         
BL51 BANKED LINKER/LOCATER V6.22                                                      06/23/2014  12:15:09  PAGE 51


  C:3269H         LINE#         242
  C:3274H         LINE#         243
  C:3274H         LINE#         244
  C:3274H         LINE#         245
  C:3298H         LINE#         246
  C:329AH         LINE#         247
  C:329FH         LINE#         248
  C:32AFH         LINE#         249
  C:32AFH         LINE#         252
  C:32CAH         LINE#         253
  C:32D0H         LINE#         254
  C:32D2H         LINE#         255
  C:32F2H         LINE#         256
  C:32F7H         LINE#         257
  C:32F7H         LINE#         259
  C:32FFH         LINE#         260
  C:3301H         LINE#         262
  C:3303H         LINE#         263
  C:3324H         LINE#         264
  C:3326H         LINE#         267
  C:3330H         LINE#         268
  C:3332H         LINE#         269
  C:3334H         LINE#         270
  C:3355H         LINE#         271
  C:3357H         LINE#         272
  C:3378H         LINE#         273
  C:337AH         LINE#         274
  C:337CH         LINE#         275
  C:3382H         LINE#         276
  C:3382H         LINE#         277
  C:3388H         LINE#         278
  C:339CH         LINE#         279
  C:339CH         LINE#         280
  C:339CH         LINE#         281
  C:33A1H         LINE#         282
  C:33B9H         LINE#         283
  -------         ENDPROC       _I2C_WRITE_BUF
  -------         PROC          _I2C_READ_COMPLETE
  X:06D5H         SYMBOL        pt
  -------         DO            
  X:06D8H         SYMBOL        PT_YIELD_FLAG
  -------         ENDDO         
  C:3DB6H         LINE#         286
  C:3DC1H         LINE#         287
  C:3DC1H         LINE#         288
  C:3DD6H         LINE#         289
  C:3DE6H         LINE#         290
  C:3DE6H         LINE#         291
  C:3DFAH         LINE#         294
  C:3E03H         LINE#         295
  C:3E03H         LINE#         296
  C:3E03H         LINE#         297
  C:3E03H         LINE#         298
  C:3E14H         LINE#         299
  C:3E1AH         LINE#         300
  C:3E20H         LINE#         302
  C:3E20H         LINE#         303
BL51 BANKED LINKER/LOCATER V6.22                                                      06/23/2014  12:15:09  PAGE 52


  C:3E22H         LINE#         305
  C:3E22H         LINE#         306
  C:3E22H         LINE#         307
  C:3E33H         LINE#         308
  C:3E44H         LINE#         309
  C:3E49H         LINE#         310
  C:3E4FH         LINE#         312
  C:3E4FH         LINE#         313
  C:3E4FH         LINE#         315
  C:3E4FH         LINE#         316
  C:3E4FH         LINE#         317
  C:3E4FH         LINE#         318
  C:3E4FH         LINE#         319
  C:3E4FH         LINE#         321
  C:3E5FH         LINE#         322
  C:3E5FH         LINE#         323
  C:3E63H         LINE#         325
  C:3E7BH         LINE#         326
  -------         ENDPROC       _I2C_READ_COMPLETE
  -------         ENDMOD        I2C

  -------         MODULE        CALIBRATE
  C:0000H         SYMBOL        _ICE_DUMMY_
  D:0088H         PUBLIC        TCON
  D:0098H         PUBLIC        SCON
  D:00A0H         PUBLIC        P2
  D:00A8H         PUBLIC        IE
  D:00B0H         PUBLIC        P3
  D:00B8H         PUBLIC        IP
  D:00C0H         PUBLIC        WDCON
  D:00C8H         PUBLIC        T2CON
  D:00D0H         PUBLIC        PSW
  D:00D8H         PUBLIC        ADCSTAT
  D:00E8H         PUBLIC        I2CCON
  D:00E8H         PUBLIC        DCON
  D:00F8H         PUBLIC        SPICON
  C:4169H         PUBLIC        _Calibrate
  C:4345H         PUBLIC        RestoreCalibrate
  C:3FFFH         PUBLIC        _GetCalibrateVal
  C:49BAH         PUBLIC        Calibrate_Get_CRC
  C:3E7CH         PUBLIC        _Calibrate_Set_Flag
  C:4A12H         PUBLIC        Calibrate_Set_Default
  -------         PROC          _GETCALIBRATEVAL
  X:06D5H         SYMBOL        channel_num
  X:06D6H         SYMBOL        ADC_Code
  -------         DO            
  X:06DAH         SYMBOL        result
  -------         ENDDO         
  C:3FFFH         LINE#         4
  C:4004H         LINE#         5
  C:4004H         LINE#         6
  C:400EH         LINE#         8
  C:4066H         LINE#         10
  C:4083H         LINE#         11
  C:4083H         LINE#         12
  C:408BH         LINE#         13
  C:408BH         LINE#         15
BL51 BANKED LINKER/LOCATER V6.22                                                      06/23/2014  12:15:09  PAGE 53


  C:408BH         LINE#         16
  C:40A3H         LINE#         17
  C:40A3H         LINE#         18
  C:40A9H         LINE#         19
  C:40A9H         LINE#         21
  C:40A9H         LINE#         22
  C:40BAH         LINE#         23
  C:40BAH         LINE#         24
  C:40BAH         LINE#         25
  -------         ENDPROC       _GETCALIBRATEVAL
  -------         PROC          RESTORECALIBRATE
  -------         DO            
  X:06D1H         SYMBOL        i
  X:06D2H         SYMBOL        crc
  X:06D6H         SYMBOL        true_crc
  -------         ENDDO         
  C:4345H         LINE#         27
  C:4345H         LINE#         28
  C:4345H         LINE#         29
  C:434AH         LINE#         30
  C:435CH         LINE#         32
  C:436BH         LINE#         33
  C:436BH         LINE#         34
  C:4393H         LINE#         35
  C:439BH         LINE#         37
  C:43A8H         LINE#         38
  C:43BEH         LINE#         40
  C:43DEH         LINE#         41
  C:43DEH         LINE#         42
  C:43E1H         LINE#         43
  C:43E1H         LINE#         46
  -------         ENDPROC       RESTORECALIBRATE
  -------         PROC          _CALIBRATE
  X:06D1H         SYMBOL        channel_num
  X:06D2H         SYMBOL        K
  X:06D6H         SYMBOL        C
  -------         DO            
  X:06DAH         SYMBOL        true_crc
  -------         ENDDO         
  C:4169H         LINE#         48
  C:416EH         LINE#         49
  C:416EH         LINE#         50
  C:4178H         LINE#         51
  C:419CH         LINE#         52
  C:41BCH         LINE#         53
  C:41E7H         LINE#         55
  C:41F4H         LINE#         56
  C:420AH         LINE#         59
  -------         ENDPROC       _CALIBRATE
  -------         PROC          CALIBRATE_GET_CRC
  -------         DO            
  X:06E5H         SYMBOL        crc
  X:06E6H         SYMBOL        i
  X:06E7H         SYMBOL        j
  -------         ENDDO         
  C:49BAH         LINE#         61
  C:49BAH         LINE#         62
BL51 BANKED LINKER/LOCATER V6.22                                                      06/23/2014  12:15:09  PAGE 54


  C:49BAH         LINE#         63
  C:49BFH         LINE#         64
  C:49C3H         LINE#         66
  C:49C7H         LINE#         67
  C:49C7H         LINE#         68
  C:49CCH         LINE#         69
  C:49CCH         LINE#         70
  C:49F8H         LINE#         71
  C:4A02H         LINE#         72
  C:4A0CH         LINE#         74
  C:4A11H         LINE#         75
  -------         ENDPROC       CALIBRATE_GET_CRC
  -------         PROC          _CALIBRATE_SET_FLAG
  X:06DFH         SYMBOL        channel
  X:06E0H         SYMBOL        flag
  -------         DO            
  X:06E1H         SYMBOL        true_crc
  -------         ENDDO         
  C:3E7CH         LINE#         77
  C:3E85H         LINE#         78
  C:3E85H         LINE#         79
  C:3E8DH         LINE#         81
  C:3E92H         LINE#         82
  C:3E92H         LINE#         83
  C:3EA8H         LINE#         84
  C:3ED3H         LINE#         85
  C:3ED5H         LINE#         87
  C:3ED5H         LINE#         88
  C:3EDBH         LINE#         89
  C:3EDBH         LINE#         90
  C:3EF0H         LINE#         91
  C:3F1BH         LINE#         92
  C:3F1BH         LINE#         93
  C:3F1BH         LINE#         95
  C:3F28H         LINE#         96
  C:3F3EH         LINE#         97
  -------         ENDPROC       _CALIBRATE_SET_FLAG
  -------         PROC          CALIBRATE_SET_DEFAULT
  -------         DO            
  X:06DAH         SYMBOL        i
  X:06DBH         SYMBOL        true_crc
  -------         ENDDO         
  C:4A12H         LINE#         99
  C:4A12H         LINE#         100
  C:4A12H         LINE#         101
  C:4A17H         LINE#         102
  C:4A1FH         LINE#         104
  C:4A2EH         LINE#         105
  C:4A2EH         LINE#         106
  C:4A33H         LINE#         107
  C:4A3BH         LINE#         109
  C:4A48H         LINE#         110
  C:4A5EH         LINE#         111
  -------         ENDPROC       CALIBRATE_SET_DEFAULT
  -------         ENDMOD        CALIBRATE

  -------         MODULE        ULONGSORT
BL51 BANKED LINKER/LOCATER V6.22                                                      06/23/2014  12:15:09  PAGE 55


  C:0000H         SYMBOL        _ICE_DUMMY_
  D:0088H         PUBLIC        TCON
  D:0098H         PUBLIC        SCON
  D:00A0H         PUBLIC        P2
  D:00A8H         PUBLIC        IE
  D:00B0H         PUBLIC        P3
  D:00B8H         PUBLIC        IP
  D:00C0H         PUBLIC        WDCON
  D:00C8H         PUBLIC        T2CON
  D:00D0H         PUBLIC        PSW
  D:00D8H         PUBLIC        ADCSTAT
  D:00E8H         PUBLIC        I2CCON
  D:00E8H         PUBLIC        DCON
  D:00F8H         PUBLIC        SPICON
  C:194BH         PUBLIC        _ulongsort_process
  X:06ACH         PUBLIC        mas_copy
  X:06CCH         PUBLIC        mid_cycle_counter
  X:06CDH         PUBLIC        temp
  -------         PROC          _ULONGSORT_PROCESS
  X:06D1H         SYMBOL        pt
  -------         DO            
  X:06A9H         SYMBOL        counter
  X:06AAH         SYMBOL        i
  X:06ABH         SYMBOL        j
  -------         DO            
  X:06D4H         SYMBOL        PT_YIELD_FLAG
  -------         ENDDO         
  -------         ENDDO         
  C:194BH         LINE#         10
  C:1956H         LINE#         11
  C:1956H         LINE#         13
  C:195BH         LINE#         15
  C:198EH         LINE#         17
  C:198EH         LINE#         18
  C:198EH         LINE#         19
  C:19CCH         LINE#         22
  C:19E1H         LINE#         23
  C:19E1H         LINE#         24
  C:19E5H         LINE#         25
  C:1A02H         LINE#         26
  C:1A02H         LINE#         27
  C:1A0AH         LINE#         28
  C:1A10H         LINE#         29
  C:1A30H         LINE#         30
  C:1A30H         LINE#         32
  C:1A37H         LINE#         33
  C:1A37H         LINE#         34
  C:1A4BH         LINE#         35
  C:1A4BH         LINE#         36
  C:1A4BH         LINE#         39
  C:1A7AH         LINE#         40
  C:1A9AH         LINE#         42
  C:1AA0H         LINE#         43
  C:1AA0H         LINE#         44
  C:1AB3H         LINE#         45
  C:1AB3H         LINE#         46
  C:1AEEH         LINE#         47
BL51 BANKED LINKER/LOCATER V6.22                                                      06/23/2014  12:15:09  PAGE 56


  C:1AEEH         LINE#         48
  C:1B10H         LINE#         49
  C:1B40H         LINE#         50
  C:1B62H         LINE#         51
  C:1B62H         LINE#         52
  C:1B82H         LINE#         53
  C:1B8BH         LINE#         54
  C:1B97H         LINE#         56
  C:1BD7H         LINE#         58
  C:1BECH         LINE#         59
  C:1BECH         LINE#         60
  C:1C2CH         LINE#         61
  C:1C2CH         LINE#         63
  C:1C40H         LINE#         64
  C:1C4EH         LINE#         65
  C:1C62H         LINE#         67
  C:1C62H         LINE#         68
  C:1C7AH         LINE#         69
  -------         ENDPROC       _ULONGSORT_PROCESS
  -------         ENDMOD        ULONGSORT

  -------         MODULE        TIMER1
  C:0000H         SYMBOL        _ICE_DUMMY_
  D:0088H         PUBLIC        TCON
  D:0089H         PUBLIC        TMOD
  D:008BH         PUBLIC        TL1
  D:008DH         PUBLIC        TH1
  D:0098H         PUBLIC        SCON
  D:00A0H         PUBLIC        P2
  D:00A8H         PUBLIC        IE
  D:00B0H         PUBLIC        P3
  D:00B8H         PUBLIC        IP
  D:00C0H         PUBLIC        WDCON
  D:00C8H         PUBLIC        T2CON
  D:00D0H         PUBLIC        PSW
  D:00D8H         PUBLIC        ADCSTAT
  D:00E8H         PUBLIC        I2CCON
  D:00E8H         PUBLIC        DCON
  D:00F8H         PUBLIC        SPICON
  B:0088H.6       PUBLIC        TR1
  B:00A8H.3       PUBLIC        ET1
  C:4BFFH         PUBLIC        Timer1_Initialize
  -------         PROC          TIMER1_INITIALIZE
  C:4BFFH         LINE#         4
  C:4BFFH         LINE#         5
  C:4BFFH         LINE#         6
  C:4C02H         LINE#         7
  C:4C05H         LINE#         9
  C:4C08H         LINE#         10
  C:4C0BH         LINE#         13
  C:4C0DH         LINE#         14
  C:4C0FH         LINE#         16
  -------         ENDPROC       TIMER1_INITIALIZE
  -------         ENDMOD        TIMER1

  -------         MODULE        CRC_TABLE
  C:0000H         SYMBOL        _ICE_DUMMY_
BL51 BANKED LINKER/LOCATER V6.22                                                      06/23/2014  12:15:09  PAGE 57


  C:391EH         PUBLIC        Crc8Table
  C:4B67H         PUBLIC        _CRC_Check
  -------         PROC          _CRC_CHECK
  D:0006H         SYMBOL        Spool_pr
  D:0005H         SYMBOL        Count_pr
  -------         DO            
  D:0004H         SYMBOL        crc
  -------         ENDDO         
  C:4B67H         LINE#         36
  C:4B67H         LINE#         37
  C:4B67H         LINE#         38
  C:4B69H         LINE#         40
  C:4B70H         LINE#         41
  C:4B86H         LINE#         43
  C:4B89H         LINE#         44
  -------         ENDPROC       _CRC_CHECK
  -------         ENDMOD        CRC_TABLE

  -------         MODULE        ?C?FPADD
  C:003DH         PUBLIC        ?C?FPADD
  C:0039H         PUBLIC        ?C?FPSUB
  -------         ENDMOD        ?C?FPADD

  -------         MODULE        ?C?FPMUL
  C:012EH         PUBLIC        ?C?FPMUL
  -------         ENDMOD        ?C?FPMUL

  -------         MODULE        ?C?FPCMP
  C:0236H         PUBLIC        ?C?FPCMP
  C:0234H         PUBLIC        ?C?FPCMP3
  -------         ENDMOD        ?C?FPCMP

  -------         MODULE        ?C?FCAST
  C:02ABH         PUBLIC        ?C?FCASTC
  C:02A6H         PUBLIC        ?C?FCASTI
  C:02A1H         PUBLIC        ?C?FCASTL
  -------         ENDMOD        ?C?FCAST

  -------         MODULE        ?C?CASTF
  C:02DFH         PUBLIC        ?C?CASTF
  -------         ENDMOD        ?C?CASTF

  -------         MODULE        ?C?COPY
  C:0430H         PUBLIC        ?C?COPY
  -------         ENDMOD        ?C?COPY

  -------         MODULE        ?C?CLDPTR
  C:0456H         PUBLIC        ?C?CLDPTR
  -------         ENDMOD        ?C?CLDPTR

  -------         MODULE        ?C?CLDOPTR
  C:046FH         PUBLIC        ?C?CLDOPTR
  -------         ENDMOD        ?C?CLDOPTR

  -------         MODULE        ?C?CILDOPTR
  C:049CH         PUBLIC        ?C?CILDOPTR
  -------         ENDMOD        ?C?CILDOPTR
BL51 BANKED LINKER/LOCATER V6.22                                                      06/23/2014  12:15:09  PAGE 58



  -------         MODULE        ?C?CSTOPTR
  C:04CFH         PUBLIC        ?C?CSTOPTR
  -------         ENDMOD        ?C?CSTOPTR

  -------         MODULE        ?C?IILDX
  C:04F1H         PUBLIC        ?C?IILDX
  -------         ENDMOD        ?C?IILDX

  -------         MODULE        ?C?ILDPTR
  C:0507H         PUBLIC        ?C?ILDPTR
  -------         ENDMOD        ?C?ILDPTR

  -------         MODULE        ?C?ILDOPTR
  C:0532H         PUBLIC        ?C?ILDOPTR
  -------         ENDMOD        ?C?ILDOPTR

  -------         MODULE        ?C?ISTPTR
  C:056AH         PUBLIC        ?C?ISTPTR
  -------         ENDMOD        ?C?ISTPTR

  -------         MODULE        ?C?ISTOPTR
  C:0589H         PUBLIC        ?C?ISTOPTR
  -------         ENDMOD        ?C?ISTOPTR

  -------         MODULE        ?C?ULDIV
  C:05F2H         PUBLIC        ?C?ULDIV
  -------         ENDMOD        ?C?ULDIV

  -------         MODULE        ?C?SLDIV
  C:4A5FH         PUBLIC        ?C?SLDIV
  -------         ENDMOD        ?C?SLDIV

  -------         MODULE        ?C?LNEG
  C:0684H         PUBLIC        ?C?LNEG
  -------         ENDMOD        ?C?LNEG

  -------         MODULE        ?C?ULCMP
  C:0692H         PUBLIC        ?C?ULCMP
  -------         ENDMOD        ?C?ULCMP

  -------         MODULE        ?C?ULSHR
  C:06A3H         PUBLIC        ?C?ULSHR
  -------         ENDMOD        ?C?ULSHR

  -------         MODULE        ?C?LSHL
  C:06B6H         PUBLIC        ?C?LSHL
  -------         ENDMOD        ?C?LSHL

  -------         MODULE        ?C?LSTXDATA
  C:06C9H         PUBLIC        ?C?LSTXDATA
  -------         ENDMOD        ?C?LSTXDATA

  -------         MODULE        ?C?LSTKXDATA
  C:06D5H         PUBLIC        ?C?LSTKXDATA
  -------         ENDMOD        ?C?LSTKXDATA

BL51 BANKED LINKER/LOCATER V6.22                                                      06/23/2014  12:15:09  PAGE 59


  -------         MODULE        ?C?OFFXADD
  C:0706H         PUBLIC        ?C?OFFXADD
  -------         ENDMOD        ?C?OFFXADD

  -------         MODULE        ?C?CCASE
  C:0712H         PUBLIC        ?C?CCASE
  -------         ENDMOD        ?C?CCASE

  -------         MODULE        ?C?ICASE
  C:0738H         PUBLIC        ?C?ICASE
  -------         ENDMOD        ?C?ICASE

*** WARNING L16: UNCALLED SEGMENT, IGNORED FOR OVERLAY PROCESS
    SEGMENT: ?PR?_WDT_INIT?WATCHDOG

*** WARNING L16: UNCALLED SEGMENT, IGNORED FOR OVERLAY PROCESS
    SEGMENT: ?PR?_WDT_PROCESS?WATCHDOG

*** WARNING L1: UNRESOLVED EXTERNAL SYMBOL
    SYMBOL:  READHOLDINGREG
    MODULE:  proto_uso.obj (PROTO_USO)

*** WARNING L1: UNRESOLVED EXTERNAL SYMBOL
    SYMBOL:  _MBCHAR2BIN
    MODULE:  proto_uso.obj (PROTO_USO)

*** WARNING L1: UNRESOLVED EXTERNAL SYMBOL
    SYMBOL:  _LRC_CHECK
    MODULE:  proto_uso.obj (PROTO_USO)

*** WARNING L2: REFERENCE MADE TO UNRESOLVED EXTERNAL
    SYMBOL:  _MBCHAR2BIN
    MODULE:  proto_uso.obj (PROTO_USO)
    ADDRESS: 2C8BH

*** WARNING L2: REFERENCE MADE TO UNRESOLVED EXTERNAL
    SYMBOL:  _MBCHAR2BIN
    MODULE:  proto_uso.obj (PROTO_USO)
    ADDRESS: 2C9BH

*** WARNING L2: REFERENCE MADE TO UNRESOLVED EXTERNAL
    SYMBOL:  READHOLDINGREG
    MODULE:  proto_uso.obj (PROTO_USO)
    ADDRESS: 2CB2H

*** WARNING L2: REFERENCE MADE TO UNRESOLVED EXTERNAL
    SYMBOL:  _MBCHAR2BIN
    MODULE:  proto_uso.obj (PROTO_USO)
    ADDRESS: 140CH

*** WARNING L2: REFERENCE MADE TO UNRESOLVED EXTERNAL
    SYMBOL:  _MBCHAR2BIN
    MODULE:  proto_uso.obj (PROTO_USO)
    ADDRESS: 141CH

*** WARNING L2: REFERENCE MADE TO UNRESOLVED EXTERNAL
    SYMBOL:  _MBCHAR2BIN
BL51 BANKED LINKER/LOCATER V6.22                                                      06/23/2014  12:15:09  PAGE 60


    MODULE:  proto_uso.obj (PROTO_USO)
    ADDRESS: 145AH

*** WARNING L2: REFERENCE MADE TO UNRESOLVED EXTERNAL
    SYMBOL:  _MBCHAR2BIN
    MODULE:  proto_uso.obj (PROTO_USO)
    ADDRESS: 1479H

*** WARNING L2: REFERENCE MADE TO UNRESOLVED EXTERNAL
    SYMBOL:  _LRC_CHECK
    MODULE:  proto_uso.obj (PROTO_USO)
    ADDRESS: 14A0H

Program Size: data=22.0 xdata=1874 code=19495
LINK/LOCATE RUN COMPLETE.  13 WARNING(S),  0 ERROR(S)
