BL51 BANKED LINKER/LOCATER V6.22                                                        07/01/2014  11:50:40  PAGE 1


BL51 BANKED LINKER/LOCATER V6.22, INVOKED BY:
C:\PROGRAM FILES\KEIL\C51\BIN\BL51.EXE debug.obj, timer3.obj, adc.obj, eeprom.obj, watchdog.obj, proto_uso.obj, channels
>> .obj, START_AD.obj, frequency.obj, timer0.obj, timer2.obj, i2c.obj, calibrate.obj, ulongsort.obj, timer1.obj, crc_tab
>> le.obj, modbus_ascii.obj TO debug RAMSIZE (256) XDATA (0X0000-0X7FFE)


MEMORY MODEL: LARGE WITH FLOATING POINT ARITHMETIC


INPUT MODULES INCLUDED:
  debug.obj (DEBUG)
  timer3.obj (TIMER3)
  adc.obj (ADC)
  eeprom.obj (EEPROM)
  watchdog.obj (WATCHDOG)
  proto_uso.obj (PROTO_USO)
  channels.obj (CHANNELS)
  START_AD.obj (?C_STARTUP)
  frequency.obj (FREQUENCY)
  timer0.obj (TIMER0)
  timer2.obj (TIMER2)
  i2c.obj (I2C)
  calibrate.obj (CALIBRATE)
  ulongsort.obj (ULONGSORT)
  timer1.obj (TIMER1)
  crc_table.obj (CRC_TABLE)
  modbus_ascii.obj (MODBUS_ASCII)
  C:\PROGRAM FILES\KEIL\C51\LIB\C51FPL.LIB (?C?FPADD)
  C:\PROGRAM FILES\KEIL\C51\LIB\C51FPL.LIB (?C?FPMUL)
  C:\PROGRAM FILES\KEIL\C51\LIB\C51FPL.LIB (?C?FPCMP)
  C:\PROGRAM FILES\KEIL\C51\LIB\C51FPL.LIB (?C?FCAST)
  C:\PROGRAM FILES\KEIL\C51\LIB\C51FPL.LIB (?C?CASTF)
  C:\PROGRAM FILES\KEIL\C51\LIB\C51FPL.LIB (?C?FPGETOPN)
  C:\PROGRAM FILES\KEIL\C51\LIB\C51L.LIB (?C_INIT)
  C:\PROGRAM FILES\KEIL\C51\LIB\C51L.LIB (?C?COPY)
  C:\PROGRAM FILES\KEIL\C51\LIB\C51L.LIB (?C?CLDPTR)
  C:\PROGRAM FILES\KEIL\C51\LIB\C51L.LIB (?C?CLDOPTR)
  C:\PROGRAM FILES\KEIL\C51\LIB\C51L.LIB (?C?CILDOPTR)
  C:\PROGRAM FILES\KEIL\C51\LIB\C51L.LIB (?C?CSTPTR)
  C:\PROGRAM FILES\KEIL\C51\LIB\C51L.LIB (?C?CSTOPTR)
  C:\PROGRAM FILES\KEIL\C51\LIB\C51L.LIB (?C?IILDX)
  C:\PROGRAM FILES\KEIL\C51\LIB\C51L.LIB (?C?ILDIX)
  C:\PROGRAM FILES\KEIL\C51\LIB\C51L.LIB (?C?ILDPTR)
  C:\PROGRAM FILES\KEIL\C51\LIB\C51L.LIB (?C?ILDOPTR)
  C:\PROGRAM FILES\KEIL\C51\LIB\C51L.LIB (?C?ISTPTR)
  C:\PROGRAM FILES\KEIL\C51\LIB\C51L.LIB (?C?ISTOPTR)
  C:\PROGRAM FILES\KEIL\C51\LIB\C51L.LIB (?C?ULDIV)
  C:\PROGRAM FILES\KEIL\C51\LIB\C51L.LIB (?C?SLDIV)
  C:\PROGRAM FILES\KEIL\C51\LIB\C51L.LIB (?C?LNEG)
  C:\PROGRAM FILES\KEIL\C51\LIB\C51L.LIB (?C?ULCMP)
  C:\PROGRAM FILES\KEIL\C51\LIB\C51L.LIB (?C?ULSHR)
  C:\PROGRAM FILES\KEIL\C51\LIB\C51L.LIB (?C?LSHL)
  C:\PROGRAM FILES\KEIL\C51\LIB\C51L.LIB (?C?LSTXDATA)
  C:\PROGRAM FILES\KEIL\C51\LIB\C51L.LIB (?C?LSTKXDATA)
  C:\PROGRAM FILES\KEIL\C51\LIB\C51L.LIB (?C?OFFXADD)
  C:\PROGRAM FILES\KEIL\C51\LIB\C51L.LIB (?C?CCASE)
  C:\PROGRAM FILES\KEIL\C51\LIB\C51L.LIB (?C?ICASE)

BL51 BANKED LINKER/LOCATER V6.22                                                      07/01/2014  11:50:40  PAGE 2



LINK MAP OF MODULE:  debug (DEBUG)


            TYPE    BASE      LENGTH    RELOCATION   SEGMENT NAME
            -----------------------------------------------------

            * * * * * * *   D A T A   M E M O R Y   * * * * * * *
            REG     0000H     0008H     ABSOLUTE     "REG BANK 0"
            DATA    0008H     0002H     UNIT         _DATA_GROUP_
            DATA    000AH     0001H     UNIT         ?DT?WATCHDOG
            DATA    000BH     0001H     UNIT         ?DT?PROTO_USO
            IDATA   000CH     0006H     UNIT         ?ID?I2C
            IDATA   0012H     0001H     UNIT         ?STACK

            * * * * * * *  X D A T A   M E M O R Y  * * * * * * *
            XDATA   0000H     037FH     UNIT         ?XD?PROTO_USO
            XDATA   037FH     015FH     UNIT         ?XD?CHANNELS
            XDATA   04DEH     0132H     UNIT         ?XD?ADC
            XDATA   0610H     006BH     UNIT         ?XD?FREQUENCY
            XDATA   067BH     0031H     UNIT         ?XD?I2C
            XDATA   06ACH     0028H     UNIT         ?XD?ULONGSORT
            XDATA   06D4H     001EH     UNIT         _XDATA_GROUP_
            XDATA   06F2H     0019H     UNIT         ?XD?WATCHDOG
            XDATA   070BH     0010H     UNIT         ?XD?DEBUG
            XDATA   071BH     000DH     UNIT         ?XD?_STORE_DEV_ADDRESS_DESC?PROTO_USO
            XDATA   0728H     0008H     UNIT         ?XD?CHANNEL_SET_CALIBRATE?PROTO_USO
            XDATA   0730H     0007H     UNIT         ?XD?MODBUS_ASCII
            XDATA   0737H     0006H     UNIT         ?XD?_PROTO_PASTE_NULL?PROTO_USO
            XDATA   073DH     0005H     UNIT         ?XD?_OLD_CRC_CHECK?PROTO_USO
            XDATA   0742H     0004H     UNIT         ?XD?_PROTOPROCESS?PROTO_USO
            XDATA   0746H     0004H     UNIT         ?XD?_RINGBUFHANDLING?PROTO_USO
            XDATA   074AH     0004H     UNIT         ?XD?_FREQUENCY_MEASURE_PROCESS?FREQUENCY
            XDATA   074EH     0004H     UNIT         ?XD?_SYM_8_TO_LONG?MODBUS_ASCII
            XDATA   0752H     0002H     UNIT         ?XD?OLD_CHANNEL_GET_DATA?PROTO_USO
            XDATA   0754H     0002H     UNIT         ?XD?OLD_CHANNEL_GET_DATA_STATE?PROTO_USO
            XDATA   0756H     0002H     UNIT         ?XD?OLD_CHANNEL_GET_STATE?PROTO_USO
            XDATA   0758H     0002H     UNIT         ?XD?RESTORE_DEV_ADDRESS_DESC?PROTO_USO
            XDATA   075AH     0002H     UNIT         ?XD?_INT_TO_SYM_4?MODBUS_ASCII
            XDATA   075CH     0001H     UNIT         ?XD?CHANNEL_SET_ADDRESS_DESC?PROTO_USO
            XDATA   075DH     0001H     UNIT         ?XD?_REQUEST_ERROR?PROTO_USO
            XDATA   075EH     0001H     UNIT         ?XD?OLD_CHANNEL_SET_ADC_RANGE?PROTO_USO

            * * * * * * *   C O D E   M E M O R Y   * * * * * * *
            CODE    0000H     0003H     ABSOLUTE     
            CODE    0003H     0003H     ABSOLUTE     
            CODE    0006H     0003H     UNIT         ?PR?NODE_FULL_INIT?PROTO_USO
                    0009H     0002H                  *** GAP ***
            CODE    000BH     0003H     ABSOLUTE     
            CODE    000EH     0003H     UNIT         ?PR?CHANNEL_LIST_INIT?PROTO_USO
                    0011H     0002H                  *** GAP ***
            CODE    0013H     0003H     ABSOLUTE     
            CODE    0016H     0003H     UNIT         ?PR?CHANNEL_GET_DATA?PROTO_USO
                    0019H     0002H                  *** GAP ***
            CODE    001BH     0003H     ABSOLUTE     
            CODE    001EH     0003H     UNIT         ?PR?CHANNEL_SET_ORDER_QUERY?PROTO_USO
                    0021H     0002H                  *** GAP ***
BL51 BANKED LINKER/LOCATER V6.22                                                      07/01/2014  11:50:40  PAGE 3


            CODE    0023H     0003H     ABSOLUTE     
            CODE    0026H     0003H     UNIT         ?PR?CHANNEL_GET_DATA_ORDER?PROTO_USO
                    0029H     0002H                  *** GAP ***
            CODE    002BH     0003H     ABSOLUTE     
            CODE    002EH     0003H     UNIT         ?PR?CHANNEL_SET_STATE?PROTO_USO
                    0031H     0002H                  *** GAP ***
            CODE    0033H     0003H     ABSOLUTE     
            CODE    0036H     0757H     UNIT         ?C?LIB_CODE
            CODE    078DH     0478H     UNIT         ?PR?_RINGBUFHANDLING?PROTO_USO
            CODE    0C05H     03FAH     UNIT         ?PR?CHANNEL_ALL_GET_DATA?PROTO_USO
            CODE    0FFFH     03B8H     UNIT         ?PR?OLD_CHANNEL_GET_DATA_STATE?PROTO_USO
            CODE    13B7H     038CH     UNIT         ?PR?_I2C_PROCESS?I2C
            CODE    1743H     0361H     UNIT         ?C_INITSEG
            CODE    1AA4H     0345H     UNIT         ?PR?READHOLDINGREG?MODBUS_ASCII
            CODE    1DE9H     0334H     UNIT         ?PR?_ULONGSORT_PROCESS?ULONGSORT
            CODE    211DH     0323H     UNIT         ?PR?_PROTOPROCESS?PROTO_USO
            CODE    2440H     02FAH     UNIT         ?PR?OLD_CHANNEL_GET_DATA?PROTO_USO
            CODE    273AH     02D2H     UNIT         ?PR?TIMER2_ISR?FREQUENCY
            CODE    2A0CH     0288H     UNIT         ?PR?_FREQUENCY_MEASURE_PROCESS?FREQUENCY
            CODE    2C94H     01E8H     UNIT         ?PR?CHANNELS_SET_DEFAULT?CHANNELS
            CODE    2E7CH     0189H     UNIT         ?PR?_STORE_DEV_ADDRESS_DESC?PROTO_USO
            CODE    3005H     0173H     UNIT         ?PR?OLD_CHANNEL_GET_STATE?PROTO_USO
            CODE    3178H     016EH     UNIT         ?PR?OLD_CHANNEL_SET_ADC_RANGE?PROTO_USO
            CODE    32E6H     0165H     UNIT         ?PR?PROTOBUFHANDLING?PROTO_USO
            CODE    344BH     0162H     UNIT         ?PR?SEND_INFO?PROTO_USO
            CODE    35ADH     0151H     UNIT         ?PR?_I2C_WRITE_BUF?I2C
            CODE    36FEH     0140H     UNIT         ?PR?CHANNEL_SET_PARAMETERS?PROTO_USO
            CODE    383EH     0132H     UNIT         ?PR?ADC_ISR?ADC
            CODE    3970H     0110H     UNIT         ?PR?_PROTO_PASTE_NULL?PROTO_USO
            CODE    3A80H     0110H     UNIT         ?PR?_I2C_READ_BUF?I2C
            CODE    3B90H     010DH     UNIT         ?PR?_WDT_PROCESS?WATCHDOG
            CODE    3C9DH     0105H     UNIT         ?PR?CHANNEL_GET_CALIBRATE_VALUE?PROTO_USO
            CODE    3DA2H     0100H     UNIT         ?CO?CRC_TABLE
            CODE    3EA2H     00F1H     UNIT         ?PR?RESTORE_DEV_ADDRESS_DESC?PROTO_USO
            CODE    3F93H     00E5H     UNIT         ?PR?CHANNEL_SET_CALIBRATE?PROTO_USO
            CODE    4078H     00E3H     UNIT         ?PR?_EEPROM_WRITE?EEPROM
            CODE    415BH     00DFH     UNIT         ?PR?_EEPROM_READ?EEPROM
            CODE    423AH     00C6H     UNIT         ?PR?_I2C_READ_COMPLETE?I2C
            CODE    4300H     00C3H     UNIT         ?PR?_CALIBRATE_SET_FLAG?CALIBRATE
            CODE    43C3H     00C0H     UNIT         ?PR?FREQUENCY_INIT?FREQUENCY
            CODE    4483H     00BCH     UNIT         ?PR?_GETCALIBRATEVAL?CALIBRATE
            CODE    453FH     00AEH     UNIT         ?PR?_I2C_REPEATREAD?DEBUG
            CODE    45EDH     00A2H     UNIT         ?PR?_CALIBRATE?CALIBRATE
            CODE    468FH     00A1H     UNIT         ?PR?MAIN?DEBUG
            CODE    4730H     009DH     UNIT         ?PR?ADC_RESTORE_SETTINGS?ADC
            CODE    47CDH     009DH     UNIT         ?C_C51STARTUP
            CODE    486AH     009DH     UNIT         ?PR?RESTORECALIBRATE?CALIBRATE
            CODE    4907H     0098H     UNIT         ?PR?CHANNELSINIT?CHANNELS
            CODE    499FH     0098H     UNIT         ?PR?RESTORE_CHANNELS_DATA?CHANNELS
            CODE    4A37H     0089H     UNIT         ?PR?_SYM_8_TO_LONG?MODBUS_ASCII
            CODE    4AC0H     0079H     UNIT         ?PR?_LRC_CHECK?MODBUS_ASCII
            CODE    4B39H     0078H     UNIT         ?PR?CHANNEL_SET_ADDRESS_DESC?PROTO_USO
            CODE    4BB1H     0076H     UNIT         ?PR?_OLD_CRC_CHECK?PROTO_USO
            CODE    4C27H     0075H     UNIT         ?PR?UART_ISR?PROTO_USO
            CODE    4C9CH     006BH     UNIT         ?PR?STORE_CHANNELS_DATA?CHANNELS
            CODE    4D07H     006BH     UNIT         ?PR?INT2_ISR?FREQUENCY
            CODE    4D72H     006BH     UNIT         ?PR?_LONG_TO_SYM_8?MODBUS_ASCII
BL51 BANKED LINKER/LOCATER V6.22                                                      07/01/2014  11:50:40  PAGE 4


            CODE    4DDDH     0067H     UNIT         ?PR?TIMER1_INTERRUPT?DEBUG
            CODE    4E44H     0065H     UNIT         ?PR?INT0_ISR?FREQUENCY
            CODE    4EA9H     0065H     UNIT         ?PR?INT1_ISR?FREQUENCY
            CODE    4F0EH     005BH     UNIT         ?PR?_REQUEST_ERROR?PROTO_USO
            CODE    4F69H     0058H     UNIT         ?PR?CHANNELS_GET_SETTINGS_CRC?CHANNELS
            CODE    4FC1H     0058H     UNIT         ?PR?CALIBRATE_GET_CRC?CALIBRATE
            CODE    5019H     004EH     UNIT         ?PR?_INT_TO_SYM_4?MODBUS_ASCII
            CODE    5067H     004DH     UNIT         ?PR?CALIBRATE_SET_DEFAULT?CALIBRATE
            CODE    50B4H     0045H     UNIT         ?PR?_SYM_4_TO_INT?MODBUS_ASCII
            CODE    50F9H     0044H     UNIT         ?C?LDIV
            CODE    513DH     0039H     UNIT         ?PR?_WDT_INIT?WATCHDOG
            CODE    5176H     0030H     UNIT         ?PR?PROTOCOL_INIT?PROTO_USO
            CODE    51A6H     002DH     UNIT         ?PR?ADC_INITIALIZE?ADC
            CODE    51D3H     0029H     UNIT         ?PR?_I2C_REPEAT_START_READ?I2C
            CODE    51FCH     0029H     UNIT         ?PR?_MBCHAR2BIN?MODBUS_ASCII
            CODE    5225H     0025H     UNIT         ?PR?_MBBIN2CHAR?MODBUS_ASCII
            CODE    524AH     0023H     UNIT         ?PR?_CRC_CHECK?CRC_TABLE
            CODE    526DH     001EH     UNIT         ?PR?_CHAR_TO_SYM_2?MODBUS_ASCII
            CODE    528BH     001BH     UNIT         ?PR?_SYM_2_TO_CHAR?MODBUS_ASCII
            CODE    52A6H     001AH     UNIT         ?PR?I2C_INIT?I2C
            CODE    52C0H     0015H     UNIT         ?PR?_ADC_OUT_FREQ?ADC
            CODE    52D5H     0014H     UNIT         ?PR?TIMER2_INITIALIZE?TIMER2
            CODE    52E9H     0013H     UNIT         ?PR?CHANNEL_SET_RESET_STATE_FLAGS?PROTO_USO
            CODE    52FCH     0012H     UNIT         ?PR?UART_INIT?TIMER3
            CODE    530EH     0011H     UNIT         ?PR?TIMER0_INITIALIZE?TIMER0
            CODE    531FH     0011H     UNIT         ?PR?TIMER1_INITIALIZE?TIMER1
            CODE    5330H     000CH     UNIT         ?PR?CHANNEL_SET_ALL_DEFAULT?PROTO_USO
            CODE    533CH     000AH     UNIT         ?PR?WDT_CLEAR?WATCHDOG
            CODE    5346H     0007H     UNIT         ?PR?_ADC_SET_MODE?ADC
            CODE    534DH     0003H     UNIT         ?PR?CHANNEL_GET_DATA_ORDER_M2?PROTO_USO
            CODE    5350H     0003H     UNIT         ?PR?OLD_REINIT_BLOCK?PROTO_USO



OVERLAY MAP OF MODULE:   debug (DEBUG)


SEGMENT                                            DATA_GROUP          XDATA_GROUP
  +--> CALLED SEGMENT                            START    LENGTH     START    LENGTH
------------------------------------------------------------------------------------
?C_C51STARTUP                                    -----    -----      -----    -----
  +--> ?PR?MAIN?DEBUG
  +--> ?C_INITSEG

?PR?MAIN?DEBUG                                   -----    -----      -----    -----
  +--> ?PR?RESTORECALIBRATE?CALIBRATE
  +--> ?PR?CHANNELSINIT?CHANNELS
  +--> ?PR?PROTOCOL_INIT?PROTO_USO
  +--> ?PR?TIMER1_INITIALIZE?TIMER1
  +--> ?PR?ADC_INITIALIZE?ADC
  +--> ?PR?UART_INIT?TIMER3
  +--> ?PR?FREQUENCY_INIT?FREQUENCY
  +--> ?PR?_WDT_INIT?WATCHDOG
  +--> ?PR?I2C_INIT?I2C
  +--> ?PR?_I2C_REPEAT_START_READ?I2C
  +--> ?PR?_PROTOPROCESS?PROTO_USO
  +--> ?PR?_I2C_REPEATREAD?DEBUG
BL51 BANKED LINKER/LOCATER V6.22                                                      07/01/2014  11:50:40  PAGE 5


  +--> ?PR?_FREQUENCY_MEASURE_PROCESS?FREQUENCY
  +--> ?PR?_ULONGSORT_PROCESS?ULONGSORT
  +--> ?PR?_I2C_PROCESS?I2C
  +--> ?PR?_WDT_PROCESS?WATCHDOG
  +--> ?PR?_RINGBUFHANDLING?PROTO_USO

?PR?RESTORECALIBRATE?CALIBRATE                   -----    -----      06D4H    0009H
  +--> ?PR?_EEPROM_READ?EEPROM
  +--> ?PR?CALIBRATE_GET_CRC?CALIBRATE
  +--> ?PR?CALIBRATE_SET_DEFAULT?CALIBRATE

?PR?_EEPROM_READ?EEPROM                          -----    -----      06DDH    000AH

?PR?CALIBRATE_GET_CRC?CALIBRATE                  -----    -----      06E8H    0003H
  +--> ?CO?CRC_TABLE

?PR?CALIBRATE_SET_DEFAULT?CALIBRATE              -----    -----      06DDH    0005H
  +--> ?PR?_CALIBRATE_SET_FLAG?CALIBRATE
  +--> ?PR?CALIBRATE_GET_CRC?CALIBRATE
  +--> ?PR?_EEPROM_WRITE?EEPROM

?PR?_CALIBRATE_SET_FLAG?CALIBRATE                -----    -----      06E2H    0006H
  +--> ?PR?_EEPROM_WRITE?EEPROM
  +--> ?PR?CALIBRATE_GET_CRC?CALIBRATE

?PR?_EEPROM_WRITE?EEPROM                         -----    -----      06E8H    000AH

?PR?CHANNELSINIT?CHANNELS                        -----    -----      -----    -----
  +--> ?PR?RESTORE_CHANNELS_DATA?CHANNELS

?PR?RESTORE_CHANNELS_DATA?CHANNELS               -----    -----      06D4H    0009H
  +--> ?PR?_EEPROM_READ?EEPROM
  +--> ?PR?CHANNELS_GET_SETTINGS_CRC?CHANNELS
  +--> ?PR?CHANNELS_SET_DEFAULT?CHANNELS

?PR?CHANNELS_GET_SETTINGS_CRC?CHANNELS           -----    -----      06E2H    0003H
  +--> ?CO?CRC_TABLE

?PR?CHANNELS_SET_DEFAULT?CHANNELS                -----    -----      -----    -----
  +--> ?PR?STORE_CHANNELS_DATA?CHANNELS

?PR?STORE_CHANNELS_DATA?CHANNELS                 -----    -----      06DDH    0005H
  +--> ?PR?_EEPROM_WRITE?EEPROM
  +--> ?PR?CHANNELS_GET_SETTINGS_CRC?CHANNELS

?PR?PROTOCOL_INIT?PROTO_USO                      -----    -----      -----    -----
  +--> ?PR?RESTORE_DEV_ADDRESS_DESC?PROTO_USO

?PR?RESTORE_DEV_ADDRESS_DESC?PROTO_USO           -----    -----      -----    -----
  +--> ?PR?_EEPROM_READ?EEPROM

?PR?ADC_INITIALIZE?ADC                           -----    -----      -----    -----
  +--> ?PR?ADC_RESTORE_SETTINGS?ADC
  +--> ?PR?_ADC_SET_MODE?ADC
  +--> ?PR?_ADC_OUT_FREQ?ADC

?PR?ADC_RESTORE_SETTINGS?ADC                     -----    -----      06D4H    0002H
BL51 BANKED LINKER/LOCATER V6.22                                                      07/01/2014  11:50:40  PAGE 6



?PR?FREQUENCY_INIT?FREQUENCY                     -----    -----      06D4H    0001H
  +--> ?PR?TIMER0_INITIALIZE?TIMER0
  +--> ?PR?TIMER2_INITIALIZE?TIMER2

?PR?_I2C_REPEAT_START_READ?I2C                   -----    -----      06D8H    0009H

?PR?_PROTOPROCESS?PROTO_USO                      -----    -----      -----    -----
  +--> ?PR?_CRC_CHECK?CRC_TABLE
  +--> ?PR?_OLD_CRC_CHECK?PROTO_USO
  +--> ?PR?_SYM_2_TO_CHAR?MODBUS_ASCII
  +--> ?PR?_LRC_CHECK?MODBUS_ASCII
  +--> ?PR?PROTOBUFHANDLING?PROTO_USO
  +--> ?PR?_PROTO_PASTE_NULL?PROTO_USO

?PR?_CRC_CHECK?CRC_TABLE                         -----    -----      -----    -----
  +--> ?CO?CRC_TABLE

?PR?_SYM_2_TO_CHAR?MODBUS_ASCII                  -----    -----      -----    -----
  +--> ?PR?_MBCHAR2BIN?MODBUS_ASCII

?PR?_LRC_CHECK?MODBUS_ASCII                      -----    -----      06D4H    0006H
  +--> ?PR?_MBCHAR2BIN?MODBUS_ASCII

?PR?PROTOBUFHANDLING?PROTO_USO                   -----    -----      -----    -----
  +--> ?PR?SEND_INFO?PROTO_USO
  +--> ?PR?NODE_FULL_INIT?PROTO_USO
  +--> ?PR?CHANNEL_LIST_INIT?PROTO_USO
  +--> ?PR?CHANNEL_GET_DATA?PROTO_USO
  +--> ?PR?CHANNEL_SET_PARAMETERS?PROTO_USO
  +--> ?PR?CHANNEL_SET_ORDER_QUERY?PROTO_USO
  +--> ?PR?CHANNEL_GET_DATA_ORDER?PROTO_USO
  +--> ?PR?CHANNEL_SET_STATE?PROTO_USO
  +--> ?PR?CHANNEL_GET_DATA_ORDER_M2?PROTO_USO
  +--> ?PR?CHANNEL_SET_RESET_STATE_FLAGS?PRO...
  +--> ?PR?CHANNEL_ALL_GET_DATA?PROTO_USO
  +--> ?PR?CHANNEL_SET_ADDRESS_DESC?PROTO_USO
  +--> ?PR?CHANNEL_SET_CALIBRATE?PROTO_USO
  +--> ?PR?CHANNEL_SET_ALL_DEFAULT?PROTO_USO
  +--> ?PR?CHANNEL_GET_CALIBRATE_VALUE?PROTO...
  +--> ?PR?_REQUEST_ERROR?PROTO_USO
  +--> ?PR?OLD_REINIT_BLOCK?PROTO_USO
  +--> ?PR?OLD_CHANNEL_SET_ADC_RANGE?PROTO_USO
  +--> ?PR?OLD_CHANNEL_GET_STATE?PROTO_USO
  +--> ?PR?OLD_CHANNEL_GET_DATA?PROTO_USO
  +--> ?PR?OLD_CHANNEL_GET_DATA_STATE?PROTO_USO
  +--> ?PR?_SYM_2_TO_CHAR?MODBUS_ASCII
  +--> ?PR?READHOLDINGREG?MODBUS_ASCII

?PR?SEND_INFO?PROTO_USO                          -----    -----      -----    -----
  +--> ?PR?_CRC_CHECK?CRC_TABLE

?PR?CHANNEL_SET_PARAMETERS?PROTO_USO             -----    -----      06D4H    0001H
  +--> ?PR?_REQUEST_ERROR?PROTO_USO
  +--> ?PR?STORE_CHANNELS_DATA?CHANNELS

?PR?_REQUEST_ERROR?PROTO_USO                     -----    -----      -----    -----
BL51 BANKED LINKER/LOCATER V6.22                                                      07/01/2014  11:50:40  PAGE 7


  +--> ?PR?_CRC_CHECK?CRC_TABLE

?PR?CHANNEL_SET_RESET_STATE_FLAGS?PRO...         -----    -----      -----    -----
  +--> ?PR?CHANNELSINIT?CHANNELS
  +--> ?PR?_REQUEST_ERROR?PROTO_USO

?PR?CHANNEL_ALL_GET_DATA?PROTO_USO               0008H    0002H      -----    -----
  +--> ?PR?_CRC_CHECK?CRC_TABLE

?PR?CHANNEL_SET_ADDRESS_DESC?PROTO_USO           -----    -----      -----    -----
  +--> ?PR?_STORE_DEV_ADDRESS_DESC?PROTO_USO
  +--> ?PR?_REQUEST_ERROR?PROTO_USO

?PR?_STORE_DEV_ADDRESS_DESC?PROTO_USO            -----    -----      -----    -----
  +--> ?PR?_EEPROM_WRITE?EEPROM

?PR?CHANNEL_SET_CALIBRATE?PROTO_USO              -----    -----      -----    -----
  +--> ?PR?_CALIBRATE?CALIBRATE
  +--> ?PR?_CALIBRATE_SET_FLAG?CALIBRATE
  +--> ?PR?_REQUEST_ERROR?PROTO_USO

?PR?_CALIBRATE?CALIBRATE                         -----    -----      06D4H    000DH
  +--> ?PR?_EEPROM_WRITE?EEPROM
  +--> ?PR?CALIBRATE_GET_CRC?CALIBRATE

?PR?CHANNEL_SET_ALL_DEFAULT?PROTO_USO            -----    -----      -----    -----
  +--> ?PR?CHANNELS_SET_DEFAULT?CHANNELS
  +--> ?PR?CALIBRATE_SET_DEFAULT?CALIBRATE
  +--> ?PR?_REQUEST_ERROR?PROTO_USO

?PR?CHANNEL_GET_CALIBRATE_VALUE?PROTO...         -----    -----      -----    -----
  +--> ?PR?_REQUEST_ERROR?PROTO_USO
  +--> ?PR?_CRC_CHECK?CRC_TABLE

?PR?OLD_CHANNEL_GET_STATE?PROTO_USO              -----    -----      -----    -----
  +--> ?PR?_PROTO_PASTE_NULL?PROTO_USO
  +--> ?PR?_OLD_CRC_CHECK?PROTO_USO

?PR?OLD_CHANNEL_GET_DATA?PROTO_USO               -----    -----      -----    -----
  +--> ?PR?_PROTO_PASTE_NULL?PROTO_USO
  +--> ?PR?_OLD_CRC_CHECK?PROTO_USO

?PR?OLD_CHANNEL_GET_DATA_STATE?PROTO_USO         -----    -----      -----    -----
  +--> ?PR?_PROTO_PASTE_NULL?PROTO_USO
  +--> ?PR?_OLD_CRC_CHECK?PROTO_USO

?PR?READHOLDINGREG?MODBUS_ASCII                  -----    -----      -----    -----
  +--> ?PR?_SYM_4_TO_INT?MODBUS_ASCII
  +--> ?PR?_CHAR_TO_SYM_2?MODBUS_ASCII
  +--> ?PR?_LONG_TO_SYM_8?MODBUS_ASCII
  +--> ?PR?_LRC_CHECK?MODBUS_ASCII

?PR?_SYM_4_TO_INT?MODBUS_ASCII                   -----    -----      06D4H    0002H
  +--> ?PR?_MBCHAR2BIN?MODBUS_ASCII

?PR?_CHAR_TO_SYM_2?MODBUS_ASCII                  -----    -----      -----    -----
  +--> ?PR?_MBBIN2CHAR?MODBUS_ASCII
BL51 BANKED LINKER/LOCATER V6.22                                                      07/01/2014  11:50:40  PAGE 8



?PR?_LONG_TO_SYM_8?MODBUS_ASCII                  -----    -----      06D4H    0008H
  +--> ?PR?_MBBIN2CHAR?MODBUS_ASCII

?PR?_I2C_REPEATREAD?DEBUG                        -----    -----      06D4H    0004H
  +--> ?PR?_I2C_REPEAT_START_READ?I2C

?PR?_ULONGSORT_PROCESS?ULONGSORT                 -----    -----      06D4H    0004H
  +--> ?PR?_GETCALIBRATEVAL?CALIBRATE

?PR?_GETCALIBRATEVAL?CALIBRATE                   -----    -----      06D8H    0009H

?PR?_I2C_PROCESS?I2C                             -----    -----      06D4H    0004H
  +--> ?PR?_I2C_WRITE_BUF?I2C
  +--> ?PR?_I2C_READ_BUF?I2C
  +--> ?PR?_I2C_READ_COMPLETE?I2C

?PR?_I2C_WRITE_BUF?I2C                           -----    -----      06D8H    0008H

?PR?_I2C_READ_BUF?I2C                            -----    -----      06D8H    0008H

?PR?_I2C_READ_COMPLETE?I2C                       -----    -----      06D8H    0004H
  +--> ?PR?_CRC_CHECK?CRC_TABLE

?PR?_WDT_PROCESS?WATCHDOG                        -----    -----      06D4H    0006H
  +--> ?PR?WDT_CLEAR?WATCHDOG



SYMBOL TABLE OF MODULE:  debug (DEBUG)

  VALUE           TYPE          NAME
  ----------------------------------

  -------         MODULE        DEBUG
  C:0000H         SYMBOL        _ICE_DUMMY_
  D:0088H         PUBLIC        TCON
  D:008BH         PUBLIC        TL1
  D:008DH         PUBLIC        TH1
  D:0098H         PUBLIC        SCON
  D:00A0H         PUBLIC        P2
  D:00A8H         PUBLIC        IE
  D:00B0H         PUBLIC        P3
  D:00B8H         PUBLIC        IP
  D:00C0H         PUBLIC        WDCON
  D:00C8H         PUBLIC        T2CON
  D:00D0H         PUBLIC        PSW
  D:00D7H         PUBLIC        PLLCON
  D:00D8H         PUBLIC        ADCSTAT
  D:00E8H         PUBLIC        I2CCON
  D:00E8H         PUBLIC        DCON
  D:00F8H         PUBLIC        SPICON
  B:00A8H.7       PUBLIC        EA
  X:070BH         PUBLIC        pt_i2c_read
  X:070FH         PUBLIC        pt_freq_measure
  X:0713H         PUBLIC        pt_sort
  X:0717H         PUBLIC        pt_i2c_process
BL51 BANKED LINKER/LOCATER V6.22                                                      07/01/2014  11:50:40  PAGE 9


  C:453FH         PUBLIC        _I2C_RepeatRead
  C:468FH         PUBLIC        main
  C:4DDDH         PUBLIC        Timer1_Interrupt
  -------         PROC          MAIN
  C:468FH         LINE#         34
  C:468FH         LINE#         35
  C:468FH         LINE#         36
  C:4691H         LINE#         39
  C:4694H         LINE#         41
  C:4697H         LINE#         43
  C:469AH         LINE#         44
  C:469DH         LINE#         45
  C:46A0H         LINE#         46
  C:46A3H         LINE#         47
  C:46A6H         LINE#         48
  C:46A9H         LINE#         50
  C:46AEH         LINE#         51
  C:46B1H         LINE#         55
  C:46B8H         LINE#         56
  C:46BEH         LINE#         57
  C:46C4H         LINE#         58
  C:46CAH         LINE#         60
  C:46CCH         LINE#         62
  C:46D0H         LINE#         64
  C:46EEH         LINE#         65
  C:46EEH         LINE#         66
  C:46EEH         LINE#         67
  C:46F7H         LINE#         68
  C:4700H         LINE#         69
  C:4709H         LINE#         70
  C:4712H         LINE#         71
  C:471BH         LINE#         72
  C:4724H         LINE#         73
  C:472DH         LINE#         74
  -------         ENDPROC       MAIN
  -------         PROC          _I2C_REPEATREAD
  X:06D4H         SYMBOL        pt
  -------         DO            
  X:06D7H         SYMBOL        PT_YIELD_FLAG
  -------         ENDDO         
  C:453FH         LINE#         79
  C:454AH         LINE#         80
  C:454AH         LINE#         81
  C:454FH         LINE#         83
  C:4567H         LINE#         85
  C:4567H         LINE#         86
  C:4567H         LINE#         87
  C:45A5H         LINE#         88
  C:45C4H         LINE#         89
  C:45D2H         LINE#         90
  C:45D4H         LINE#         91
  C:45ECH         LINE#         93
  -------         ENDPROC       _I2C_REPEATREAD
  -------         PROC          TIMER1_INTERRUPT
  C:4DDDH         LINE#         95
  C:4DE3H         LINE#         98
  C:4DE6H         LINE#         99
BL51 BANKED LINKER/LOCATER V6.22                                                      07/01/2014  11:50:40  PAGE 10


  C:4DE9H         LINE#         100
  C:4DF7H         LINE#         101
  C:4E05H         LINE#         102
  C:4E13H         LINE#         103
  C:4E21H         LINE#         104
  C:4E2FH         LINE#         105
  C:4E3DH         LINE#         107
  -------         ENDPROC       TIMER1_INTERRUPT
  -------         ENDMOD        DEBUG

  -------         MODULE        TIMER3
  C:0000H         SYMBOL        _ICE_DUMMY_
  D:0088H         PUBLIC        TCON
  D:0098H         PUBLIC        SCON
  D:009DH         PUBLIC        T3FD
  D:009EH         PUBLIC        T3CON
  D:00A0H         PUBLIC        P2
  D:00A8H         PUBLIC        IE
  D:00B0H         PUBLIC        P3
  D:00B8H         PUBLIC        IP
  D:00C0H         PUBLIC        WDCON
  D:00C8H         PUBLIC        T2CON
  D:00D0H         PUBLIC        PSW
  D:00D8H         PUBLIC        ADCSTAT
  D:00E8H         PUBLIC        I2CCON
  D:00E8H         PUBLIC        DCON
  D:00F8H         PUBLIC        SPICON
  B:00A8H.4       PUBLIC        ES
  B:00B8H.4       PUBLIC        PS
  B:0098H.1       PUBLIC        TI
  B:0098H.0       PUBLIC        RI
  C:52FCH         PUBLIC        UART_Init
  -------         PROC          UART_INIT
  C:52FCH         LINE#         3
  C:52FCH         LINE#         4
  C:52FCH         LINE#         6
  C:52FFH         LINE#         8
  C:5302H         LINE#         9
  C:5305H         LINE#         10
  C:5307H         LINE#         11
  C:5309H         LINE#         12
  C:530BH         LINE#         13
  C:530DH         LINE#         15
  -------         ENDPROC       UART_INIT
  -------         ENDMOD        TIMER3

  -------         MODULE        ADC
  C:0000H         SYMBOL        _ICE_DUMMY_
  D:0088H         PUBLIC        TCON
  D:0098H         PUBLIC        SCON
  D:00A0H         PUBLIC        P2
  D:00A8H         PUBLIC        IE
  D:00B0H         PUBLIC        P3
  D:00B8H         PUBLIC        IP
  D:00C0H         PUBLIC        WDCON
  D:00C8H         PUBLIC        T2CON
  D:00D0H         PUBLIC        PSW
BL51 BANKED LINKER/LOCATER V6.22                                                      07/01/2014  11:50:40  PAGE 11


  D:00D1H         PUBLIC        ADCMODE
  D:00D2H         PUBLIC        ADC0CON1
  D:00D4H         PUBLIC        SF
  D:00D8H         PUBLIC        ADCSTAT
  D:00D9H         PUBLIC        ADC0L
  D:00DAH         PUBLIC        ADC0M
  D:00DBH         PUBLIC        ADC0H
  D:00E6H         PUBLIC        ADC0CON2
  D:00E8H         PUBLIC        I2CCON
  D:00E8H         PUBLIC        DCON
  D:00F8H         PUBLIC        SPICON
  B:00A8H.6       PUBLIC        EADC
  B:00D8H.7       PUBLIC        RDY0
  X:04E0H         PUBLIC        adc_channels
  C:51A6H         PUBLIC        ADC_Initialize
  C:383EH         PUBLIC        ADC_ISR
  C:5346H         PUBLIC        _ADC_Set_Mode
  C:52C0H         PUBLIC        _ADC_Out_Freq
  C:4730H         PUBLIC        ADC_Restore_Settings
  -------         PROC          ADC_INITIALIZE
  C:51A6H         LINE#         6
  C:51A6H         LINE#         7
  C:51A6H         LINE#         8
  C:51A9H         LINE#         9
  C:51ACH         LINE#         10
  C:51AFH         LINE#         16
  C:51B2H         LINE#         17
  C:51B5H         LINE#         18
  C:51B8H         LINE#         20
  C:51BBH         LINE#         21
  C:51BEH         LINE#         31
  C:51C1H         LINE#         32
  C:51C6H         LINE#         34
  C:51CDH         LINE#         37
  C:51CFH         LINE#         39
  C:51D2H         LINE#         42
  -------         ENDPROC       ADC_INITIALIZE
  -------         PROC          ADC_ISR
  -------         DO            
  X:04DEH         SYMBOL        current_channel
  X:04DFH         SYMBOL        current_buf_item
  -------         ENDDO         
  C:383EH         LINE#         44
  C:384EH         LINE#         49
  C:3856H         LINE#         50
  C:386BH         LINE#         52
  C:388FH         LINE#         53
  C:38ACH         LINE#         54
  C:38D1H         LINE#         55
  C:38EEH         LINE#         57
  C:3907H         LINE#         58
  C:391DH         LINE#         61
  C:3929H         LINE#         62
  C:3948H         LINE#         63
  C:395DH         LINE#         66
  C:395FH         LINE#         68
  -------         ENDPROC       ADC_ISR
BL51 BANKED LINKER/LOCATER V6.22                                                      07/01/2014  11:50:40  PAGE 12


  -------         PROC          _ADC_SET_MODE
  D:0007H         SYMBOL        mode
  C:5346H         LINE#         70
  C:5346H         LINE#         71
  C:5346H         LINE#         72
  C:5349H         LINE#         73
  C:534CH         LINE#         75
  -------         ENDPROC       _ADC_SET_MODE
  -------         PROC          _ADC_OUT_FREQ
  D:0006H         SYMBOL        freq
  C:52C0H         LINE#         77
  C:52C0H         LINE#         78
  C:52C0H         LINE#         79
  C:52D4H         LINE#         81
  -------         ENDPROC       _ADC_OUT_FREQ
  -------         PROC          ADC_RESTORE_SETTINGS
  -------         DO            
  X:06D4H         SYMBOL        i
  X:06D5H         SYMBOL        j
  -------         ENDDO         
  C:4730H         LINE#         83
  C:4730H         LINE#         84
  C:4730H         LINE#         85
  C:4737H         LINE#         86
  C:4748H         LINE#         87
  C:4748H         LINE#         88
  C:4759H         LINE#         89
  C:476AH         LINE#         90
  C:477CH         LINE#         91
  C:478DH         LINE#         93
  C:479BH         LINE#         94
  C:479BH         LINE#         95
  C:47BBH         LINE#         96
  C:47C3H         LINE#         97
  C:47CCH         LINE#         99
  -------         ENDPROC       ADC_RESTORE_SETTINGS
  -------         ENDMOD        ADC

  -------         MODULE        EEPROM
  C:0000H         SYMBOL        _ICE_DUMMY_
  D:0088H         PUBLIC        TCON
  D:0098H         PUBLIC        SCON
  D:00A0H         PUBLIC        P2
  D:00A8H         PUBLIC        IE
  D:00B0H         PUBLIC        P3
  D:00B8H         PUBLIC        IP
  D:00B9H         PUBLIC        ECON
  D:00BCH         PUBLIC        EDATA1
  D:00BDH         PUBLIC        EDATA2
  D:00BEH         PUBLIC        EDATA3
  D:00BFH         PUBLIC        EDATA4
  D:00C0H         PUBLIC        WDCON
  D:00C8H         PUBLIC        T2CON
  D:00D0H         PUBLIC        PSW
  D:00D8H         PUBLIC        ADCSTAT
  D:00E8H         PUBLIC        I2CCON
  D:00E8H         PUBLIC        DCON
BL51 BANKED LINKER/LOCATER V6.22                                                      07/01/2014  11:50:40  PAGE 13


  D:00F8H         PUBLIC        SPICON
  B:00A8H.7       PUBLIC        EA
  D:00C6H         PUBLIC        EADR
  C:415BH         PUBLIC        _EEPROM_Read
  C:4078H         PUBLIC        _EEPROM_Write
  -------         PROC          _EEPROM_WRITE
  D:0001H         SYMBOL        buffer
  X:06EBH         SYMBOL        len
  X:06EDH         SYMBOL        addr
  -------         DO            
  X:06EFH         SYMBOL        i
  D:0001H         SYMBOL        buf
  X:06F1H         SYMBOL        ea_temp
  -------         ENDDO         
  C:4078H         LINE#         4
  C:4080H         LINE#         5
  C:4080H         LINE#         7
  C:4087H         LINE#         10
  C:4089H         LINE#         12
  C:40A0H         LINE#         13
  C:40A4H         LINE#         15
  C:40A4H         LINE#         17
  C:40C3H         LINE#         18
  C:40C3H         LINE#         19
  C:40CBH         LINE#         20
  C:40CDH         LINE#         22
  C:40E7H         LINE#         23
  C:40F1H         LINE#         24
  C:410DH         LINE#         25
  C:4119H         LINE#         27
  C:4125H         LINE#         29
  C:4128H         LINE#         30
  C:412BH         LINE#         32
  C:4133H         LINE#         34
  C:4141H         LINE#         35
  C:4152H         LINE#         37
  C:415AH         LINE#         38
  -------         ENDPROC       _EEPROM_WRITE
  -------         PROC          _EEPROM_READ
  D:0001H         SYMBOL        buffer
  X:06E0H         SYMBOL        len
  X:06E2H         SYMBOL        addr
  -------         DO            
  X:06E4H         SYMBOL        i
  D:0001H         SYMBOL        buf
  X:06E6H         SYMBOL        ea_temp
  -------         ENDDO         
  C:415BH         LINE#         40
  C:4163H         LINE#         41
  C:4163H         LINE#         44
  C:416AH         LINE#         47
  C:416CH         LINE#         49
  C:4183H         LINE#         50
  C:4187H         LINE#         52
  C:4187H         LINE#         54
  C:41A6H         LINE#         55
  C:41A6H         LINE#         56
BL51 BANKED LINKER/LOCATER V6.22                                                      07/01/2014  11:50:40  PAGE 14


  C:41AEH         LINE#         57
  C:41B0H         LINE#         59
  C:41BCH         LINE#         60
  C:41BFH         LINE#         62
  C:41DBH         LINE#         63
  C:41E5H         LINE#         64
  C:41FEH         LINE#         65
  C:420AH         LINE#         67
  C:4212H         LINE#         69
  C:4220H         LINE#         70
  C:4231H         LINE#         72
  C:4239H         LINE#         73
  -------         ENDPROC       _EEPROM_READ
  -------         ENDMOD        EEPROM

  -------         MODULE        WATCHDOG
  C:0000H         SYMBOL        _ICE_DUMMY_
  D:0088H         PUBLIC        TCON
  D:0098H         PUBLIC        SCON
  D:00A0H         PUBLIC        P2
  D:00A8H         PUBLIC        IE
  D:00B0H         PUBLIC        P3
  D:00B8H         PUBLIC        IP
  D:00C0H         PUBLIC        WDCON
  D:00C8H         PUBLIC        T2CON
  D:00D0H         PUBLIC        PSW
  D:00D8H         PUBLIC        ADCSTAT
  D:00E8H         PUBLIC        I2CCON
  D:00E8H         PUBLIC        DCON
  D:00F8H         PUBLIC        SPICON
  B:00A8H.7       PUBLIC        EA
  B:00C0H.0       PUBLIC        WDWR
  X:06F2H         PUBLIC        wdt_count
  C:513DH         PUBLIC        _WDT_Init
  C:533CH         PUBLIC        WDT_Clear
  C:3B90H         PUBLIC        _WDT_Process
  D:000AH         PUBLIC        wdt_intval
  X:0707H         PUBLIC        pt_wdt
  -------         PROC          _WDT_INIT
  D:0007H         SYMBOL        interval
  -------         DO            
  D:0006H         SYMBOL        i
  -------         ENDDO         
  C:513DH         LINE#         8
  C:513DH         LINE#         9
  C:513DH         LINE#         10
  C:513FH         LINE#         12
  C:5141H         LINE#         13
  C:5143H         LINE#         14
  C:5146H         LINE#         30
  C:5146H         LINE#         31
  C:5146H         LINE#         32
  C:5158H         LINE#         33
  C:5169H         LINE#         34
  C:516EH         LINE#         36
  C:5175H         LINE#         38
  -------         ENDPROC       _WDT_INIT
BL51 BANKED LINKER/LOCATER V6.22                                                      07/01/2014  11:50:40  PAGE 15


  -------         PROC          WDT_CLEAR
  C:533CH         LINE#         40
  C:533CH         LINE#         41
  C:533CH         LINE#         42
  C:533EH         LINE#         44
  C:5340H         LINE#         45
  C:5343H         LINE#         47
  C:5345H         LINE#         49
  -------         ENDPROC       WDT_CLEAR
  -------         PROC          _WDT_PROCESS
  X:06D4H         SYMBOL        pt
  -------         DO            
  X:06D7H         SYMBOL        i
  X:06D8H         SYMBOL        process_error
  -------         DO            
  X:06D9H         SYMBOL        PT_YIELD_FLAG
  -------         ENDDO         
  -------         ENDDO         
  C:3B90H         LINE#         51
  C:3B9BH         LINE#         52
  C:3B9BH         LINE#         54
  C:3BA0H         LINE#         55
  C:3BA4H         LINE#         57
  C:3BCDH         LINE#         59
  C:3BCDH         LINE#         60
  C:3BCDH         LINE#         61
  C:3C0BH         LINE#         62
  C:3C10H         LINE#         64
  C:3C1EH         LINE#         66
  C:3C23H         LINE#         67
  C:3C23H         LINE#         68
  C:3C4FH         LINE#         69
  C:3C4FH         LINE#         70
  C:3C54H         LINE#         71
  C:3C56H         LINE#         72
  C:3C56H         LINE#         74
  C:3C56H         LINE#         75
  C:3C6BH         LINE#         76
  C:3C6BH         LINE#         77
  C:3C75H         LINE#         79
  C:3C7EH         LINE#         80
  C:3C7EH         LINE#         81
  C:3C81H         LINE#         82
  C:3C81H         LINE#         83
  C:3C84H         LINE#         84
  C:3C9CH         LINE#         85
  -------         ENDPROC       _WDT_PROCESS
  -------         ENDMOD        WATCHDOG

  -------         MODULE        PROTO_USO
  C:0000H         SYMBOL        _ICE_DUMMY_
  D:0088H         PUBLIC        TCON
  D:0098H         PUBLIC        SCON
  D:0099H         PUBLIC        SBUF
  D:00A0H         PUBLIC        P2
  D:00A8H         PUBLIC        IE
  D:00B0H         PUBLIC        P3
BL51 BANKED LINKER/LOCATER V6.22                                                      07/01/2014  11:50:40  PAGE 16


  D:00B8H         PUBLIC        IP
  D:00C0H         PUBLIC        WDCON
  D:00C8H         PUBLIC        T2CON
  D:00D0H         PUBLIC        PSW
  D:00D8H         PUBLIC        ADCSTAT
  D:00E8H         PUBLIC        I2CCON
  D:00E8H         PUBLIC        DCON
  D:00F8H         PUBLIC        SPICON
  B:00D0H.7       PUBLIC        CY
  B:00A8H.7       PUBLIC        EA
  B:00A8H.4       PUBLIC        ES
  B:0098H.4       PUBLIC        REN
  B:0098H.1       PUBLIC        TI
  B:0098H.0       PUBLIC        RI
  C:4C27H         PUBLIC        UART_ISR
  C:5176H         PUBLIC        Protocol_Init
  C:344BH         PUBLIC        Send_Info
  C:0006H         PUBLIC        Node_Full_Init
  C:000EH         PUBLIC        Channel_List_Init
  C:0016H         PUBLIC        Channel_Get_Data
  C:36FEH         PUBLIC        Channel_Set_Parameters
  C:001EH         PUBLIC        Channel_Set_Order_Query
  C:0026H         PUBLIC        Channel_Get_Data_Order
  C:002EH         PUBLIC        Channel_Set_State
  C:534DH         PUBLIC        Channel_Get_Data_Order_M2
  C:52E9H         PUBLIC        Channel_Set_Reset_State_Flags
  C:0C05H         PUBLIC        Channel_All_Get_Data
  C:4B39H         PUBLIC        Channel_Set_Address_Desc
  C:3F93H         PUBLIC        Channel_Set_Calibrate
  C:5330H         PUBLIC        Channel_Set_All_Default
  C:3C9DH         PUBLIC        Channel_Get_Calibrate_Value
  C:4F0EH         PUBLIC        _Request_Error
  C:4BB1H         PUBLIC        _Old_CRC_Check
  C:2440H         PUBLIC        Old_Channel_Get_Data
  C:0FFFH         PUBLIC        Old_Channel_Get_Data_State
  C:3005H         PUBLIC        Old_Channel_Get_State
  C:5350H         PUBLIC        Old_Reinit_Block
  C:3178H         PUBLIC        Old_Channel_Set_ADC_Range
  C:3970H         PUBLIC        _Proto_Paste_Null
  C:32E6H         PUBLIC        ProtoBufHandling
  C:211DH         PUBLIC        _ProtoProcess
  C:078DH         PUBLIC        _RingBufHandling
  C:2E7CH         PUBLIC        _Store_Dev_Address_Desc
  C:3EA2H         PUBLIC        Restore_Dev_Address_Desc
  B:00B0H.5       PUBLIC        DE_RE
  X:0006H         PUBLIC        DEV_NAME
  X:001AH         PUBLIC        NOTICE
  X:0042H         PUBLIC        VERSION
  X:004AH         PUBLIC        ADRESS_DEV
  X:004BH         PUBLIC        dev_desc_len
  X:004CH         PUBLIC        RECIEVED
  X:004DH         PUBLIC        recieve_count
  X:004FH         PUBLIC        transf_count
  X:0050H         PUBLIC        buf_len
  X:0051H         PUBLIC        frame_len
  X:0052H         PUBLIC        RecieveBuf
  X:0160H         PUBLIC        TransferBuf
BL51 BANKED LINKER/LOCATER V6.22                                                      07/01/2014  11:50:40  PAGE 17


  X:026EH         PUBLIC        STATE_BYTE
  X:026FH         PUBLIC        protocol_type
  X:0270H         PUBLIC        pt_proto
  X:0274H         PUBLIC        pt_buf_handle
  X:0278H         PUBLIC        rngbuf
  X:037BH         PUBLIC        sym_8_to_float
  -------         PROC          UART_ISR
  C:4C27H         LINE#         57
  C:4C35H         LINE#         59
  C:4C37H         LINE#         61
  C:4C3AH         LINE#         62
  C:4C3AH         LINE#         63
  C:4C3CH         LINE#         64
  C:4C4CH         LINE#         65
  C:4C52H         LINE#         66
  C:4C58H         LINE#         67
  C:4C58H         LINE#         69
  C:4C5BH         LINE#         70
  C:4C5BH         LINE#         71
  C:4C5DH         LINE#         73
  C:4C6BH         LINE#         74
  C:4C6BH         LINE#         76
  C:4C78H         LINE#         77
  C:4C7EH         LINE#         78
  C:4C80H         LINE#         80
  C:4C80H         LINE#         81
  C:4C85H         LINE#         82
  C:4C8BH         LINE#         83
  C:4C8BH         LINE#         84
  C:4C8BH         LINE#         85
  C:4C8DH         LINE#         87
  -------         ENDPROC       UART_ISR
  -------         PROC          PROTOCOL_INIT
  C:5176H         LINE#         90
  C:5176H         LINE#         91
  C:5176H         LINE#         92
  C:5178H         LINE#         93
  C:517AH         LINE#         96
  C:517DH         LINE#         98
  C:5182H         LINE#         99
  C:5184H         LINE#         100
  C:5186H         LINE#         102
  C:518CH         LINE#         103
  C:518EH         LINE#         104
  C:5190H         LINE#         105
  C:5192H         LINE#         107
  C:5198H         LINE#         108
  C:519FH         LINE#         109
  C:51A5H         LINE#         111
  -------         ENDPROC       PROTOCOL_INIT
  -------         PROC          SEND_INFO
  -------         DO            
  D:0007H         SYMBOL        i
  -------         ENDDO         
  C:344BH         LINE#         113
  C:344BH         LINE#         114
  C:344BH         LINE#         115
BL51 BANKED LINKER/LOCATER V6.22                                                      07/01/2014  11:50:40  PAGE 18


  C:344DH         LINE#         118
  C:3451H         LINE#         119
  C:3455H         LINE#         120
  C:3459H         LINE#         122
  C:3461H         LINE#         123
  C:3465H         LINE#         124
  C:346DH         LINE#         126
  C:346EH         LINE#         127
  C:346EH         LINE#         128
  C:3474H         LINE#         129
  C:3474H         LINE#         130
  C:348CH         LINE#         131
  C:348EH         LINE#         133
  C:348EH         LINE#         134
  C:349AH         LINE#         135
  C:349AH         LINE#         136
  C:349FH         LINE#         138
  C:34A1H         LINE#         139
  C:34A1H         LINE#         140
  C:34A7H         LINE#         141
  C:34A7H         LINE#         142
  C:34BFH         LINE#         143
  C:34BFH         LINE#         144
  C:34C4H         LINE#         146
  C:34CCH         LINE#         148
  C:34D8H         LINE#         149
  C:34D8H         LINE#         150
  C:3510H         LINE#         151
  C:3521H         LINE#         152
  C:3524H         LINE#         153
  C:3530H         LINE#         154
  C:3530H         LINE#         155
  C:355AH         LINE#         156
  C:355DH         LINE#         158
  C:3571H         LINE#         159
  C:35A3H         LINE#         161
  C:35ACH         LINE#         162
  -------         ENDPROC       SEND_INFO
  -------         PROC          NODE_FULL_INIT
  C:0006H         LINE#         164
  C:0006H         LINE#         165
  C:0006H         LINE#         166
  C:0008H         LINE#         167
  -------         ENDPROC       NODE_FULL_INIT
  -------         PROC          CHANNEL_LIST_INIT
  C:000EH         LINE#         169
  C:000EH         LINE#         170
  C:000EH         LINE#         171
  C:0010H         LINE#         172
  -------         ENDPROC       CHANNEL_LIST_INIT
  -------         PROC          CHANNEL_GET_DATA
  C:0016H         LINE#         174
  C:0016H         LINE#         175
  C:0016H         LINE#         176
  C:0018H         LINE#         177
  -------         ENDPROC       CHANNEL_GET_DATA
  -------         PROC          CHANNEL_SET_PARAMETERS
BL51 BANKED LINKER/LOCATER V6.22                                                      07/01/2014  11:50:40  PAGE 19


  -------         DO            
  D:0007H         SYMBOL        index
  X:06D4H         SYMBOL        store_data
  -------         ENDDO         
  C:36FEH         LINE#         179
  C:36FEH         LINE#         180
  C:36FEH         LINE#         181
  C:3704H         LINE#         183
  C:3712H         LINE#         184
  C:3712H         LINE#         185
  C:372BH         LINE#         186
  C:372BH         LINE#         187
  C:373FH         LINE#         188
  C:373FH         LINE#         189
  C:373FH         LINE#         190
  C:373FH         LINE#         191
  C:37A2H         LINE#         192
  C:37A2H         LINE#         193
  C:37C9H         LINE#         194
  C:37F0H         LINE#         195
  C:3819H         LINE#         196
  C:381FH         LINE#         198
  C:381FH         LINE#         199
  C:3820H         LINE#         200
  C:3820H         LINE#         201
  C:3822H         LINE#         204
  C:3822H         LINE#         205
  C:3822H         LINE#         206
  C:3823H         LINE#         207
  C:3823H         LINE#         208
  C:3823H         LINE#         209
  C:3826H         LINE#         210
  C:3829H         LINE#         212
  C:3829H         LINE#         213
  C:382FH         LINE#         214
  C:382FH         LINE#         215
  C:382FH         LINE#         216
  C:3835H         LINE#         217
  C:3835H         LINE#         218
  C:3838H         LINE#         219
  C:3838H         LINE#         221
  C:383DH         LINE#         222
  -------         ENDPROC       CHANNEL_SET_PARAMETERS
  -------         PROC          CHANNEL_SET_ORDER_QUERY
  C:001EH         LINE#         224
  C:001EH         LINE#         225
  C:001EH         LINE#         226
  C:0020H         LINE#         227
  -------         ENDPROC       CHANNEL_SET_ORDER_QUERY
  -------         PROC          CHANNEL_GET_DATA_ORDER
  C:0026H         LINE#         229
  C:0026H         LINE#         230
  C:0026H         LINE#         231
  C:0028H         LINE#         232
  -------         ENDPROC       CHANNEL_GET_DATA_ORDER
  -------         PROC          CHANNEL_SET_STATE
  C:002EH         LINE#         234
BL51 BANKED LINKER/LOCATER V6.22                                                      07/01/2014  11:50:40  PAGE 20


  C:002EH         LINE#         235
  C:002EH         LINE#         236
  C:0030H         LINE#         237
  -------         ENDPROC       CHANNEL_SET_STATE
  -------         PROC          CHANNEL_GET_DATA_ORDER_M2
  C:534DH         LINE#         239
  C:534DH         LINE#         240
  C:534DH         LINE#         241
  C:534FH         LINE#         242
  -------         ENDPROC       CHANNEL_GET_DATA_ORDER_M2
  -------         PROC          CHANNEL_SET_RESET_STATE_FLAGS
  C:52E9H         LINE#         244
  C:52E9H         LINE#         245
  C:52E9H         LINE#         246
  C:52EFH         LINE#         247
  C:52F3H         LINE#         248
  C:52F6H         LINE#         249
  C:52FBH         LINE#         250
  -------         ENDPROC       CHANNEL_SET_RESET_STATE_FLAGS
  -------         PROC          CHANNEL_ALL_GET_DATA
  -------         DO            
  D:0008H         SYMBOL        index
  D:0009H         SYMBOL        i
  -------         ENDDO         
  C:0C05H         LINE#         253
  C:0C05H         LINE#         254
  C:0C05H         LINE#         255
  C:0C0AH         LINE#         258
  C:0C16H         LINE#         259
  C:0C1EH         LINE#         260
  C:0C22H         LINE#         261
  C:0C2AH         LINE#         263
  C:0C2DH         LINE#         265
  C:0C3EH         LINE#         266
  C:0C3EH         LINE#         267
  C:0C4FH         LINE#         268
  C:0C85H         LINE#         269
  C:0CA9H         LINE#         270
  C:0CA9H         LINE#         271
  C:0CA9H         LINE#         272
  C:0CA9H         LINE#         273
  C:0CC8H         LINE#         274
  C:0CC8H         LINE#         275
  C:0CC8H         LINE#         276
  C:0CC8H         LINE#         277
  C:0CE0H         LINE#         278
  C:0CE0H         LINE#         279
  C:0CFFH         LINE#         280
  C:0D0DH         LINE#         281
  C:0D0FH         LINE#         283
  C:0D0FH         LINE#         284
  C:0D2EH         LINE#         285
  C:0D50H         LINE#         286
  C:0D50H         LINE#         289
  C:0D50H         LINE#         290
  C:0D50H         LINE#         291
  C:0D50H         LINE#         292
BL51 BANKED LINKER/LOCATER V6.22                                                      07/01/2014  11:50:40  PAGE 21


  C:0D53H         LINE#         294
  C:0D53H         LINE#         295
  C:0D53H         LINE#         296
  C:0D6BH         LINE#         297
  C:0D6BH         LINE#         298
  C:0D8AH         LINE#         299
  C:0DACH         LINE#         300
  C:0DBAH         LINE#         301
  C:0DBCH         LINE#         303
  C:0DBCH         LINE#         304
  C:0DDBH         LINE#         305
  C:0DFDH         LINE#         306
  C:0E1FH         LINE#         307
  C:0E1FH         LINE#         309
  C:0E41H         LINE#         310
  C:0E4FH         LINE#         311
  C:0E4FH         LINE#         312
  C:0E52H         LINE#         313
  C:0E52H         LINE#         314
  C:0E52H         LINE#         315
  C:0E52H         LINE#         317
  C:0E52H         LINE#         318
  C:0E52H         LINE#         319
  C:0E68H         LINE#         320
  C:0E68H         LINE#         321
  C:0E68H         LINE#         322
  C:0E68H         LINE#         323
  C:0E8AH         LINE#         324
  C:0EACH         LINE#         325
  C:0ECEH         LINE#         326
  C:0EF0H         LINE#         327
  C:0EFEH         LINE#         328
  C:0EFEH         LINE#         329
  C:0F01H         LINE#         330
  C:0F01H         LINE#         331
  C:0F01H         LINE#         332
  C:0F01H         LINE#         334
  C:0F01H         LINE#         335
  C:0F01H         LINE#         336
  C:0F1BH         LINE#         337
  C:0F1BH         LINE#         339
  C:0F1BH         LINE#         340
  C:0F1BH         LINE#         341
  C:0F3DH         LINE#         342
  C:0F5FH         LINE#         343
  C:0F6DH         LINE#         344
  C:0F6DH         LINE#         345
  C:0F6FH         LINE#         347
  C:0F6FH         LINE#         348
  C:0F6FH         LINE#         349
  C:0F91H         LINE#         350
  C:0FB3H         LINE#         351
  C:0FD5H         LINE#         352
  C:0FD5H         LINE#         353
  C:0FD5H         LINE#         354
  C:0FD5H         LINE#         355
  C:0FD5H         LINE#         356
BL51 BANKED LINKER/LOCATER V6.22                                                      07/01/2014  11:50:40  PAGE 22


  C:0FD5H         LINE#         357
  C:0FD5H         LINE#         358
  C:0FDAH         LINE#         360
  C:0FE2H         LINE#         361
  C:0FFAH         LINE#         362
  C:0FFEH         LINE#         363
  -------         ENDPROC       CHANNEL_ALL_GET_DATA
  -------         PROC          CHANNEL_SET_CALIBRATE
  -------         DO            
  X:0728H         SYMBOL        K
  X:072CH         SYMBOL        C
  -------         ENDDO         
  C:3F93H         LINE#         366
  C:3F93H         LINE#         367
  C:3F93H         LINE#         371
  C:3F9DH         LINE#         372
  C:3FA7H         LINE#         373
  C:3FB1H         LINE#         374
  C:3FBBH         LINE#         376
  C:3FCFH         LINE#         378
  C:3FD9H         LINE#         379
  C:3FE3H         LINE#         380
  C:3FEDH         LINE#         381
  C:3FF7H         LINE#         383
  C:400BH         LINE#         385
  C:4021H         LINE#         386
  C:4021H         LINE#         387
  C:4021H         LINE#         388
  C:4021H         LINE#         389
  C:4057H         LINE#         390
  C:4057H         LINE#         391
  C:4059H         LINE#         393
  C:4059H         LINE#         394
  C:4059H         LINE#         395
  C:4063H         LINE#         396
  C:4063H         LINE#         397
  C:4065H         LINE#         399
  C:4065H         LINE#         400
  C:4065H         LINE#         401
  C:406FH         LINE#         402
  C:406FH         LINE#         403
  C:4071H         LINE#         405
  C:4071H         LINE#         406
  C:4071H         LINE#         407
  C:4072H         LINE#         408
  C:4072H         LINE#         409
  C:4072H         LINE#         410
  C:4072H         LINE#         413
  C:4077H         LINE#         414
  -------         ENDPROC       CHANNEL_SET_CALIBRATE
  -------         PROC          CHANNEL_GET_CALIBRATE_VALUE
  -------         DO            
  D:000BH         SYMBOL        channel
  -------         ENDDO         
  C:3C9DH         LINE#         416
  C:3C9DH         LINE#         417
  C:3C9DH         LINE#         418
BL51 BANKED LINKER/LOCATER V6.22                                                      07/01/2014  11:50:40  PAGE 23


  C:3CA0H         LINE#         421
  C:3CB1H         LINE#         422
  C:3CBBH         LINE#         423
  C:3CC1H         LINE#         424
  C:3CC7H         LINE#         427
  C:3CCEH         LINE#         429
  C:3CD9H         LINE#         430
  C:3CD9H         LINE#         431
  C:3CDFH         LINE#         432
  C:3CDFH         LINE#         434
  C:3CE5H         LINE#         436
  C:3CFDH         LINE#         438
  C:3D1FH         LINE#         440
  C:3D29H         LINE#         441
  C:3D33H         LINE#         442
  C:3D3DH         LINE#         443
  C:3D47H         LINE#         445
  C:3D69H         LINE#         447
  C:3D73H         LINE#         448
  C:3D7DH         LINE#         449
  C:3D87H         LINE#         450
  C:3D91H         LINE#         452
  C:3D9FH         LINE#         453
  C:3DA1H         LINE#         454
  -------         ENDPROC       CHANNEL_GET_CALIBRATE_VALUE
  -------         PROC          CHANNEL_SET_ADDRESS_DESC
  -------         DO            
  X:075CH         SYMBOL        desc_len
  -------         ENDDO         
  C:4B39H         LINE#         456
  C:4B39H         LINE#         457
  C:4B39H         LINE#         458
  C:4B3EH         LINE#         459
  C:4B4CH         LINE#         461
  C:4B54H         LINE#         462
  C:4B54H         LINE#         463
  C:4BA0H         LINE#         464
  C:4BA6H         LINE#         465
  C:4BA8H         LINE#         467
  C:4BA8H         LINE#         468
  C:4BAEH         LINE#         469
  C:4BAEH         LINE#         470
  C:4BB0H         LINE#         471
  -------         ENDPROC       CHANNEL_SET_ADDRESS_DESC
  -------         PROC          CHANNEL_SET_ALL_DEFAULT
  C:5330H         LINE#         473
  C:5330H         LINE#         474
  C:5330H         LINE#         475
  C:5333H         LINE#         476
  C:5336H         LINE#         477
  C:533BH         LINE#         478
  -------         ENDPROC       CHANNEL_SET_ALL_DEFAULT
  -------         PROC          _REQUEST_ERROR
  X:075DH         SYMBOL        error_code
  C:4F0EH         LINE#         480
  C:4F13H         LINE#         481
  C:4F13H         LINE#         482
BL51 BANKED LINKER/LOCATER V6.22                                                      07/01/2014  11:50:40  PAGE 24


  C:4F24H         LINE#         483
  C:4F2EH         LINE#         484
  C:4F38H         LINE#         485
  C:4F3EH         LINE#         487
  C:4F48H         LINE#         488
  C:4F52H         LINE#         489
  C:4F58H         LINE#         490
  C:4F66H         LINE#         491
  C:4F68H         LINE#         492
  -------         ENDPROC       _REQUEST_ERROR
  -------         PROC          _OLD_CRC_CHECK
  X:073DH         SYMBOL        Spool_pr
  X:073FH         SYMBOL        Count_pr
  -------         DO            
  X:0740H         SYMBOL        crc
  X:0741H         SYMBOL        i
  -------         ENDDO         
  C:4BB1H         LINE#         495
  C:4BBEH         LINE#         496
  C:4BBEH         LINE#         497
  C:4BC3H         LINE#         498
  C:4BC8H         LINE#         500
  C:4BDCH         LINE#         501
  C:4BDCH         LINE#         502
  C:4BDEH         LINE#         503
  C:4C01H         LINE#         504
  C:4C04H         LINE#         505
  C:4C04H         LINE#         506
  C:4C0AH         LINE#         507
  C:4C0AH         LINE#         508
  C:4C12H         LINE#         509
  C:4C21H         LINE#         511
  C:4C26H         LINE#         512
  -------         ENDPROC       _OLD_CRC_CHECK
  -------         PROC          OLD_CHANNEL_GET_DATA
  -------         DO            
  X:0752H         SYMBOL        channel
  X:0753H         SYMBOL        len
  -------         ENDDO         
  C:2440H         LINE#         514
  C:2440H         LINE#         515
  C:2440H         LINE#         516
  C:2445H         LINE#         517
  C:244AH         LINE#         518
  C:245FH         LINE#         519
  C:246DH         LINE#         520
  C:246DH         LINE#         521
  C:247EH         LINE#         522
  C:2483H         LINE#         523
  C:248DH         LINE#         524
  C:2493H         LINE#         526
  C:24BAH         LINE#         527
  C:24BAH         LINE#         528
  C:24BAH         LINE#         529
  C:24BAH         LINE#         530
  C:24DEH         LINE#         531
  C:24DEH         LINE#         532
BL51 BANKED LINKER/LOCATER V6.22                                                      07/01/2014  11:50:40  PAGE 25


  C:24DEH         LINE#         533
  C:24DEH         LINE#         534
  C:24F8H         LINE#         535
  C:24F8H         LINE#         536
  C:2513H         LINE#         537
  C:252EH         LINE#         538
  C:2531H         LINE#         540
  C:2531H         LINE#         541
  C:254CH         LINE#         542
  C:2567H         LINE#         543
  C:2567H         LINE#         544
  C:2567H         LINE#         545
  C:256AH         LINE#         547
  C:256AH         LINE#         548
  C:256AH         LINE#         549
  C:2585H         LINE#         550
  C:2585H         LINE#         551
  C:25ACH         LINE#         552
  C:25D3H         LINE#         553
  C:25D6H         LINE#         555
  C:25D6H         LINE#         556
  C:25F1H         LINE#         557
  C:260CH         LINE#         558
  C:260CH         LINE#         560
  C:260CH         LINE#         561
  C:260FH         LINE#         562
  C:260FH         LINE#         563
  C:260FH         LINE#         564
  C:2612H         LINE#         566
  C:2612H         LINE#         567
  C:2612H         LINE#         568
  C:2633H         LINE#         569
  C:2633H         LINE#         570
  C:2633H         LINE#         571
  C:2633H         LINE#         572
  C:264EH         LINE#         573
  C:2669H         LINE#         576
  C:2669H         LINE#         577
  C:266CH         LINE#         578
  C:266CH         LINE#         579
  C:266CH         LINE#         580
  C:266FH         LINE#         582
  C:266FH         LINE#         583
  C:266FH         LINE#         584
  C:2693H         LINE#         585
  C:2693H         LINE#         587
  C:2693H         LINE#         588
  C:2693H         LINE#         589
  C:26AEH         LINE#         590
  C:26C9H         LINE#         592
  C:26C9H         LINE#         593
  C:26CBH         LINE#         595
  C:26CBH         LINE#         596
  C:26CBH         LINE#         597
  C:26E6H         LINE#         598
  C:2701H         LINE#         599
  C:2701H         LINE#         600
BL51 BANKED LINKER/LOCATER V6.22                                                      07/01/2014  11:50:40  PAGE 26


  C:2701H         LINE#         601
  C:2701H         LINE#         602
  C:2701H         LINE#         603
  C:2701H         LINE#         604
  C:2701H         LINE#         606
  C:2711H         LINE#         608
  C:272EH         LINE#         609
  C:2737H         LINE#         610
  C:2737H         LINE#         611
  C:2739H         LINE#         612
  -------         ENDPROC       OLD_CHANNEL_GET_DATA
  -------         PROC          OLD_CHANNEL_GET_DATA_STATE
  -------         DO            
  X:0754H         SYMBOL        channel
  X:0755H         SYMBOL        len
  -------         ENDDO         
  C:0FFFH         LINE#         614
  C:0FFFH         LINE#         615
  C:0FFFH         LINE#         616
  C:1004H         LINE#         617
  C:1009H         LINE#         618
  C:101EH         LINE#         619
  C:102CH         LINE#         620
  C:102CH         LINE#         621
  C:103DH         LINE#         622
  C:1042H         LINE#         623
  C:104CH         LINE#         624
  C:1052H         LINE#         626
  C:1079H         LINE#         627
  C:1079H         LINE#         628
  C:1079H         LINE#         629
  C:1079H         LINE#         630
  C:109DH         LINE#         631
  C:109DH         LINE#         632
  C:109DH         LINE#         633
  C:109DH         LINE#         634
  C:10B7H         LINE#         635
  C:10B7H         LINE#         636
  C:10D2H         LINE#         637
  C:10EDH         LINE#         638
  C:10F0H         LINE#         640
  C:10F0H         LINE#         641
  C:110BH         LINE#         642
  C:1126H         LINE#         643
  C:1126H         LINE#         644
  C:1126H         LINE#         645
  C:1129H         LINE#         647
  C:1129H         LINE#         648
  C:1129H         LINE#         649
  C:1144H         LINE#         650
  C:1144H         LINE#         651
  C:116BH         LINE#         652
  C:1192H         LINE#         653
  C:1194H         LINE#         655
  C:1194H         LINE#         656
  C:11AFH         LINE#         657
  C:11CAH         LINE#         658
BL51 BANKED LINKER/LOCATER V6.22                                                      07/01/2014  11:50:40  PAGE 27


  C:11CAH         LINE#         660
  C:11CAH         LINE#         661
  C:11CAH         LINE#         662
  C:11CAH         LINE#         664
  C:11F8H         LINE#         665
  C:11F8H         LINE#         666
  C:11F8H         LINE#         667
  C:11F8H         LINE#         668
  C:11FDH         LINE#         669
  C:11FDH         LINE#         670
  C:11FFH         LINE#         672
  C:11FFH         LINE#         673
  C:11FFH         LINE#         674
  C:1205H         LINE#         675
  C:1205H         LINE#         676
  C:1207H         LINE#         678
  C:1207H         LINE#         679
  C:1207H         LINE#         680
  C:120DH         LINE#         681
  C:120DH         LINE#         682
  C:120FH         LINE#         684
  C:120FH         LINE#         685
  C:120FH         LINE#         686
  C:1215H         LINE#         687
  C:1215H         LINE#         688
  C:1217H         LINE#         690
  C:1217H         LINE#         691
  C:1217H         LINE#         692
  C:121CH         LINE#         693
  C:121CH         LINE#         694
  C:121CH         LINE#         695
  C:121CH         LINE#         697
  C:1222H         LINE#         699
  C:1222H         LINE#         700
  C:1225H         LINE#         702
  C:1225H         LINE#         703
  C:1225H         LINE#         704
  C:1246H         LINE#         705
  C:1246H         LINE#         706
  C:1246H         LINE#         707
  C:1246H         LINE#         708
  C:1261H         LINE#         709
  C:127CH         LINE#         715
  C:12AAH         LINE#         716
  C:12AAH         LINE#         717
  C:12AAH         LINE#         718
  C:12AAH         LINE#         719
  C:12B0H         LINE#         720
  C:12B0H         LINE#         721
  C:12B2H         LINE#         723
  C:12B2H         LINE#         724
  C:12B2H         LINE#         725
  C:12B8H         LINE#         726
  C:12B8H         LINE#         727
  C:12BAH         LINE#         729
  C:12BAH         LINE#         730
  C:12BAH         LINE#         731
BL51 BANKED LINKER/LOCATER V6.22                                                      07/01/2014  11:50:40  PAGE 28


  C:12C0H         LINE#         732
  C:12C0H         LINE#         733
  C:12C2H         LINE#         735
  C:12C2H         LINE#         736
  C:12C2H         LINE#         737
  C:12C8H         LINE#         738
  C:12C8H         LINE#         739
  C:12CAH         LINE#         741
  C:12CAH         LINE#         742
  C:12CAH         LINE#         743
  C:12D0H         LINE#         744
  C:12D0H         LINE#         745
  C:12D0H         LINE#         746
  C:12D0H         LINE#         747
  C:12D5H         LINE#         748
  C:12D5H         LINE#         749
  C:12D8H         LINE#         750
  C:12D8H         LINE#         751
  C:12D8H         LINE#         752
  C:12DBH         LINE#         754
  C:12DBH         LINE#         755
  C:12DBH         LINE#         756
  C:12FFH         LINE#         757
  C:12FFH         LINE#         759
  C:12FFH         LINE#         760
  C:12FFH         LINE#         761
  C:131AH         LINE#         762
  C:1335H         LINE#         764
  C:1335H         LINE#         765
  C:1337H         LINE#         767
  C:1337H         LINE#         768
  C:1337H         LINE#         769
  C:1352H         LINE#         770
  C:136DH         LINE#         771
  C:136DH         LINE#         772
  C:136DH         LINE#         773
  C:136DH         LINE#         775
  C:1373H         LINE#         776
  C:1378H         LINE#         777
  C:1378H         LINE#         778
  C:1378H         LINE#         779
  C:1378H         LINE#         781
  C:137EH         LINE#         783
  C:138EH         LINE#         785
  C:13ABH         LINE#         786
  C:13B4H         LINE#         787
  C:13B4H         LINE#         788
  C:13B6H         LINE#         790
  -------         ENDPROC       OLD_CHANNEL_GET_DATA_STATE
  -------         PROC          OLD_CHANNEL_GET_STATE
  -------         DO            
  X:0756H         SYMBOL        channel
  X:0757H         SYMBOL        len
  -------         ENDDO         
  C:3005H         LINE#         792
  C:3005H         LINE#         793
  C:3005H         LINE#         794
BL51 BANKED LINKER/LOCATER V6.22                                                      07/01/2014  11:50:40  PAGE 29


  C:300AH         LINE#         795
  C:300FH         LINE#         796
  C:3024H         LINE#         797
  C:3032H         LINE#         798
  C:3032H         LINE#         800
  C:3043H         LINE#         801
  C:3048H         LINE#         802
  C:3052H         LINE#         803
  C:3058H         LINE#         805
  C:307FH         LINE#         806
  C:307FH         LINE#         807
  C:307FH         LINE#         808
  C:307FH         LINE#         809
  C:30ADH         LINE#         810
  C:30ADH         LINE#         811
  C:30ADH         LINE#         812
  C:30ADH         LINE#         813
  C:30B2H         LINE#         814
  C:30B2H         LINE#         815
  C:30B4H         LINE#         817
  C:30B4H         LINE#         818
  C:30B4H         LINE#         819
  C:30BAH         LINE#         820
  C:30BAH         LINE#         821
  C:30BCH         LINE#         823
  C:30BCH         LINE#         824
  C:30BCH         LINE#         825
  C:30C2H         LINE#         826
  C:30C2H         LINE#         827
  C:30C4H         LINE#         829
  C:30C4H         LINE#         830
  C:30C4H         LINE#         831
  C:30CAH         LINE#         832
  C:30CAH         LINE#         833
  C:30CCH         LINE#         835
  C:30CCH         LINE#         836
  C:30CCH         LINE#         837
  C:30D1H         LINE#         838
  C:30D1H         LINE#         839
  C:30D1H         LINE#         840
  C:30D1H         LINE#         842
  C:30D7H         LINE#         843
  C:30D7H         LINE#         844
  C:30D9H         LINE#         846
  C:30D9H         LINE#         847
  C:30D9H         LINE#         849
  C:3107H         LINE#         850
  C:3107H         LINE#         851
  C:3107H         LINE#         852
  C:3107H         LINE#         853
  C:310DH         LINE#         854
  C:310DH         LINE#         855
  C:310FH         LINE#         857
  C:310FH         LINE#         858
  C:310FH         LINE#         859
  C:3115H         LINE#         860
  C:3115H         LINE#         861
BL51 BANKED LINKER/LOCATER V6.22                                                      07/01/2014  11:50:40  PAGE 30


  C:3117H         LINE#         863
  C:3117H         LINE#         864
  C:3117H         LINE#         865
  C:311DH         LINE#         866
  C:311DH         LINE#         867
  C:311FH         LINE#         869
  C:311FH         LINE#         870
  C:311FH         LINE#         871
  C:3125H         LINE#         872
  C:3125H         LINE#         873
  C:3127H         LINE#         875
  C:3127H         LINE#         876
  C:3127H         LINE#         877
  C:312DH         LINE#         878
  C:312DH         LINE#         879
  C:312DH         LINE#         881
  C:312DH         LINE#         882
  C:3132H         LINE#         883
  C:3132H         LINE#         884
  C:3134H         LINE#         886
  C:3134H         LINE#         887
  C:3134H         LINE#         889
  C:313AH         LINE#         890
  C:313FH         LINE#         891
  C:313FH         LINE#         892
  C:313FH         LINE#         893
  C:313FH         LINE#         895
  C:314FH         LINE#         897
  C:316CH         LINE#         898
  C:3175H         LINE#         899
  C:3175H         LINE#         900
  C:3177H         LINE#         901
  -------         ENDPROC       OLD_CHANNEL_GET_STATE
  -------         PROC          OLD_REINIT_BLOCK
  C:5350H         LINE#         903
  C:5350H         LINE#         904
  C:5350H         LINE#         905
  C:5352H         LINE#         906
  -------         ENDPROC       OLD_REINIT_BLOCK
  -------         PROC          OLD_CHANNEL_SET_ADC_RANGE
  -------         DO            
  X:075EH         SYMBOL        channel
  -------         ENDDO         
  C:3178H         LINE#         908
  C:3178H         LINE#         909
  C:3178H         LINE#         910
  C:317DH         LINE#         911
  C:3192H         LINE#         912
  C:31A0H         LINE#         913
  C:31A0H         LINE#         914
  C:31C1H         LINE#         915
  C:31C1H         LINE#         916
  C:31C1H         LINE#         917
  C:31C1H         LINE#         918
  C:31DDH         LINE#         919
  C:31F9H         LINE#         920
  C:31F9H         LINE#         921
BL51 BANKED LINKER/LOCATER V6.22                                                      07/01/2014  11:50:40  PAGE 31


  C:31FCH         LINE#         923
  C:31FCH         LINE#         924
  C:31FCH         LINE#         925
  C:3218H         LINE#         926
  C:3234H         LINE#         927
  C:3234H         LINE#         928
  C:3237H         LINE#         930
  C:3237H         LINE#         931
  C:3237H         LINE#         932
  C:3253H         LINE#         933
  C:326FH         LINE#         934
  C:326FH         LINE#         935
  C:3271H         LINE#         937
  C:3271H         LINE#         938
  C:3271H         LINE#         939
  C:328DH         LINE#         940
  C:32A9H         LINE#         941
  C:32A9H         LINE#         942
  C:32ABH         LINE#         944
  C:32ABH         LINE#         945
  C:32ABH         LINE#         946
  C:32C7H         LINE#         947
  C:32E3H         LINE#         948
  C:32E3H         LINE#         949
  C:32E3H         LINE#         950
  C:32E3H         LINE#         951
  C:32E3H         LINE#         952
  C:32E5H         LINE#         953
  -------         ENDPROC       OLD_CHANNEL_SET_ADC_RANGE
  -------         PROC          _PROTO_PASTE_NULL
  X:0737H         SYMBOL        buf
  X:073AH         SYMBOL        len
  -------         DO            
  X:073BH         SYMBOL        i
  X:073CH         SYMBOL        j
  -------         ENDDO         
  C:3970H         LINE#         955
  C:3980H         LINE#         956
  C:3980H         LINE#         957
  C:398AH         LINE#         959
  C:39A2H         LINE#         960
  C:39A2H         LINE#         961
  C:39C3H         LINE#         962
  C:39C3H         LINE#         963
  C:39DFH         LINE#         964
  C:39DFH         LINE#         965
  C:3A1CH         LINE#         966
  C:3A24H         LINE#         967
  C:3A46H         LINE#         969
  C:3A4FH         LINE#         970
  C:3A4FH         LINE#         971
  C:3A65H         LINE#         972
  C:3A65H         LINE#         974
  C:3A6BH         LINE#         975
  C:3A71H         LINE#         976
  C:3A71H         LINE#         977
  C:3A7AH         LINE#         978
BL51 BANKED LINKER/LOCATER V6.22                                                      07/01/2014  11:50:40  PAGE 32


  C:3A7FH         LINE#         979
  -------         ENDPROC       _PROTO_PASTE_NULL
  -------         PROC          PROTOBUFHANDLING
  C:32E6H         LINE#         981
  C:32E6H         LINE#         982
  C:32E6H         LINE#         983
  C:32FCH         LINE#         984
  C:32FCH         LINE#         985
  C:32FCH         LINE#         986
  C:32FCH         LINE#         987
  C:3302H         LINE#         988
  C:3308H         LINE#         989
  C:3342H         LINE#         990
  C:3342H         LINE#         992
  C:3342H         LINE#         993
  C:3342H         LINE#         994
  C:334AH         LINE#         995
  C:334AH         LINE#         996
  C:334BH         LINE#         998
  C:334BH         LINE#         999
  C:334BH         LINE#         1000
  C:3353H         LINE#         1001
  C:3353H         LINE#         1002
  C:3354H         LINE#         1004
  C:3354H         LINE#         1005
  C:3354H         LINE#         1006
  C:335CH         LINE#         1007
  C:335CH         LINE#         1008
  C:335DH         LINE#         1010
  C:335DH         LINE#         1011
  C:335DH         LINE#         1012
  C:3365H         LINE#         1013
  C:3365H         LINE#         1014
  C:3366H         LINE#         1016
  C:3366H         LINE#         1017
  C:3366H         LINE#         1018
  C:336EH         LINE#         1019
  C:336EH         LINE#         1020
  C:336FH         LINE#         1022
  C:336FH         LINE#         1023
  C:336FH         LINE#         1024
  C:3377H         LINE#         1025
  C:3377H         LINE#         1026
  C:3378H         LINE#         1028
  C:3378H         LINE#         1029
  C:3378H         LINE#         1030
  C:3380H         LINE#         1031
  C:3380H         LINE#         1032
  C:3381H         LINE#         1034
  C:3381H         LINE#         1035
  C:3381H         LINE#         1036
  C:3389H         LINE#         1037
  C:3389H         LINE#         1038
  C:338AH         LINE#         1040
  C:338AH         LINE#         1041
  C:338AH         LINE#         1042
  C:3392H         LINE#         1043
BL51 BANKED LINKER/LOCATER V6.22                                                      07/01/2014  11:50:40  PAGE 33


  C:3392H         LINE#         1044
  C:3393H         LINE#         1046
  C:3393H         LINE#         1047
  C:3393H         LINE#         1048
  C:339BH         LINE#         1049
  C:339BH         LINE#         1050
  C:339CH         LINE#         1052
  C:339CH         LINE#         1053
  C:339CH         LINE#         1054
  C:33A4H         LINE#         1055
  C:33A4H         LINE#         1056
  C:33A5H         LINE#         1058
  C:33A5H         LINE#         1059
  C:33A5H         LINE#         1060
  C:33ADH         LINE#         1061
  C:33ADH         LINE#         1062
  C:33AEH         LINE#         1064
  C:33AEH         LINE#         1065
  C:33AEH         LINE#         1066
  C:33B6H         LINE#         1067
  C:33B6H         LINE#         1068
  C:33B7H         LINE#         1070
  C:33B7H         LINE#         1071
  C:33B7H         LINE#         1072
  C:33BFH         LINE#         1073
  C:33BFH         LINE#         1074
  C:33C0H         LINE#         1076
  C:33C0H         LINE#         1077
  C:33C0H         LINE#         1078
  C:33C8H         LINE#         1079
  C:33C8H         LINE#         1080
  C:33C9H         LINE#         1082
  C:33C9H         LINE#         1083
  C:33C9H         LINE#         1084
  C:33D3H         LINE#         1085
  C:33D3H         LINE#         1086
  C:33D3H         LINE#         1087
  C:33D3H         LINE#         1088
  C:33D4H         LINE#         1090
  C:33D4H         LINE#         1091
  C:33D4H         LINE#         1092
  C:33FAH         LINE#         1093
  C:33FAH         LINE#         1095
  C:33FAH         LINE#         1096
  C:33FAH         LINE#         1097
  C:3402H         LINE#         1098
  C:3402H         LINE#         1099
  C:3403H         LINE#         1101
  C:3403H         LINE#         1102
  C:3403H         LINE#         1103
  C:340BH         LINE#         1104
  C:340BH         LINE#         1105
  C:340CH         LINE#         1107
  C:340CH         LINE#         1108
  C:340CH         LINE#         1109
  C:3414H         LINE#         1110
  C:3414H         LINE#         1111
BL51 BANKED LINKER/LOCATER V6.22                                                      07/01/2014  11:50:40  PAGE 34


[...]
  C:5074H         LINE#         104
  C:5083H         LINE#         105
  C:5083H         LINE#         106
  C:5088H         LINE#         107
  C:5090H         LINE#         109
  C:509DH         LINE#         110
  C:50B3H         LINE#         111
  -------         ENDPROC       CALIBRATE_SET_DEFAULT
  -------         ENDMOD        CALIBRATE

  -------         MODULE        ULONGSORT
  C:0000H         SYMBOL        _ICE_DUMMY_
  D:0088H         PUBLIC        TCON
  D:0098H         PUBLIC        SCON
  D:00A0H         PUBLIC        P2
  D:00A8H         PUBLIC        IE
  D:00B0H         PUBLIC        P3
  D:00B8H         PUBLIC        IP
  D:00C0H         PUBLIC        WDCON
  D:00C8H         PUBLIC        T2CON
  D:00D0H         PUBLIC        PSW
  D:00D8H         PUBLIC        ADCSTAT
  D:00E8H         PUBLIC        I2CCON
  D:00E8H         PUBLIC        DCON
  D:00F8H         PUBLIC        SPICON
  B:00A8H.6       PUBLIC        EADC
  C:1DE9H         PUBLIC        _ulongsort_process
  X:06AFH         PUBLIC        mas_copy
  X:06CFH         PUBLIC        mid_cycle_counter
  X:06D0H         PUBLIC        temp
  -------         PROC          _ULONGSORT_PROCESS
  X:06D4H         SYMBOL        pt
  -------         DO            
  X:06ACH         SYMBOL        counter
  X:06ADH         SYMBOL        i
  X:06AEH         SYMBOL        j
  -------         DO            
  X:06D7H         SYMBOL        PT_YIELD_FLAG
  -------         ENDDO         
  -------         ENDDO         
  C:1DE9H         LINE#         10
  C:1DF4H         LINE#         11
  C:1DF4H         LINE#         13
  C:1DF9H         LINE#         15
  C:1E2CH         LINE#         17
BL51 BANKED LINKER/LOCATER V6.22                                                      07/01/2014  11:50:40  PAGE 57


  C:1E2CH         LINE#         18
  C:1E2CH         LINE#         19
  C:1E6AH         LINE#         22
  C:1E7FH         LINE#         23
  C:1E7FH         LINE#         24
  C:1E83H         LINE#         25
  C:1EA0H         LINE#         26
  C:1EA0H         LINE#         27
  C:1EA8H         LINE#         28
  C:1EAEH         LINE#         29
  C:1ECEH         LINE#         30
  C:1ECEH         LINE#         32
  C:1ED5H         LINE#         33
  C:1ED5H         LINE#         34
  C:1EE9H         LINE#         35
  C:1EE9H         LINE#         36
  C:1EE9H         LINE#         39
  C:1EEBH         LINE#         40
  C:1F1AH         LINE#         41
  C:1F1CH         LINE#         43
  C:1F3CH         LINE#         45
  C:1F42H         LINE#         46
  C:1F42H         LINE#         47
  C:1F55H         LINE#         48
  C:1F55H         LINE#         49
  C:1F90H         LINE#         50
  C:1F90H         LINE#         51
  C:1FB2H         LINE#         52
  C:1FE2H         LINE#         53
  C:2004H         LINE#         54
  C:2004H         LINE#         55
  C:2024H         LINE#         56
  C:202DH         LINE#         57
  C:2039H         LINE#         59
  C:2079H         LINE#         61
  C:208EH         LINE#         62
  C:208EH         LINE#         63
  C:20CEH         LINE#         64
  C:20CEH         LINE#         66
  C:20E2H         LINE#         67
  C:20F0H         LINE#         68
  C:2104H         LINE#         70
  C:2104H         LINE#         71
  C:211CH         LINE#         72
  -------         ENDPROC       _ULONGSORT_PROCESS
  -------         ENDMOD        ULONGSORT

  -------         MODULE        TIMER1
  C:0000H         SYMBOL        _ICE_DUMMY_
  D:0088H         PUBLIC        TCON
  D:0089H         PUBLIC        TMOD
  D:008BH         PUBLIC        TL1
  D:008DH         PUBLIC        TH1
  D:0098H         PUBLIC        SCON
  D:00A0H         PUBLIC        P2
  D:00A8H         PUBLIC        IE
  D:00B0H         PUBLIC        P3
BL51 BANKED LINKER/LOCATER V6.22                                                      07/01/2014  11:50:40  PAGE 58


  D:00B8H         PUBLIC        IP
  D:00C0H         PUBLIC        WDCON
  D:00C8H         PUBLIC        T2CON
  D:00D0H         PUBLIC        PSW
  D:00D8H         PUBLIC        ADCSTAT
  D:00E8H         PUBLIC        I2CCON
  D:00E8H         PUBLIC        DCON
  D:00F8H         PUBLIC        SPICON
  B:0088H.6       PUBLIC        TR1
  B:00A8H.3       PUBLIC        ET1
  C:531FH         PUBLIC        Timer1_Initialize
  -------         PROC          TIMER1_INITIALIZE
  C:531FH         LINE#         4
  C:531FH         LINE#         5
  C:531FH         LINE#         6
  C:5322H         LINE#         7
  C:5325H         LINE#         9
  C:5328H         LINE#         10
  C:532BH         LINE#         13
  C:532DH         LINE#         14
  C:532FH         LINE#         16
  -------         ENDPROC       TIMER1_INITIALIZE
  -------         ENDMOD        TIMER1

  -------         MODULE        CRC_TABLE
  C:0000H         SYMBOL        _ICE_DUMMY_
  C:3DA2H         PUBLIC        Crc8Table
  C:524AH         PUBLIC        _CRC_Check
  -------         PROC          _CRC_CHECK
  D:0006H         SYMBOL        Spool_pr
  D:0005H         SYMBOL        Count_pr
  -------         DO            
  D:0004H         SYMBOL        crc
  -------         ENDDO         
  C:524AH         LINE#         36
  C:524AH         LINE#         37
  C:524AH         LINE#         38
  C:524CH         LINE#         40
  C:5253H         LINE#         41
  C:5269H         LINE#         43
  C:526CH         LINE#         44
  -------         ENDPROC       _CRC_CHECK
  -------         ENDMOD        CRC_TABLE

  -------         MODULE        MODBUS_ASCII
  C:0000H         SYMBOL        _ICE_DUMMY_
  D:0088H         PUBLIC        TCON
  D:0098H         PUBLIC        SCON
  D:00A0H         PUBLIC        P2
  D:00A8H         PUBLIC        IE
  D:00B0H         PUBLIC        P3
  D:00B8H         PUBLIC        IP
  D:00C0H         PUBLIC        WDCON
  D:00C8H         PUBLIC        T2CON
  D:00D0H         PUBLIC        PSW
  D:00D8H         PUBLIC        ADCSTAT
  D:00E8H         PUBLIC        I2CCON
BL51 BANKED LINKER/LOCATER V6.22                                                      07/01/2014  11:50:40  PAGE 59


  D:00E8H         PUBLIC        DCON
  D:00F8H         PUBLIC        SPICON
  C:1AA4H         PUBLIC        ReadHoldingReg
  C:51FCH         PUBLIC        _MBCHAR2BIN
  C:5225H         PUBLIC        _MBBIN2CHAR
  C:4AC0H         PUBLIC        _LRC_Check
  C:528BH         PUBLIC        _Sym_2_To_Char
  C:50B4H         PUBLIC        _Sym_4_To_Int
  C:5019H         PUBLIC        _Int_To_Sym_4
  C:526DH         PUBLIC        _Char_To_Sym_2
  C:4A37H         PUBLIC        _Sym_8_To_Long
  C:4D72H         PUBLIC        _Long_To_Sym_8
  -------         PROC          _LRC_CHECK
  X:06D4H         SYMBOL        pucFrame
  X:06D7H         SYMBOL        usLen
  -------         DO            
  X:06D9H         SYMBOL        ucLRC
  -------         ENDDO         
  C:4AC0H         LINE#         12
  C:4AD1H         LINE#         13
  C:4AD1H         LINE#         14
  C:4AD4H         LINE#         16
  C:4ADEH         LINE#         17
  C:4ADEH         LINE#         18
  C:4B1EH         LINE#         19
  C:4B20H         LINE#         20
  C:4B2EH         LINE#         21
  C:4B30H         LINE#         23
  C:4B38H         LINE#         25
  C:4B38H         LINE#         26
  -------         ENDPROC       _LRC_CHECK
  -------         PROC          _MBCHAR2BIN
  D:0006H         SYMBOL        ucCharacter
  C:51FCH         LINE#         28
  C:51FFH         LINE#         29
  C:51FFH         LINE#         30
  C:520BH         LINE#         31
  C:520BH         LINE#         32
  C:5211H         LINE#         33
  C:5211H         LINE#         34
  C:521DH         LINE#         35
  C:521DH         LINE#         36
  C:5222H         LINE#         37
  C:5222H         LINE#         39
  C:5222H         LINE#         40
  C:5224H         LINE#         41
  C:5224H         LINE#         42
  -------         ENDPROC       _MBCHAR2BIN
  -------         PROC          _MBBIN2CHAR
  D:0006H         SYMBOL        ucByte
  C:5225H         LINE#         44
  C:5228H         LINE#         45
  C:5228H         LINE#         46
  C:522EH         LINE#         47
  C:522EH         LINE#         48
  C:5233H         LINE#         49
  C:5233H         LINE#         50
BL51 BANKED LINKER/LOCATER V6.22                                                      07/01/2014  11:50:40  PAGE 60


  C:523FH         LINE#         51
  C:523FH         LINE#         52
  C:5244H         LINE#         53
  C:5244H         LINE#         55
  C:5244H         LINE#         56
  C:5247H         LINE#         57
  C:5247H         LINE#         58
  C:5249H         LINE#         59
  -------         ENDPROC       _MBBIN2CHAR
  -------         PROC          _SYM_4_TO_INT
  D:0001H         SYMBOL        pucFrame
  -------         DO            
  X:06D4H         SYMBOL        sym_4_to_int
  -------         ENDDO         
  C:50B4H         LINE#         61
  C:50B4H         LINE#         62
  C:50B4H         LINE#         69
  C:50D1H         LINE#         70
  C:50F0H         LINE#         72
  C:50F8H         LINE#         73
  -------         ENDPROC       _SYM_4_TO_INT
  -------         PROC          _SYM_2_TO_CHAR
  D:0001H         SYMBOL        pucFrame
  -------         DO            
  D:0007H         SYMBOL        result_char
  -------         ENDDO         
  C:528BH         LINE#         75
  C:528BH         LINE#         76
  C:528BH         LINE#         79
  C:52A5H         LINE#         80
  C:52A5H         LINE#         81
  -------         ENDPROC       _SYM_2_TO_CHAR
  -------         PROC          _INT_TO_SYM_4
  D:0006H         SYMBOL        val
  D:0001H         SYMBOL        buf
  -------         DO            
  X:075AH         SYMBOL        int_to_sym_4
  -------         ENDDO         
  C:5019H         LINE#         83
  C:5019H         LINE#         84
  C:5019H         LINE#         92
  C:5021H         LINE#         94
  C:5032H         LINE#         95
  C:5042H         LINE#         96
  C:5053H         LINE#         97
  C:5066H         LINE#         100
  -------         ENDPROC       _INT_TO_SYM_4
  -------         PROC          _CHAR_TO_SYM_2
  D:0005H         SYMBOL        val
  D:0001H         SYMBOL        buf
  C:526DH         LINE#         102
  C:5270H         LINE#         103
  C:5270H         LINE#         104
  C:527CH         LINE#         105
  C:528AH         LINE#         106
  -------         ENDPROC       _CHAR_TO_SYM_2
  -------         PROC          _SYM_8_TO_LONG
BL51 BANKED LINKER/LOCATER V6.22                                                      07/01/2014  11:50:40  PAGE 61


  D:0001H         SYMBOL        pucFrame
  -------         DO            
  X:074EH         SYMBOL        sym_8_to_long
  -------         ENDDO         
  C:4A37H         LINE#         108
  C:4A37H         LINE#         109
  C:4A37H         LINE#         117
  C:4A54H         LINE#         118
  C:4A73H         LINE#         119
  C:4A92H         LINE#         120
  C:4AB1H         LINE#         122
  C:4ABFH         LINE#         123
  -------         ENDPROC       _SYM_8_TO_LONG
  -------         PROC          _LONG_TO_SYM_8
  X:06D4H         SYMBOL        val
  X:06D8H         SYMBOL        buf
  -------         DO            
  X:06DBH         SYMBOL        i
  -------         ENDDO         
  C:4D72H         LINE#         125
  C:4D83H         LINE#         126
  C:4D83H         LINE#         129
  C:4D86H         LINE#         130
  C:4D86H         LINE#         131
  C:4DB7H         LINE#         132
  C:4DD0H         LINE#         133
  C:4DDCH         LINE#         134
  -------         ENDPROC       _LONG_TO_SYM_8
  -------         PROC          READHOLDINGREG
  -------         DO            
  X:0730H         SYMBOL        i
  X:0731H         SYMBOL        count
  X:0732H         SYMBOL        LRC
  X:0733H         SYMBOL        addr
  X:0735H         SYMBOL        len
  -------         ENDDO         
  C:1AA4H         LINE#         165
  C:1AA4H         LINE#         166
  C:1AA4H         LINE#         175
  C:1AA9H         LINE#         177
  C:1ABAH         LINE#         178
  C:1AC9H         LINE#         180
  C:1AF7H         LINE#         181
  C:1AF7H         LINE#         182
  C:1AFDH         LINE#         183
  C:1B03H         LINE#         185
  C:1B0FH         LINE#         186
  C:1B16H         LINE#         188
  C:1B1FH         LINE#         189
  C:1B26H         LINE#         192
  C:1B2AH         LINE#         195
  C:1B62H         LINE#         196
  C:1B62H         LINE#         197
  C:1B85H         LINE#         198
  C:1B85H         LINE#         199
  C:1B85H         LINE#         200
  C:1B85H         LINE#         201
BL51 BANKED LINKER/LOCATER V6.22                                                      07/01/2014  11:50:40  PAGE 62


  C:1BA7H         LINE#         202
  C:1BA7H         LINE#         203
  C:1BA7H         LINE#         204
  C:1BA7H         LINE#         205
  C:1BBAH         LINE#         206
  C:1BBAH         LINE#         207
  C:1BEEH         LINE#         208
  C:1BF1H         LINE#         210
  C:1BF1H         LINE#         211
  C:1C25H         LINE#         212
  C:1C25H         LINE#         213
  C:1C25H         LINE#         214
  C:1C28H         LINE#         216
  C:1C28H         LINE#         217
  C:1C28H         LINE#         218
  C:1C3FH         LINE#         219
  C:1C3FH         LINE#         220
  C:1C6BH         LINE#         221
  C:1C6EH         LINE#         223
  C:1C6EH         LINE#         224
  C:1C9DH         LINE#         225
  C:1C9DH         LINE#         227
  C:1C9DH         LINE#         228
  C:1CA0H         LINE#         229
  C:1CA0H         LINE#         230
  C:1CA0H         LINE#         231
  C:1CA3H         LINE#         233
  C:1CA3H         LINE#         234
  C:1CA3H         LINE#         235
  C:1CBCH         LINE#         236
  C:1CBCH         LINE#         237
  C:1CBCH         LINE#         238
  C:1CBCH         LINE#         239
  C:1CE8H         LINE#         240
  C:1CE8H         LINE#         241
  C:1CEAH         LINE#         242
  C:1CEAH         LINE#         243
  C:1CEAH         LINE#         244
  C:1CECH         LINE#         246
  C:1CECH         LINE#         247
  C:1CECH         LINE#         248
  C:1D06H         LINE#         249
  C:1D06H         LINE#         251
  C:1D06H         LINE#         252
  C:1D06H         LINE#         253
  C:1D32H         LINE#         254
  C:1D32H         LINE#         255
  C:1D34H         LINE#         257
  C:1D34H         LINE#         258
  C:1D34H         LINE#         259
  C:1D63H         LINE#         260
  C:1D63H         LINE#         261
  C:1D63H         LINE#         262
  C:1D63H         LINE#         263
  C:1D63H         LINE#         264
  C:1D63H         LINE#         265
  C:1D63H         LINE#         266
BL51 BANKED LINKER/LOCATER V6.22                                                      07/01/2014  11:50:40  PAGE 63


  C:1D6AH         LINE#         267
  C:1D73H         LINE#         269
  C:1D86H         LINE#         271
  C:1D9DH         LINE#         273
  C:1DB1H         LINE#         274
  C:1DB8H         LINE#         276
  C:1DC5H         LINE#         277
  C:1DCBH         LINE#         278
  C:1DD8H         LINE#         279
  C:1DDEH         LINE#         280
  C:1DE0H         LINE#         282
  C:1DE0H         LINE#         283
  C:1DE3H         LINE#         284
  C:1DE3H         LINE#         286
  C:1DE8H         LINE#         287
  -------         ENDPROC       READHOLDINGREG
  -------         ENDMOD        MODBUS_ASCII

  -------         MODULE        ?C?FPADD
  C:003DH         PUBLIC        ?C?FPADD
  C:0039H         PUBLIC        ?C?FPSUB
  -------         ENDMOD        ?C?FPADD

  -------         MODULE        ?C?FPMUL
  C:012EH         PUBLIC        ?C?FPMUL
  -------         ENDMOD        ?C?FPMUL

  -------         MODULE        ?C?FPCMP
  C:0236H         PUBLIC        ?C?FPCMP
  C:0234H         PUBLIC        ?C?FPCMP3
  -------         ENDMOD        ?C?FPCMP

  -------         MODULE        ?C?FCAST
  C:02ABH         PUBLIC        ?C?FCASTC
  C:02A6H         PUBLIC        ?C?FCASTI
  C:02A1H         PUBLIC        ?C?FCASTL
  -------         ENDMOD        ?C?FCAST

  -------         MODULE        ?C?CASTF
  C:02DFH         PUBLIC        ?C?CASTF
  -------         ENDMOD        ?C?CASTF

  -------         MODULE        ?C?COPY
  C:0430H         PUBLIC        ?C?COPY
  -------         ENDMOD        ?C?COPY

  -------         MODULE        ?C?CLDPTR
  C:0456H         PUBLIC        ?C?CLDPTR
  -------         ENDMOD        ?C?CLDPTR

  -------         MODULE        ?C?CLDOPTR
  C:046FH         PUBLIC        ?C?CLDOPTR
  -------         ENDMOD        ?C?CLDOPTR

  -------         MODULE        ?C?CILDOPTR
  C:049CH         PUBLIC        ?C?CILDOPTR
  -------         ENDMOD        ?C?CILDOPTR
BL51 BANKED LINKER/LOCATER V6.22                                                      07/01/2014  11:50:40  PAGE 64



  -------         MODULE        ?C?CSTPTR
  C:04CFH         PUBLIC        ?C?CSTPTR
  -------         ENDMOD        ?C?CSTPTR

  -------         MODULE        ?C?CSTOPTR
  C:04E1H         PUBLIC        ?C?CSTOPTR
  -------         ENDMOD        ?C?CSTOPTR

  -------         MODULE        ?C?IILDX
  C:0503H         PUBLIC        ?C?IILDX
  -------         ENDMOD        ?C?IILDX

  -------         MODULE        ?C?ILDIX
  C:0519H         PUBLIC        ?C?ILDIX
  -------         ENDMOD        ?C?ILDIX

  -------         MODULE        ?C?ILDPTR
  C:052FH         PUBLIC        ?C?ILDPTR
  -------         ENDMOD        ?C?ILDPTR

  -------         MODULE        ?C?ILDOPTR
  C:055AH         PUBLIC        ?C?ILDOPTR
  -------         ENDMOD        ?C?ILDOPTR

  -------         MODULE        ?C?ISTPTR
  C:0592H         PUBLIC        ?C?ISTPTR
  -------         ENDMOD        ?C?ISTPTR

  -------         MODULE        ?C?ISTOPTR
  C:05B1H         PUBLIC        ?C?ISTOPTR
  -------         ENDMOD        ?C?ISTOPTR

  -------         MODULE        ?C?ULDIV
  C:061AH         PUBLIC        ?C?ULDIV
  -------         ENDMOD        ?C?ULDIV

  -------         MODULE        ?C?SLDIV
  C:50F9H         PUBLIC        ?C?SLDIV
  -------         ENDMOD        ?C?SLDIV

  -------         MODULE        ?C?LNEG
  C:06ACH         PUBLIC        ?C?LNEG
  -------         ENDMOD        ?C?LNEG

  -------         MODULE        ?C?ULCMP
  C:06BAH         PUBLIC        ?C?ULCMP
  -------         ENDMOD        ?C?ULCMP

  -------         MODULE        ?C?ULSHR
  C:06CBH         PUBLIC        ?C?ULSHR
  -------         ENDMOD        ?C?ULSHR

  -------         MODULE        ?C?LSHL
  C:06DEH         PUBLIC        ?C?LSHL
  -------         ENDMOD        ?C?LSHL

BL51 BANKED LINKER/LOCATER V6.22                                                      07/01/2014  11:50:40  PAGE 65


  -------         MODULE        ?C?LSTXDATA
  C:06F1H         PUBLIC        ?C?LSTXDATA
  -------         ENDMOD        ?C?LSTXDATA

  -------         MODULE        ?C?LSTKXDATA
  C:06FDH         PUBLIC        ?C?LSTKXDATA
  -------         ENDMOD        ?C?LSTKXDATA

  -------         MODULE        ?C?OFFXADD
  C:072EH         PUBLIC        ?C?OFFXADD
  -------         ENDMOD        ?C?OFFXADD

  -------         MODULE        ?C?CCASE
  C:073AH         PUBLIC        ?C?CCASE
  -------         ENDMOD        ?C?CCASE

  -------         MODULE        ?C?ICASE
  C:0760H         PUBLIC        ?C?ICASE
  -------         ENDMOD        ?C?ICASE

*** WARNING L16: UNCALLED SEGMENT, IGNORED FOR OVERLAY PROCESS
    SEGMENT: ?PR?_INT_TO_SYM_4?MODBUS_ASCII

*** WARNING L16: UNCALLED SEGMENT, IGNORED FOR OVERLAY PROCESS
    SEGMENT: ?PR?_SYM_8_TO_LONG?MODBUS_ASCII

Program Size: data=19.0 xdata=1887 code=21319
LINK/LOCATE RUN COMPLETE.  2 WARNING(S),  0 ERROR(S)
