BL51 BANKED LINKER/LOCATER V6.22                                                        05/22/2015  09:23:35  PAGE 1


BL51 BANKED LINKER/LOCATER V6.22, INVOKED BY:
C:\PROGRAM FILES\KEIL\C51\BIN\BL51.EXE debug.obj, timer3.obj, adc.obj, eeprom.obj, watchdog.obj, proto_uso.obj, channels
>> .obj, START_AD.obj, timer0.obj, timer2.obj, i2c.obj, calibrate.obj, ulongsort.obj, timer1.obj, crc_table.obj TO debug
>>  RAMSIZE (256) XDATA (0X0000-0X7FFE)


MEMORY MODEL: LARGE WITH FLOATING POINT ARITHMETIC


INPUT MODULES INCLUDED:
  debug.obj (DEBUG)
  timer3.obj (TIMER3)
  adc.obj (ADC)
  eeprom.obj (EEPROM)
  watchdog.obj (WATCHDOG)
  proto_uso.obj (PROTO_USO)
  channels.obj (CHANNELS)
  START_AD.obj (?C_STARTUP)
  timer0.obj (TIMER0)
  timer2.obj (TIMER2)
  i2c.obj (I2C)
  calibrate.obj (CALIBRATE)
  ulongsort.obj (ULONGSORT)
  timer1.obj (TIMER1)
  crc_table.obj (CRC_TABLE)
  C:\PROGRAM FILES\KEIL\C51\LIB\C51FPL.LIB (?C?FPADD)
  C:\PROGRAM FILES\KEIL\C51\LIB\C51FPL.LIB (?C?FPMUL)
  C:\PROGRAM FILES\KEIL\C51\LIB\C51FPL.LIB (?C?FPCMP)
  C:\PROGRAM FILES\KEIL\C51\LIB\C51FPL.LIB (?C?FCAST)
  C:\PROGRAM FILES\KEIL\C51\LIB\C51FPL.LIB (?C?CASTF)
  C:\PROGRAM FILES\KEIL\C51\LIB\C51FPL.LIB (?C?FPGETOPN)
  C:\PROGRAM FILES\KEIL\C51\LIB\C51L.LIB (?C_INIT)
  C:\PROGRAM FILES\KEIL\C51\LIB\C51L.LIB (?C?COPY)
  C:\PROGRAM FILES\KEIL\C51\LIB\C51L.LIB (?C?CLDPTR)
  C:\PROGRAM FILES\KEIL\C51\LIB\C51L.LIB (?C?CLDOPTR)
  C:\PROGRAM FILES\KEIL\C51\LIB\C51L.LIB (?C?CILDOPTR)
  C:\PROGRAM FILES\KEIL\C51\LIB\C51L.LIB (?C?CSTOPTR)
  C:\PROGRAM FILES\KEIL\C51\LIB\C51L.LIB (?C?ILDPTR)
  C:\PROGRAM FILES\KEIL\C51\LIB\C51L.LIB (?C?ILDOPTR)
  C:\PROGRAM FILES\KEIL\C51\LIB\C51L.LIB (?C?ISTPTR)
  C:\PROGRAM FILES\KEIL\C51\LIB\C51L.LIB (?C?ISTOPTR)
  C:\PROGRAM FILES\KEIL\C51\LIB\C51L.LIB (?C?SLDIV)
  C:\PROGRAM FILES\KEIL\C51\LIB\C51L.LIB (?C?LNEG)
  C:\PROGRAM FILES\KEIL\C51\LIB\C51L.LIB (?C?ULCMP)
  C:\PROGRAM FILES\KEIL\C51\LIB\C51L.LIB (?C?ULSHR)
  C:\PROGRAM FILES\KEIL\C51\LIB\C51L.LIB (?C?LSTXDATA)
  C:\PROGRAM FILES\KEIL\C51\LIB\C51L.LIB (?C?LSTKXDATA)
  C:\PROGRAM FILES\KEIL\C51\LIB\C51L.LIB (?C?OFFXADD)
  C:\PROGRAM FILES\KEIL\C51\LIB\C51L.LIB (?C?CCASE)
  C:\PROGRAM FILES\KEIL\C51\LIB\C51L.LIB (?C?ICASE)
  C:\PROGRAM FILES\KEIL\C51\LIB\C51L.LIB (?C?ULDIV)


LINK MAP OF MODULE:  debug (DEBUG)


            TYPE    BASE      LENGTH    RELOCATION   SEGMENT NAME
            -----------------------------------------------------
BL51 BANKED LINKER/LOCATER V6.22                                                      05/22/2015  09:23:35  PAGE 2



            * * * * * * *   D A T A   M E M O R Y   * * * * * * *
            REG     0000H     0008H     ABSOLUTE     "REG BANK 0"
            DATA    0008H     0002H     UNIT         _DATA_GROUP_
            DATA    000AH     0001H     UNIT         ?DT?WATCHDOG
            DATA    000BH     0001H     UNIT         ?DT?PROTO_USO
            IDATA   000CH     0006H     UNIT         ?ID?I2C
            IDATA   0012H     0003H     UNIT         ?ID?PROTO_USO
            IDATA   0015H     0001H     UNIT         ?STACK

            * * * * * * *  X D A T A   M E M O R Y  * * * * * * *
            XDATA   0000H     0271H     UNIT         ?XD?PROTO_USO
            XDATA   0271H     009AH     UNIT         ?XD?ADC
            XDATA   030BH     0097H     UNIT         ?XD?CHANNELS
            XDATA   03A2H     0030H     UNIT         ?XD?I2C
            XDATA   03D2H     0028H     UNIT         ?XD?ULONGSORT
            XDATA   03FAH     001EH     UNIT         _XDATA_GROUP_
            XDATA   0418H     0016H     UNIT         ?XD?WATCHDOG
            XDATA   042EH     0010H     UNIT         ?XD?DEBUG
            XDATA   043EH     000DH     UNIT         ?XD?_STORE_DEV_ADDRESS_DESC?PROTO_USO
            XDATA   044BH     0008H     UNIT         ?XD?CHANNEL_SET_CALIBRATE?PROTO_USO
            XDATA   0453H     0006H     UNIT         ?XD?_OLD_PROTO_PASTE_NULL?PROTO_USO
            XDATA   0459H     0005H     UNIT         ?XD?_OLD_CRC_CHECK?PROTO_USO
            XDATA   045EH     0004H     UNIT         ?XD?_PROTOPROCESS?PROTO_USO
            XDATA   0462H     0002H     UNIT         ?XD?OLD_CHANNEL_GET_DATA?PROTO_USO
            XDATA   0464H     0002H     UNIT         ?XD?OLD_CHANNEL_GET_DATA_STATE?PROTO_USO
            XDATA   0466H     0002H     UNIT         ?XD?OLD_CHANNEL_GET_STATE?PROTO_USO
            XDATA   0468H     0002H     UNIT         ?XD?RESTORE_DEV_ADDRESS_DESC?PROTO_USO
            XDATA   046AH     0001H     UNIT         ?XD?CHANNEL_SET_ADDRESS_DESC?PROTO_USO
            XDATA   046BH     0001H     UNIT         ?XD?_REQUEST_ERROR?PROTO_USO
            XDATA   046CH     0001H     UNIT         ?XD?OLD_CHANNEL_SET_ADC_RANGE?PROTO_USO

            * * * * * * *   C O D E   M E M O R Y   * * * * * * *
            CODE    0000H     0003H     ABSOLUTE     
            CODE    0003H     0016H     UNIT         ?PR?I2C_INIT?I2C
                    0019H     0002H                  *** GAP ***
            CODE    001BH     0003H     ABSOLUTE     
            CODE    001EH     0003H     UNIT         ?PR?NODE_FULL_INIT?PROTO_USO
                    0021H     0002H                  *** GAP ***
            CODE    0023H     0003H     ABSOLUTE     
            CODE    0026H     000CH     UNIT         ?PR?CHANNEL_SET_ALL_DEFAULT?PROTO_USO
                    0032H     0001H                  *** GAP ***
            CODE    0033H     0003H     ABSOLUTE     
            CODE    0036H     0706H     UNIT         ?C?LIB_CODE
            CODE    073CH     03E1H     UNIT         ?PR?CHANNEL_ALL_GET_DATA?PROTO_USO
            CODE    0B1DH     03A2H     UNIT         ?PR?OLD_CHANNEL_GET_DATA_STATE?PROTO_USO
            CODE    0EBFH     038CH     UNIT         ?PR?_I2C_PROCESS?I2C
            CODE    124BH     032CH     UNIT         ?PR?_ULONGSORT_PROCESS?ULONGSORT
            CODE    1577H     02E6H     UNIT         ?PR?OLD_CHANNEL_GET_DATA?PROTO_USO
            CODE    185DH     02CEH     UNIT         ?C_INITSEG
            CODE    1B2BH     024FH     UNIT         ?PR?_PROTOPROCESS?PROTO_USO
            CODE    1D7AH     020EH     UNIT         ?PR?UART_ISR?PROTO_USO
            CODE    1F88H     0189H     UNIT         ?PR?_STORE_DEV_ADDRESS_DESC?PROTO_USO
            CODE    2111H     0170H     UNIT         ?PR?OLD_CHANNEL_GET_STATE?PROTO_USO
            CODE    2281H     0165H     UNIT         ?PR?SEND_INFO?PROTO_USO
            CODE    23E6H     0164H     UNIT         ?PR?OLD_CHANNEL_SET_ADC_RANGE?PROTO_USO
            CODE    254AH     0158H     UNIT         ?PR?CHANNEL_SET_PARAMETERS?PROTO_USO
BL51 BANKED LINKER/LOCATER V6.22                                                      05/22/2015  09:23:35  PAGE 3


            CODE    26A2H     0151H     UNIT         ?PR?_I2C_WRITE_BUF?I2C
            CODE    27F3H     0136H     UNIT         ?PR?PROTOBUFHANDLING?PROTO_USO
            CODE    2929H     0129H     UNIT         ?PR?ADC_ISR?ADC
            CODE    2A52H     0110H     UNIT         ?PR?_I2C_READ_BUF?I2C
            CODE    2B62H     010DH     UNIT         ?PR?_WDT_PROCESS?WATCHDOG
            CODE    2C6FH     0107H     UNIT         ?PR?_OLD_PROTO_PASTE_NULL?PROTO_USO
            CODE    2D76H     0102H     UNIT         ?PR?CHANNEL_GET_CALIBRATE_VALUE?PROTO_USO
            CODE    2E78H     0100H     UNIT         ?CO?CRC_TABLE
            CODE    2F78H     00F1H     UNIT         ?PR?RESTORE_DEV_ADDRESS_DESC?PROTO_USO
            CODE    3069H     00E5H     UNIT         ?PR?CHANNEL_SET_CALIBRATE?PROTO_USO
            CODE    314EH     00E3H     UNIT         ?PR?_EEPROM_WRITE?EEPROM
            CODE    3231H     00DFH     UNIT         ?PR?_EEPROM_READ?EEPROM
            CODE    3310H     00D8H     UNIT         ?PR?CHANNELS_SET_DEFAULT?CHANNELS
            CODE    33E8H     00C1H     UNIT         ?PR?_CALIBRATE_SET_FLAG?CALIBRATE
            CODE    34A9H     00BAH     UNIT         ?PR?_GETCALIBRATEVAL?CALIBRATE
            CODE    3563H     00AEH     UNIT         ?PR?_I2C_REPEATREAD?DEBUG
            CODE    3611H     00ACH     UNIT         ?PR?_I2C_READ_COMPLETE?I2C
            CODE    36BDH     00A0H     UNIT         ?PR?_CALIBRATE?CALIBRATE
            CODE    375DH     009DH     UNIT         ?C_C51STARTUP
            CODE    37FAH     009DH     UNIT         ?PR?RESTORECALIBRATE?CALIBRATE
            CODE    3897H     0098H     UNIT         ?PR?ADC_RESTORE_SETTINGS?ADC
            CODE    392FH     0098H     UNIT         ?PR?RESTORE_CHANNELS_DATA?CHANNELS
            CODE    39C7H     008EH     UNIT         ?PR?MAIN?DEBUG
            CODE    3A55H     0078H     UNIT         ?PR?CHANNEL_SET_ADDRESS_DESC?PROTO_USO
            CODE    3ACDH     0076H     UNIT         ?PR?_OLD_CRC_CHECK?PROTO_USO
            CODE    3B43H     006BH     UNIT         ?PR?STORE_CHANNELS_DATA?CHANNELS
            CODE    3BAEH     005BH     UNIT         ?PR?_REQUEST_ERROR?PROTO_USO
            CODE    3C09H     0058H     UNIT         ?PR?CHANNELS_GET_SETTINGS_CRC?CHANNELS
            CODE    3C61H     0058H     UNIT         ?PR?CALIBRATE_GET_CRC?CALIBRATE
            CODE    3CB9H     004DH     UNIT         ?PR?CALIBRATE_SET_DEFAULT?CALIBRATE
            CODE    3D06H     004BH     UNIT         ?PR?TIMER1_INTERRUPT?DEBUG
            CODE    3D51H     0044H     UNIT         ?C?LDIV
            CODE    3D95H     0039H     UNIT         ?PR?_WDT_INIT?WATCHDOG
            CODE    3DCEH     0035H     UNIT         ?PR?CHANNELSINIT?CHANNELS
            CODE    3E03H     002DH     UNIT         ?PR?ADC_INITIALIZE?ADC
            CODE    3E30H     0029H     UNIT         ?PR?_I2C_REPEAT_START_READ?I2C
            CODE    3E59H     0023H     UNIT         ?PR?PROTOCOL_INIT?PROTO_USO
            CODE    3E7CH     0023H     UNIT         ?PR?_CRC_CHECK?CRC_TABLE
            CODE    3E9FH     0015H     UNIT         ?PR?_ADC_OUT_FREQ?ADC
            CODE    3EB4H     0014H     UNIT         ?PR?TIMER2_INITIALIZE?TIMER2
            CODE    3EC8H     0013H     UNIT         ?PR?CHANNEL_SET_RESET_STATE_FLAGS?PROTO_USO
            CODE    3EDBH     0012H     UNIT         ?PR?UART_INIT?TIMER3
            CODE    3EEDH     0011H     UNIT         ?PR?TIMER0_INITIALIZE?TIMER0
            CODE    3EFEH     0011H     UNIT         ?PR?TIMER1_INITIALIZE?TIMER1
            CODE    3F0FH     000AH     UNIT         ?PR?WDT_CLEAR?WATCHDOG
            CODE    3F19H     0007H     UNIT         ?PR?_ADC_SET_MODE?ADC
            CODE    3F20H     0003H     UNIT         ?PR?CHANNEL_LIST_INIT?PROTO_USO
            CODE    3F23H     0003H     UNIT         ?PR?CHANNEL_GET_DATA?PROTO_USO
            CODE    3F26H     0003H     UNIT         ?PR?CHANNEL_SET_ORDER_QUERY?PROTO_USO
            CODE    3F29H     0003H     UNIT         ?PR?CHANNEL_GET_DATA_ORDER?PROTO_USO
            CODE    3F2CH     0003H     UNIT         ?PR?CHANNEL_SET_STATE?PROTO_USO
            CODE    3F2FH     0003H     UNIT         ?PR?CHANNEL_GET_DATA_ORDER_M2?PROTO_USO
            CODE    3F32H     0003H     UNIT         ?PR?OLD_REINIT_BLOCK?PROTO_USO



OVERLAY MAP OF MODULE:   debug (DEBUG)
BL51 BANKED LINKER/LOCATER V6.22                                                      05/22/2015  09:23:35  PAGE 4




SEGMENT                                            DATA_GROUP          XDATA_GROUP
  +--> CALLED SEGMENT                            START    LENGTH     START    LENGTH
------------------------------------------------------------------------------------
?C_C51STARTUP                                    -----    -----      -----    -----
  +--> ?PR?MAIN?DEBUG
  +--> ?C_INITSEG

?PR?MAIN?DEBUG                                   -----    -----      -----    -----
  +--> ?PR?RESTORECALIBRATE?CALIBRATE
  +--> ?PR?CHANNELSINIT?CHANNELS
  +--> ?PR?PROTOCOL_INIT?PROTO_USO
  +--> ?PR?TIMER1_INITIALIZE?TIMER1
  +--> ?PR?ADC_INITIALIZE?ADC
  +--> ?PR?UART_INIT?TIMER3
  +--> ?PR?_WDT_INIT?WATCHDOG
  +--> ?PR?I2C_INIT?I2C
  +--> ?PR?_I2C_REPEAT_START_READ?I2C
  +--> ?PR?_PROTOPROCESS?PROTO_USO
  +--> ?PR?_I2C_REPEATREAD?DEBUG
  +--> ?PR?_ULONGSORT_PROCESS?ULONGSORT
  +--> ?PR?_I2C_PROCESS?I2C
  +--> ?PR?_WDT_PROCESS?WATCHDOG

?PR?RESTORECALIBRATE?CALIBRATE                   -----    -----      03FAH    0009H
  +--> ?PR?_EEPROM_READ?EEPROM
  +--> ?PR?CALIBRATE_GET_CRC?CALIBRATE
  +--> ?PR?CALIBRATE_SET_DEFAULT?CALIBRATE

?PR?_EEPROM_READ?EEPROM                          -----    -----      0404H    000AH

?PR?CALIBRATE_GET_CRC?CALIBRATE                  -----    -----      040EH    0003H
  +--> ?CO?CRC_TABLE

?PR?CALIBRATE_SET_DEFAULT?CALIBRATE              -----    -----      0403H    0005H
  +--> ?PR?_CALIBRATE_SET_FLAG?CALIBRATE
  +--> ?PR?CALIBRATE_GET_CRC?CALIBRATE
  +--> ?PR?_EEPROM_WRITE?EEPROM

?PR?_CALIBRATE_SET_FLAG?CALIBRATE                -----    -----      0408H    0006H
  +--> ?PR?_EEPROM_WRITE?EEPROM
  +--> ?PR?CALIBRATE_GET_CRC?CALIBRATE

?PR?_EEPROM_WRITE?EEPROM                         -----    -----      040EH    000AH

?PR?CHANNELSINIT?CHANNELS                        -----    -----      03FAH    0001H
  +--> ?PR?RESTORE_CHANNELS_DATA?CHANNELS

?PR?RESTORE_CHANNELS_DATA?CHANNELS               -----    -----      03FBH    0009H
  +--> ?PR?_EEPROM_READ?EEPROM
  +--> ?PR?CHANNELS_GET_SETTINGS_CRC?CHANNELS
  +--> ?PR?CHANNELS_SET_DEFAULT?CHANNELS

?PR?CHANNELS_GET_SETTINGS_CRC?CHANNELS           -----    -----      0409H    0003H
  +--> ?CO?CRC_TABLE

BL51 BANKED LINKER/LOCATER V6.22                                                      05/22/2015  09:23:35  PAGE 5


?PR?CHANNELS_SET_DEFAULT?CHANNELS                -----    -----      -----    -----
  +--> ?PR?STORE_CHANNELS_DATA?CHANNELS

?PR?STORE_CHANNELS_DATA?CHANNELS                 -----    -----      0404H    0005H
  +--> ?PR?_EEPROM_WRITE?EEPROM
  +--> ?PR?CHANNELS_GET_SETTINGS_CRC?CHANNELS

?PR?PROTOCOL_INIT?PROTO_USO                      -----    -----      -----    -----
  +--> ?PR?RESTORE_DEV_ADDRESS_DESC?PROTO_USO

?PR?RESTORE_DEV_ADDRESS_DESC?PROTO_USO           -----    -----      -----    -----
  +--> ?PR?_EEPROM_READ?EEPROM

?PR?ADC_INITIALIZE?ADC                           -----    -----      -----    -----
  +--> ?PR?ADC_RESTORE_SETTINGS?ADC
  +--> ?PR?_ADC_SET_MODE?ADC
  +--> ?PR?_ADC_OUT_FREQ?ADC

?PR?ADC_RESTORE_SETTINGS?ADC                     -----    -----      03FAH    0002H

?PR?_I2C_REPEAT_START_READ?I2C                   -----    -----      03FEH    0009H

?PR?_PROTOPROCESS?PROTO_USO                      -----    -----      -----    -----
  +--> ?PR?_CRC_CHECK?CRC_TABLE
  +--> ?PR?_OLD_CRC_CHECK?PROTO_USO
  +--> ?PR?PROTOBUFHANDLING?PROTO_USO

?PR?_CRC_CHECK?CRC_TABLE                         -----    -----      -----    -----
  +--> ?CO?CRC_TABLE

?PR?PROTOBUFHANDLING?PROTO_USO                   -----    -----      -----    -----
  +--> ?PR?SEND_INFO?PROTO_USO
  +--> ?PR?NODE_FULL_INIT?PROTO_USO
  +--> ?PR?CHANNEL_LIST_INIT?PROTO_USO
  +--> ?PR?CHANNEL_GET_DATA?PROTO_USO
  +--> ?PR?CHANNEL_SET_PARAMETERS?PROTO_USO
  +--> ?PR?CHANNEL_SET_ORDER_QUERY?PROTO_USO
  +--> ?PR?CHANNEL_GET_DATA_ORDER?PROTO_USO
  +--> ?PR?CHANNEL_SET_STATE?PROTO_USO
  +--> ?PR?CHANNEL_GET_DATA_ORDER_M2?PROTO_USO
  +--> ?PR?CHANNEL_SET_RESET_STATE_FLAGS?PRO...
  +--> ?PR?CHANNEL_ALL_GET_DATA?PROTO_USO
  +--> ?PR?CHANNEL_SET_ADDRESS_DESC?PROTO_USO
  +--> ?PR?CHANNEL_SET_CALIBRATE?PROTO_USO
  +--> ?PR?CHANNEL_SET_ALL_DEFAULT?PROTO_USO
  +--> ?PR?CHANNEL_GET_CALIBRATE_VALUE?PROTO...
  +--> ?PR?_REQUEST_ERROR?PROTO_USO
  +--> ?PR?OLD_REINIT_BLOCK?PROTO_USO
  +--> ?PR?OLD_CHANNEL_SET_ADC_RANGE?PROTO_USO
  +--> ?PR?OLD_CHANNEL_GET_STATE?PROTO_USO
  +--> ?PR?OLD_CHANNEL_GET_DATA?PROTO_USO
  +--> ?PR?OLD_CHANNEL_GET_DATA_STATE?PROTO_USO

?PR?SEND_INFO?PROTO_USO                          -----    -----      -----    -----
  +--> ?PR?_CRC_CHECK?CRC_TABLE

?PR?CHANNEL_SET_PARAMETERS?PROTO_USO             -----    -----      03FAH    0001H
BL51 BANKED LINKER/LOCATER V6.22                                                      05/22/2015  09:23:35  PAGE 6


  +--> ?PR?_REQUEST_ERROR?PROTO_USO
  +--> ?PR?STORE_CHANNELS_DATA?CHANNELS

?PR?_REQUEST_ERROR?PROTO_USO                     -----    -----      -----    -----
  +--> ?PR?_CRC_CHECK?CRC_TABLE

?PR?CHANNEL_SET_RESET_STATE_FLAGS?PRO...         -----    -----      -----    -----
  +--> ?PR?CHANNELSINIT?CHANNELS
  +--> ?PR?_REQUEST_ERROR?PROTO_USO

?PR?CHANNEL_ALL_GET_DATA?PROTO_USO               0008H    0002H      -----    -----
  +--> ?PR?_CRC_CHECK?CRC_TABLE

?PR?CHANNEL_SET_ADDRESS_DESC?PROTO_USO           -----    -----      -----    -----
  +--> ?PR?_STORE_DEV_ADDRESS_DESC?PROTO_USO
  +--> ?PR?_REQUEST_ERROR?PROTO_USO

?PR?_STORE_DEV_ADDRESS_DESC?PROTO_USO            -----    -----      -----    -----
  +--> ?PR?_EEPROM_WRITE?EEPROM

?PR?CHANNEL_SET_CALIBRATE?PROTO_USO              -----    -----      -----    -----
  +--> ?PR?_CALIBRATE?CALIBRATE
  +--> ?PR?_CALIBRATE_SET_FLAG?CALIBRATE
  +--> ?PR?_REQUEST_ERROR?PROTO_USO

?PR?_CALIBRATE?CALIBRATE                         -----    -----      03FAH    000DH
  +--> ?PR?_EEPROM_WRITE?EEPROM
  +--> ?PR?CALIBRATE_GET_CRC?CALIBRATE

?PR?CHANNEL_SET_ALL_DEFAULT?PROTO_USO            -----    -----      -----    -----
  +--> ?PR?CHANNELS_SET_DEFAULT?CHANNELS
  +--> ?PR?CALIBRATE_SET_DEFAULT?CALIBRATE
  +--> ?PR?_REQUEST_ERROR?PROTO_USO

?PR?CHANNEL_GET_CALIBRATE_VALUE?PROTO...         -----    -----      -----    -----
  +--> ?PR?_REQUEST_ERROR?PROTO_USO
  +--> ?PR?_CRC_CHECK?CRC_TABLE

?PR?OLD_CHANNEL_GET_STATE?PROTO_USO              -----    -----      -----    -----
  +--> ?PR?_OLD_PROTO_PASTE_NULL?PROTO_USO
  +--> ?PR?_OLD_CRC_CHECK?PROTO_USO

?PR?OLD_CHANNEL_GET_DATA?PROTO_USO               -----    -----      -----    -----
  +--> ?PR?_OLD_PROTO_PASTE_NULL?PROTO_USO
  +--> ?PR?_OLD_CRC_CHECK?PROTO_USO

?PR?OLD_CHANNEL_GET_DATA_STATE?PROTO_USO         -----    -----      -----    -----
  +--> ?PR?_OLD_PROTO_PASTE_NULL?PROTO_USO
  +--> ?PR?_OLD_CRC_CHECK?PROTO_USO

?PR?_I2C_REPEATREAD?DEBUG                        -----    -----      03FAH    0004H
  +--> ?PR?_I2C_REPEAT_START_READ?I2C

?PR?_ULONGSORT_PROCESS?ULONGSORT                 -----    -----      03FAH    0004H
  +--> ?PR?_GETCALIBRATEVAL?CALIBRATE

?PR?_GETCALIBRATEVAL?CALIBRATE                   -----    -----      03FEH    0009H
BL51 BANKED LINKER/LOCATER V6.22                                                      05/22/2015  09:23:35  PAGE 7



?PR?_I2C_PROCESS?I2C                             -----    -----      03FAH    0004H
  +--> ?PR?_I2C_WRITE_BUF?I2C
  +--> ?PR?_I2C_READ_BUF?I2C
  +--> ?PR?_I2C_READ_COMPLETE?I2C

?PR?_I2C_WRITE_BUF?I2C                           -----    -----      03FEH    0008H

?PR?_I2C_READ_BUF?I2C                            -----    -----      03FEH    0008H

?PR?_I2C_READ_COMPLETE?I2C                       -----    -----      03FEH    0004H
  +--> ?PR?_CRC_CHECK?CRC_TABLE

?PR?_WDT_PROCESS?WATCHDOG                        -----    -----      03FAH    0006H
  +--> ?PR?WDT_CLEAR?WATCHDOG



UNRESOLVED EXTERNAL SYMBOLS:
   FREQUENCY_INIT



SYMBOL TABLE OF MODULE:  debug (DEBUG)

  VALUE           TYPE          NAME
  ----------------------------------

  -------         MODULE        DEBUG
  C:0000H         SYMBOL        _ICE_DUMMY_
  D:0088H         PUBLIC        TCON
  D:008BH         PUBLIC        TL1
  D:008DH         PUBLIC        TH1
  D:0098H         PUBLIC        SCON
  D:00A0H         PUBLIC        P2
  D:00A8H         PUBLIC        IE
  D:00B0H         PUBLIC        P3
  D:00B8H         PUBLIC        IP
  D:00C0H         PUBLIC        WDCON
  D:00C8H         PUBLIC        T2CON
  D:00D0H         PUBLIC        PSW
  D:00D7H         PUBLIC        PLLCON
  D:00D8H         PUBLIC        ADCSTAT
  D:00E8H         PUBLIC        I2CCON
  D:00E8H         PUBLIC        DCON
  D:00F8H         PUBLIC        SPICON
  B:00A8H.7       PUBLIC        EA
  X:042EH         PUBLIC        pt_i2c_read
  X:0432H         PUBLIC        pt_freq_measure
  X:0436H         PUBLIC        pt_sort
  X:043AH         PUBLIC        pt_i2c_process
  C:3563H         PUBLIC        _I2C_RepeatRead
  C:39C7H         PUBLIC        main
  C:3D06H         PUBLIC        Timer1_Interrupt
  -------         PROC          MAIN
  C:39C7H         LINE#         34
  C:39C7H         LINE#         35
BL51 BANKED LINKER/LOCATER V6.22                                                      05/22/2015  09:23:35  PAGE 8


  C:39C7H         LINE#         36
  C:39C9H         LINE#         39
  C:39CCH         LINE#         41
  C:39CFH         LINE#         43
  C:39D2H         LINE#         44
  C:39D5H         LINE#         45
  C:39D8H         LINE#         46
  C:39DBH         LINE#         47
  C:39DEH         LINE#         48
  C:39E1H         LINE#         50
  C:39E6H         LINE#         51
  C:39E9H         LINE#         55
  C:39F0H         LINE#         56
  C:39F6H         LINE#         57
  C:39FCH         LINE#         58
  C:3A02H         LINE#         60
  C:3A04H         LINE#         62
  C:3A07H         LINE#         64
  C:3A25H         LINE#         65
  C:3A25H         LINE#         66
  C:3A25H         LINE#         67
  C:3A2EH         LINE#         68
  C:3A37H         LINE#         70
  C:3A40H         LINE#         71
  C:3A49H         LINE#         72
  C:3A52H         LINE#         73
  -------         ENDPROC       MAIN
  -------         PROC          _I2C_REPEATREAD
  X:03FAH         SYMBOL        pt
  -------         DO            
  X:03FDH         SYMBOL        PT_YIELD_FLAG
  -------         ENDDO         
  C:3563H         LINE#         78
  C:356EH         LINE#         79
  C:356EH         LINE#         80
  C:3573H         LINE#         82
  C:358BH         LINE#         84
  C:358BH         LINE#         85
  C:358BH         LINE#         86
  C:35C9H         LINE#         87
  C:35E8H         LINE#         89
  C:35F6H         LINE#         90
  C:35F8H         LINE#         91
  C:3610H         LINE#         93
  -------         ENDPROC       _I2C_REPEATREAD
  -------         PROC          TIMER1_INTERRUPT
  C:3D06H         LINE#         95
  C:3D0CH         LINE#         98
  C:3D0FH         LINE#         99
  C:3D12H         LINE#         100
  C:3D20H         LINE#         102
  C:3D2EH         LINE#         103
  C:3D3CH         LINE#         104
  C:3D4AH         LINE#         106
  -------         ENDPROC       TIMER1_INTERRUPT
  -------         ENDMOD        DEBUG

BL51 BANKED LINKER/LOCATER V6.22                                                      05/22/2015  09:23:35  PAGE 9


  -------         MODULE        TIMER3
  C:0000H         SYMBOL        _ICE_DUMMY_
  D:0088H         PUBLIC        TCON
  D:0098H         PUBLIC        SCON
  D:009DH         PUBLIC        T3FD
  D:009EH         PUBLIC        T3CON
  D:00A0H         PUBLIC        P2
  D:00A8H         PUBLIC        IE
  D:00B0H         PUBLIC        P3
  D:00B8H         PUBLIC        IP
  D:00C0H         PUBLIC        WDCON
  D:00C8H         PUBLIC        T2CON
  D:00D0H         PUBLIC        PSW
  D:00D8H         PUBLIC        ADCSTAT
  D:00E8H         PUBLIC        I2CCON
  D:00E8H         PUBLIC        DCON
  D:00F8H         PUBLIC        SPICON
  B:00A8H.4       PUBLIC        ES
  B:00B8H.4       PUBLIC        PS
  B:0098H.1       PUBLIC        TI
  B:0098H.0       PUBLIC        RI
  C:3EDBH         PUBLIC        UART_Init
  -------         PROC          UART_INIT
  C:3EDBH         LINE#         3
  C:3EDBH         LINE#         4
  C:3EDBH         LINE#         6
  C:3EDEH         LINE#         8
  C:3EE1H         LINE#         9
  C:3EE4H         LINE#         10
  C:3EE6H         LINE#         11
  C:3EE8H         LINE#         12
  C:3EEAH         LINE#         13
  C:3EECH         LINE#         15
  -------         ENDPROC       UART_INIT
  -------         ENDMOD        TIMER3

  -------         MODULE        ADC
  C:0000H         SYMBOL        _ICE_DUMMY_
  D:0088H         PUBLIC        TCON
  D:0098H         PUBLIC        SCON
  D:00A0H         PUBLIC        P2
  D:00A8H         PUBLIC        IE
  D:00B0H         PUBLIC        P3
  D:00B8H         PUBLIC        IP
  D:00C0H         PUBLIC        WDCON
  D:00C8H         PUBLIC        T2CON
  D:00D0H         PUBLIC        PSW
  D:00D1H         PUBLIC        ADCMODE
  D:00D2H         PUBLIC        ADC0CON1
  D:00D4H         PUBLIC        SF
  D:00D8H         PUBLIC        ADCSTAT
  D:00D9H         PUBLIC        ADC0L
  D:00DAH         PUBLIC        ADC0M
  D:00DBH         PUBLIC        ADC0H
  D:00E6H         PUBLIC        ADC0CON2
  D:00E8H         PUBLIC        I2CCON
  D:00E8H         PUBLIC        DCON
BL51 BANKED LINKER/LOCATER V6.22                                                      05/22/2015  09:23:35  PAGE 10


  D:00F8H         PUBLIC        SPICON
  B:00A8H.6       PUBLIC        EADC
  B:00D8H.7       PUBLIC        RDY0
  X:0273H         PUBLIC        adc_channels
  C:3E03H         PUBLIC        ADC_Initialize
  C:2929H         PUBLIC        ADC_ISR
  C:3F19H         PUBLIC        _ADC_Set_Mode
  C:3E9FH         PUBLIC        _ADC_Out_Freq
  C:3897H         PUBLIC        ADC_Restore_Settings
  -------         PROC          ADC_INITIALIZE
  C:3E03H         LINE#         5
  C:3E03H         LINE#         6
  C:3E03H         LINE#         7
  C:3E06H         LINE#         8
  C:3E09H         LINE#         9
  C:3E0CH         LINE#         15
  C:3E0FH         LINE#         16
  C:3E12H         LINE#         17
  C:3E15H         LINE#         19
  C:3E18H         LINE#         20
  C:3E1BH         LINE#         30
  C:3E1EH         LINE#         31
  C:3E23H         LINE#         33
  C:3E2AH         LINE#         36
  C:3E2CH         LINE#         38
  C:3E2FH         LINE#         41
  -------         ENDPROC       ADC_INITIALIZE
  -------         PROC          ADC_ISR
  -------         DO            
  X:0271H         SYMBOL        current_channel
  X:0272H         SYMBOL        current_buf_item
  -------         ENDDO         
  C:2929H         LINE#         43
  C:2939H         LINE#         48
  C:2941H         LINE#         49
  C:2955H         LINE#         51
  C:2978H         LINE#         52
  C:2994H         LINE#         53
  C:29B8H         LINE#         54
  C:29D4H         LINE#         56
  C:29ECH         LINE#         57
  C:2A01H         LINE#         60
  C:2A0DH         LINE#         61
  C:2A2BH         LINE#         62
  C:2A3FH         LINE#         65
  C:2A41H         LINE#         66
  -------         ENDPROC       ADC_ISR
  -------         PROC          _ADC_SET_MODE
  D:0007H         SYMBOL        mode
  C:3F19H         LINE#         68
  C:3F19H         LINE#         69
  C:3F19H         LINE#         70
  C:3F1CH         LINE#         71
  C:3F1FH         LINE#         73
  -------         ENDPROC       _ADC_SET_MODE
  -------         PROC          _ADC_OUT_FREQ
  D:0006H         SYMBOL        freq
BL51 BANKED LINKER/LOCATER V6.22                                                      05/22/2015  09:23:35  PAGE 11


  C:3E9FH         LINE#         75
  C:3E9FH         LINE#         76
  C:3E9FH         LINE#         77
  C:3EB3H         LINE#         79
  -------         ENDPROC       _ADC_OUT_FREQ
  -------         PROC          ADC_RESTORE_SETTINGS
  -------         DO            
  X:03FAH         SYMBOL        i
  X:03FBH         SYMBOL        j
  -------         ENDDO         
  C:3897H         LINE#         81
  C:3897H         LINE#         82
  C:3897H         LINE#         83
  C:389EH         LINE#         84
  C:38AFH         LINE#         85
  C:38AFH         LINE#         86
  C:38BFH         LINE#         87
  C:38CFH         LINE#         88
  C:38E0H         LINE#         89
  C:38F0H         LINE#         91
  C:38FEH         LINE#         92
  C:38FEH         LINE#         93
  C:391DH         LINE#         94
  C:3925H         LINE#         95
  C:392EH         LINE#         97
  -------         ENDPROC       ADC_RESTORE_SETTINGS
  -------         ENDMOD        ADC

  -------         MODULE        EEPROM
  C:0000H         SYMBOL        _ICE_DUMMY_
  D:0088H         PUBLIC        TCON
  D:0098H         PUBLIC        SCON
  D:00A0H         PUBLIC        P2
  D:00A8H         PUBLIC        IE
  D:00B0H         PUBLIC        P3
  D:00B8H         PUBLIC        IP
  D:00B9H         PUBLIC        ECON
  D:00BCH         PUBLIC        EDATA1
  D:00BDH         PUBLIC        EDATA2
  D:00BEH         PUBLIC        EDATA3
  D:00BFH         PUBLIC        EDATA4
  D:00C0H         PUBLIC        WDCON
  D:00C8H         PUBLIC        T2CON
  D:00D0H         PUBLIC        PSW
  D:00D8H         PUBLIC        ADCSTAT
  D:00E8H         PUBLIC        I2CCON
  D:00E8H         PUBLIC        DCON
  D:00F8H         PUBLIC        SPICON
  B:00A8H.7       PUBLIC        EA
  D:00C6H         PUBLIC        EADR
  C:3231H         PUBLIC        _EEPROM_Read
  C:314EH         PUBLIC        _EEPROM_Write
  -------         PROC          _EEPROM_WRITE
  D:0001H         SYMBOL        buffer
  X:0411H         SYMBOL        len
  X:0413H         SYMBOL        addr
  -------         DO            
BL51 BANKED LINKER/LOCATER V6.22                                                      05/22/2015  09:23:35  PAGE 12


  X:0415H         SYMBOL        i
  D:0001H         SYMBOL        buf
  X:0417H         SYMBOL        ea_temp
  -------         ENDDO         
  C:314EH         LINE#         4
  C:3156H         LINE#         5
  C:3156H         LINE#         7
  C:315DH         LINE#         10
  C:315FH         LINE#         12
  C:3176H         LINE#         13
  C:317AH         LINE#         15
  C:317AH         LINE#         17
  C:3199H         LINE#         18
  C:3199H         LINE#         19
  C:31A1H         LINE#         20
  C:31A3H         LINE#         22
  C:31BDH         LINE#         23
  C:31C7H         LINE#         24
  C:31E3H         LINE#         25
  C:31EFH         LINE#         27
  C:31FBH         LINE#         29
  C:31FEH         LINE#         30
  C:3201H         LINE#         32
  C:3209H         LINE#         34
  C:3217H         LINE#         35
  C:3228H         LINE#         37
  C:3230H         LINE#         38
  -------         ENDPROC       _EEPROM_WRITE
  -------         PROC          _EEPROM_READ
  D:0001H         SYMBOL        buffer
  X:0407H         SYMBOL        len
  X:0409H         SYMBOL        addr
  -------         DO            
  X:040BH         SYMBOL        i
  D:0001H         SYMBOL        buf
  X:040DH         SYMBOL        ea_temp
  -------         ENDDO         
  C:3231H         LINE#         40
  C:3239H         LINE#         41
  C:3239H         LINE#         44
  C:3240H         LINE#         47
  C:3242H         LINE#         49
  C:3259H         LINE#         50
  C:325DH         LINE#         52
  C:325DH         LINE#         54
  C:327CH         LINE#         55
  C:327CH         LINE#         56
  C:3284H         LINE#         57
  C:3286H         LINE#         59
  C:3292H         LINE#         60
  C:3295H         LINE#         62
  C:32B1H         LINE#         63
  C:32BBH         LINE#         64
  C:32D4H         LINE#         65
  C:32E0H         LINE#         67
  C:32E8H         LINE#         69
  C:32F6H         LINE#         70
BL51 BANKED LINKER/LOCATER V6.22                                                      05/22/2015  09:23:35  PAGE 13


  C:3307H         LINE#         72
  C:330FH         LINE#         73
  -------         ENDPROC       _EEPROM_READ
  -------         ENDMOD        EEPROM

  -------         MODULE        WATCHDOG
  C:0000H         SYMBOL        _ICE_DUMMY_
  D:0088H         PUBLIC        TCON
  D:0098H         PUBLIC        SCON
  D:00A0H         PUBLIC        P2
  D:00A8H         PUBLIC        IE
  D:00B0H         PUBLIC        P3
  D:00B8H         PUBLIC        IP
  D:00C0H         PUBLIC        WDCON
  D:00C8H         PUBLIC        T2CON
  D:00D0H         PUBLIC        PSW
  D:00D8H         PUBLIC        ADCSTAT
  D:00E8H         PUBLIC        I2CCON
  D:00E8H         PUBLIC        DCON
  D:00F8H         PUBLIC        SPICON
  B:00A8H.7       PUBLIC        EA
  B:00C0H.0       PUBLIC        WDWR
  X:0418H         PUBLIC        wdt_count
  C:3D95H         PUBLIC        _WDT_Init
  C:3F0FH         PUBLIC        WDT_Clear
  C:2B62H         PUBLIC        _WDT_Process
  D:000AH         PUBLIC        wdt_intval
  X:042AH         PUBLIC        pt_wdt
  -------         PROC          _WDT_INIT
  D:0007H         SYMBOL        interval
  -------         DO            
  D:0006H         SYMBOL        i
  -------         ENDDO         
  C:3D95H         LINE#         8
  C:3D95H         LINE#         9
  C:3D95H         LINE#         10
  C:3D97H         LINE#         12
  C:3D99H         LINE#         13
  C:3D9BH         LINE#         14
  C:3D9EH         LINE#         30
  C:3D9EH         LINE#         31
  C:3D9EH         LINE#         32
  C:3DB0H         LINE#         33
  C:3DC1H         LINE#         34
  C:3DC6H         LINE#         36
  C:3DCDH         LINE#         38
  -------         ENDPROC       _WDT_INIT
  -------         PROC          WDT_CLEAR
  C:3F0FH         LINE#         40
  C:3F0FH         LINE#         41
  C:3F0FH         LINE#         42
  C:3F11H         LINE#         44
  C:3F13H         LINE#         45
  C:3F16H         LINE#         47
  C:3F18H         LINE#         49
  -------         ENDPROC       WDT_CLEAR
  -------         PROC          _WDT_PROCESS
BL51 BANKED LINKER/LOCATER V6.22                                                      05/22/2015  09:23:35  PAGE 14


  X:03FAH         SYMBOL        pt
  -------         DO            
  X:03FDH         SYMBOL        i
  X:03FEH         SYMBOL        process_error
  -------         DO            
  X:03FFH         SYMBOL        PT_YIELD_FLAG
  -------         ENDDO         
  -------         ENDDO         
  C:2B62H         LINE#         51
  C:2B6DH         LINE#         52
  C:2B6DH         LINE#         54
  C:2B72H         LINE#         55
  C:2B76H         LINE#         57
  C:2B9FH         LINE#         59
  C:2B9FH         LINE#         60
  C:2B9FH         LINE#         61
  C:2BDDH         LINE#         62
  C:2BE2H         LINE#         64
  C:2BF0H         LINE#         66
  C:2BF5H         LINE#         67
  C:2BF5H         LINE#         68
  C:2C21H         LINE#         69
  C:2C21H         LINE#         70
  C:2C26H         LINE#         71
  C:2C28H         LINE#         72
  C:2C28H         LINE#         74
  C:2C28H         LINE#         75
  C:2C3DH         LINE#         76
  C:2C3DH         LINE#         77
  C:2C47H         LINE#         79
  C:2C50H         LINE#         80
  C:2C50H         LINE#         81
  C:2C53H         LINE#         82
  C:2C53H         LINE#         83
  C:2C56H         LINE#         84
  C:2C6EH         LINE#         85
  -------         ENDPROC       _WDT_PROCESS
  -------         ENDMOD        WATCHDOG

  -------         MODULE        PROTO_USO
  C:0000H         SYMBOL        _ICE_DUMMY_
  D:0088H         PUBLIC        TCON
  D:0098H         PUBLIC        SCON
  D:0099H         PUBLIC        SBUF
  D:00A0H         PUBLIC        P2
  D:00A8H         PUBLIC        IE
  D:00B0H         PUBLIC        P3
  D:00B8H         PUBLIC        IP
  D:00C0H         PUBLIC        WDCON
  D:00C8H         PUBLIC        T2CON
  D:00D0H         PUBLIC        PSW
  D:00D8H         PUBLIC        ADCSTAT
  D:00E8H         PUBLIC        I2CCON
  D:00E8H         PUBLIC        DCON
  D:00F8H         PUBLIC        SPICON
  B:00D0H.7       PUBLIC        CY
  B:00A8H.7       PUBLIC        EA
BL51 BANKED LINKER/LOCATER V6.22                                                      05/22/2015  09:23:35  PAGE 15


  B:00A8H.4       PUBLIC        ES
  B:0098H.4       PUBLIC        REN
  B:0098H.1       PUBLIC        TI
  B:0098H.0       PUBLIC        RI
  C:1D7AH         PUBLIC        UART_ISR
  C:3E59H         PUBLIC        Protocol_Init
  C:2281H         PUBLIC        Send_Info
  C:001EH         PUBLIC        Node_Full_Init
  C:3F20H         PUBLIC        Channel_List_Init
  C:3F23H         PUBLIC        Channel_Get_Data
  C:254AH         PUBLIC        Channel_Set_Parameters
  C:3F26H         PUBLIC        Channel_Set_Order_Query
  C:3F29H         PUBLIC        Channel_Get_Data_Order
  C:3F2CH         PUBLIC        Channel_Set_State
  C:3F2FH         PUBLIC        Channel_Get_Data_Order_M2
  C:3EC8H         PUBLIC        Channel_Set_Reset_State_Flags
  C:073CH         PUBLIC        Channel_All_Get_Data
  C:3A55H         PUBLIC        Channel_Set_Address_Desc
  C:3069H         PUBLIC        Channel_Set_Calibrate
  C:0026H         PUBLIC        Channel_Set_All_Default
  C:2D76H         PUBLIC        Channel_Get_Calibrate_Value
  C:3BAEH         PUBLIC        _Request_Error
  C:3ACDH         PUBLIC        _Old_CRC_Check
  C:1577H         PUBLIC        Old_Channel_Get_Data
  C:0B1DH         PUBLIC        Old_Channel_Get_Data_State
  C:2111H         PUBLIC        Old_Channel_Get_State
  C:3F32H         PUBLIC        Old_Reinit_Block
  C:23E6H         PUBLIC        Old_Channel_Set_ADC_Range
  C:2C6FH         PUBLIC        _Old_Proto_Paste_Null
  C:27F3H         PUBLIC        ProtoBufHandling
  C:1B2BH         PUBLIC        _ProtoProcess
  C:1F88H         PUBLIC        _Store_Dev_Address_Desc
  C:2F78H         PUBLIC        Restore_Dev_Address_Desc
  B:00B0H.5       PUBLIC        DE_RE
  X:0001H         PUBLIC        DEV_NAME
  X:0015H         PUBLIC        NOTICE
  X:003DH         PUBLIC        VERSION
  X:0045H         PUBLIC        ADRESS_DEV
  X:0046H         PUBLIC        dev_desc_len
  I:0012H         PUBLIC        RECIEVED
  X:0047H         PUBLIC        recieve_count
  X:0048H         PUBLIC        transf_count
  X:0049H         PUBLIC        buf_len
  I:0013H         PUBLIC        CUT_OUT_NULL
  X:004AH         PUBLIC        frame_len
  X:004BH         PUBLIC        RecieveBuf
  X:0159H         PUBLIC        TransferBuf
  X:0267H         PUBLIC        STATE_BYTE
  I:0014H         PUBLIC        symbol
  X:0268H         PUBLIC        protocol_type
  X:0269H         PUBLIC        pt_proto
  X:026DH         PUBLIC        sym_8_to_float
  -------         PROC          UART_ISR
  C:1D7AH         LINE#         53
  C:1D8BH         LINE#         55
  C:1D8DH         LINE#         57
  C:1D93H         LINE#         58
BL51 BANKED LINKER/LOCATER V6.22                                                      05/22/2015  09:23:35  PAGE 16


  C:1D93H         LINE#         59
  C:1D95H         LINE#         61
  C:1DA2H         LINE#         62
  C:1DA2H         LINE#         63
  C:1DACH         LINE#         65
  C:1DACH         LINE#         68
  C:1DB0H         LINE#         69
  C:1DB5H         LINE#         70
  C:1DC9H         LINE#         71
  C:1DC9H         LINE#         72
  C:1DC9H         LINE#         73
  C:1DC9H         LINE#         74
  C:1DDCH         LINE#         75
  C:1DE2H         LINE#         76
  C:1DE5H         LINE#         77
  C:1DE5H         LINE#         78
  C:1DE8H         LINE#         80
  C:1DE8H         LINE#         81
  C:1DE8H         LINE#         82
  C:1DEEH         LINE#         83
  C:1DEEH         LINE#         84
  C:1DF3H         LINE#         85
  C:1DF7H         LINE#         86
  C:1DFBH         LINE#         87
  C:1E01H         LINE#         88
  C:1E06H         LINE#         89
  C:1E08H         LINE#         91
  C:1E08H         LINE#         92
  C:1E1BH         LINE#         93
  C:1E21H         LINE#         94
  C:1E21H         LINE#         95
  C:1E25H         LINE#         96
  C:1E25H         LINE#         97
  C:1E28H         LINE#         99
  C:1E28H         LINE#         100
  C:1E28H         LINE#         101
  C:1E2EH         LINE#         102
  C:1E2EH         LINE#         103
  C:1E33H         LINE#         104
  C:1E37H         LINE#         105
  C:1E3BH         LINE#         106
  C:1E41H         LINE#         107
  C:1E47H         LINE#         108
  C:1E49H         LINE#         110
  C:1E49H         LINE#         111
  C:1E5CH         LINE#         112
  C:1E62H         LINE#         113
  C:1E62H         LINE#         114
  C:1E66H         LINE#         115
  C:1E66H         LINE#         116
  C:1E68H         LINE#         118
  C:1E68H         LINE#         119
  C:1E68H         LINE#         120
  C:1E6EH         LINE#         121
  C:1E6EH         LINE#         122
  C:1E70H         LINE#         123
  C:1E72H         LINE#         125
BL51 BANKED LINKER/LOCATER V6.22                                                      05/22/2015  09:23:35  PAGE 17


  C:1E72H         LINE#         126
  C:1E85H         LINE#         127
  C:1E8BH         LINE#         128
  C:1E8BH         LINE#         129
  C:1E8BH         LINE#         130
  C:1E8DH         LINE#         132
  C:1E8DH         LINE#         133
  C:1E8DH         LINE#         134
  C:1EA0H         LINE#         135
  C:1EA6H         LINE#         136
  C:1EA9H         LINE#         138
  C:1EA9H         LINE#         139
  C:1EA9H         LINE#         141
  C:1EB2H         LINE#         142
  C:1EB2H         LINE#         143
  C:1EC6H         LINE#         144
  C:1EC6H         LINE#         145
  C:1ECAH         LINE#         146
  C:1ECCH         LINE#         147
  C:1ECEH         LINE#         148
  C:1ED0H         LINE#         149
  C:1ED0H         LINE#         150
  C:1ED2H         LINE#         152
  C:1ED2H         LINE#         153
  C:1ED9H         LINE#         154
  C:1ED9H         LINE#         156
  C:1EE8H         LINE#         157
  C:1EEFH         LINE#         158
  C:1EEFH         LINE#         159
  C:1EF6H         LINE#         160
  C:1EF6H         LINE#         161
  C:1EF6H         LINE#         162
  C:1EF6H         LINE#         163
  C:1EF6H         LINE#         165
  C:1EF9H         LINE#         166
  C:1EF9H         LINE#         167
  C:1EFBH         LINE#         169
  C:1F08H         LINE#         170
  C:1F08H         LINE#         171
  C:1F15H         LINE#         172
  C:1F15H         LINE#         173
  C:1F25H         LINE#         174
  C:1F2BH         LINE#         175
  C:1F2DH         LINE#         177
  C:1F2DH         LINE#         178
  C:1F32H         LINE#         179
  C:1F32H         LINE#         180
  C:1F43H         LINE#         181
  C:1F43H         LINE#         182
  C:1F45H         LINE#         183
  C:1F45H         LINE#         184
  C:1F55H         LINE#         185
  C:1F5BH         LINE#         186
  C:1F5DH         LINE#         188
  C:1F5DH         LINE#         189
  C:1F60H         LINE#         190
  C:1F64H         LINE#         191
BL51 BANKED LINKER/LOCATER V6.22                                                      05/22/2015  09:23:35  PAGE 18


  C:1F64H         LINE#         192
  C:1F64H         LINE#         193
  C:1F66H         LINE#         195
  C:1F66H         LINE#         196
  C:1F6BH         LINE#         197
  C:1F6EH         LINE#         198
  C:1F74H         LINE#         199
  C:1F74H         LINE#         200
  C:1F74H         LINE#         201
  C:1F76H         LINE#         203
  -------         ENDPROC       UART_ISR
  -------         PROC          PROTOCOL_INIT
  C:3E59H         LINE#         206
  C:3E59H         LINE#         207
  C:3E59H         LINE#         208
  C:3E5BH         LINE#         209
  C:3E5DH         LINE#         213
  C:3E60H         LINE#         216
  C:3E65H         LINE#         217
  C:3E67H         LINE#         218
  C:3E69H         LINE#         219
  C:3E6BH         LINE#         220
  C:3E6EH         LINE#         221
  C:3E74H         LINE#         222
  C:3E7BH         LINE#         224
  -------         ENDPROC       PROTOCOL_INIT
  -------         PROC          SEND_INFO
  -------         DO            
  D:0007H         SYMBOL        i
  -------         ENDDO         
  C:2281H         LINE#         226
  C:2281H         LINE#         227
  C:2281H         LINE#         228
  C:2283H         LINE#         231
  C:2287H         LINE#         232
  C:228BH         LINE#         233
  C:228FH         LINE#         235
  C:2297H         LINE#         236
  C:229BH         LINE#         237
  C:22A3H         LINE#         239
  C:22A4H         LINE#         240
  C:22A4H         LINE#         241
  C:22AAH         LINE#         242
  C:22AAH         LINE#         243
  C:22C2H         LINE#         244
  C:22C4H         LINE#         246
  C:22C4H         LINE#         247
  C:22D0H         LINE#         248
  C:22D0H         LINE#         249
  C:22D5H         LINE#         251
  C:22D7H         LINE#         252
  C:22D7H         LINE#         253
  C:22DDH         LINE#         254
  C:22DDH         LINE#         255
  C:22F5H         LINE#         256
  C:22F5H         LINE#         257
  C:22FAH         LINE#         259
BL51 BANKED LINKER/LOCATER V6.22                                                      05/22/2015  09:23:35  PAGE 19


  C:2302H         LINE#         261
  C:230EH         LINE#         262
  C:230EH         LINE#         263
  C:2344H         LINE#         264
  C:2355H         LINE#         265
  C:2358H         LINE#         266
  C:2364H         LINE#         267
  C:2364H         LINE#         268
  C:238EH         LINE#         269
  C:2391H         LINE#         271
  C:23A4H         LINE#         272
  C:23D9H         LINE#         274
  C:23E5H         LINE#         275
  -------         ENDPROC       SEND_INFO
  -------         PROC          NODE_FULL_INIT
  C:001EH         LINE#         277
  C:001EH         LINE#         278
  C:001EH         LINE#         279
  C:0020H         LINE#         280
  -------         ENDPROC       NODE_FULL_INIT
  -------         PROC          CHANNEL_LIST_INIT
  C:3F20H         LINE#         282
  C:3F20H         LINE#         283
  C:3F20H         LINE#         284
  C:3F22H         LINE#         285
  -------         ENDPROC       CHANNEL_LIST_INIT
  -------         PROC          CHANNEL_GET_DATA
  C:3F23H         LINE#         287
  C:3F23H         LINE#         288
  C:3F23H         LINE#         289
  C:3F25H         LINE#         290
  -------         ENDPROC       CHANNEL_GET_DATA
  -------         PROC          CHANNEL_SET_PARAMETERS
  -------         DO            
  D:0007H         SYMBOL        index
  X:03FAH         SYMBOL        store_data
  -------         ENDDO         
  C:254AH         LINE#         292
  C:254AH         LINE#         293
  C:254AH         LINE#         294
  C:2550H         LINE#         296
  C:255EH         LINE#         297
  C:255EH         LINE#         298
  C:2577H         LINE#         299
  C:2577H         LINE#         300
  C:258BH         LINE#         301
  C:258BH         LINE#         302
  C:258BH         LINE#         303
  C:258BH         LINE#         304
  C:2609H         LINE#         305
  C:2609H         LINE#         306
  C:262FH         LINE#         307
  C:2655H         LINE#         308
  C:267DH         LINE#         309
  C:2683H         LINE#         311
  C:2683H         LINE#         312
  C:2684H         LINE#         313
BL51 BANKED LINKER/LOCATER V6.22                                                      05/22/2015  09:23:35  PAGE 20


  C:2684H         LINE#         314
  C:2686H         LINE#         317
  C:2686H         LINE#         318
  C:2686H         LINE#         319
  C:2687H         LINE#         320
  C:2687H         LINE#         321
  C:2687H         LINE#         322
  C:268AH         LINE#         323
  C:268DH         LINE#         325
  C:268DH         LINE#         326
  C:2693H         LINE#         327
  C:2693H         LINE#         328
  C:2693H         LINE#         329
  C:2699H         LINE#         330
  C:2699H         LINE#         331
  C:269CH         LINE#         332
  C:269CH         LINE#         334
  C:26A1H         LINE#         335
  -------         ENDPROC       CHANNEL_SET_PARAMETERS
  -------         PROC          CHANNEL_SET_ORDER_QUERY
  C:3F26H         LINE#         337
  C:3F26H         LINE#         338
  C:3F26H         LINE#         339
  C:3F28H         LINE#         340
  -------         ENDPROC       CHANNEL_SET_ORDER_QUERY
  -------         PROC          CHANNEL_GET_DATA_ORDER
  C:3F29H         LINE#         342
  C:3F29H         LINE#         343
  C:3F29H         LINE#         344
  C:3F2BH         LINE#         345
  -------         ENDPROC       CHANNEL_GET_DATA_ORDER
  -------         PROC          CHANNEL_SET_STATE
  C:3F2CH         LINE#         347
  C:3F2CH         LINE#         348
  C:3F2CH         LINE#         349
  C:3F2EH         LINE#         350
  -------         ENDPROC       CHANNEL_SET_STATE
  -------         PROC          CHANNEL_GET_DATA_ORDER_M2
  C:3F2FH         LINE#         352
  C:3F2FH         LINE#         353
  C:3F2FH         LINE#         354
  C:3F31H         LINE#         355
  -------         ENDPROC       CHANNEL_GET_DATA_ORDER_M2
  -------         PROC          CHANNEL_SET_RESET_STATE_FLAGS
  C:3EC8H         LINE#         357
  C:3EC8H         LINE#         358
  C:3EC8H         LINE#         359
  C:3ECEH         LINE#         360
  C:3ED2H         LINE#         361
  C:3ED5H         LINE#         362
  C:3EDAH         LINE#         363
  -------         ENDPROC       CHANNEL_SET_RESET_STATE_FLAGS
  -------         PROC          CHANNEL_ALL_GET_DATA
  -------         DO            
  D:0008H         SYMBOL        index
  D:0009H         SYMBOL        i
  -------         ENDDO         
BL51 BANKED LINKER/LOCATER V6.22                                                      05/22/2015  09:23:35  PAGE 21


  C:073CH         LINE#         366
  C:073CH         LINE#         367
  C:073CH         LINE#         368
  C:0741H         LINE#         371
  C:074DH         LINE#         372
  C:0755H         LINE#         373
  C:0759H         LINE#         374
  C:0761H         LINE#         376
  C:0764H         LINE#         378
  C:0775H         LINE#         379
  C:0775H         LINE#         380
  C:0786H         LINE#         381
  C:07BAH         LINE#         382
  C:07DDH         LINE#         383
  C:07DDH         LINE#         384
  C:07DDH         LINE#         385
  C:07DDH         LINE#         386
  C:07FBH         LINE#         387
  C:07FBH         LINE#         388
  C:07FBH         LINE#         389
  C:07FBH         LINE#         390
  C:080FH         LINE#         391
  C:080FH         LINE#         392
  C:0830H         LINE#         393
  C:083DH         LINE#         394
  C:083FH         LINE#         396
  C:083FH         LINE#         397
  C:0860H         LINE#         398
  C:0881H         LINE#         399
  C:0881H         LINE#         402
  C:0881H         LINE#         403
  C:0881H         LINE#         404
  C:0881H         LINE#         405
  C:0884H         LINE#         407
  C:0884H         LINE#         408
  C:0884H         LINE#         409
  C:0898H         LINE#         410
  C:0898H         LINE#         411
  C:08B9H         LINE#         412
  C:08DAH         LINE#         413
  C:08E7H         LINE#         414
  C:08E9H         LINE#         416
  C:08E9H         LINE#         417
  C:090AH         LINE#         418
  C:092BH         LINE#         419
  C:094CH         LINE#         420
  C:094CH         LINE#         422
  C:096DH         LINE#         423
  C:097AH         LINE#         424
  C:097AH         LINE#         425
  C:097DH         LINE#         426
  C:097DH         LINE#         427
  C:097DH         LINE#         428
  C:097DH         LINE#         430
  C:097DH         LINE#         431
  C:097DH         LINE#         432
  C:0992H         LINE#         433
BL51 BANKED LINKER/LOCATER V6.22                                                      05/22/2015  09:23:35  PAGE 22


  C:0992H         LINE#         434
  C:0992H         LINE#         435
  C:0992H         LINE#         436
  C:09B3H         LINE#         437
  C:09D4H         LINE#         438
  C:09F5H         LINE#         439
  C:0A16H         LINE#         440
  C:0A23H         LINE#         441
  C:0A23H         LINE#         442
  C:0A26H         LINE#         443
  C:0A26H         LINE#         444
  C:0A26H         LINE#         445
  C:0A26H         LINE#         447
  C:0A26H         LINE#         448
  C:0A26H         LINE#         449
  C:0A3FH         LINE#         450
  C:0A3FH         LINE#         452
  C:0A3FH         LINE#         453
  C:0A3FH         LINE#         454
  C:0A60H         LINE#         455
  C:0A81H         LINE#         456
  C:0A8EH         LINE#         457
  C:0A8EH         LINE#         458
  C:0A90H         LINE#         460
  C:0A90H         LINE#         461
  C:0A90H         LINE#         462
  C:0AB1H         LINE#         463
  C:0AD2H         LINE#         464
  C:0AF3H         LINE#         465
  C:0AF3H         LINE#         466
  C:0AF3H         LINE#         467
  C:0AF3H         LINE#         468
  C:0AF3H         LINE#         469
  C:0AF3H         LINE#         470
  C:0AF3H         LINE#         471
  C:0AF8H         LINE#         473
  C:0B00H         LINE#         474
  C:0B18H         LINE#         475
  C:0B1CH         LINE#         476
  -------         ENDPROC       CHANNEL_ALL_GET_DATA
  -------         PROC          CHANNEL_SET_CALIBRATE
  -------         DO            
  X:044BH         SYMBOL        K
  X:044FH         SYMBOL        C
  -------         ENDDO         
  C:3069H         LINE#         479
  C:3069H         LINE#         480
  C:3069H         LINE#         484
  C:3073H         LINE#         485
  C:307DH         LINE#         486
  C:3087H         LINE#         487
  C:3091H         LINE#         489
  C:30A5H         LINE#         491
  C:30AFH         LINE#         492
  C:30B9H         LINE#         493
  C:30C3H         LINE#         494
  C:30CDH         LINE#         496
BL51 BANKED LINKER/LOCATER V6.22                                                      05/22/2015  09:23:35  PAGE 23


  C:30E1H         LINE#         498
  C:30F7H         LINE#         499
  C:30F7H         LINE#         500
  C:30F7H         LINE#         501
  C:30F7H         LINE#         502
  C:312DH         LINE#         503
  C:312DH         LINE#         504
  C:312FH         LINE#         506
  C:312FH         LINE#         507
  C:312FH         LINE#         508
  C:3139H         LINE#         509
  C:3139H         LINE#         510
  C:313BH         LINE#         512
  C:313BH         LINE#         513
  C:313BH         LINE#         514
  C:3145H         LINE#         515
  C:3145H         LINE#         516
  C:3147H         LINE#         518
  C:3147H         LINE#         519
  C:3147H         LINE#         520
  C:3148H         LINE#         521
  C:3148H         LINE#         522
  C:3148H         LINE#         523
  C:3148H         LINE#         526
  C:314DH         LINE#         527
  -------         ENDPROC       CHANNEL_SET_CALIBRATE
  -------         PROC          CHANNEL_GET_CALIBRATE_VALUE
  -------         DO            
  D:000BH         SYMBOL        channel
  -------         ENDDO         
  C:2D76H         LINE#         529
  C:2D76H         LINE#         530
  C:2D76H         LINE#         531
  C:2D79H         LINE#         534
  C:2D8AH         LINE#         535
  C:2D94H         LINE#         536
  C:2D9AH         LINE#         537
  C:2DA0H         LINE#         540
  C:2DA7H         LINE#         542
  C:2DB2H         LINE#         543
  C:2DB2H         LINE#         544
  C:2DB8H         LINE#         545
  C:2DB8H         LINE#         547
  C:2DBEH         LINE#         549
  C:2DD5H         LINE#         551
  C:2DF6H         LINE#         553
  C:2E00H         LINE#         554
  C:2E0AH         LINE#         555
  C:2E14H         LINE#         556
  C:2E1EH         LINE#         558
  C:2E3FH         LINE#         560
  C:2E49H         LINE#         561
  C:2E53H         LINE#         562
  C:2E5DH         LINE#         563
  C:2E67H         LINE#         565
  C:2E75H         LINE#         566
  C:2E77H         LINE#         567
BL51 BANKED LINKER/LOCATER V6.22                                                      05/22/2015  09:23:35  PAGE 24


  -------         ENDPROC       CHANNEL_GET_CALIBRATE_VALUE
  -------         PROC          CHANNEL_SET_ADDRESS_DESC
  -------         DO            
  X:046AH         SYMBOL        desc_len
  -------         ENDDO         
  C:3A55H         LINE#         569
  C:3A55H         LINE#         570
  C:3A55H         LINE#         571
  C:3A5AH         LINE#         572
  C:3A68H         LINE#         574
  C:3A70H         LINE#         575
  C:3A70H         LINE#         576
  C:3ABCH         LINE#         577
  C:3AC2H         LINE#         578
  C:3AC4H         LINE#         580
  C:3AC4H         LINE#         581
  C:3ACAH         LINE#         582
  C:3ACAH         LINE#         583
  C:3ACCH         LINE#         584
  -------         ENDPROC       CHANNEL_SET_ADDRESS_DESC
  -------         PROC          CHANNEL_SET_ALL_DEFAULT
  C:0026H         LINE#         586
  C:0026H         LINE#         587
  C:0026H         LINE#         588
  C:0029H         LINE#         589
  C:002CH         LINE#         590
  C:0031H         LINE#         591
  -------         ENDPROC       CHANNEL_SET_ALL_DEFAULT
  -------         PROC          _REQUEST_ERROR
  X:046BH         SYMBOL        error_code
  C:3BAEH         LINE#         593
  C:3BB3H         LINE#         594
  C:3BB3H         LINE#         595
  C:3BC4H         LINE#         596
  C:3BCEH         LINE#         597
  C:3BD8H         LINE#         598
  C:3BDEH         LINE#         600
  C:3BE8H         LINE#         601
  C:3BF2H         LINE#         602
  C:3BF8H         LINE#         603
  C:3C06H         LINE#         604
  C:3C08H         LINE#         605
  -------         ENDPROC       _REQUEST_ERROR
  -------         PROC          _OLD_CRC_CHECK
  X:0459H         SYMBOL        Spool_pr
  X:045BH         SYMBOL        Count_pr
  -------         DO            
  X:045CH         SYMBOL        crc
  X:045DH         SYMBOL        i
  -------         ENDDO         
  C:3ACDH         LINE#         608
  C:3ADAH         LINE#         609
  C:3ADAH         LINE#         610
  C:3ADFH         LINE#         611
  C:3AE4H         LINE#         613
  C:3AF8H         LINE#         614
  C:3AF8H         LINE#         615
BL51 BANKED LINKER/LOCATER V6.22                                                      05/22/2015  09:23:35  PAGE 25


  C:3AFAH         LINE#         616
  C:3B1DH         LINE#         617
  C:3B20H         LINE#         618
  C:3B20H         LINE#         619
  C:3B26H         LINE#         620
  C:3B26H         LINE#         621
  C:3B2EH         LINE#         622
  C:3B3DH         LINE#         624
  C:3B42H         LINE#         625
  -------         ENDPROC       _OLD_CRC_CHECK
  -------         PROC          OLD_CHANNEL_GET_DATA
  -------         DO            
  X:0462H         SYMBOL        channel
  X:0463H         SYMBOL        len
  -------         ENDDO         
  C:1577H         LINE#         627
  C:1577H         LINE#         628
  C:1577H         LINE#         629
  C:157CH         LINE#         630
  C:1581H         LINE#         631
  C:1596H         LINE#         632
  C:15A4H         LINE#         633
  C:15A4H         LINE#         634
  C:15B5H         LINE#         635
  C:15BAH         LINE#         636
  C:15C4H         LINE#         637
  C:15CAH         LINE#         639
  C:15F0H         LINE#         640
  C:15F0H         LINE#         641
  C:15F0H         LINE#         642
  C:15F0H         LINE#         643
  C:1613H         LINE#         644
  C:1613H         LINE#         645
  C:1613H         LINE#         646
  C:1613H         LINE#         647
  C:162CH         LINE#         648
  C:162CH         LINE#         649
  C:1646H         LINE#         650
  C:1660H         LINE#         651
  C:1663H         LINE#         653
  C:1663H         LINE#         654
  C:167DH         LINE#         655
  C:1697H         LINE#         656
  C:1697H         LINE#         657
  C:1697H         LINE#         658
  C:169AH         LINE#         660
  C:169AH         LINE#         661
  C:169AH         LINE#         662
  C:16B4H         LINE#         663
  C:16B4H         LINE#         664
  C:16DAH         LINE#         665
  C:1700H         LINE#         666
  C:1703H         LINE#         668
  C:1703H         LINE#         669
  C:171DH         LINE#         670
  C:1737H         LINE#         671
  C:1737H         LINE#         673
BL51 BANKED LINKER/LOCATER V6.22                                                      05/22/2015  09:23:35  PAGE 26


  C:1737H         LINE#         674
  C:173AH         LINE#         675
  C:173AH         LINE#         676
  C:173AH         LINE#         677
  C:173DH         LINE#         679
  C:173DH         LINE#         680
  C:173DH         LINE#         681
  C:175DH         LINE#         682
  C:175DH         LINE#         683
  C:175DH         LINE#         684
  C:175DH         LINE#         685
  C:1777H         LINE#         686
  C:1791H         LINE#         689
  C:1791H         LINE#         690
  C:1794H         LINE#         691
  C:1794H         LINE#         692
  C:1794H         LINE#         693
  C:1797H         LINE#         695
  C:1797H         LINE#         696
  C:1797H         LINE#         697
  C:17BAH         LINE#         698
  C:17BAH         LINE#         700
  C:17BAH         LINE#         701
  C:17BAH         LINE#         702
  C:17D4H         LINE#         703
  C:17EEH         LINE#         705
  C:17EEH         LINE#         706
  C:17F0H         LINE#         708
  C:17F0H         LINE#         709
  C:17F0H         LINE#         710
  C:180AH         LINE#         711
  C:1824H         LINE#         712
  C:1824H         LINE#         713
  C:1824H         LINE#         714
  C:1824H         LINE#         715
  C:1824H         LINE#         716
  C:1824H         LINE#         717
  C:1824H         LINE#         719
  C:1834H         LINE#         721
  C:1851H         LINE#         722
  C:185AH         LINE#         723
  C:185AH         LINE#         724
  C:185CH         LINE#         725
  -------         ENDPROC       OLD_CHANNEL_GET_DATA
  -------         PROC          OLD_CHANNEL_GET_DATA_STATE
  -------         DO            
  X:0464H         SYMBOL        channel
  X:0465H         SYMBOL        len
  -------         ENDDO         
  C:0B1DH         LINE#         727
  C:0B1DH         LINE#         728
  C:0B1DH         LINE#         729
  C:0B22H         LINE#         730
  C:0B27H         LINE#         731
  C:0B3CH         LINE#         732
  C:0B4AH         LINE#         733
  C:0B4AH         LINE#         734
BL51 BANKED LINKER/LOCATER V6.22                                                      05/22/2015  09:23:35  PAGE 27


  C:0B5BH         LINE#         735
  C:0B60H         LINE#         736
  C:0B6AH         LINE#         737
  C:0B70H         LINE#         739
  C:0B96H         LINE#         740
  C:0B96H         LINE#         741
  C:0B96H         LINE#         742
  C:0B96H         LINE#         743
  C:0BB9H         LINE#         744
  C:0BB9H         LINE#         745
  C:0BB9H         LINE#         746
  C:0BB9H         LINE#         747
  C:0BD2H         LINE#         748
  C:0BD2H         LINE#         749
  C:0BECH         LINE#         750
  C:0C06H         LINE#         751
  C:0C09H         LINE#         753
  C:0C09H         LINE#         754
  C:0C23H         LINE#         755
  C:0C3DH         LINE#         756
  C:0C3DH         LINE#         757
  C:0C3DH         LINE#         758
  C:0C40H         LINE#         760
  C:0C40H         LINE#         761
  C:0C40H         LINE#         762
  C:0C5AH         LINE#         763
  C:0C5AH         LINE#         764
  C:0C80H         LINE#         765
  C:0CA6H         LINE#         766
  C:0CA8H         LINE#         768
  C:0CA8H         LINE#         769
  C:0CC2H         LINE#         770
  C:0CDCH         LINE#         771
  C:0CDCH         LINE#         773
  C:0CDCH         LINE#         774
  C:0CDCH         LINE#         775
  C:0CDCH         LINE#         777
  C:0D09H         LINE#         778
  C:0D09H         LINE#         779
  C:0D09H         LINE#         780
  C:0D09H         LINE#         781
  C:0D0EH         LINE#         782
  C:0D0EH         LINE#         783
  C:0D10H         LINE#         785
  C:0D10H         LINE#         786
  C:0D10H         LINE#         787
  C:0D16H         LINE#         788
  C:0D16H         LINE#         789
  C:0D18H         LINE#         791
  C:0D18H         LINE#         792
  C:0D18H         LINE#         793
  C:0D1EH         LINE#         794
  C:0D1EH         LINE#         795
  C:0D20H         LINE#         797
  C:0D20H         LINE#         798
  C:0D20H         LINE#         799
  C:0D26H         LINE#         800
BL51 BANKED LINKER/LOCATER V6.22                                                      05/22/2015  09:23:35  PAGE 28


  C:0D26H         LINE#         801
  C:0D28H         LINE#         803
  C:0D28H         LINE#         804
  C:0D28H         LINE#         805
  C:0D2DH         LINE#         806
  C:0D2DH         LINE#         807
  C:0D2DH         LINE#         808
  C:0D2DH         LINE#         810
  C:0D33H         LINE#         812
  C:0D33H         LINE#         813
  C:0D36H         LINE#         815
  C:0D36H         LINE#         816
  C:0D36H         LINE#         817
  C:0D56H         LINE#         818
  C:0D56H         LINE#         819
  C:0D56H         LINE#         820
  C:0D56H         LINE#         821
  C:0D70H         LINE#         822
  C:0D8AH         LINE#         828
  C:0DB7H         LINE#         829
  C:0DB7H         LINE#         830
  C:0DB7H         LINE#         831
  C:0DB7H         LINE#         832
  C:0DBDH         LINE#         833
  C:0DBDH         LINE#         834
  C:0DBFH         LINE#         836
  C:0DBFH         LINE#         837
  C:0DBFH         LINE#         838
  C:0DC5H         LINE#         839
  C:0DC5H         LINE#         840
  C:0DC7H         LINE#         842
  C:0DC7H         LINE#         843
  C:0DC7H         LINE#         844
  C:0DCDH         LINE#         845
  C:0DCDH         LINE#         846
  C:0DCFH         LINE#         848
  C:0DCFH         LINE#         849
  C:0DCFH         LINE#         850
  C:0DD5H         LINE#         851
  C:0DD5H         LINE#         852
  C:0DD7H         LINE#         854
  C:0DD7H         LINE#         855
  C:0DD7H         LINE#         856
  C:0DDDH         LINE#         857
  C:0DDDH         LINE#         858
  C:0DDDH         LINE#         859
  C:0DDDH         LINE#         860
  C:0DE2H         LINE#         861
  C:0DE2H         LINE#         862
  C:0DE5H         LINE#         863
  C:0DE5H         LINE#         864
  C:0DE5H         LINE#         865
  C:0DE8H         LINE#         867
  C:0DE8H         LINE#         868
  C:0DE8H         LINE#         869
  C:0E0BH         LINE#         870
  C:0E0BH         LINE#         872
BL51 BANKED LINKER/LOCATER V6.22                                                      05/22/2015  09:23:35  PAGE 29


  C:0E0BH         LINE#         873
  C:0E0BH         LINE#         874
  C:0E25H         LINE#         875
  C:0E3FH         LINE#         877
  C:0E3FH         LINE#         878
  C:0E41H         LINE#         880
  C:0E41H         LINE#         881
  C:0E41H         LINE#         882
  C:0E5BH         LINE#         883
  C:0E75H         LINE#         884
  C:0E75H         LINE#         885
  C:0E75H         LINE#         886
  C:0E75H         LINE#         888
  C:0E7BH         LINE#         889
  C:0E80H         LINE#         890
  C:0E80H         LINE#         891
  C:0E80H         LINE#         892
  C:0E80H         LINE#         894
  C:0E86H         LINE#         896
  C:0E96H         LINE#         898
  C:0EB3H         LINE#         899
  C:0EBCH         LINE#         900
  C:0EBCH         LINE#         901
  C:0EBEH         LINE#         903
  -------         ENDPROC       OLD_CHANNEL_GET_DATA_STATE
  -------         PROC          OLD_CHANNEL_GET_STATE
  -------         DO            
  X:0466H         SYMBOL        channel
  X:0467H         SYMBOL        len
  -------         ENDDO         
  C:2111H         LINE#         905
  C:2111H         LINE#         906
  C:2111H         LINE#         907
  C:2116H         LINE#         908
  C:211BH         LINE#         909
  C:2130H         LINE#         910
  C:213EH         LINE#         911
  C:213EH         LINE#         913
  C:214FH         LINE#         914
  C:2154H         LINE#         915
  C:215EH         LINE#         916
  C:2164H         LINE#         918
  C:218AH         LINE#         919
  C:218AH         LINE#         920
  C:218AH         LINE#         921
  C:218AH         LINE#         922
  C:21B7H         LINE#         923
  C:21B7H         LINE#         924
  C:21B7H         LINE#         925
  C:21B7H         LINE#         926
  C:21BCH         LINE#         927
  C:21BCH         LINE#         928
  C:21BEH         LINE#         930
  C:21BEH         LINE#         931
  C:21BEH         LINE#         932
  C:21C4H         LINE#         933
  C:21C4H         LINE#         934
BL51 BANKED LINKER/LOCATER V6.22                                                      05/22/2015  09:23:35  PAGE 30


  C:21C6H         LINE#         936
  C:21C6H         LINE#         937
  C:21C6H         LINE#         938
  C:21CCH         LINE#         939
  C:21CCH         LINE#         940
  C:21CEH         LINE#         942
  C:21CEH         LINE#         943
  C:21CEH         LINE#         944
  C:21D4H         LINE#         945
  C:21D4H         LINE#         946
  C:21D6H         LINE#         948
  C:21D6H         LINE#         949
  C:21D6H         LINE#         950
  C:21DBH         LINE#         951
  C:21DBH         LINE#         952
  C:21DBH         LINE#         953
  C:21DBH         LINE#         955
  C:21E1H         LINE#         956
  C:21E1H         LINE#         957
  C:21E3H         LINE#         959
  C:21E3H         LINE#         960
  C:21E3H         LINE#         962
  C:2210H         LINE#         963
  C:2210H         LINE#         964
  C:2210H         LINE#         965
  C:2210H         LINE#         966
  C:2216H         LINE#         967
  C:2216H         LINE#         968
  C:2218H         LINE#         970
  C:2218H         LINE#         971
  C:2218H         LINE#         972
  C:221EH         LINE#         973
  C:221EH         LINE#         974
  C:2220H         LINE#         976
  C:2220H         LINE#         977
  C:2220H         LINE#         978
  C:2226H         LINE#         979
  C:2226H         LINE#         980
  C:2228H         LINE#         982
  C:2228H         LINE#         983
  C:2228H         LINE#         984
  C:222EH         LINE#         985
  C:222EH         LINE#         986
  C:2230H         LINE#         988
  C:2230H         LINE#         989
  C:2230H         LINE#         990
  C:2236H         LINE#         991
  C:2236H         LINE#         992
  C:2236H         LINE#         994
  C:2236H         LINE#         995
  C:223BH         LINE#         996
  C:223BH         LINE#         997
  C:223DH         LINE#         999
  C:223DH         LINE#         1000
  C:223DH         LINE#         1002
  C:2243H         LINE#         1003
  C:2248H         LINE#         1004
BL51 BANKED LINKER/LOCATER V6.22                                                      05/22/2015  09:23:35  PAGE 31


  C:2248H         LINE#         1005
  C:2248H         LINE#         1006
  C:2248H         LINE#         1008
  C:2258H         LINE#         1010
  C:2275H         LINE#         1011
  C:227EH         LINE#         1012
  C:227EH         LINE#         1013
  C:2280H         LINE#         1014
  -------         ENDPROC       OLD_CHANNEL_GET_STATE
  -------         PROC          OLD_REINIT_BLOCK
  C:3F32H         LINE#         1016
  C:3F32H         LINE#         1017
  C:3F32H         LINE#         1018
  C:3F34H         LINE#         1019
  -------         ENDPROC       OLD_REINIT_BLOCK
  -------         PROC          OLD_CHANNEL_SET_ADC_RANGE
  -------         DO            
  X:046CH         SYMBOL        channel
  -------         ENDDO         
  C:23E6H         LINE#         1021
  C:23E6H         LINE#         1022
  C:23E6H         LINE#         1023
  C:23EBH         LINE#         1024
  C:2400H         LINE#         1025
  C:240EH         LINE#         1026
  C:240EH         LINE#         1027
  C:242FH         LINE#         1028
  C:242FH         LINE#         1029
  C:242FH         LINE#         1030
  C:242FH         LINE#         1031
  C:244AH         LINE#         1032
  C:2465H         LINE#         1033
  C:2465H         LINE#         1034
  C:2468H         LINE#         1036
  C:2468H         LINE#         1037
  C:2468H         LINE#         1038
  C:2483H         LINE#         1039
  C:249EH         LINE#         1040
  C:249EH         LINE#         1041
  C:24A1H         LINE#         1043
  C:24A1H         LINE#         1044
  C:24A1H         LINE#         1045
  C:24BCH         LINE#         1046
  C:24D7H         LINE#         1047
  C:24D7H         LINE#         1048
  C:24D9H         LINE#         1050
  C:24D9H         LINE#         1051
  C:24D9H         LINE#         1052
  C:24F4H         LINE#         1053
  C:250FH         LINE#         1054
  C:250FH         LINE#         1055
  C:2511H         LINE#         1057
  C:2511H         LINE#         1058
  C:2511H         LINE#         1059
  C:252CH         LINE#         1060
  C:2547H         LINE#         1061
  C:2547H         LINE#         1062
BL51 BANKED LINKER/LOCATER V6.22                                                      05/22/2015  09:23:35  PAGE 32


  C:2547H         LINE#         1063
  C:2547H         LINE#         1064
  C:2547H         LINE#         1065
  C:2549H         LINE#         1066
  -------         ENDPROC       OLD_CHANNEL_SET_ADC_RANGE
  -------         PROC          _OLD_PROTO_PASTE_NULL
  X:0453H         SYMBOL        buf
  X:0456H         SYMBOL        len
  -------         DO            
  X:0457H         SYMBOL        i
  X:0458H         SYMBOL        j
  -------         ENDDO         
  C:2C6FH         LINE#         1068
  C:2C7FH         LINE#         1069
  C:2C7FH         LINE#         1070
  C:2C89H         LINE#         1072
  C:2CA1H         LINE#         1073
  C:2CA1H         LINE#         1074
  C:2CC2H         LINE#         1075
  C:2CC2H         LINE#         1076
  C:2CDEH         LINE#         1077
  C:2CDEH         LINE#         1078
  C:2D1BH         LINE#         1079
  C:2D23H         LINE#         1080
  C:2D45H         LINE#         1081
  C:2D5BH         LINE#         1082
  C:2D61H         LINE#         1083
  C:2D67H         LINE#         1084
  C:2D67H         LINE#         1085
  C:2D70H         LINE#         1086
  C:2D75H         LINE#         1087
  -------         ENDPROC       _OLD_PROTO_PASTE_NULL
  -------         PROC          PROTOBUFHANDLING
  C:27F3H         LINE#         1089
  C:27F3H         LINE#         1090
  C:27F3H         LINE#         1091
  C:27FEH         LINE#         1092
  C:27FEH         LINE#         1093
  C:2804H         LINE#         1094
  C:280AH         LINE#         1095
  C:2844H         LINE#         1096
  C:2844H         LINE#         1098
  C:2844H         LINE#         1099
  C:2844H         LINE#         1100
  C:284CH         LINE#         1101
  C:284CH         LINE#         1102
  C:284DH         LINE#         1104
  C:284DH         LINE#         1105
  C:284DH         LINE#         1106
  C:2855H         LINE#         1107
  C:2855H         LINE#         1108
  C:2856H         LINE#         1110
  C:2856H         LINE#         1111
  C:2856H         LINE#         1112
  C:285EH         LINE#         1113
  C:285EH         LINE#         1114
  C:285FH         LINE#         1116
BL51 BANKED LINKER/LOCATER V6.22                                                      05/22/2015  09:23:35  PAGE 33


  C:285FH         LINE#         1117
  C:285FH         LINE#         1118
  C:2867H         LINE#         1119
  C:2867H         LINE#         1120
  C:2868H         LINE#         1122
  C:2868H         LINE#         1123
  C:2868H         LINE#         1124
  C:2870H         LINE#         1125
  C:2870H         LINE#         1126
  C:2871H         LINE#         1128
  C:2871H         LINE#         1129
  C:2871H         LINE#         1130
  C:2879H         LINE#         1131
  C:2879H         LINE#         1132
  C:287AH         LINE#         1134
  C:287AH         LINE#         1135
  C:287AH         LINE#         1136
  C:2882H         LINE#         1137
  C:2882H         LINE#         1138
  C:2883H         LINE#         1140
  C:2883H         LINE#         1141
  C:2883H         LINE#         1142
  C:288BH         LINE#         1143
  C:288BH         LINE#         1144
  C:288CH         LINE#         1146
  C:288CH         LINE#         1147
  C:288CH         LINE#         1148
  C:2894H         LINE#         1149
  C:2894H         LINE#         1150
  C:2895H         LINE#         1152
  C:2895H         LINE#         1153
  C:2895H         LINE#         1154
  C:289DH         LINE#         1155
  C:289DH         LINE#         1156
  C:289EH         LINE#         1158
  C:289EH         LINE#         1159
  C:289EH         LINE#         1160
  C:28A6H         LINE#         1161
  C:28A6H         LINE#         1162
  C:28A7H         LINE#         1164
  C:28A7H         LINE#         1165
  C:28A7H         LINE#         1166
  C:28AFH         LINE#         1167
  C:28AFH         LINE#         1168
  C:28B0H         LINE#         1170
  C:28B0H         LINE#         1171
  C:28B0H         LINE#         1172
  C:28B8H         LINE#         1173
  C:28B8H         LINE#         1174
  C:28B9H         LINE#         1176
  C:28B9H         LINE#         1177
  C:28B9H         LINE#         1178
  C:28C1H         LINE#         1179
  C:28C1H         LINE#         1180
  C:28C2H         LINE#         1182
  C:28C2H         LINE#         1183
  C:28C2H         LINE#         1184
BL51 BANKED LINKER/LOCATER V6.22                                                      05/22/2015  09:23:35  PAGE 34


  C:28CAH         LINE#         1185
  C:28CAH         LINE#         1186
  C:28CBH         LINE#         1188
  C:28CBH         LINE#         1189
  C:28CBH         LINE#         1190
  C:28D5H         LINE#         1191
  C:28D5H         LINE#         1192
  C:28D5H         LINE#         1193
  C:28D6H         LINE#         1195
  C:28D6H         LINE#         1196
  C:28FCH         LINE#         1197
  C:28FCH         LINE#         1199
  C:28FCH         LINE#         1200
  C:28FCH         LINE#         1201
  C:2904H         LINE#         1202
  C:2904H         LINE#         1203
  C:2905H         LINE#         1205
  C:2905H         LINE#         1206
  C:2905H         LINE#         1207
  C:290DH         LINE#         1208
  C:290DH         LINE#         1209
  C:290EH         LINE#         1211
  C:290EH         LINE#         1212
  C:290EH         LINE#         1213
  C:2916H         LINE#         1214
  C:2916H         LINE#         1215
  C:2917H         LINE#         1217
  C:2917H         LINE#         1218
  C:2917H         LINE#         1219
  C:291FH         LINE#         1220
  C:291FH         LINE#         1221
  C:2920H         LINE#         1223
  C:2920H         LINE#         1224
  C:2920H         LINE#         1225
  C:2928H         LINE#         1226
  C:2928H         LINE#         1227
  C:2928H         LINE#         1229
  C:2928H         LINE#         1230
  C:2928H         LINE#         1232
  C:2928H         LINE#         1233
[...]
  X:03A4H         SYMBOL        recieve_byte
  -------         DO            
  X:0405H         SYMBOL        PT_YIELD_FLAG
  -------         ENDDO         
  -------         ENDDO         
  C:2A52H         LINE#         189
  C:2A5DH         LINE#         190
  C:2A5DH         LINE#         191
  C:2A5DH         LINE#         193
  C:2A83H         LINE#         195
  C:2A88H         LINE#         197
  C:2A98H         LINE#         198
  C:2A98H         LINE#         199
  C:2A9DH         LINE#         200
  C:2A9FH         LINE#         201
  C:2AA1H         LINE#         202
  C:2AC0H         LINE#         203
  C:2AC5H         LINE#         204
  C:2AC5H         LINE#         205
  C:2AC7H         LINE#         208
  C:2AD5H         LINE#         209
  C:2AD7H         LINE#         210
  C:2AE1H         LINE#         212
  C:2AFEH         LINE#         213
  C:2B04H         LINE#         216
  C:2B06H         LINE#         217
  C:2B13H         LINE#         218
  C:2B13H         LINE#         220
  C:2B15H         LINE#         222
  C:2B17H         LINE#         224
  C:2B17H         LINE#         226
  C:2B19H         LINE#         227
  C:2B19H         LINE#         229
  C:2B1BH         LINE#         230
  C:2B3BH         LINE#         231
  C:2B3DH         LINE#         233
  C:2B3FH         LINE#         235
  C:2B42H         LINE#         236
  C:2B44H         LINE#         237
  C:2B49H         LINE#         238
  C:2B61H         LINE#         239
  -------         ENDPROC       _I2C_READ_BUF
  -------         PROC          _I2C_WRITE_BUF
  X:03FEH         SYMBOL        pt
  X:0401H         SYMBOL        buf
  X:0404H         SYMBOL        len
  -------         DO            
  X:03A5H         SYMBOL        write_byte_counter
  X:03A6H         SYMBOL        bit_counter
  X:03A7H         SYMBOL        write_byte
  -------         DO            
  X:0405H         SYMBOL        PT_YIELD_FLAG
  -------         ENDDO         
  -------         ENDDO         
  C:26A2H         LINE#         242
BL51 BANKED LINKER/LOCATER V6.22                                                      05/22/2015  09:23:35  PAGE 45


  C:26ADH         LINE#         243
  C:26ADH         LINE#         244
  C:26ADH         LINE#         245
  C:26D1H         LINE#         246
  C:26D3H         LINE#         247
  C:26D8H         LINE#         248
  C:26E8H         LINE#         249
  C:26E8H         LINE#         252
  C:2703H         LINE#         253
  C:2709H         LINE#         254
  C:270BH         LINE#         255
  C:272BH         LINE#         256
  C:2730H         LINE#         257
  C:2730H         LINE#         259
  C:2738H         LINE#         260
  C:273AH         LINE#         262
  C:273CH         LINE#         263
  C:275DH         LINE#         264
  C:275FH         LINE#         267
  C:2769H         LINE#         268
  C:276BH         LINE#         269
  C:276DH         LINE#         270
  C:278EH         LINE#         271
  C:2790H         LINE#         272
  C:27B1H         LINE#         273
  C:27B3H         LINE#         274
  C:27B5H         LINE#         275
  C:27BBH         LINE#         276
  C:27BBH         LINE#         277
  C:27C1H         LINE#         278
  C:27D5H         LINE#         279
  C:27D5H         LINE#         280
  C:27D5H         LINE#         281
  C:27DAH         LINE#         282
  C:27F2H         LINE#         283
  -------         ENDPROC       _I2C_WRITE_BUF
  -------         PROC          _I2C_READ_COMPLETE
  X:03FEH         SYMBOL        pt
  -------         DO            
  X:0401H         SYMBOL        PT_YIELD_FLAG
  -------         ENDDO         
  C:3611H         LINE#         285
  C:361CH         LINE#         286
  C:361CH         LINE#         287
  C:362BH         LINE#         288
  C:363BH         LINE#         289
  C:363BH         LINE#         293
  C:3644H         LINE#         294
  C:3644H         LINE#         295
  C:3644H         LINE#         296
  C:3644H         LINE#         297
  C:3655H         LINE#         298
  C:365BH         LINE#         299
  C:3661H         LINE#         301
  C:3661H         LINE#         302
  C:3663H         LINE#         304
  C:3663H         LINE#         305
BL51 BANKED LINKER/LOCATER V6.22                                                      05/22/2015  09:23:35  PAGE 46


  C:3663H         LINE#         306
  C:3674H         LINE#         307
  C:3685H         LINE#         308
  C:368AH         LINE#         309
  C:3690H         LINE#         310
  C:3690H         LINE#         311
  C:3690H         LINE#         313
  C:3690H         LINE#         314
  C:3690H         LINE#         315
  C:3690H         LINE#         316
  C:3690H         LINE#         317
  C:3690H         LINE#         319
  C:36A0H         LINE#         320
  C:36A0H         LINE#         321
  C:36A4H         LINE#         323
  C:36BCH         LINE#         324
  -------         ENDPROC       _I2C_READ_COMPLETE
  -------         ENDMOD        I2C

  -------         MODULE        CALIBRATE
  C:0000H         SYMBOL        _ICE_DUMMY_
  D:0088H         PUBLIC        TCON
  D:0098H         PUBLIC        SCON
  D:00A0H         PUBLIC        P2
  D:00A8H         PUBLIC        IE
  D:00B0H         PUBLIC        P3
  D:00B8H         PUBLIC        IP
  D:00C0H         PUBLIC        WDCON
  D:00C8H         PUBLIC        T2CON
  D:00D0H         PUBLIC        PSW
  D:00D8H         PUBLIC        ADCSTAT
  D:00E8H         PUBLIC        I2CCON
  D:00E8H         PUBLIC        DCON
  D:00F8H         PUBLIC        SPICON
  C:36BDH         PUBLIC        _Calibrate
  C:37FAH         PUBLIC        RestoreCalibrate
  C:34A9H         PUBLIC        _GetCalibrateVal
  C:3C61H         PUBLIC        Calibrate_Get_CRC
  C:33E8H         PUBLIC        _Calibrate_Set_Flag
  C:3CB9H         PUBLIC        Calibrate_Set_Default
  -------         PROC          _GETCALIBRATEVAL
  X:03FEH         SYMBOL        channel_num
  X:03FFH         SYMBOL        ADC_Code
  -------         DO            
  X:0403H         SYMBOL        result
  -------         ENDDO         
  C:34A9H         LINE#         4
  C:34AEH         LINE#         5
  C:34AEH         LINE#         6
  C:34B8H         LINE#         8
  C:350EH         LINE#         10
  C:352BH         LINE#         11
  C:352BH         LINE#         12
  C:3533H         LINE#         13
  C:3533H         LINE#         15
  C:3533H         LINE#         16
  C:354BH         LINE#         17
BL51 BANKED LINKER/LOCATER V6.22                                                      05/22/2015  09:23:35  PAGE 47


  C:354BH         LINE#         18
  C:3551H         LINE#         19
  C:3551H         LINE#         21
  C:3551H         LINE#         22
  C:3562H         LINE#         23
  C:3562H         LINE#         24
  C:3562H         LINE#         25
  -------         ENDPROC       _GETCALIBRATEVAL
  -------         PROC          RESTORECALIBRATE
  -------         DO            
  X:03FAH         SYMBOL        i
  X:03FBH         SYMBOL        crc
  X:03FFH         SYMBOL        true_crc
  -------         ENDDO         
  C:37FAH         LINE#         27
  C:37FAH         LINE#         28
  C:37FAH         LINE#         29
  C:37FFH         LINE#         30
  C:3811H         LINE#         32
  C:3820H         LINE#         33
  C:3820H         LINE#         34
  C:3848H         LINE#         35
  C:3850H         LINE#         37
  C:385DH         LINE#         38
  C:3873H         LINE#         40
  C:3893H         LINE#         41
  C:3893H         LINE#         42
  C:3896H         LINE#         43
  C:3896H         LINE#         46
  -------         ENDPROC       RESTORECALIBRATE
  -------         PROC          _CALIBRATE
  X:03FAH         SYMBOL        channel_num
  X:03FBH         SYMBOL        K
  X:03FFH         SYMBOL        C
  -------         DO            
  X:0403H         SYMBOL        true_crc
  -------         ENDDO         
  C:36BDH         LINE#         48
  C:36C2H         LINE#         49
  C:36C2H         LINE#         50
  C:36CCH         LINE#         51
  C:36EFH         LINE#         52
  C:370EH         LINE#         53
  C:3739H         LINE#         55
  C:3746H         LINE#         56
  C:375CH         LINE#         59
  -------         ENDPROC       _CALIBRATE
  -------         PROC          CALIBRATE_GET_CRC
  -------         DO            
  X:040EH         SYMBOL        crc
  X:040FH         SYMBOL        i
  X:0410H         SYMBOL        j
  -------         ENDDO         
  C:3C61H         LINE#         61
  C:3C61H         LINE#         62
  C:3C61H         LINE#         63
  C:3C66H         LINE#         64
BL51 BANKED LINKER/LOCATER V6.22                                                      05/22/2015  09:23:35  PAGE 48


  C:3C6AH         LINE#         66
  C:3C6EH         LINE#         67
  C:3C6EH         LINE#         68
  C:3C73H         LINE#         69
  C:3C73H         LINE#         70
  C:3C9FH         LINE#         71
  C:3CA9H         LINE#         72
  C:3CB3H         LINE#         74
  C:3CB8H         LINE#         75
  -------         ENDPROC       CALIBRATE_GET_CRC
  -------         PROC          _CALIBRATE_SET_FLAG
  X:0408H         SYMBOL        channel
  X:0409H         SYMBOL        flag
  -------         DO            
  X:040AH         SYMBOL        true_crc
  -------         ENDDO         
  C:33E8H         LINE#         77
  C:33F1H         LINE#         78
  C:33F1H         LINE#         79
  C:33F9H         LINE#         81
  C:33FEH         LINE#         82
  C:33FEH         LINE#         83
  C:3413H         LINE#         84
  C:343EH         LINE#         85
  C:3440H         LINE#         87
  C:3440H         LINE#         88
  C:3446H         LINE#         89
  C:3446H         LINE#         90
  C:345AH         LINE#         91
  C:3485H         LINE#         92
  C:3485H         LINE#         93
  C:3485H         LINE#         95
  C:3492H         LINE#         96
  C:34A8H         LINE#         97
  -------         ENDPROC       _CALIBRATE_SET_FLAG
  -------         PROC          CALIBRATE_SET_DEFAULT
  -------         DO            
  X:0403H         SYMBOL        i
  X:0404H         SYMBOL        true_crc
  -------         ENDDO         
  C:3CB9H         LINE#         99
  C:3CB9H         LINE#         100
  C:3CB9H         LINE#         101
  C:3CBEH         LINE#         102
  C:3CC6H         LINE#         104
  C:3CD5H         LINE#         105
  C:3CD5H         LINE#         106
  C:3CDAH         LINE#         107
  C:3CE2H         LINE#         109
  C:3CEFH         LINE#         110
  C:3D05H         LINE#         111
  -------         ENDPROC       CALIBRATE_SET_DEFAULT
  -------         ENDMOD        CALIBRATE

  -------         MODULE        ULONGSORT
  C:0000H         SYMBOL        _ICE_DUMMY_
  D:0088H         PUBLIC        TCON
BL51 BANKED LINKER/LOCATER V6.22                                                      05/22/2015  09:23:35  PAGE 49


  D:0098H         PUBLIC        SCON
  D:00A0H         PUBLIC        P2
  D:00A8H         PUBLIC        IE
  D:00B0H         PUBLIC        P3
  D:00B8H         PUBLIC        IP
  D:00C0H         PUBLIC        WDCON
  D:00C8H         PUBLIC        T2CON
  D:00D0H         PUBLIC        PSW
  D:00D8H         PUBLIC        ADCSTAT
  D:00E8H         PUBLIC        I2CCON
  D:00E8H         PUBLIC        DCON
  D:00F8H         PUBLIC        SPICON
  C:124BH         PUBLIC        _ulongsort_process
  X:03D5H         PUBLIC        mas_copy
  X:03F5H         PUBLIC        mid_cycle_counter
  X:03F6H         PUBLIC        temp
  -------         PROC          _ULONGSORT_PROCESS
  X:03FAH         SYMBOL        pt
  -------         DO            
  X:03D2H         SYMBOL        counter
  X:03D3H         SYMBOL        i
  X:03D4H         SYMBOL        j
  -------         DO            
  X:03FDH         SYMBOL        PT_YIELD_FLAG
  -------         ENDDO         
  -------         ENDDO         
  C:124BH         LINE#         9
  C:1256H         LINE#         10
  C:1256H         LINE#         12
  C:125BH         LINE#         14
  C:128EH         LINE#         16
  C:128EH         LINE#         17
  C:128EH         LINE#         18
  C:12CCH         LINE#         21
  C:12E1H         LINE#         22
  C:12E1H         LINE#         23
  C:12E5H         LINE#         24
  C:1302H         LINE#         25
  C:1302H         LINE#         26
  C:130AH         LINE#         27
  C:1310H         LINE#         28
  C:1330H         LINE#         29
  C:1330H         LINE#         31
  C:1337H         LINE#         32
  C:1337H         LINE#         33
  C:134BH         LINE#         34
  C:134BH         LINE#         35
  C:134BH         LINE#         38
  C:137AH         LINE#         39
  C:139AH         LINE#         41
  C:13A0H         LINE#         42
  C:13A0H         LINE#         43
  C:13B3H         LINE#         44
  C:13B3H         LINE#         45
  C:13EEH         LINE#         46
  C:13EEH         LINE#         47
  C:1410H         LINE#         48
BL51 BANKED LINKER/LOCATER V6.22                                                      05/22/2015  09:23:35  PAGE 50


  C:1440H         LINE#         49
  C:1462H         LINE#         50
  C:1462H         LINE#         51
  C:1482H         LINE#         52
  C:148BH         LINE#         53
  C:1497H         LINE#         55
  C:14D6H         LINE#         57
  C:14EAH         LINE#         58
  C:14EAH         LINE#         59
  C:1528H         LINE#         60
  C:1528H         LINE#         62
  C:153CH         LINE#         63
  C:154AH         LINE#         64
  C:155EH         LINE#         66
  C:155EH         LINE#         67
  C:1576H         LINE#         68
  -------         ENDPROC       _ULONGSORT_PROCESS
  -------         ENDMOD        ULONGSORT

  -------         MODULE        TIMER1
  C:0000H         SYMBOL        _ICE_DUMMY_
  D:0088H         PUBLIC        TCON
  D:0089H         PUBLIC        TMOD
  D:008BH         PUBLIC        TL1
  D:008DH         PUBLIC        TH1
  D:0098H         PUBLIC        SCON
  D:00A0H         PUBLIC        P2
  D:00A8H         PUBLIC        IE
  D:00B0H         PUBLIC        P3
  D:00B8H         PUBLIC        IP
  D:00C0H         PUBLIC        WDCON
  D:00C8H         PUBLIC        T2CON
  D:00D0H         PUBLIC        PSW
  D:00D8H         PUBLIC        ADCSTAT
  D:00E8H         PUBLIC        I2CCON
  D:00E8H         PUBLIC        DCON
  D:00F8H         PUBLIC        SPICON
  B:0088H.6       PUBLIC        TR1
  B:00A8H.3       PUBLIC        ET1
  C:3EFEH         PUBLIC        Timer1_Initialize
  -------         PROC          TIMER1_INITIALIZE
  C:3EFEH         LINE#         4
  C:3EFEH         LINE#         5
  C:3EFEH         LINE#         6
  C:3F01H         LINE#         7
  C:3F04H         LINE#         9
  C:3F07H         LINE#         10
  C:3F0AH         LINE#         13
  C:3F0CH         LINE#         14
  C:3F0EH         LINE#         16
  -------         ENDPROC       TIMER1_INITIALIZE
  -------         ENDMOD        TIMER1

  -------         MODULE        CRC_TABLE
  C:0000H         SYMBOL        _ICE_DUMMY_
  C:2E78H         PUBLIC        Crc8Table
  C:3E7CH         PUBLIC        _CRC_Check
BL51 BANKED LINKER/LOCATER V6.22                                                      05/22/2015  09:23:35  PAGE 51


  -------         PROC          _CRC_CHECK
  D:0006H         SYMBOL        Spool_pr
  D:0005H         SYMBOL        Count_pr
  -------         DO            
  D:0004H         SYMBOL        crc
  -------         ENDDO         
  C:3E7CH         LINE#         36
  C:3E7CH         LINE#         37
  C:3E7CH         LINE#         38
  C:3E7EH         LINE#         40
  C:3E85H         LINE#         41
  C:3E9BH         LINE#         43
  C:3E9EH         LINE#         44
  -------         ENDPROC       _CRC_CHECK
  -------         ENDMOD        CRC_TABLE

  -------         MODULE        ?C?FPADD
  C:003DH         PUBLIC        ?C?FPADD
  C:0039H         PUBLIC        ?C?FPSUB
  -------         ENDMOD        ?C?FPADD

  -------         MODULE        ?C?FPMUL
  C:012EH         PUBLIC        ?C?FPMUL
  -------         ENDMOD        ?C?FPMUL

  -------         MODULE        ?C?FPCMP
  C:0236H         PUBLIC        ?C?FPCMP
  C:0234H         PUBLIC        ?C?FPCMP3
  -------         ENDMOD        ?C?FPCMP

  -------         MODULE        ?C?FCAST
  C:02ABH         PUBLIC        ?C?FCASTC
  C:02A6H         PUBLIC        ?C?FCASTI
  C:02A1H         PUBLIC        ?C?FCASTL
  -------         ENDMOD        ?C?FCAST

  -------         MODULE        ?C?CASTF
  C:02DFH         PUBLIC        ?C?CASTF
  -------         ENDMOD        ?C?CASTF

  -------         MODULE        ?C?COPY
  C:0430H         PUBLIC        ?C?COPY
  -------         ENDMOD        ?C?COPY

  -------         MODULE        ?C?CLDPTR
  C:0456H         PUBLIC        ?C?CLDPTR
  -------         ENDMOD        ?C?CLDPTR

  -------         MODULE        ?C?CLDOPTR
  C:046FH         PUBLIC        ?C?CLDOPTR
  -------         ENDMOD        ?C?CLDOPTR

  -------         MODULE        ?C?CILDOPTR
  C:049CH         PUBLIC        ?C?CILDOPTR
  -------         ENDMOD        ?C?CILDOPTR

  -------         MODULE        ?C?CSTOPTR
BL51 BANKED LINKER/LOCATER V6.22                                                      05/22/2015  09:23:35  PAGE 52


  C:04CFH         PUBLIC        ?C?CSTOPTR
  -------         ENDMOD        ?C?CSTOPTR

  -------         MODULE        ?C?ILDPTR
  C:04F1H         PUBLIC        ?C?ILDPTR
  -------         ENDMOD        ?C?ILDPTR

  -------         MODULE        ?C?ILDOPTR
  C:051CH         PUBLIC        ?C?ILDOPTR
  -------         ENDMOD        ?C?ILDOPTR

  -------         MODULE        ?C?ISTPTR
  C:0554H         PUBLIC        ?C?ISTPTR
  -------         ENDMOD        ?C?ISTPTR

  -------         MODULE        ?C?ISTOPTR
  C:0573H         PUBLIC        ?C?ISTOPTR
  -------         ENDMOD        ?C?ISTOPTR

  -------         MODULE        ?C?SLDIV
  C:3D51H         PUBLIC        ?C?SLDIV
  -------         ENDMOD        ?C?SLDIV

  -------         MODULE        ?C?LNEG
  C:05A0H         PUBLIC        ?C?LNEG
  -------         ENDMOD        ?C?LNEG

  -------         MODULE        ?C?ULCMP
  C:05AEH         PUBLIC        ?C?ULCMP
  -------         ENDMOD        ?C?ULCMP

  -------         MODULE        ?C?ULSHR
  C:05BFH         PUBLIC        ?C?ULSHR
  -------         ENDMOD        ?C?ULSHR

  -------         MODULE        ?C?LSTXDATA
  C:05D2H         PUBLIC        ?C?LSTXDATA
  -------         ENDMOD        ?C?LSTXDATA

  -------         MODULE        ?C?LSTKXDATA
  C:05DEH         PUBLIC        ?C?LSTKXDATA
  -------         ENDMOD        ?C?LSTKXDATA

  -------         MODULE        ?C?OFFXADD
  C:060FH         PUBLIC        ?C?OFFXADD
  -------         ENDMOD        ?C?OFFXADD

  -------         MODULE        ?C?CCASE
  C:061BH         PUBLIC        ?C?CCASE
  -------         ENDMOD        ?C?CCASE

  -------         MODULE        ?C?ICASE
  C:0641H         PUBLIC        ?C?ICASE
  -------         ENDMOD        ?C?ICASE

  -------         MODULE        ?C?ULDIV
  C:06AAH         PUBLIC        ?C?ULDIV
BL51 BANKED LINKER/LOCATER V6.22                                                      05/22/2015  09:23:35  PAGE 53


  -------         ENDMOD        ?C?ULDIV

*** WARNING L16: UNCALLED SEGMENT, IGNORED FOR OVERLAY PROCESS
    SEGMENT: ?PR?TIMER0_INITIALIZE?TIMER0

*** WARNING L16: UNCALLED SEGMENT, IGNORED FOR OVERLAY PROCESS
    SEGMENT: ?PR?TIMER2_INITIALIZE?TIMER2

*** WARNING L1: UNRESOLVED EXTERNAL SYMBOL
    SYMBOL:  FREQUENCY_INIT
    MODULE:  debug.obj (DEBUG)

*** WARNING L2: REFERENCE MADE TO UNRESOLVED EXTERNAL
    SYMBOL:  FREQUENCY_INIT
    MODULE:  debug.obj (DEBUG)
    ADDRESS: 39DFH

Program Size: data=22.0 xdata=1133 code=16176
LINK/LOCATE RUN COMPLETE.  4 WARNING(S),  0 ERROR(S)
