BL51 BANKED LINKER/LOCATER V6.22                                                        04/24/2015  12:10:45  PAGE 1


BL51 BANKED LINKER/LOCATER V6.22, INVOKED BY:
C:\PROGRAM FILES\KEIL\C51\BIN\BL51.EXE debug.obj, timer3.obj, adc.obj, eeprom.obj, watchdog.obj, proto_uso.obj, channels
>> .obj, START_AD.obj, frequency.obj, timer0.obj, timer2.obj, i2c.obj, calibrate.obj, ulongsort.obj, timer1.obj TO debug
>>  RAMSIZE (256) XDATA (0X0000-0X07FF)


MEMORY MODEL: LARGE WITH FLOATING POINT ARITHMETIC


INPUT MODULES INCLUDED:
  debug.obj (DEBUG)
  timer3.obj (TIMER3)
  adc.obj (ADC)
  eeprom.obj (EEPROM)
  watchdog.obj (WATCHDOG)
  proto_uso.obj (PROTO_USO)
  channels.obj (CHANNELS)
  START_AD.obj (?C_STARTUP)
  frequency.obj (FREQUENCY)
  timer0.obj (TIMER0)
  timer2.obj (TIMER2)
  i2c.obj (I2C)
  calibrate.obj (CALIBRATE)
  ulongsort.obj (ULONGSORT)
  timer1.obj (TIMER1)
  C:\PROGRAM FILES\KEIL\C51\LIB\C51FPL.LIB (?C?FPADD)
  C:\PROGRAM FILES\KEIL\C51\LIB\C51FPL.LIB (?C?FPMUL)
  C:\PROGRAM FILES\KEIL\C51\LIB\C51FPL.LIB (?C?FPCMP)
  C:\PROGRAM FILES\KEIL\C51\LIB\C51FPL.LIB (?C?FCAST)
  C:\PROGRAM FILES\KEIL\C51\LIB\C51FPL.LIB (?C?CASTF)
  C:\PROGRAM FILES\KEIL\C51\LIB\C51FPL.LIB (?C?FPGETOPN)
  C:\PROGRAM FILES\KEIL\C51\LIB\C51L.LIB (?C_INIT)
  C:\PROGRAM FILES\KEIL\C51\LIB\C51L.LIB (?C?CLDOPTR)
  C:\PROGRAM FILES\KEIL\C51\LIB\C51L.LIB (?C?CSTOPTR)
  C:\PROGRAM FILES\KEIL\C51\LIB\C51L.LIB (?C?IILDX)
  C:\PROGRAM FILES\KEIL\C51\LIB\C51L.LIB (?C?ILDPTR)
  C:\PROGRAM FILES\KEIL\C51\LIB\C51L.LIB (?C?ILDOPTR)
  C:\PROGRAM FILES\KEIL\C51\LIB\C51L.LIB (?C?ISTPTR)
  C:\PROGRAM FILES\KEIL\C51\LIB\C51L.LIB (?C?ISTOPTR)
  C:\PROGRAM FILES\KEIL\C51\LIB\C51L.LIB (?C?ULDIV)
  C:\PROGRAM FILES\KEIL\C51\LIB\C51L.LIB (?C?SLDIV)
  C:\PROGRAM FILES\KEIL\C51\LIB\C51L.LIB (?C?LNEG)
  C:\PROGRAM FILES\KEIL\C51\LIB\C51L.LIB (?C?ULCMP)
  C:\PROGRAM FILES\KEIL\C51\LIB\C51L.LIB (?C?ULSHR)
  C:\PROGRAM FILES\KEIL\C51\LIB\C51L.LIB (?C?LSHL)
  C:\PROGRAM FILES\KEIL\C51\LIB\C51L.LIB (?C?LSTXDATA)
  C:\PROGRAM FILES\KEIL\C51\LIB\C51L.LIB (?C?LSTKXDATA)
  C:\PROGRAM FILES\KEIL\C51\LIB\C51L.LIB (?C?OFFXADD)
  C:\PROGRAM FILES\KEIL\C51\LIB\C51L.LIB (?C?CCASE)
  C:\PROGRAM FILES\KEIL\C51\LIB\C51L.LIB (?C?ICASE)
  C:\PROGRAM FILES\KEIL\C51\LIB\C51L.LIB (?C?COPYAB2)


LINK MAP OF MODULE:  debug (DEBUG)


            TYPE    BASE      LENGTH    RELOCATION   SEGMENT NAME
            -----------------------------------------------------
BL51 BANKED LINKER/LOCATER V6.22                                                      04/24/2015  12:10:45  PAGE 2



            * * * * * * *   D A T A   M E M O R Y   * * * * * * *
            REG     0000H     0008H     ABSOLUTE     "REG BANK 0"
            DATA    0008H     0002H     UNIT         _DATA_GROUP_
            DATA    000AH     0001H     UNIT         ?DT?WATCHDOG
            IDATA   000BH     0006H     UNIT         ?ID?I2C
            IDATA   0011H     0001H     UNIT         ?ID?FREQUENCY
            IDATA   0012H     0001H     UNIT         ?STACK

            * * * * * * *  X D A T A   M E M O R Y  * * * * * * *
            XDATA   0000H     0274H     UNIT         ?XD?PROTO_USO
            XDATA   0274H     015EH     UNIT         ?XD?CHANNELS
            XDATA   03D2H     0130H     UNIT         ?XD?ADC
            XDATA   0502H     006BH     UNIT         ?XD?FREQUENCY
            XDATA   056DH     002FH     UNIT         ?XD?I2C
            XDATA   059CH     0028H     UNIT         ?XD?ULONGSORT
            XDATA   05C4H     001EH     UNIT         _XDATA_GROUP_
            XDATA   05E2H     0010H     UNIT         ?XD?DEBUG

            * * * * * * *   C O D E   M E M O R Y   * * * * * * *
            CODE    0000H     0003H     ABSOLUTE     
            CODE    0003H     0003H     ABSOLUTE     
            CODE    0006H     0003H     UNIT         ?PR?NODE_FULL_INIT?PROTO_USO
                    0009H     0002H                  *** GAP ***
            CODE    000BH     0003H     ABSOLUTE     
            CODE    000EH     0003H     UNIT         ?PR?CHANNEL_LIST_INIT?PROTO_USO
                    0011H     0002H                  *** GAP ***
            CODE    0013H     0003H     ABSOLUTE     
            CODE    0016H     0003H     UNIT         ?PR?CHANNEL_GET_DATA?PROTO_USO
                    0019H     0002H                  *** GAP ***
            CODE    001BH     0003H     ABSOLUTE     
            CODE    001EH     0003H     UNIT         ?PR?CHANNEL_SET_ORDER_QUERY?PROTO_USO
                    0021H     0002H                  *** GAP ***
            CODE    0023H     0003H     ABSOLUTE     
            CODE    0026H     0003H     UNIT         ?PR?CHANNEL_GET_DATA_ORDER?PROTO_USO
                    0029H     0002H                  *** GAP ***
            CODE    002BH     0003H     ABSOLUTE     
            CODE    002EH     0003H     UNIT         ?PR?CHANNEL_SET_STATE?PROTO_USO
                    0031H     0002H                  *** GAP ***
            CODE    0033H     0003H     ABSOLUTE     
            CODE    0036H     06D3H     UNIT         ?C?LIB_CODE
            CODE    0709H     040BH     UNIT         ?PR?CHANNEL_ALL_GET_DATA?PROTO_USO
            CODE    0B14H     02ACH     UNIT         ?PR?TIMER2_ISR?FREQUENCY
            CODE    0DC0H     0215H     UNIT         ?PR?_I2C_PROCESS?I2C
            CODE    0FD5H     01EDH     UNIT         ?PR?_ULONGSORT_PROCESS?ULONGSORT
            CODE    11C2H     01E3H     UNIT         ?PR?SEND_INFO?PROTO_USO
            CODE    13A5H     01DFH     UNIT         ?PR?CHANNELSINIT?CHANNELS
            CODE    1584H     01C8H     UNIT         ?C_INITSEG
            CODE    174CH     01B2H     UNIT         ?PR?UART_ISR?PROTO_USO
            CODE    18FEH     01AFH     UNIT         ?PR?_FREQUENCY_MEASURE_PROCESS?FREQUENCY
            CODE    1AADH     0148H     UNIT         ?PR?_PROTOPROCESS?PROTO_USO
            CODE    1BF5H     0147H     UNIT         ?PR?CHANNEL_SET_PARAMETERS?PROTO_USO
            CODE    1D3CH     012AH     UNIT         ?PR?_STORE_DEV_ADDRESS_DESC?PROTO_USO
            CODE    1E66H     010FH     UNIT         ?PR?ADC_ISR?ADC
            CODE    1F75H     0109H     UNIT         ?PR?CHANNEL_SET_CALIBRATE?PROTO_USO
            CODE    207EH     0100H     UNIT         ?CO?PROTO_USO
            CODE    217EH     00FDH     UNIT         ?PR?_I2C_WRITE_BUF?I2C
BL51 BANKED LINKER/LOCATER V6.22                                                      04/24/2015  12:10:45  PAGE 3


            CODE    227BH     00D7H     UNIT         ?PR?RESTORE_DEV_ADDRESS_DESC?PROTO_USO
            CODE    2352H     00CCH     UNIT         ?PR?_I2C_READ_BUF?I2C
            CODE    241EH     00C2H     UNIT         ?PR?_EEPROM_READ?EEPROM
            CODE    24E0H     00C0H     UNIT         ?PR?_EEPROM_WRITE?EEPROM
            CODE    25A0H     00BCH     UNIT         ?PR?_GETCALIBRATEVAL?CALIBRATE
            CODE    265CH     008FH     UNIT         ?C_C51STARTUP
            CODE    26EBH     007EH     UNIT         ?PR?PROTOBUFHANDLING?PROTO_USO
            CODE    2769H     0079H     UNIT         ?PR?MAIN?DEBUG
            CODE    27E2H     0079H     UNIT         ?PR?_I2C_READ_COMPLETE?I2C
            CODE    285BH     0078H     UNIT         ?PR?FREQUENCY
            CODE    28D3H     0070H     UNIT         ?PR?_CALIBRATE?CALIBRATE
            CODE    2943H     006DH     UNIT         ?PR?I2C
            CODE    29B0H     006BH     UNIT         ?PR?_I2C_REPEATREAD?DEBUG
            CODE    2A1BH     0062H     UNIT         ?PR?ULONGSORT
            CODE    2A7DH     005EH     UNIT         ?PR?TIMER1_INTERRUPT?DEBUG
            CODE    2ADBH     005EH     UNIT         ?PR?PROTOCOL_INIT?PROTO_USO
            CODE    2B39H     005DH     UNIT         ?PR?INT2_ISR?FREQUENCY
            CODE    2B96H     0057H     UNIT         ?PR?INT0_ISR?FREQUENCY
            CODE    2BEDH     0057H     UNIT         ?PR?INT1_ISR?FREQUENCY
            CODE    2C44H     0047H     UNIT         ?PR?_REQUEST_ERROR?PROTO_USO
            CODE    2C8BH     0044H     UNIT         ?PR?CHANNELS
            CODE    2CCFH     0044H     UNIT         ?C?LDIV
            CODE    2D13H     0041H     UNIT         ?PR?RESTORECALIBRATE?CALIBRATE
            CODE    2D54H     003FH     UNIT         ?PR?ADC
            CODE    2D93H     003BH     UNIT         ?PR?CHANNEL_SET_ADDRESS_DESC?PROTO_USO
            CODE    2DCEH     0033H     UNIT         ?PR?ADC_RESTORE_SETTINGS?ADC
            CODE    2E01H     002DH     UNIT         ?PR?ADC_INITIALIZE?ADC
            CODE    2E2EH     002AH     UNIT         ?PR?STORE_CHANNELS_DATA?CHANNELS
            CODE    2E58H     002AH     UNIT         ?PR?RESTORE_CHANNELS_DATA?CHANNELS
            CODE    2E82H     0027H     UNIT         ?PR?DEBUG
            CODE    2EA9H     0024H     UNIT         ?PR?_I2C_REPEAT_START_READ?I2C
            CODE    2ECDH     0023H     UNIT         ?PR?_CRC_CHECK?PROTO_USO
            CODE    2EF0H     0016H     UNIT         ?PR?FREQUENCY_INIT?FREQUENCY
            CODE    2F06H     0016H     UNIT         ?PR?I2C_INIT?I2C
            CODE    2F1CH     0015H     UNIT         ?PR?_ADC_OUT_FREQ?ADC
            CODE    2F31H     0014H     UNIT         ?PR?TIMER2_INITIALIZE?TIMER2
            CODE    2F45H     0012H     UNIT         ?PR?UART_INIT?TIMER3
            CODE    2F57H     0011H     UNIT         ?PR?TIMER0_INITIALIZE?TIMER0
            CODE    2F68H     0011H     UNIT         ?PR?TIMER1_INITIALIZE?TIMER1
            CODE    2F79H     0010H     UNIT         ?PR?CHANNEL_SET_RESET_STATE_FLAGS?PROTO_USO
            CODE    2F89H     000AH     UNIT         ?PR?EEPROM
            CODE    2F93H     000AH     UNIT         ?PR?WDT_CLEAR?WATCHDOG
            CODE    2F9DH     0008H     UNIT         ?PR?_WDT_INIT?WATCHDOG
            CODE    2FA5H     0007H     UNIT         ?PR?_ADC_SET_MODE?ADC
            CODE    2FACH     0003H     UNIT         ?PR?CHANNEL_GET_DATA_ORDER_M2?PROTO_USO



OVERLAY MAP OF MODULE:   debug (DEBUG)


SEGMENT                                            DATA_GROUP          XDATA_GROUP
  +--> CALLED SEGMENT                            START    LENGTH     START    LENGTH
------------------------------------------------------------------------------------
?PR?ADC_ISR?ADC                                  -----    -----      -----    -----
  +--> ?PR?ADC

BL51 BANKED LINKER/LOCATER V6.22                                                      04/24/2015  12:10:45  PAGE 4


*** NEW ROOT ***************************************************

?C_C51STARTUP                                    -----    -----      -----    -----
  +--> ?PR?MAIN?DEBUG
  +--> ?C_INITSEG

?PR?MAIN?DEBUG                                   -----    -----      -----    -----
  +--> ?PR?CHANNELSINIT?CHANNELS
  +--> ?PR?PROTOCOL_INIT?PROTO_USO
  +--> ?PR?TIMER1_INITIALIZE?TIMER1
  +--> ?PR?ADC_INITIALIZE?ADC
  +--> ?PR?UART_INIT?TIMER3
  +--> ?PR?FREQUENCY_INIT?FREQUENCY
  +--> ?PR?_WDT_INIT?WATCHDOG
  +--> ?PR?I2C_INIT?I2C
  +--> ?PR?RESTORECALIBRATE?CALIBRATE
  +--> ?PR?DEBUG
  +--> ?PR?_I2C_REPEAT_START_READ?I2C
  +--> ?PR?_PROTOPROCESS?PROTO_USO
  +--> ?PR?_I2C_REPEATREAD?DEBUG
  +--> ?PR?_FREQUENCY_MEASURE_PROCESS?FREQUENCY
  +--> ?PR?_ULONGSORT_PROCESS?ULONGSORT
  +--> ?PR?_I2C_PROCESS?I2C
  +--> ?PR?WDT_CLEAR?WATCHDOG

?PR?CHANNELSINIT?CHANNELS                        -----    -----      -----    -----
  +--> ?PR?RESTORE_CHANNELS_DATA?CHANNELS
  +--> ?PR?CHANNELS

?PR?RESTORE_CHANNELS_DATA?CHANNELS               -----    -----      05C4H    0001H
  +--> ?PR?CHANNELS
  +--> ?PR?_EEPROM_READ?EEPROM

?PR?_EEPROM_READ?EEPROM                          -----    -----      05C6H    0009H
  +--> ?PR?EEPROM

?PR?PROTOCOL_INIT?PROTO_USO                      -----    -----      -----    -----
  +--> ?PR?RESTORE_DEV_ADDRESS_DESC?PROTO_USO

?PR?RESTORE_DEV_ADDRESS_DESC?PROTO_USO           -----    -----      05C4H    0002H
  +--> ?PR?_EEPROM_READ?EEPROM

?PR?ADC_INITIALIZE?ADC                           -----    -----      -----    -----
  +--> ?PR?ADC_RESTORE_SETTINGS?ADC
  +--> ?PR?_ADC_SET_MODE?ADC
  +--> ?PR?_ADC_OUT_FREQ?ADC

?PR?ADC_RESTORE_SETTINGS?ADC                     -----    -----      -----    -----
  +--> ?PR?ADC

?PR?FREQUENCY_INIT?FREQUENCY                     -----    -----      -----    -----
  +--> ?PR?TIMER0_INITIALIZE?TIMER0
  +--> ?PR?TIMER2_INITIALIZE?TIMER2

?PR?RESTORECALIBRATE?CALIBRATE                   -----    -----      05C4H    0001H
  +--> ?PR?_EEPROM_READ?EEPROM

BL51 BANKED LINKER/LOCATER V6.22                                                      04/24/2015  12:10:45  PAGE 5


?PR?_I2C_REPEAT_START_READ?I2C                   -----    -----      05C8H    0009H
  +--> ?PR?I2C

?PR?_PROTOPROCESS?PROTO_USO                      -----    -----      05C4H    0004H
  +--> ?PR?_CRC_CHECK?PROTO_USO
  +--> ?PR?PROTOBUFHANDLING?PROTO_USO

?PR?_CRC_CHECK?PROTO_USO                         -----    -----      -----    -----
  +--> ?CO?PROTO_USO

?PR?PROTOBUFHANDLING?PROTO_USO                   -----    -----      -----    -----
  +--> ?PR?SEND_INFO?PROTO_USO
  +--> ?PR?NODE_FULL_INIT?PROTO_USO
  +--> ?PR?CHANNEL_LIST_INIT?PROTO_USO
  +--> ?PR?CHANNEL_GET_DATA?PROTO_USO
  +--> ?PR?CHANNEL_SET_PARAMETERS?PROTO_USO
  +--> ?PR?CHANNEL_SET_ORDER_QUERY?PROTO_USO
  +--> ?PR?CHANNEL_GET_DATA_ORDER?PROTO_USO
  +--> ?PR?CHANNEL_SET_STATE?PROTO_USO
  +--> ?PR?CHANNEL_GET_DATA_ORDER_M2?PROTO_USO
  +--> ?PR?CHANNEL_SET_RESET_STATE_FLAGS?PRO...
  +--> ?PR?CHANNEL_ALL_GET_DATA?PROTO_USO
  +--> ?PR?CHANNEL_SET_ADDRESS_DESC?PROTO_USO
  +--> ?PR?CHANNEL_SET_CALIBRATE?PROTO_USO
  +--> ?PR?_REQUEST_ERROR?PROTO_USO

?PR?SEND_INFO?PROTO_USO                          -----    -----      05C8H    0001H
  +--> ?PR?_CRC_CHECK?PROTO_USO

?PR?CHANNEL_SET_PARAMETERS?PROTO_USO             -----    -----      05C8H    0001H
  +--> ?PR?STORE_CHANNELS_DATA?CHANNELS
  +--> ?PR?_REQUEST_ERROR?PROTO_USO

?PR?STORE_CHANNELS_DATA?CHANNELS                 -----    -----      05C9H    0001H
  +--> ?PR?CHANNELS
  +--> ?PR?_EEPROM_WRITE?EEPROM

?PR?_EEPROM_WRITE?EEPROM                         -----    -----      05D9H    0009H
  +--> ?PR?EEPROM

?PR?_REQUEST_ERROR?PROTO_USO                     -----    -----      -----    -----
  +--> ?PR?_CRC_CHECK?PROTO_USO

?PR?CHANNEL_SET_RESET_STATE_FLAGS?PRO...         -----    -----      -----    -----
  +--> ?PR?_REQUEST_ERROR?PROTO_USO

?PR?CHANNEL_ALL_GET_DATA?PROTO_USO               0008H    0002H      -----    -----
  +--> ?PR?_CRC_CHECK?PROTO_USO

?PR?CHANNEL_SET_ADDRESS_DESC?PROTO_USO           -----    -----      -----    -----
  +--> ?PR?_STORE_DEV_ADDRESS_DESC?PROTO_USO
  +--> ?PR?_REQUEST_ERROR?PROTO_USO

?PR?_STORE_DEV_ADDRESS_DESC?PROTO_USO            -----    -----      05C8H    000DH
  +--> ?PR?_EEPROM_WRITE?EEPROM

?PR?CHANNEL_SET_CALIBRATE?PROTO_USO              -----    -----      05C8H    0008H
BL51 BANKED LINKER/LOCATER V6.22                                                      04/24/2015  12:10:45  PAGE 6


  +--> ?PR?_CALIBRATE?CALIBRATE
  +--> ?PR?_EEPROM_WRITE?EEPROM
  +--> ?PR?_REQUEST_ERROR?PROTO_USO

?PR?_CALIBRATE?CALIBRATE                         -----    -----      05D0H    0009H
  +--> ?PR?_EEPROM_WRITE?EEPROM

?PR?_I2C_REPEATREAD?DEBUG                        -----    -----      05C4H    0004H
  +--> ?PR?DEBUG
  +--> ?PR?_I2C_REPEAT_START_READ?I2C

?PR?_FREQUENCY_MEASURE_PROCESS?FREQUENCY         -----    -----      05C4H    0004H
  +--> ?PR?FREQUENCY

?PR?_ULONGSORT_PROCESS?ULONGSORT                 -----    -----      05C4H    0004H
  +--> ?PR?ULONGSORT
  +--> ?PR?_GETCALIBRATEVAL?CALIBRATE

?PR?_GETCALIBRATEVAL?CALIBRATE                   -----    -----      05C8H    0009H

?PR?_I2C_PROCESS?I2C                             -----    -----      05C4H    0004H
  +--> ?PR?I2C
  +--> ?PR?_I2C_WRITE_BUF?I2C
  +--> ?PR?_I2C_READ_BUF?I2C
  +--> ?PR?_I2C_READ_COMPLETE?I2C

?PR?_I2C_WRITE_BUF?I2C                           -----    -----      05C8H    0008H
  +--> ?PR?I2C

?PR?_I2C_READ_BUF?I2C                            -----    -----      05C8H    0008H
  +--> ?PR?I2C

?PR?_I2C_READ_COMPLETE?I2C                       -----    -----      05C8H    0004H
  +--> ?PR?I2C
  +--> ?PR?_CRC_CHECK?PROTO_USO

*** NEW ROOT ***************************************************

?PR?INT0_ISR?FREQUENCY                           -----    -----      -----    -----
  +--> ?PR?FREQUENCY

*** NEW ROOT ***************************************************

?PR?INT1_ISR?FREQUENCY                           -----    -----      -----    -----
  +--> ?PR?FREQUENCY

*** NEW ROOT ***************************************************

?PR?INT2_ISR?FREQUENCY                           -----    -----      -----    -----
  +--> ?PR?FREQUENCY

*** NEW ROOT ***************************************************

?PR?TIMER2_ISR?FREQUENCY                         -----    -----      -----    -----
  +--> ?PR?FREQUENCY


BL51 BANKED LINKER/LOCATER V6.22                                                      04/24/2015  12:10:45  PAGE 7



SYMBOL TABLE OF MODULE:  debug (DEBUG)

  VALUE           TYPE          NAME
  ----------------------------------

  -------         MODULE        DEBUG
  C:0000H         SYMBOL        _ICE_DUMMY_
  D:0088H         PUBLIC        TCON
  D:008BH         PUBLIC        TL1
  D:008DH         PUBLIC        TH1
  D:0098H         PUBLIC        SCON
  D:00A0H         PUBLIC        P2
  D:00A8H         PUBLIC        IE
  D:00B0H         PUBLIC        P3
  D:00B8H         PUBLIC        IP
  D:00C0H         PUBLIC        WDCON
  D:00C8H         PUBLIC        T2CON
  D:00D0H         PUBLIC        PSW
  D:00D7H         PUBLIC        PLLCON
  D:00D8H         PUBLIC        ADCSTAT
  D:00E8H         PUBLIC        I2CCON
  D:00E8H         PUBLIC        DCON
  D:00F8H         PUBLIC        SPICON
  B:00A8H.7       PUBLIC        EA
  X:05E2H         PUBLIC        pt_i2c_read
  X:05E6H         PUBLIC        pt_freq_measure
  X:05EAH         PUBLIC        pt_sort
  X:05EEH         PUBLIC        pt_i2c_process
  C:29B0H         PUBLIC        _I2C_RepeatRead
  C:2769H         PUBLIC        main
  C:2A7DH         PUBLIC        Timer1_Interrupt
  C:2E82H         SYMBOL        Com0015
  C:2E82H         SYMBOL        L?0022
  C:2E9DH         SYMBOL        L?0023
  C:2E9DH         SYMBOL        L?0024
  -------         PROC          COM0015
  -------         ENDPROC       COM0015
  -------         PROC          MAIN
  C:2769H         LINE#         33
  C:2769H         LINE#         34
  C:2769H         LINE#         35
  C:276BH         LINE#         39
  C:276EH         LINE#         41
  C:2771H         LINE#         42
  C:2774H         LINE#         43
  C:2777H         LINE#         44
  C:277AH         LINE#         45
  C:277DH         LINE#         46
  C:2780H         LINE#         48
  C:2785H         LINE#         49
  C:2788H         LINE#         52
  C:278BH         LINE#         54
  C:2792H         LINE#         55
  C:2798H         LINE#         56
  C:279EH         LINE#         57
  C:27A4H         LINE#         59
BL51 BANKED LINKER/LOCATER V6.22                                                      04/24/2015  12:10:45  PAGE 8


  C:27A6H         LINE#         61
  C:27A9H         LINE#         63
  C:27B0H         LINE#         64
  C:27B0H         LINE#         65
  C:27B0H         LINE#         66
  C:27B9H         LINE#         67
  C:27C2H         LINE#         68
  C:27CBH         LINE#         69
  C:27D4H         LINE#         70
  C:27DDH         LINE#         71
  C:27E0H         LINE#         72
  -------         ENDPROC       MAIN
  -------         PROC          _I2C_REPEATREAD
  X:05C4H         SYMBOL        pt
  -------         DO            
  X:05C7H         SYMBOL        PT_YIELD_FLAG
  -------         ENDDO         
  C:29B0H         LINE#         75
  C:29BBH         LINE#         76
  C:29BBH         LINE#         77
  C:29D2H         LINE#         79
  C:29D2H         LINE#         80
  C:29D2H         LINE#         81
  C:2A00H         LINE#         82
  C:2A08H         LINE#         83
  C:2A0AH         LINE#         84
  C:2A1AH         LINE#         86
  -------         ENDPROC       _I2C_REPEATREAD
  -------         PROC          TIMER1_INTERRUPT
  C:2A7DH         LINE#         88
  C:2A8EH         LINE#         91
  C:2A91H         LINE#         92
  C:2A94H         LINE#         93
  C:2AA2H         LINE#         94
  C:2AB0H         LINE#         95
  C:2ABEH         LINE#         96
  C:2ACCH         LINE#         98
  -------         ENDPROC       TIMER1_INTERRUPT
  -------         ENDMOD        DEBUG

  -------         MODULE        TIMER3
  C:0000H         SYMBOL        _ICE_DUMMY_
  D:0088H         PUBLIC        TCON
  D:0098H         PUBLIC        SCON
  D:009DH         PUBLIC        T3FD
  D:009EH         PUBLIC        T3CON
  D:00A0H         PUBLIC        P2
  D:00A8H         PUBLIC        IE
  D:00B0H         PUBLIC        P3
  D:00B8H         PUBLIC        IP
  D:00C0H         PUBLIC        WDCON
  D:00C8H         PUBLIC        T2CON
  D:00D0H         PUBLIC        PSW
  D:00D8H         PUBLIC        ADCSTAT
  D:00E8H         PUBLIC        I2CCON
  D:00E8H         PUBLIC        DCON
  D:00F8H         PUBLIC        SPICON
BL51 BANKED LINKER/LOCATER V6.22                                                      04/24/2015  12:10:45  PAGE 9


  B:00A8H.4       PUBLIC        ES
  B:00B8H.4       PUBLIC        PS
  B:0098H.1       PUBLIC        TI
  B:0098H.0       PUBLIC        RI
  C:2F45H         PUBLIC        UART_Init
  -------         PROC          UART_INIT
  C:2F45H         LINE#         3
  C:2F45H         LINE#         4
  C:2F45H         LINE#         6
  C:2F48H         LINE#         8
  C:2F4BH         LINE#         9
  C:2F4EH         LINE#         10
  C:2F50H         LINE#         11
  C:2F52H         LINE#         12
  C:2F54H         LINE#         13
  C:2F56H         LINE#         15
  -------         ENDPROC       UART_INIT
  -------         ENDMOD        TIMER3

  -------         MODULE        ADC
  C:0000H         SYMBOL        _ICE_DUMMY_
  D:0088H         PUBLIC        TCON
  D:0098H         PUBLIC        SCON
  D:00A0H         PUBLIC        P2
  D:00A8H         PUBLIC        IE
  D:00B0H         PUBLIC        P3
  D:00B8H         PUBLIC        IP
  D:00C0H         PUBLIC        WDCON
  D:00C8H         PUBLIC        T2CON
  D:00D0H         PUBLIC        PSW
  D:00D1H         PUBLIC        ADCMODE
  D:00D2H         PUBLIC        ADC0CON1
  D:00D4H         PUBLIC        SF
  D:00D8H         PUBLIC        ADCSTAT
  D:00D9H         PUBLIC        ADC0L
  D:00DAH         PUBLIC        ADC0M
  D:00DBH         PUBLIC        ADC0H
  D:00E6H         PUBLIC        ADC0CON2
  D:00E8H         PUBLIC        I2CCON
  D:00E8H         PUBLIC        DCON
  D:00F8H         PUBLIC        SPICON
  B:00A8H.6       PUBLIC        EADC
  B:00D8H.7       PUBLIC        RDY0
  X:03D2H         PUBLIC        adc_channels
  C:2E01H         PUBLIC        ADC_Initialize
  C:1E66H         PUBLIC        ADC_ISR
  C:2FA5H         PUBLIC        _ADC_Set_Mode
  C:2F1CH         PUBLIC        _ADC_Out_Freq
  C:2DCEH         PUBLIC        ADC_Restore_Settings
  C:2D54H         SYMBOL        Com000C
  C:2D54H         SYMBOL        L?0013
  C:2D54H         SYMBOL        L?0014
  C:2D5BH         SYMBOL        L?0015
  C:2D67H         SYMBOL        L?0016
  C:2D67H         SYMBOL        L?0017
  C:2D68H         SYMBOL        L?0018
  C:2D71H         SYMBOL        L?0019
BL51 BANKED LINKER/LOCATER V6.22                                                      04/24/2015  12:10:45  PAGE 10


  C:2D71H         SYMBOL        L?0020
  C:2D7AH         SYMBOL        L?0021
  C:2D7AH         SYMBOL        L?0022
  C:2D80H         SYMBOL        L?0023
  C:2D8BH         SYMBOL        L?0024
  C:2D8CH         SYMBOL        L?0025
  -------         PROC          COM000C
  -------         ENDPROC       COM000C
  -------         PROC          ADC_INITIALIZE
  C:2E01H         LINE#         5
  C:2E01H         LINE#         6
  C:2E01H         LINE#         7
  C:2E04H         LINE#         8
  C:2E07H         LINE#         9
  C:2E0AH         LINE#         15
  C:2E0DH         LINE#         16
  C:2E10H         LINE#         17
  C:2E13H         LINE#         20
  C:2E16H         LINE#         21
  C:2E1BH         LINE#         23
  C:2E22H         LINE#         25
  C:2E25H         LINE#         26
  C:2E28H         LINE#         27
  C:2E2AH         LINE#         29
  C:2E2DH         LINE#         32
  -------         ENDPROC       ADC_INITIALIZE
  -------         PROC          ADC_ISR
  C:1E66H         LINE#         34
  C:1E7EH         LINE#         36
  C:1E9BH         LINE#         37
  C:1EB9H         LINE#         38
  C:1ED7H         LINE#         39
  C:1EF6H         LINE#         41
  C:1F02H         LINE#         42
  C:1F0BH         LINE#         44
  C:1F0EH         LINE#         46
  C:1F10H         LINE#         48
  C:1F21H         LINE#         49
  C:1F21H         LINE#         50
  C:1F2EH         LINE#         51
  C:1F30H         LINE#         53
  C:1F4AH         LINE#         54
  C:1F5AH         LINE#         55
  C:1F5DH         LINE#         57
  C:1F5FH         LINE#         59
  -------         ENDPROC       ADC_ISR
  -------         PROC          _ADC_SET_MODE
  D:0007H         SYMBOL        mode
  C:2FA5H         LINE#         61
  C:2FA5H         LINE#         62
  C:2FA5H         LINE#         63
  C:2FA8H         LINE#         64
  C:2FABH         LINE#         66
  -------         ENDPROC       _ADC_SET_MODE
  -------         PROC          _ADC_OUT_FREQ
  D:0006H         SYMBOL        freq
  C:2F1CH         LINE#         68
BL51 BANKED LINKER/LOCATER V6.22                                                      04/24/2015  12:10:45  PAGE 11


  C:2F1CH         LINE#         69
  C:2F1CH         LINE#         70
  C:2F30H         LINE#         72
  -------         ENDPROC       _ADC_OUT_FREQ
  -------         PROC          ADC_RESTORE_SETTINGS
  -------         DO            
  D:0007H         SYMBOL        i
  -------         ENDDO         
  C:2DCEH         LINE#         74
  C:2DCEH         LINE#         75
  C:2DCEH         LINE#         76
  C:2DD0H         LINE#         77
  C:2DD0H         LINE#         78
  C:2DD0H         LINE#         79
  C:2DD7H         LINE#         80
  C:2DE4H         LINE#         81
  C:2DF3H         LINE#         82
  C:2DFBH         LINE#         83
  C:2E00H         LINE#         85
  -------         ENDPROC       ADC_RESTORE_SETTINGS
  -------         ENDMOD        ADC

  -------         MODULE        EEPROM
  C:0000H         SYMBOL        _ICE_DUMMY_
  D:0088H         PUBLIC        TCON
  D:0098H         PUBLIC        SCON
  D:00A0H         PUBLIC        P2
  D:00A8H         PUBLIC        IE
  D:00B0H         PUBLIC        P3
  D:00B8H         PUBLIC        IP
  D:00B9H         PUBLIC        ECON
  D:00BCH         PUBLIC        EDATA1
  D:00BDH         PUBLIC        EDATA2
  D:00BEH         PUBLIC        EDATA3
  D:00BFH         PUBLIC        EDATA4
  D:00C0H         PUBLIC        WDCON
  D:00C8H         PUBLIC        T2CON
  D:00D0H         PUBLIC        PSW
  D:00D8H         PUBLIC        ADCSTAT
  D:00E8H         PUBLIC        I2CCON
  D:00E8H         PUBLIC        DCON
  D:00F8H         PUBLIC        SPICON
  D:00C6H         PUBLIC        EADR
  C:241EH         PUBLIC        _EEPROM_Read
  C:24E0H         PUBLIC        _EEPROM_Write
  C:2F89H         SYMBOL        Com0013
  C:2F89H         SYMBOL        L?0020
  -------         PROC          COM0013
  -------         ENDPROC       COM0013
  -------         PROC          _EEPROM_WRITE
  D:0001H         SYMBOL        buffer
  X:05DCH         SYMBOL        len
  X:05DEH         SYMBOL        addr
  -------         DO            
  X:05E0H         SYMBOL        i
  D:0001H         SYMBOL        buf
  -------         ENDDO         
BL51 BANKED LINKER/LOCATER V6.22                                                      04/24/2015  12:10:45  PAGE 12


  C:24E0H         LINE#         4
  C:24E8H         LINE#         5
  C:24E8H         LINE#         7
  C:24EFH         LINE#         10
  C:2506H         LINE#         11
  C:250AH         LINE#         13
  C:250AH         LINE#         15
  C:2526H         LINE#         16
  C:2526H         LINE#         17
  C:253DH         LINE#         18
  C:2547H         LINE#         19
  C:2563H         LINE#         20
  C:256FH         LINE#         22
  C:2575H         LINE#         24
  C:2578H         LINE#         25
  C:257BH         LINE#         27
  C:2586H         LINE#         28
  C:2597H         LINE#         30
  C:259FH         LINE#         31
  -------         ENDPROC       _EEPROM_WRITE
  -------         PROC          _EEPROM_READ
  D:0001H         SYMBOL        buffer
  X:05C9H         SYMBOL        len
  X:05CBH         SYMBOL        addr
  -------         DO            
  X:05CDH         SYMBOL        i
  D:0001H         SYMBOL        buf
  -------         ENDDO         
  C:241EH         LINE#         33
  C:2426H         LINE#         34
  C:2426H         LINE#         37
  C:242DH         LINE#         40
  C:2444H         LINE#         41
  C:2448H         LINE#         43
  C:2448H         LINE#         45
  C:2464H         LINE#         46
  C:2464H         LINE#         47
  C:246AH         LINE#         48
  C:246DH         LINE#         50
  C:2489H         LINE#         51
  C:2493H         LINE#         52
  C:24ACH         LINE#         53
  C:24B8H         LINE#         54
  C:24C6H         LINE#         55
  C:24D7H         LINE#         57
  C:24DFH         LINE#         58
  -------         ENDPROC       _EEPROM_READ
  -------         ENDMOD        EEPROM

  -------         MODULE        WATCHDOG
  C:0000H         SYMBOL        _ICE_DUMMY_
  D:0088H         PUBLIC        TCON
  D:0098H         PUBLIC        SCON
  D:00A0H         PUBLIC        P2
  D:00A8H         PUBLIC        IE
  D:00B0H         PUBLIC        P3
  D:00B8H         PUBLIC        IP
BL51 BANKED LINKER/LOCATER V6.22                                                      04/24/2015  12:10:45  PAGE 13


  D:00C0H         PUBLIC        WDCON
  D:00C8H         PUBLIC        T2CON
  D:00D0H         PUBLIC        PSW
  D:00D8H         PUBLIC        ADCSTAT
  D:00E8H         PUBLIC        I2CCON
  D:00E8H         PUBLIC        DCON
  D:00F8H         PUBLIC        SPICON
  B:00A8H.7       PUBLIC        EA
  B:00C0H.0       PUBLIC        WDWR
  C:2F9DH         PUBLIC        _WDT_Init
  C:2F93H         PUBLIC        WDT_Clear
  D:000AH         PUBLIC        wdt_intval
  -------         PROC          _WDT_INIT
  D:0007H         SYMBOL        interval
  C:2F9DH         LINE#         5
  C:2F9DH         LINE#         6
  C:2F9DH         LINE#         7
  C:2F9FH         LINE#         8
  C:2FA1H         LINE#         9
  C:2FA4H         LINE#         11
  -------         ENDPROC       _WDT_INIT
  -------         PROC          WDT_CLEAR
  C:2F93H         LINE#         13
  C:2F93H         LINE#         14
  C:2F93H         LINE#         15
  C:2F95H         LINE#         17
  C:2F97H         LINE#         18
  C:2F9AH         LINE#         20
  C:2F9CH         LINE#         22
  -------         ENDPROC       WDT_CLEAR
  -------         ENDMOD        WATCHDOG

  -------         MODULE        PROTO_USO
  C:0000H         SYMBOL        _ICE_DUMMY_
  D:0088H         PUBLIC        TCON
  D:0098H         PUBLIC        SCON
  D:0099H         PUBLIC        SBUF
  D:00A0H         PUBLIC        P2
  D:00A8H         PUBLIC        IE
  D:00B0H         PUBLIC        P3
  D:00B8H         PUBLIC        IP
  D:00C0H         PUBLIC        WDCON
  D:00C8H         PUBLIC        T2CON
  D:00D0H         PUBLIC        PSW
  D:00D8H         PUBLIC        ADCSTAT
  D:00E8H         PUBLIC        I2CCON
  D:00E8H         PUBLIC        DCON
  D:00F8H         PUBLIC        SPICON
  B:00A8H.7       PUBLIC        EA
  B:00A8H.4       PUBLIC        ES
  B:0098H.4       PUBLIC        REN
  B:0098H.1       PUBLIC        TI
  B:0098H.0       PUBLIC        RI
  C:174CH         PUBLIC        UART_ISR
  C:2ADBH         PUBLIC        Protocol_Init
  C:11C2H         PUBLIC        Send_Info
  C:0006H         PUBLIC        Node_Full_Init
BL51 BANKED LINKER/LOCATER V6.22                                                      04/24/2015  12:10:45  PAGE 14


  C:000EH         PUBLIC        Channel_List_Init
  C:0016H         PUBLIC        Channel_Get_Data
  C:1BF5H         PUBLIC        Channel_Set_Parameters
  C:001EH         PUBLIC        Channel_Set_Order_Query
  C:0026H         PUBLIC        Channel_Get_Data_Order
  C:002EH         PUBLIC        Channel_Set_State
  C:2FACH         PUBLIC        Channel_Get_Data_Order_M2
  C:2F79H         PUBLIC        Channel_Set_Reset_State_Flags
  C:0709H         PUBLIC        Channel_All_Get_Data
  C:2D93H         PUBLIC        Channel_Set_Address_Desc
  C:1F75H         PUBLIC        Channel_Set_Calibrate
  C:2C44H         PUBLIC        _Request_Error
  C:26EBH         PUBLIC        ProtoBufHandling
  C:1AADH         PUBLIC        _ProtoProcess
  C:2ECDH         SYMBOL        _CRC_Check
  C:1D3CH         PUBLIC        _Store_Dev_Address_Desc
  C:227BH         PUBLIC        Restore_Dev_Address_Desc
  C:207EH         PUBLIC        Crc8Table
  B:00B0H.5       PUBLIC        DE_RE
  X:0001H         PUBLIC        DEV_NAME
  X:0015H         PUBLIC        NOTICE
  X:003DH         PUBLIC        VERSION
  X:0045H         PUBLIC        ADRESS_DEV
  X:0046H         PUBLIC        dev_desc_len
  X:0047H         PUBLIC        RECIEVED
  X:0048H         PUBLIC        recieve_count
  X:0049H         PUBLIC        transf_count
  X:004AH         PUBLIC        buf_len
  X:004BH         PUBLIC        CUT_OUT_NULL
  X:004CH         PUBLIC        frame_len
  X:004DH         PUBLIC        RecieveBuf
  X:015BH         PUBLIC        TransferBuf
  X:0269H         PUBLIC        STATE_BYTE
  X:026AH         PUBLIC        symbol
  X:026BH         PUBLIC        avaible_channels
  X:026CH         PUBLIC        pt_proto
  X:0270H         PUBLIC        sym_8_to_float
  -------         PROC          UART_ISR
  C:174CH         LINE#         77
  C:1765H         LINE#         79
  C:1767H         LINE#         81
  C:176DH         LINE#         82
  C:176DH         LINE#         83
  C:176FH         LINE#         85
  C:177CH         LINE#         86
  C:177CH         LINE#         87
  C:1786H         LINE#         89
  C:1786H         LINE#         92
  C:178CH         LINE#         93
  C:179AH         LINE#         94
  C:179AH         LINE#         95
  C:179AH         LINE#         96
  C:179AH         LINE#         97
  C:17AEH         LINE#         98
  C:17B4H         LINE#         99
  C:17BAH         LINE#         100
  C:17BAH         LINE#         101
BL51 BANKED LINKER/LOCATER V6.22                                                      04/24/2015  12:10:45  PAGE 15


  C:17BCH         LINE#         103
  C:17BCH         LINE#         104
  C:17BCH         LINE#         105
  C:17C3H         LINE#         106
  C:17C3H         LINE#         107
  C:17C8H         LINE#         108
  C:17CCH         LINE#         109
  C:17D0H         LINE#         110
  C:17D6H         LINE#         111
  C:17D8H         LINE#         113
  C:17D8H         LINE#         114
  C:17ECH         LINE#         115
  C:17F2H         LINE#         116
  C:17F2H         LINE#         117
  C:17F2H         LINE#         118
  C:17F2H         LINE#         119
  C:17F4H         LINE#         121
  C:17F4H         LINE#         122
  C:17F4H         LINE#         123
  C:17FBH         LINE#         124
  C:17FBH         LINE#         125
  C:17FDH         LINE#         126
  C:17FFH         LINE#         128
  C:17FFH         LINE#         129
  C:1813H         LINE#         130
  C:1819H         LINE#         131
  C:1819H         LINE#         132
  C:1819H         LINE#         133
  C:181BH         LINE#         135
  C:181BH         LINE#         136
  C:181BH         LINE#         137
  C:182FH         LINE#         138
  C:1835H         LINE#         139
  C:183AH         LINE#         141
  C:183AH         LINE#         142
  C:183AH         LINE#         144
  C:1843H         LINE#         145
  C:1843H         LINE#         146
  C:1857H         LINE#         147
  C:1857H         LINE#         148
  C:185CH         LINE#         149
  C:185EH         LINE#         150
  C:1860H         LINE#         151
  C:1865H         LINE#         152
  C:1865H         LINE#         153
  C:1867H         LINE#         155
  C:1867H         LINE#         156
  C:186EH         LINE#         157
  C:186EH         LINE#         158
  C:187DH         LINE#         159
  C:187DH         LINE#         160
  C:187DH         LINE#         161
  C:187DH         LINE#         163
  C:1880H         LINE#         164
  C:1880H         LINE#         165
  C:1882H         LINE#         167
  C:188FH         LINE#         168
BL51 BANKED LINKER/LOCATER V6.22                                                      04/24/2015  12:10:45  PAGE 16


  C:188FH         LINE#         169
  C:1895H         LINE#         170
  C:1895H         LINE#         171
  C:1895H         LINE#         172
  C:1895H         LINE#         173
  C:1897H         LINE#         175
  C:1897H         LINE#         176
  C:189DH         LINE#         177
  C:189DH         LINE#         178
  C:18AEH         LINE#         179
  C:18AEH         LINE#         180
  C:18B4H         LINE#         181
  C:18B4H         LINE#         182
  C:18C4H         LINE#         183
  C:18CAH         LINE#         184
  C:18CCH         LINE#         186
  C:18CCH         LINE#         187
  C:18CFH         LINE#         188
  C:18D4H         LINE#         189
  C:18D4H         LINE#         190
  C:18D4H         LINE#         191
  C:18D6H         LINE#         193
  C:18D6H         LINE#         194
  C:18DBH         LINE#         195
  C:18DFH         LINE#         196
  C:18E5H         LINE#         197
  C:18E5H         LINE#         198
  C:18E5H         LINE#         199
  C:18E7H         LINE#         201
  -------         ENDPROC       UART_ISR
  -------         PROC          PROTOCOL_INIT
  -------         DO            
  D:0007H         SYMBOL        i
  -------         ENDDO         
  C:2ADBH         LINE#         203
  C:2ADBH         LINE#         204
  C:2ADBH         LINE#         205
  C:2ADDH         LINE#         207
  C:2ADFH         LINE#         208
  C:2AE1H         LINE#         212
  C:2AE4H         LINE#         215
  C:2AE9H         LINE#         216
  C:2AEBH         LINE#         217
  C:2AEDH         LINE#         218
  C:2AEFH         LINE#         219
  C:2AF1H         LINE#         220
  C:2AF7H         LINE#         222
  C:2AFCH         LINE#         223
  C:2AFDH         LINE#         224
  C:2AFDH         LINE#         225
  C:2B10H         LINE#         226
  C:2B10H         LINE#         227
  C:2B26H         LINE#         228
  C:2B2CH         LINE#         229
  C:2B2CH         LINE#         230
  C:2B31H         LINE#         233
  C:2B38H         LINE#         235
BL51 BANKED LINKER/LOCATER V6.22                                                      04/24/2015  12:10:45  PAGE 17


  -------         ENDPROC       PROTOCOL_INIT
  -------         PROC          SEND_INFO
  -------         DO            
  X:05C8H         SYMBOL        i
  -------         ENDDO         
  C:11C2H         LINE#         237
  C:11C2H         LINE#         238
  C:11C2H         LINE#         239
  C:11C7H         LINE#         242
  C:11CBH         LINE#         243
  C:11CFH         LINE#         244
  C:11D3H         LINE#         246
  C:11DBH         LINE#         247
  C:11DFH         LINE#         248
  C:11E7H         LINE#         250
  C:11ECH         LINE#         251
  C:11ECH         LINE#         252
  C:11F5H         LINE#         253
  C:11F5H         LINE#         254
  C:1210H         LINE#         255
  C:1212H         LINE#         257
  C:1212H         LINE#         258
  C:1221H         LINE#         259
  C:1221H         LINE#         260
  C:122BH         LINE#         262
  C:1230H         LINE#         263
  C:1230H         LINE#         264
  C:1239H         LINE#         265
  C:1239H         LINE#         266
  C:1254H         LINE#         267
  C:1254H         LINE#         268
  C:125EH         LINE#         270
  C:1266H         LINE#         272
  C:126BH         LINE#         273
  C:126BH         LINE#         274
  C:1281H         LINE#         275
  C:1281H         LINE#         276
  C:12D0H         LINE#         277
  C:12F3H         LINE#         278
  C:12F3H         LINE#         279
  C:1301H         LINE#         281
  C:1313H         LINE#         282
  C:1313H         LINE#         283
  C:1342H         LINE#         284
  C:134AH         LINE#         286
  C:135CH         LINE#         287
  C:1395H         LINE#         289
  C:13A4H         LINE#         290
  -------         ENDPROC       SEND_INFO
  -------         PROC          NODE_FULL_INIT
  C:0006H         LINE#         292
  C:0006H         LINE#         293
  C:0006H         LINE#         294
  C:0008H         LINE#         295
  -------         ENDPROC       NODE_FULL_INIT
  -------         PROC          CHANNEL_LIST_INIT
  C:000EH         LINE#         297
BL51 BANKED LINKER/LOCATER V6.22                                                      04/24/2015  12:10:45  PAGE 18


  C:000EH         LINE#         298
  C:000EH         LINE#         299
  C:0010H         LINE#         300
  -------         ENDPROC       CHANNEL_LIST_INIT
  -------         PROC          CHANNEL_GET_DATA
  C:0016H         LINE#         302
  C:0016H         LINE#         303
  C:0016H         LINE#         304
  C:0018H         LINE#         305
  -------         ENDPROC       CHANNEL_GET_DATA
  -------         PROC          CHANNEL_SET_PARAMETERS
  -------         DO            
  D:0007H         SYMBOL        index
  X:05C8H         SYMBOL        store_data
  D:0006H         SYMBOL        i
  D:0005H         SYMBOL        chn_index
  -------         ENDDO         
  C:1BF5H         LINE#         307
  C:1BF5H         LINE#         308
  C:1BF5H         LINE#         309
  C:1BFDH         LINE#         311
  C:1C0BH         LINE#         312
  C:1C0BH         LINE#         313
  C:1C24H         LINE#         314
  C:1C24H         LINE#         315
  C:1C38H         LINE#         316
  C:1C38H         LINE#         317
  C:1C38H         LINE#         318
  C:1C38H         LINE#         320
  C:1C3AH         LINE#         321
  C:1C3AH         LINE#         322
  C:1C59H         LINE#         323
  C:1C59H         LINE#         324
  C:1C5CH         LINE#         325
  C:1C5EH         LINE#         326
  C:1C5EH         LINE#         327
  C:1C63H         LINE#         329
  C:1CC0H         LINE#         330
  C:1CC0H         LINE#         331
  C:1CDDH         LINE#         332
  C:1CFAH         LINE#         333
  C:1D19H         LINE#         334
  C:1D1FH         LINE#         336
  C:1D1FH         LINE#         337
  C:1D20H         LINE#         338
  C:1D20H         LINE#         339
  C:1D22H         LINE#         342
  C:1D22H         LINE#         343
  C:1D22H         LINE#         344
  C:1D23H         LINE#         345
  C:1D23H         LINE#         346
  C:1D23H         LINE#         347
  C:1D26H         LINE#         348
  C:1D29H         LINE#         350
  C:1D29H         LINE#         351
  C:1D2DH         LINE#         352
  C:1D2DH         LINE#         353
BL51 BANKED LINKER/LOCATER V6.22                                                      04/24/2015  12:10:45  PAGE 19


  C:1D2DH         LINE#         354
  C:1D33H         LINE#         355
  C:1D33H         LINE#         356
  C:1D36H         LINE#         357
  C:1D36H         LINE#         359
  C:1D3BH         LINE#         360
  -------         ENDPROC       CHANNEL_SET_PARAMETERS
  -------         PROC          CHANNEL_SET_ORDER_QUERY
  C:001EH         LINE#         362
  C:001EH         LINE#         363
  C:001EH         LINE#         364
  C:0020H         LINE#         365
  -------         ENDPROC       CHANNEL_SET_ORDER_QUERY
  -------         PROC          CHANNEL_GET_DATA_ORDER
  C:0026H         LINE#         367
  C:0026H         LINE#         368
  C:0026H         LINE#         369
  C:0028H         LINE#         370
  -------         ENDPROC       CHANNEL_GET_DATA_ORDER
  -------         PROC          CHANNEL_SET_STATE
  C:002EH         LINE#         372
  C:002EH         LINE#         373
  C:002EH         LINE#         374
  C:0030H         LINE#         375
  -------         ENDPROC       CHANNEL_SET_STATE
  -------         PROC          CHANNEL_GET_DATA_ORDER_M2
  C:2FACH         LINE#         377
  C:2FACH         LINE#         378
  C:2FACH         LINE#         379
  C:2FAEH         LINE#         380
  -------         ENDPROC       CHANNEL_GET_DATA_ORDER_M2
  -------         PROC          CHANNEL_SET_RESET_STATE_FLAGS
  C:2F79H         LINE#         382
  C:2F79H         LINE#         383
  C:2F79H         LINE#         384
  C:2F7FH         LINE#         385
  C:2F83H         LINE#         386
  C:2F88H         LINE#         387
  -------         ENDPROC       CHANNEL_SET_RESET_STATE_FLAGS
  -------         PROC          CHANNEL_ALL_GET_DATA
  -------         DO            
  D:0008H         SYMBOL        index
  D:0009H         SYMBOL        i
  -------         ENDDO         
  C:0709H         LINE#         390
  C:0709H         LINE#         391
  C:0709H         LINE#         392
  C:070EH         LINE#         395
  C:071AH         LINE#         396
  C:0722H         LINE#         397
  C:0726H         LINE#         398
  C:072EH         LINE#         400
  C:0731H         LINE#         402
  C:0734H         LINE#         403
  C:0734H         LINE#         405
  C:074CH         LINE#         406
  C:074CH         LINE#         407
BL51 BANKED LINKER/LOCATER V6.22                                                      04/24/2015  12:10:45  PAGE 20


  C:074CH         LINE#         408
  C:074CH         LINE#         410
  C:075CH         LINE#         411
  C:0794H         LINE#         413
  C:07B8H         LINE#         414
  C:07B8H         LINE#         415
  C:07B8H         LINE#         416
  C:07B8H         LINE#         417
  C:07D7H         LINE#         418
  C:07D7H         LINE#         419
  C:07D7H         LINE#         420
  C:07D7H         LINE#         421
  C:07EFH         LINE#         422
  C:07EFH         LINE#         423
  C:080EH         LINE#         424
  C:081CH         LINE#         425
  C:081EH         LINE#         427
  C:081EH         LINE#         428
  C:083DH         LINE#         429
  C:085FH         LINE#         430
  C:085FH         LINE#         433
  C:085FH         LINE#         434
  C:085FH         LINE#         435
  C:085FH         LINE#         436
  C:0862H         LINE#         438
  C:0862H         LINE#         439
  C:0862H         LINE#         440
  C:087AH         LINE#         441
  C:087AH         LINE#         442
  C:0899H         LINE#         443
  C:08BBH         LINE#         444
  C:08C9H         LINE#         445
  C:08CBH         LINE#         447
  C:08CBH         LINE#         448
  C:08EAH         LINE#         449
  C:090CH         LINE#         450
  C:092EH         LINE#         451
  C:092EH         LINE#         453
  C:0950H         LINE#         454
  C:095EH         LINE#         455
  C:095EH         LINE#         456
  C:0961H         LINE#         457
  C:0961H         LINE#         458
  C:0961H         LINE#         459
  C:0961H         LINE#         461
  C:0961H         LINE#         462
  C:0961H         LINE#         463
  C:0977H         LINE#         464
  C:0977H         LINE#         465
  C:0977H         LINE#         466
  C:0977H         LINE#         467
  C:0999H         LINE#         468
  C:09BBH         LINE#         469
  C:09DDH         LINE#         470
  C:09FFH         LINE#         471
  C:0A0DH         LINE#         472
  C:0A0DH         LINE#         473
BL51 BANKED LINKER/LOCATER V6.22                                                      04/24/2015  12:10:45  PAGE 21


  C:0A10H         LINE#         474
  C:0A10H         LINE#         475
  C:0A10H         LINE#         476
  C:0A10H         LINE#         478
  C:0A10H         LINE#         479
  C:0A10H         LINE#         480
  C:0A2AH         LINE#         481
  C:0A2AH         LINE#         483
  C:0A2AH         LINE#         484
  C:0A2AH         LINE#         485
  C:0A4CH         LINE#         486
  C:0A6EH         LINE#         487
  C:0A7CH         LINE#         488
  C:0A7CH         LINE#         489
  C:0A7EH         LINE#         491
  C:0A7EH         LINE#         492
  C:0A7EH         LINE#         493
  C:0AA0H         LINE#         494
  C:0AC2H         LINE#         495
  C:0AE4H         LINE#         496
  C:0AE4H         LINE#         497
  C:0AE4H         LINE#         498
  C:0AE4H         LINE#         499
  C:0AE4H         LINE#         500
  C:0AE4H         LINE#         501
  C:0AE4H         LINE#         502
  C:0AEFH         LINE#         504
  C:0AF7H         LINE#         505
  C:0B0FH         LINE#         506
  C:0B13H         LINE#         507
  -------         ENDPROC       CHANNEL_ALL_GET_DATA
  -------         PROC          CHANNEL_SET_CALIBRATE
  -------         DO            
  X:05C8H         SYMBOL        K
  X:05CCH         SYMBOL        C
  -------         ENDDO         
  C:1F75H         LINE#         509
  C:1F75H         LINE#         510
  C:1F75H         LINE#         514
  C:1F7DH         LINE#         515
  C:1F85H         LINE#         516
  C:1F8DH         LINE#         517
  C:1F95H         LINE#         519
  C:1FA9H         LINE#         521
  C:1FB1H         LINE#         522
  C:1FB9H         LINE#         523
  C:1FC1H         LINE#         524
  C:1FC9H         LINE#         526
  C:1FDDH         LINE#         528
  C:1FEEH         LINE#         529
  C:1FEEH         LINE#         530
  C:1FEEH         LINE#         531
  C:1FEEH         LINE#         532
  C:201EH         LINE#         533
  C:201EH         LINE#         534
  C:2020H         LINE#         536
  C:2020H         LINE#         537
BL51 BANKED LINKER/LOCATER V6.22                                                      04/24/2015  12:10:45  PAGE 22


  C:2020H         LINE#         538
  C:2033H         LINE#         539
  C:2033H         LINE#         540
  C:2033H         LINE#         541
  C:2035H         LINE#         543
  C:2035H         LINE#         544
  C:2035H         LINE#         545
  C:204AH         LINE#         546
  C:2075H         LINE#         547
  C:2075H         LINE#         548
  C:2077H         LINE#         550
  C:2077H         LINE#         551
  C:2077H         LINE#         552
  C:2078H         LINE#         553
  C:2078H         LINE#         554
  C:2078H         LINE#         555
  C:2078H         LINE#         558
  C:207DH         LINE#         559
  -------         ENDPROC       CHANNEL_SET_CALIBRATE
  -------         PROC          CHANNEL_SET_ADDRESS_DESC
  -------         DO            
  D:0006H         SYMBOL        desc_len
  -------         ENDDO         
  C:2D93H         LINE#         561
  C:2D93H         LINE#         562
  C:2D93H         LINE#         563
  C:2D93H         LINE#         564
  C:2D9AH         LINE#         566
  C:2D9CH         LINE#         567
  C:2D9CH         LINE#         568
  C:2DC5H         LINE#         569
  C:2DC9H         LINE#         570
  C:2DC9H         LINE#         572
  C:2DC9H         LINE#         573
  -------         ENDPROC       CHANNEL_SET_ADDRESS_DESC
  -------         PROC          _REQUEST_ERROR
  D:0007H         SYMBOL        error_code
  C:2C44H         LINE#         578
  C:2C44H         LINE#         579
  C:2C44H         LINE#         580
  C:2C51H         LINE#         581
  C:2C59H         LINE#         582
  C:2C61H         LINE#         583
  C:2C67H         LINE#         585
  C:2C6FH         LINE#         586
  C:2C74H         LINE#         587
  C:2C7AH         LINE#         588
  C:2C88H         LINE#         589
  C:2C8AH         LINE#         590
  -------         ENDPROC       _REQUEST_ERROR
  -------         PROC          PROTOBUFHANDLING
  C:26EBH         LINE#         592
  C:26EBH         LINE#         593
  C:26EBH         LINE#         594
  C:271DH         LINE#         595
  C:271DH         LINE#         597
  C:271DH         LINE#         598
BL51 BANKED LINKER/LOCATER V6.22                                                      04/24/2015  12:10:45  PAGE 23


  C:271DH         LINE#         599
  C:2720H         LINE#         600
  C:2720H         LINE#         601
  C:2722H         LINE#         603
  C:2722H         LINE#         604
  C:2722H         LINE#         605
  C:2725H         LINE#         606
  C:2725H         LINE#         607
  C:2727H         LINE#         609
  C:2727H         LINE#         610
  C:2727H         LINE#         611
  C:272AH         LINE#         612
  C:272AH         LINE#         613
  C:272CH         LINE#         615
  C:272CH         LINE#         616
  C:272CH         LINE#         617
  C:272FH         LINE#         618
  C:272FH         LINE#         619
  C:2731H         LINE#         621
  C:2731H         LINE#         622
  C:2731H         LINE#         623
  C:2734H         LINE#         624
  C:2734H         LINE#         625
  C:2736H         LINE#         627
  C:2736H         LINE#         628
  C:2736H         LINE#         629
  C:2739H         LINE#         630
  C:2739H         LINE#         631
  C:273BH         LINE#         633
  C:273BH         LINE#         634
  C:273BH         LINE#         635
  C:273EH         LINE#         636
  C:273EH         LINE#         637
  C:2740H         LINE#         639
  C:2740H         LINE#         640
  C:2740H         LINE#         641
  C:2743H         LINE#         642
  C:2743H         LINE#         643
  C:2745H         LINE#         645
  C:2745H         LINE#         646
  C:2745H         LINE#         647
  C:2748H         LINE#         648
  C:2748H         LINE#         649
  C:274AH         LINE#         651
  C:274AH         LINE#         652
  C:274AH         LINE#         653
  C:274DH         LINE#         654
  C:274DH         LINE#         655
  C:274FH         LINE#         657
  C:274FH         LINE#         658
  C:274FH         LINE#         659
  C:2752H         LINE#         660
  C:2752H         LINE#         661
  C:2754H         LINE#         663
  C:2754H         LINE#         664
  C:2754H         LINE#         665
  C:2757H         LINE#         666
BL51 BANKED LINKER/LOCATER V6.22                                                      04/24/2015  12:10:45  PAGE 24


  C:2757H         LINE#         667
  C:2759H         LINE#         669
  C:2759H         LINE#         670
  C:2759H         LINE#         671
  C:275CH         LINE#         672
  C:275CH         LINE#         673
  C:275EH         LINE#         675
  C:275EH         LINE#         676
  C:275EH         LINE#         677
  C:2768H         LINE#         678
  C:2768H         LINE#         679
  C:2768H         LINE#         682
  -------         ENDPROC       PROTOBUFHANDLING
  -------         PROC          _PROTOPROCESS
  X:05C4H         SYMBOL        pt
  -------         DO            
  X:0000H         SYMBOL        CRC
  -------         DO            
  X:05C7H         SYMBOL        PT_YIELD_FLAG
  -------         ENDDO         
  -------         ENDDO         
  C:1AADH         LINE#         686
  C:1AB8H         LINE#         687
  C:1AB8H         LINE#         688
  C:1AB8H         LINE#         689
  C:1AD6H         LINE#         691
  C:1AD6H         LINE#         692
  C:1AD6H         LINE#         694
  C:1ADBH         LINE#         695
  C:1ADDH         LINE#         696
  C:1ADFH         LINE#         697
  C:1AE1H         LINE#         699
  C:1AFCH         LINE#         700
  C:1B01H         LINE#         702
  C:1B0DH         LINE#         703
  C:1B0DH         LINE#         704
  C:1B0FH         LINE#         705
  C:1B0FH         LINE#         707
  C:1B21H         LINE#         709
  C:1B35H         LINE#         710
  C:1B35H         LINE#         711
  C:1B37H         LINE#         712
  C:1B37H         LINE#         713
  C:1B58H         LINE#         715
  C:1B5BH         LINE#         716
  C:1B61H         LINE#         717
  C:1B61H         LINE#         718
  C:1B75H         LINE#         719
  C:1B75H         LINE#         721
  C:1B75H         LINE#         722
  C:1B77H         LINE#         724
  C:1B79H         LINE#         725
  C:1B7EH         LINE#         726
  C:1B82H         LINE#         727
  C:1B92H         LINE#         728
  C:1B98H         LINE#         729
  C:1B9AH         LINE#         731
BL51 BANKED LINKER/LOCATER V6.22                                                      04/24/2015  12:10:45  PAGE 25


  C:1BDCH         LINE#         732
  C:1BDCH         LINE#         734
  C:1BDCH         LINE#         736
  C:1BF4H         LINE#         737
  -------         ENDPROC       _PROTOPROCESS
  -------         PROC          _CRC_CHECK
  D:0006H         SYMBOL        Spool_pr
  D:0005H         SYMBOL        Count_pr
  -------         DO            
  D:0004H         SYMBOL        crc
  -------         ENDDO         
  C:2ECDH         LINE#         740
  C:2ECDH         LINE#         741
  C:2ECDH         LINE#         742
  C:2ECFH         LINE#         744
  C:2ED6H         LINE#         745
  C:2EECH         LINE#         747
  C:2EEFH         LINE#         748
  -------         ENDPROC       _CRC_CHECK
  -------         PROC          _STORE_DEV_ADDRESS_DESC
  X:05C8H         SYMBOL        addr
  X:05C9H         SYMBOL        name
  X:05CCH         SYMBOL        ver
  X:05CFH         SYMBOL        desc
  X:05D2H         SYMBOL        desc_len
  -------         DO            
  X:05D3H         SYMBOL        blocks
  -------         ENDDO         
  C:1D3CH         LINE#         750
  C:1D4AH         LINE#         751
  C:1D4AH         LINE#         754
  C:1D51H         LINE#         756
  C:1D66H         LINE#         757
  C:1D81H         LINE#         758
  C:1D9DH         LINE#         760
  C:1DB8H         LINE#         761
  C:1DD4H         LINE#         763
  C:1DE4H         LINE#         764
  C:1DE9H         LINE#         765
  C:1DF4H         LINE#         767
  C:1E03H         LINE#         768
  C:1E09H         LINE#         770
  C:1E28H         LINE#         771
  C:1E30H         LINE#         772
  C:1E46H         LINE#         774
  C:1E65H         LINE#         777
  -------         ENDPROC       _STORE_DEV_ADDRESS_DESC
  -------         PROC          RESTORE_DEV_ADDRESS_DESC
  -------         DO            
  X:05C4H         SYMBOL        blocks
  -------         ENDDO         
  C:227BH         LINE#         779
  C:227BH         LINE#         780
  C:227BH         LINE#         781
  C:2282H         LINE#         783
  C:2297H         LINE#         785
  C:22A6H         LINE#         786
BL51 BANKED LINKER/LOCATER V6.22                                                      04/24/2015  12:10:45  PAGE 26


  C:22ACH         LINE#         788
  C:22C2H         LINE#         789
  C:22D8H         LINE#         791
  C:22EEH         LINE#         793
  C:22F7H         LINE#         794
  C:22FAH         LINE#         796
  C:230CH         LINE#         797
  C:2314H         LINE#         798
  C:2322H         LINE#         800
  C:2331H         LINE#         801
  C:2337H         LINE#         803
  C:2351H         LINE#         805
  -------         ENDPROC       RESTORE_DEV_ADDRESS_DESC
  -------         ENDMOD        PROTO_USO

  -------         MODULE        CHANNELS
  C:0000H         SYMBOL        _ICE_DUMMY_
  D:0088H         PUBLIC        TCON
  D:0098H         PUBLIC        SCON
  D:00A0H         PUBLIC        P2
  D:00A8H         PUBLIC        IE
  D:00B0H         PUBLIC        P3
  D:00B8H         PUBLIC        IP
  D:00C0H         PUBLIC        WDCON
  D:00C8H         PUBLIC        T2CON
  D:00D0H         PUBLIC        PSW
  D:00D8H         PUBLIC        ADCSTAT
  D:00E8H         PUBLIC        I2CCON
  D:00E8H         PUBLIC        DCON
  D:00F8H         PUBLIC        SPICON
  C:13A5H         PUBLIC        ChannelsInit
  C:2E2EH         PUBLIC        Store_Channels_Data
  C:2E58H         PUBLIC        Restore_Channels_Data
  X:0274H         PUBLIC        channels
  C:2C8BH         SYMBOL        Com000C
  C:2C8BH         SYMBOL        L?0013
  C:2C8BH         SYMBOL        L?0014
  C:2C95H         SYMBOL        L?0015
  C:2C95H         SYMBOL        L?0016
  C:2C9DH         SYMBOL        L?0017
  C:2CB3H         SYMBOL        L?0018
  C:2CB3H         SYMBOL        L?0019
  C:2CBEH         SYMBOL        L?0020
  C:2CBEH         SYMBOL        L?0021
  C:2CC5H         SYMBOL        L?0022
  -------         PROC          COM000C
  -------         ENDPROC       COM000C
  -------         PROC          CHANNELSINIT
  C:13A5H         LINE#         7
  C:13A5H         LINE#         8
  C:13A5H         LINE#         9
  C:13A8H         LINE#         11
  C:13B7H         LINE#         12
  C:13B7H         LINE#         13
  C:13BBH         LINE#         14
  C:13BBH         LINE#         15
  C:13BEH         LINE#         16
BL51 BANKED LINKER/LOCATER V6.22                                                      04/24/2015  12:10:45  PAGE 27


  C:13C8H         LINE#         17
  C:13CDH         LINE#         19
  C:13D0H         LINE#         20
  C:13D0H         LINE#         21
  C:13D3H         LINE#         22
  C:13DDH         LINE#         23
  C:13E2H         LINE#         25
  C:13E5H         LINE#         26
  C:13E5H         LINE#         27
  C:13E8H         LINE#         28
  C:13F2H         LINE#         29
  C:13F7H         LINE#         31
  C:13FAH         LINE#         32
  C:13FAH         LINE#         33
  C:13FDH         LINE#         34
  C:1407H         LINE#         35
  C:140CH         LINE#         37
  C:140FH         LINE#         38
  C:140FH         LINE#         39
  C:1412H         LINE#         40
  C:141CH         LINE#         41
  C:1421H         LINE#         43
  C:1424H         LINE#         44
  C:1424H         LINE#         45
  C:1427H         LINE#         46
  C:1431H         LINE#         47
  C:1436H         LINE#         49
  C:1439H         LINE#         50
  C:1439H         LINE#         51
  C:143CH         LINE#         52
  C:1446H         LINE#         53
  C:144BH         LINE#         55
  C:144EH         LINE#         56
  C:144EH         LINE#         57
  C:1451H         LINE#         58
  C:145BH         LINE#         59
  C:1460H         LINE#         61
  C:1463H         LINE#         62
  C:1466H         LINE#         63
  C:146BH         LINE#         65
  C:146EH         LINE#         66
  C:1471H         LINE#         67
  C:1476H         LINE#         69
  C:1479H         LINE#         70
  C:147CH         LINE#         71
  C:1481H         LINE#         73
  C:1484H         LINE#         74
  C:1487H         LINE#         75
  C:148CH         LINE#         77
  C:148FH         LINE#         78
  C:1492H         LINE#         80
  C:1495H         LINE#         81
  C:1498H         LINE#         82
  C:1498H         LINE#         85
  C:149DH         LINE#         86
  C:149FH         LINE#         87
  C:14A9H         LINE#         89
BL51 BANKED LINKER/LOCATER V6.22                                                      04/24/2015  12:10:45  PAGE 28


  C:14AEH         LINE#         90
  C:14B0H         LINE#         91
  C:14BAH         LINE#         93
  C:14BFH         LINE#         94
  C:14C1H         LINE#         95
  C:14CBH         LINE#         97
  C:14D0H         LINE#         98
  C:14D2H         LINE#         99
  C:14DCH         LINE#         101
  C:14DFH         LINE#         102
  C:14E2H         LINE#         103
  C:14ECH         LINE#         105
  C:14EFH         LINE#         106
  C:14F2H         LINE#         107
  C:14FCH         LINE#         109
  C:14FFH         LINE#         110
  C:1502H         LINE#         111
  C:150CH         LINE#         113
  C:150FH         LINE#         114
  C:1512H         LINE#         115
  C:151CH         LINE#         117
  C:151FH         LINE#         118
  C:151FH         LINE#         119
  C:1522H         LINE#         120
  C:152CH         LINE#         122
  C:152FH         LINE#         123
  C:152FH         LINE#         124
  C:1532H         LINE#         125
  C:153CH         LINE#         127
  C:153FH         LINE#         128
  C:153FH         LINE#         129
  C:1542H         LINE#         130
  C:154CH         LINE#         132
  C:1552H         LINE#         133
  C:1556H         LINE#         134
  C:1559H         LINE#         135
  C:1563H         LINE#         137
  C:1566H         LINE#         138
  C:1566H         LINE#         139
  C:1569H         LINE#         140
  C:1573H         LINE#         142
  C:1576H         LINE#         143
  C:1576H         LINE#         144
  C:1579H         LINE#         145
  C:1583H         LINE#         148
  -------         ENDPROC       CHANNELSINIT
  -------         PROC          STORE_CHANNELS_DATA
  -------         DO            
  X:05C9H         SYMBOL        i
  -------         ENDDO         
  C:2E2EH         LINE#         150
  C:2E2EH         LINE#         151
  C:2E2EH         LINE#         152
  C:2E33H         LINE#         153
  C:2E3EH         LINE#         154
  C:2E3EH         LINE#         155
  C:2E4FH         LINE#         156
BL51 BANKED LINKER/LOCATER V6.22                                                      04/24/2015  12:10:45  PAGE 29


  C:2E57H         LINE#         158
  -------         ENDPROC       STORE_CHANNELS_DATA
  -------         PROC          RESTORE_CHANNELS_DATA
  -------         DO            
  X:05C4H         SYMBOL        i
  -------         ENDDO         
  C:2E58H         LINE#         160
  C:2E58H         LINE#         161
  C:2E58H         LINE#         162
  C:2E5DH         LINE#         163
  C:2E68H         LINE#         164
  C:2E68H         LINE#         165
  C:2E79H         LINE#         166
  C:2E81H         LINE#         168
  -------         ENDPROC       RESTORE_CHANNELS_DATA
  -------         ENDMOD        CHANNELS

  -------         MODULE        ?C_STARTUP
  C:265CH         SEGMENT       ?C_C51STARTUP
  I:0012H         SEGMENT       ?STACK
  C:0000H         PUBLIC        ?C_STARTUP
  D:00AFH         SYMBOL        CFG8XX
  N:0000H         SYMBOL        EXSP
  N:0000H         SYMBOL        IBPSTACK
  N:0100H         SYMBOL        IBPSTACKTOP
  N:0080H         SYMBOL        IDATALEN
  C:2662H         SYMBOL        IDATALOOP
  D:00A0H         SYMBOL        P2
  N:0000H         SYMBOL        PBPSTACK
  N:0000H         SYMBOL        PBPSTACKTOP
  N:0000H         SYMBOL        PDATALEN
  N:0000H         SYMBOL        PDATASTART
  N:0000H         SYMBOL        PPAGE
  N:0000H         SYMBOL        PPAGEENABLE
  D:0081H         SYMBOL        SP
  D:00B7H         SYMBOL        SPH
  N:0200H         SYMBOL        STACKSIZE
  C:265CH         SYMBOL        STARTUP1
  N:0000H         SYMBOL        XBPSTACK
  N:0000H         SYMBOL        XBPSTACKTOP
  N:0000H         SYMBOL        XDATALEN
  N:0000H         SYMBOL        XDATASTART
  N:0001H         SYMBOL        XRAMEN
  N:0600H         SYMBOL        XSTACKSTART
  N:0001H         SYMBOL        _CFG8XX
  C:0000H         LINE#         167
  C:265CH         LINE#         176
  C:265FH         LINE#         180
  C:2661H         LINE#         181
  C:2662H         LINE#         182
  C:2663H         LINE#         183
  C:2665H         LINE#         236
  C:2668H         LINE#         248
  -------         ENDMOD        ?C_STARTUP

  -------         MODULE        FREQUENCY
  C:0000H         SYMBOL        _ICE_DUMMY_
BL51 BANKED LINKER/LOCATER V6.22                                                      04/24/2015  12:10:45  PAGE 30


  D:0088H         PUBLIC        TCON
  D:008AH         PUBLIC        TL0
  D:008CH         PUBLIC        TH0
  D:0098H         PUBLIC        SCON
  D:00A0H         PUBLIC        P2
  D:00A8H         PUBLIC        IE
  D:00B0H         PUBLIC        P3
  D:00B8H         PUBLIC        IP
  D:00C0H         PUBLIC        WDCON
  D:00C8H         PUBLIC        T2CON
  D:00D0H         PUBLIC        PSW
  D:00D8H         PUBLIC        ADCSTAT
  D:00E8H         PUBLIC        I2CCON
  D:00E8H         PUBLIC        DCON
  D:00F8H         PUBLIC        SPICON
  B:0088H.2       PUBLIC        IT1
  B:0088H.0       PUBLIC        IT0
  B:00A8H.2       PUBLIC        EX1
  B:00A8H.0       PUBLIC        EX0
  B:00C8H.7       PUBLIC        TF2
  C:2EF0H         PUBLIC        Frequency_Init
  C:18FEH         PUBLIC        _Frequency_Measure_Process
  C:2B96H         PUBLIC        INT0_ISR
  C:2BEDH         PUBLIC        INT1_ISR
  C:2B39H         PUBLIC        INT2_ISR
  C:0B14H         PUBLIC        Timer2_ISR
  I:0011H         PUBLIC        measure_state
  X:0507H         PUBLIC        frequency
  C:285BH         SYMBOL        Com0023
  C:285BH         SYMBOL        L?0036
  C:285BH         SYMBOL        L?0037
  C:286AH         SYMBOL        L?0038
  C:2872H         SYMBOL        L?0039
  C:2877H         SYMBOL        L?0040
  C:2883H         SYMBOL        L?0041
  C:2883H         SYMBOL        L?0042
  C:288AH         SYMBOL        L?0043
  C:288DH         SYMBOL        L?0044
  C:2899H         SYMBOL        L?0045
  C:2899H         SYMBOL        L?0046
  C:28A7H         SYMBOL        L?0047
  C:28A8H         SYMBOL        L?0048
  C:28B1H         SYMBOL        L?0049
  C:28C4H         SYMBOL        L?0050
  C:28C4H         SYMBOL        L?0051
  C:28CBH         SYMBOL        L?0052
  C:28CBH         SYMBOL        L?0053
  -------         PROC          COM0023
  -------         ENDPROC       COM0023
  -------         PROC          FREQUENCY_INIT
  C:2EF0H         LINE#         27
  C:2EF0H         LINE#         28
  C:2EF0H         LINE#         29
  C:2EF3H         LINE#         30
  C:2EF6H         LINE#         31
  C:2EF8H         LINE#         32
  C:2EFAH         LINE#         33
BL51 BANKED LINKER/LOCATER V6.22                                                      04/24/2015  12:10:45  PAGE 31


  C:2EFCH         LINE#         34
  C:2EFEH         LINE#         35
  C:2F05H         LINE#         37
  -------         ENDPROC       FREQUENCY_INIT
  -------         PROC          INT0_ISR
  -------         DO            
  D:0007H         SYMBOL        cnt
  -------         ENDDO         
  C:2B96H         LINE#         39
  C:2BB7H         LINE#         42
  C:2BB7H         LINE#         43
  C:2BC1H         LINE#         44
  C:2BCEH         LINE#         46
  -------         ENDPROC       INT0_ISR
  -------         PROC          INT1_ISR
  -------         DO            
  D:0007H         SYMBOL        cnt
  -------         ENDDO         
  C:2BEDH         LINE#         48
  C:2C0EH         LINE#         51
  C:2C0EH         LINE#         52
  C:2C18H         LINE#         53
  C:2C25H         LINE#         55
  -------         ENDPROC       INT1_ISR
  -------         PROC          INT2_ISR
  -------         DO            
  D:0007H         SYMBOL        cnt
  -------         ENDDO         
  C:2B39H         LINE#         57
  C:2B5AH         LINE#         61
  C:2B5DH         LINE#         62
  C:2B60H         LINE#         64
  C:2B60H         LINE#         66
  C:2B6AH         LINE#         67
  C:2B77H         LINE#         69
  -------         ENDPROC       INT2_ISR
  -------         PROC          TIMER2_ISR
  C:0B14H         LINE#         71
  C:0B38H         LINE#         73
  C:0B3AH         LINE#         79
  C:0B5AH         LINE#         80
  C:0B5AH         LINE#         81
  C:0B5AH         LINE#         82
  C:0B5AH         LINE#         83
  C:0B72H         LINE#         84
  C:0B81H         LINE#         87
  C:0B88H         LINE#         89
  C:0BA0H         LINE#         90
  C:0BAFH         LINE#         93
  C:0BB6H         LINE#         96
  C:0BD1H         LINE#         97
  C:0BE0H         LINE#         100
  C:0BE3H         LINE#         102
  C:0BE3H         LINE#         103
  C:0BE6H         LINE#         105
  C:0BE6H         LINE#         106
  C:0BE6H         LINE#         107
BL51 BANKED LINKER/LOCATER V6.22                                                      04/24/2015  12:10:45  PAGE 32


  C:0BFEH         LINE#         108
  C:0C0DH         LINE#         110
  C:0C14H         LINE#         112
  C:0C2CH         LINE#         113
  C:0C3BH         LINE#         115
  C:0C42H         LINE#         117
  C:0C5AH         LINE#         118
  C:0C69H         LINE#         120
  C:0C6CH         LINE#         121
  C:0C6CH         LINE#         122
  C:0C6FH         LINE#         124
  C:0C6FH         LINE#         125
  C:0C6FH         LINE#         126
  C:0C87H         LINE#         127
  C:0C96H         LINE#         129
  C:0C9DH         LINE#         131
  C:0CB5H         LINE#         132
  C:0CC4H         LINE#         134
  C:0CCBH         LINE#         136
  C:0CE3H         LINE#         137
  C:0CF2H         LINE#         139
  C:0CF6H         LINE#         140
  C:0CF6H         LINE#         141
  C:0CF9H         LINE#         143
  C:0CF9H         LINE#         144
  C:0CF9H         LINE#         145
  C:0D11H         LINE#         146
  C:0D20H         LINE#         148
  C:0D27H         LINE#         150
  C:0D3FH         LINE#         151
  C:0D4EH         LINE#         153
  C:0D55H         LINE#         155
  C:0D6DH         LINE#         156
  C:0D7CH         LINE#         158
  C:0D83H         LINE#         160
  C:0D89H         LINE#         161
  C:0D89H         LINE#         162
  C:0D89H         LINE#         163
  C:0D89H         LINE#         165
  C:0D97H         LINE#         166
  C:0D9EH         LINE#         169
  -------         ENDPROC       TIMER2_ISR
  -------         PROC          _FREQUENCY_MEASURE_PROCESS
  X:05C4H         SYMBOL        pt
  -------         DO            
  X:0502H         SYMBOL        frq_chnl
  X:0503H         SYMBOL        temp_freq
  -------         DO            
  X:05C7H         SYMBOL        PT_YIELD_FLAG
  -------         ENDDO         
  -------         ENDDO         
  C:18FEH         LINE#         171
  C:1909H         LINE#         172
  C:1909H         LINE#         173
  C:1909H         LINE#         175
  C:192BH         LINE#         177
  C:192BH         LINE#         178
BL51 BANKED LINKER/LOCATER V6.22                                                      04/24/2015  12:10:45  PAGE 33


  C:192BH         LINE#         179
  C:1959H         LINE#         180
  C:1A3FH         LINE#         182
  C:1A52H         LINE#         183
  C:1A6DH         LINE#         184
  C:1A6DH         LINE#         185
  C:1A81H         LINE#         186
  C:1A83H         LINE#         188
  C:1A83H         LINE#         189
  C:1A8DH         LINE#         190
  C:1A8DH         LINE#         193
  C:1A93H         LINE#         194
  C:1A9CH         LINE#         195
  C:1A9CH         LINE#         196
  C:1A9EH         LINE#         197
  C:1A9EH         LINE#         199
  C:1AA1H         LINE#         200
  C:1AACH         LINE#         202
  -------         ENDPROC       _FREQUENCY_MEASURE_PROCESS
  -------         ENDMOD        FREQUENCY

  -------         MODULE        TIMER0
  C:0000H         SYMBOL        _ICE_DUMMY_
  D:0088H         PUBLIC        TCON
  D:0089H         PUBLIC        TMOD
  D:008AH         PUBLIC        TL0
  D:008CH         PUBLIC        TH0
  D:0098H         PUBLIC        SCON
  D:00A0H         PUBLIC        P2
  D:00A8H         PUBLIC        IE
  D:00B0H         PUBLIC        P3
  D:00B8H         PUBLIC        IP
  D:00C0H         PUBLIC        WDCON
  D:00C8H         PUBLIC        T2CON
  D:00D0H         PUBLIC        PSW
  D:00D8H         PUBLIC        ADCSTAT
  D:00E8H         PUBLIC        I2CCON
  D:00E8H         PUBLIC        DCON
  D:00F8H         PUBLIC        SPICON
  B:0088H.4       PUBLIC        TR0
  B:00A8H.1       PUBLIC        ET0
  C:2F57H         PUBLIC        Timer0_Initialize
  -------         PROC          TIMER0_INITIALIZE
  C:2F57H         LINE#         4
  C:2F57H         LINE#         5
  C:2F57H         LINE#         6
  C:2F5AH         LINE#         7
  C:2F5DH         LINE#         9
  C:2F60H         LINE#         10
  C:2F63H         LINE#         13
  C:2F65H         LINE#         14
  C:2F67H         LINE#         16
  -------         ENDPROC       TIMER0_INITIALIZE
  -------         ENDMOD        TIMER0

  -------         MODULE        TIMER2
  C:0000H         SYMBOL        _ICE_DUMMY_
BL51 BANKED LINKER/LOCATER V6.22                                                      04/24/2015  12:10:45  PAGE 34


  D:0088H         PUBLIC        TCON
  D:0098H         PUBLIC        SCON
  D:00A0H         PUBLIC        P2
  D:00A8H         PUBLIC        IE
  D:00B0H         PUBLIC        P3
  D:00B8H         PUBLIC        IP
  D:00C0H         PUBLIC        WDCON
  D:00C8H         PUBLIC        T2CON
  D:00CAH         PUBLIC        RCAP2L
  D:00CBH         PUBLIC        RCAP2H
  D:00CCH         PUBLIC        TL2
  D:00CDH         PUBLIC        TH2
  D:00D0H         PUBLIC        PSW
  D:00D8H         PUBLIC        ADCSTAT
  D:00E8H         PUBLIC        I2CCON
  D:00E8H         PUBLIC        DCON
  D:00F8H         PUBLIC        SPICON
  B:00A8H.5       PUBLIC        ET2
  B:00C8H.2       PUBLIC        TR2
  C:2F31H         PUBLIC        Timer2_Initialize
  -------         PROC          TIMER2_INITIALIZE
  C:2F31H         LINE#         3
  C:2F31H         LINE#         4
  C:2F31H         LINE#         5
  C:2F33H         LINE#         6
  C:2F36H         LINE#         7
  C:2F39H         LINE#         8
  C:2F3CH         LINE#         9
  C:2F3FH         LINE#         10
  C:2F42H         LINE#         11
  C:2F44H         LINE#         13
  -------         ENDPROC       TIMER2_INITIALIZE
  -------         ENDMOD        TIMER2

  -------         MODULE        I2C
  C:0000H         SYMBOL        _ICE_DUMMY_
  D:0088H         PUBLIC        TCON
  D:0098H         PUBLIC        SCON
  D:00A0H         PUBLIC        P2
  D:00A8H         PUBLIC        IE
  D:00B0H         PUBLIC        P3
  D:00B8H         PUBLIC        IP
  D:00C0H         PUBLIC        WDCON
  D:00C8H         PUBLIC        T2CON
  D:00D0H         PUBLIC        PSW
  D:00D8H         PUBLIC        ADCSTAT
  D:00E8H         PUBLIC        I2CCON
  D:00E8H         PUBLIC        DCON
  D:00F8H         PUBLIC        SPICON
  B:00D0H.7       PUBLIC        CY
  B:00E8H.7       PUBLIC        MDO
  B:00E8H.6       PUBLIC        MDE
  B:00E8H.5       PUBLIC        MCO
  B:00E8H.4       PUBLIC        MDI
  B:00E8H.3       PUBLIC        I2CM
  C:2F06H         PUBLIC        I2C_Init
  C:0DC0H         PUBLIC        _I2C_Process
BL51 BANKED LINKER/LOCATER V6.22                                                      04/24/2015  12:10:45  PAGE 35


  C:2EA9H         PUBLIC        _I2C_Repeat_Start_Read
  X:0573H         PUBLIC        DEV_ADDR
  X:0574H         PUBLIC        byte_num_write
  X:0575H         PUBLIC        byte_num_read
  X:0576H         PUBLIC        i2c_buf
  X:0579H         PUBLIC        temp_val
  X:057AH         PUBLIC        i2c_mas
  X:0584H         PUBLIC        i2c_channels
  I:000BH         PUBLIC        i2c_buffer
  X:058EH         PUBLIC        START_I2C
  X:058FH         PUBLIC        ERROR_I2C
[...]
  C:298DH         SYMBOL        L?0193
  C:298EH         SYMBOL        L?0194
  C:2996H         SYMBOL        L?0195
  C:29A2H         SYMBOL        L?0196
  C:29A2H         SYMBOL        L?0197
  C:29A9H         SYMBOL        L?0198
  C:29A9H         SYMBOL        L?0199
  -------         PROC          COM00AD
  -------         ENDPROC       COM00AD
  -------         PROC          I2C_INIT
  C:2F06H         LINE#         37
  C:2F06H         LINE#         38
  C:2F06H         LINE#         39
  C:2F08H         LINE#         40
  C:2F0FH         LINE#         41
  C:2F15H         LINE#         42
  C:2F1BH         LINE#         45
  -------         ENDPROC       I2C_INIT
  -------         PROC          _I2C_REPEAT_START_READ
  D:0007H         SYMBOL        addr
  D:0001H         SYMBOL        par_buf
BL51 BANKED LINKER/LOCATER V6.22                                                      04/24/2015  12:10:45  PAGE 36


  X:05CCH         SYMBOL        par_buf_len
  X:05CDH         SYMBOL        buf
  X:05D0H         SYMBOL        buf_len
  C:2EA9H         LINE#         47
  C:2EA9H         LINE#         48
  C:2EA9H         LINE#         49
  C:2EB2H         LINE#         51
  C:2EBAH         LINE#         52
  C:2EC2H         LINE#         54
  C:2EC6H         LINE#         56
  C:2ECCH         LINE#         59
  -------         ENDPROC       _I2C_REPEAT_START_READ
  C:0FB4H         SYMBOL        L?0182
  -------         PROC          _I2C_PROCESS
  X:05C4H         SYMBOL        pt
  -------         DO            
  X:05C7H         SYMBOL        PT_YIELD_FLAG
  -------         ENDDO         
  C:0DC0H         LINE#         61
  C:0DC6H         LINE#         62
  C:0DC6H         LINE#         63
  C:0E05H         LINE#         65
  C:0E05H         LINE#         66
  C:0E05H         LINE#         68
  C:0E16H         LINE#         69
  C:0E1BH         LINE#         72
  C:0E1DH         LINE#         76
  C:0E1FH         LINE#         77
  C:0E21H         LINE#         78
  C:0E23H         LINE#         79
  C:0E35H         LINE#         80
  C:0E37H         LINE#         85
  C:0E50H         LINE#         88
  C:0E56H         LINE#         89
  C:0E56H         LINE#         91
  C:0E56H         LINE#         92
  C:0E56H         LINE#         93
  C:0E56H         LINE#         94
  C:0E68H         LINE#         99
  C:0E68H         LINE#         105
  C:0E9FH         LINE#         106
  C:0EA5H         LINE#         107
  C:0EA5H         LINE#         109
  C:0EA5H         LINE#         110
  C:0EA5H         LINE#         111
  C:0EA5H         LINE#         112
  C:0EB7H         LINE#         113
  C:0EB7H         LINE#         115
  C:0EB7H         LINE#         116
  C:0EBAH         LINE#         117
  C:0EBAH         LINE#         122
  C:0EBCH         LINE#         123
  C:0EBEH         LINE#         124
  C:0EBEH         LINE#         125
  C:0ED0H         LINE#         126
  C:0ED2H         LINE#         128
  C:0ED9H         LINE#         131
BL51 BANKED LINKER/LOCATER V6.22                                                      04/24/2015  12:10:45  PAGE 37


  C:0EF2H         LINE#         133
  C:0EF8H         LINE#         134
  C:0EF8H         LINE#         136
  C:0EF8H         LINE#         137
  C:0EF8H         LINE#         138
  C:0EF8H         LINE#         139
  C:0F0AH         LINE#         140
  C:0F0AH         LINE#         142
  C:0F0AH         LINE#         143
  C:0F0CH         LINE#         144
  C:0F0CH         LINE#         147
  C:0F47H         LINE#         148
  C:0F4DH         LINE#         149
  C:0F4DH         LINE#         151
  C:0F4DH         LINE#         152
  C:0F4DH         LINE#         153
  C:0F4DH         LINE#         154
  C:0F5FH         LINE#         155
  C:0F61H         LINE#         157
  C:0F66H         LINE#         158
  C:0F71H         LINE#         159
  C:0F71H         LINE#         163
  C:0F71H         LINE#         164
  C:0F71H         LINE#         165
  C:0F71H         LINE#         166
  C:0F83H         LINE#         167
  C:0F85H         LINE#         171
  C:0FADH         LINE#         174
  C:0FADH         LINE#         175
  C:0FB3H         LINE#         177
  -------         ENDPROC       _I2C_PROCESS
  -------         PROC          _I2C_READ_BUF
  X:05C8H         SYMBOL        pt
  X:05CBH         SYMBOL        buf
  X:05CEH         SYMBOL        len
  -------         DO            
  X:056DH         SYMBOL        read_byte_counter
  X:056EH         SYMBOL        bit_counter
  X:056FH         SYMBOL        recieve_byte
  -------         DO            
  X:05CFH         SYMBOL        PT_YIELD_FLAG
  -------         ENDDO         
  -------         ENDDO         
  C:2352H         LINE#         179
  C:2358H         LINE#         180
  C:2358H         LINE#         181
  C:2358H         LINE#         183
  C:2379H         LINE#         185
  C:237EH         LINE#         187
  C:2386H         LINE#         188
  C:2386H         LINE#         189
  C:238BH         LINE#         190
  C:238DH         LINE#         191
  C:238FH         LINE#         192
  C:23A4H         LINE#         193
  C:23A9H         LINE#         194
  C:23A9H         LINE#         195
BL51 BANKED LINKER/LOCATER V6.22                                                      04/24/2015  12:10:45  PAGE 38


  C:23ABH         LINE#         198
  C:23B8H         LINE#         199
  C:23BAH         LINE#         200
  C:23C4H         LINE#         202
  C:23DCH         LINE#         203
  C:23E2H         LINE#         206
  C:23E4H         LINE#         207
  C:23E9H         LINE#         208
  C:23E9H         LINE#         210
  C:23EBH         LINE#         212
  C:23EDH         LINE#         214
  C:23EDH         LINE#         216
  C:23EFH         LINE#         217
  C:23EFH         LINE#         219
  C:23F1H         LINE#         220
  C:2406H         LINE#         221
  C:2408H         LINE#         223
  C:240AH         LINE#         225
  C:240DH         LINE#         226
  C:240FH         LINE#         227
  C:2414H         LINE#         228
  C:241DH         LINE#         229
  -------         ENDPROC       _I2C_READ_BUF
  -------         PROC          _I2C_WRITE_BUF
  X:05C8H         SYMBOL        pt
  X:05CBH         SYMBOL        buf
  X:05CEH         SYMBOL        len
  -------         DO            
  X:0570H         SYMBOL        write_byte_counter
  X:0571H         SYMBOL        bit_counter
  X:0572H         SYMBOL        write_byte
  -------         DO            
  X:05CFH         SYMBOL        PT_YIELD_FLAG
  -------         ENDDO         
  -------         ENDDO         
  C:217EH         LINE#         231
  C:2184H         LINE#         232
  C:2184H         LINE#         233
  C:2184H         LINE#         234
  C:21A5H         LINE#         235
  C:21A7H         LINE#         236
  C:21ACH         LINE#         237
  C:21BCH         LINE#         238
  C:21BCH         LINE#         241
  C:21D2H         LINE#         242
  C:21D8H         LINE#         243
  C:21DAH         LINE#         244
  C:21EFH         LINE#         245
  C:21F4H         LINE#         246
  C:21F4H         LINE#         248
  C:21FBH         LINE#         249
  C:21FDH         LINE#         251
  C:21FFH         LINE#         252
  C:2214H         LINE#         253
  C:2216H         LINE#         256
  C:2220H         LINE#         257
  C:2222H         LINE#         258
BL51 BANKED LINKER/LOCATER V6.22                                                      04/24/2015  12:10:45  PAGE 39


  C:2224H         LINE#         259
  C:2238H         LINE#         260
  C:223AH         LINE#         261
  C:224EH         LINE#         262
  C:2250H         LINE#         263
  C:2252H         LINE#         264
  C:2258H         LINE#         265
  C:2258H         LINE#         266
  C:225EH         LINE#         267
  C:226CH         LINE#         268
  C:226CH         LINE#         269
  C:226CH         LINE#         270
  C:2271H         LINE#         271
  C:227AH         LINE#         272
  -------         ENDPROC       _I2C_WRITE_BUF
  -------         PROC          _I2C_READ_COMPLETE
  X:05C8H         SYMBOL        pt
  -------         DO            
  X:05CBH         SYMBOL        PT_YIELD_FLAG
  -------         ENDDO         
  C:27E2H         LINE#         274
  C:27E8H         LINE#         275
  C:27E8H         LINE#         276
  C:27F2H         LINE#         277
  C:2802H         LINE#         278
  C:2802H         LINE#         279
  C:2816H         LINE#         280
  C:2827H         LINE#         281
  C:2838H         LINE#         282
  C:2848H         LINE#         283
  C:2848H         LINE#         284
  C:284CH         LINE#         286
  C:285AH         LINE#         287
  -------         ENDPROC       _I2C_READ_COMPLETE
  -------         ENDMOD        I2C

  -------         MODULE        CALIBRATE
  C:0000H         SYMBOL        _ICE_DUMMY_
  D:0088H         PUBLIC        TCON
  D:0098H         PUBLIC        SCON
  D:00A0H         PUBLIC        P2
  D:00A8H         PUBLIC        IE
  D:00B0H         PUBLIC        P3
  D:00B8H         PUBLIC        IP
  D:00C0H         PUBLIC        WDCON
  D:00C8H         PUBLIC        T2CON
  D:00D0H         PUBLIC        PSW
  D:00D8H         PUBLIC        ADCSTAT
  D:00E8H         PUBLIC        I2CCON
  D:00E8H         PUBLIC        DCON
  D:00F8H         PUBLIC        SPICON
  C:28D3H         PUBLIC        _Calibrate
  C:2D13H         PUBLIC        RestoreCalibrate
  C:25A0H         PUBLIC        _GetCalibrateVal
  -------         PROC          _GETCALIBRATEVAL
  X:05C8H         SYMBOL        channel_num
  X:05C9H         SYMBOL        ADC_Code
BL51 BANKED LINKER/LOCATER V6.22                                                      04/24/2015  12:10:45  PAGE 40


  -------         DO            
  X:05CDH         SYMBOL        result
  -------         ENDDO         
  C:25A0H         LINE#         4
  C:25A5H         LINE#         5
  C:25A5H         LINE#         6
  C:25AFH         LINE#         8
  C:2607H         LINE#         10
  C:2624H         LINE#         11
  C:2624H         LINE#         12
  C:262CH         LINE#         13
  C:262CH         LINE#         15
  C:262CH         LINE#         16
  C:2644H         LINE#         17
  C:2644H         LINE#         18
  C:264AH         LINE#         19
  C:264AH         LINE#         21
  C:264AH         LINE#         22
  C:265BH         LINE#         23
  C:265BH         LINE#         24
  C:265BH         LINE#         25
  -------         ENDPROC       _GETCALIBRATEVAL
  -------         PROC          RESTORECALIBRATE
  -------         DO            
  X:05C4H         SYMBOL        i
  -------         ENDDO         
  C:2D13H         LINE#         27
  C:2D13H         LINE#         28
  C:2D13H         LINE#         29
  C:2D18H         LINE#         30
  C:2D23H         LINE#         31
  C:2D23H         LINE#         32
  C:2D4BH         LINE#         33
  C:2D53H         LINE#         36
  -------         ENDPROC       RESTORECALIBRATE
  -------         PROC          _CALIBRATE
  X:05D0H         SYMBOL        channel_num
  X:05D1H         SYMBOL        K
  X:05D5H         SYMBOL        C
  C:28D3H         LINE#         38
  C:28D9H         LINE#         39
  C:28D9H         LINE#         40
  C:28F7H         LINE#         41
  C:2917H         LINE#         42
  C:2942H         LINE#         44
  -------         ENDPROC       _CALIBRATE
  -------         ENDMOD        CALIBRATE

  -------         MODULE        ULONGSORT
  C:0000H         SYMBOL        _ICE_DUMMY_
  D:0088H         PUBLIC        TCON
  D:0098H         PUBLIC        SCON
  D:00A0H         PUBLIC        P2
  D:00A8H         PUBLIC        IE
  D:00B0H         PUBLIC        P3
  D:00B8H         PUBLIC        IP
  D:00C0H         PUBLIC        WDCON
BL51 BANKED LINKER/LOCATER V6.22                                                      04/24/2015  12:10:45  PAGE 41


  D:00C8H         PUBLIC        T2CON
  D:00D0H         PUBLIC        PSW
  D:00D8H         PUBLIC        ADCSTAT
  D:00E8H         PUBLIC        I2CCON
  D:00E8H         PUBLIC        DCON
  D:00F8H         PUBLIC        SPICON
  C:0FD5H         PUBLIC        _ulongsort_process
  X:059FH         PUBLIC        mas_copy
  X:05BFH         PUBLIC        mid_cycle_counter
  X:05C0H         PUBLIC        temp
  C:2A1BH         SYMBOL        Com002F
  C:2A1BH         SYMBOL        L?0048
  C:2A1BH         SYMBOL        L?0049
  C:2A20H         SYMBOL        L?0050
  C:2A2CH         SYMBOL        L?0051
  C:2A38H         SYMBOL        L?0052
  C:2A3AH         SYMBOL        L?0053
  C:2A46H         SYMBOL        L?0054
  C:2A46H         SYMBOL        L?0055
  C:2A59H         SYMBOL        L?0056
  C:2A59H         SYMBOL        L?0057
  C:2A69H         SYMBOL        L?0058
  C:2A69H         SYMBOL        L?0059
  C:2A72H         SYMBOL        L?0060
  -------         PROC          COM002F
  -------         ENDPROC       COM002F
  -------         PROC          _ULONGSORT_PROCESS
  X:05C4H         SYMBOL        pt
  -------         DO            
  X:059CH         SYMBOL        counter
  X:059DH         SYMBOL        i
  X:059EH         SYMBOL        j
  -------         DO            
  X:05C7H         SYMBOL        PT_YIELD_FLAG
  -------         ENDDO         
  -------         ENDDO         
  C:0FD5H         LINE#         8
  C:0FE0H         LINE#         9
  C:0FE0H         LINE#         10
  C:0FE0H         LINE#         12
  C:100DH         LINE#         14
  C:100DH         LINE#         15
  C:100DH         LINE#         16
  C:103BH         LINE#         19
  C:1041H         LINE#         20
  C:1041H         LINE#         21
  C:1045H         LINE#         22
  C:1053H         LINE#         23
  C:1053H         LINE#         24
  C:105BH         LINE#         25
  C:1061H         LINE#         26
  C:1074H         LINE#         27
  C:1074H         LINE#         29
  C:107BH         LINE#         30
  C:107BH         LINE#         31
  C:107EH         LINE#         32
  C:107EH         LINE#         33
BL51 BANKED LINKER/LOCATER V6.22                                                      04/24/2015  12:10:45  PAGE 42


  C:107EH         LINE#         36
  C:10A9H         LINE#         37
  C:10BCH         LINE#         39
  C:10C2H         LINE#         40
  C:10C2H         LINE#         41
  C:10D2H         LINE#         42
  C:10D2H         LINE#         43
  C:10E4H         LINE#         44
  C:10E4H         LINE#         45
  C:10F0H         LINE#         46
  C:10FEH         LINE#         47
  C:1118H         LINE#         48
  C:1118H         LINE#         49
  C:112BH         LINE#         50
  C:1134H         LINE#         51
  C:113DH         LINE#         53
  C:1169H         LINE#         55
  C:1179H         LINE#         56
  C:1179H         LINE#         57
  C:11A5H         LINE#         58
  C:11A5H         LINE#         60
  C:11AAH         LINE#         61
  C:11B6H         LINE#         63
  C:11B6H         LINE#         64
  C:11C1H         LINE#         65
  -------         ENDPROC       _ULONGSORT_PROCESS
  -------         ENDMOD        ULONGSORT

  -------         MODULE        TIMER1
  C:0000H         SYMBOL        _ICE_DUMMY_
  D:0088H         PUBLIC        TCON
  D:0089H         PUBLIC        TMOD
  D:008BH         PUBLIC        TL1
  D:008DH         PUBLIC        TH1
  D:0098H         PUBLIC        SCON
  D:00A0H         PUBLIC        P2
  D:00A8H         PUBLIC        IE
  D:00B0H         PUBLIC        P3
  D:00B8H         PUBLIC        IP
  D:00C0H         PUBLIC        WDCON
  D:00C8H         PUBLIC        T2CON
  D:00D0H         PUBLIC        PSW
  D:00D8H         PUBLIC        ADCSTAT
  D:00E8H         PUBLIC        I2CCON
  D:00E8H         PUBLIC        DCON
  D:00F8H         PUBLIC        SPICON
  B:0088H.6       PUBLIC        TR1
  B:00A8H.3       PUBLIC        ET1
  C:2F68H         PUBLIC        Timer1_Initialize
  -------         PROC          TIMER1_INITIALIZE
  C:2F68H         LINE#         4
  C:2F68H         LINE#         5
  C:2F68H         LINE#         6
  C:2F6BH         LINE#         7
  C:2F6EH         LINE#         9
  C:2F71H         LINE#         10
  C:2F74H         LINE#         13
BL51 BANKED LINKER/LOCATER V6.22                                                      04/24/2015  12:10:45  PAGE 43


  C:2F76H         LINE#         14
  C:2F78H         LINE#         16
  -------         ENDPROC       TIMER1_INITIALIZE
  -------         ENDMOD        TIMER1

  -------         MODULE        ?C?FPADD
  C:003DH         PUBLIC        ?C?FPADD
  C:0039H         PUBLIC        ?C?FPSUB
  -------         ENDMOD        ?C?FPADD

  -------         MODULE        ?C?FPMUL
  C:012EH         PUBLIC        ?C?FPMUL
  -------         ENDMOD        ?C?FPMUL

  -------         MODULE        ?C?FPCMP
  C:0236H         PUBLIC        ?C?FPCMP
  C:0234H         PUBLIC        ?C?FPCMP3
  -------         ENDMOD        ?C?FPCMP

  -------         MODULE        ?C?FCAST
  C:02ABH         PUBLIC        ?C?FCASTC
  C:02A6H         PUBLIC        ?C?FCASTI
  C:02A1H         PUBLIC        ?C?FCASTL
  -------         ENDMOD        ?C?FCAST

  -------         MODULE        ?C?CASTF
  C:02DFH         PUBLIC        ?C?CASTF
  -------         ENDMOD        ?C?CASTF

  -------         MODULE        ?C?CLDOPTR
  C:0360H         PUBLIC        ?C?CLDOPTR
  -------         ENDMOD        ?C?CLDOPTR

  -------         MODULE        ?C?CSTOPTR
  C:038DH         PUBLIC        ?C?CSTOPTR
  -------         ENDMOD        ?C?CSTOPTR

  -------         MODULE        ?C?IILDX
  C:03AFH         PUBLIC        ?C?IILDX
  -------         ENDMOD        ?C?IILDX

  -------         MODULE        ?C?ILDPTR
  C:03C5H         PUBLIC        ?C?ILDPTR
  -------         ENDMOD        ?C?ILDPTR

  -------         MODULE        ?C?ILDOPTR
  C:03F0H         PUBLIC        ?C?ILDOPTR
  -------         ENDMOD        ?C?ILDOPTR

  -------         MODULE        ?C?ISTPTR
  C:0428H         PUBLIC        ?C?ISTPTR
  -------         ENDMOD        ?C?ISTPTR

  -------         MODULE        ?C?ISTOPTR
  C:0447H         PUBLIC        ?C?ISTOPTR
  -------         ENDMOD        ?C?ISTOPTR

BL51 BANKED LINKER/LOCATER V6.22                                                      04/24/2015  12:10:45  PAGE 44


  -------         MODULE        ?C?ULDIV
  C:04B0H         PUBLIC        ?C?ULDIV
  -------         ENDMOD        ?C?ULDIV

  -------         MODULE        ?C?SLDIV
  C:2CCFH         PUBLIC        ?C?SLDIV
  -------         ENDMOD        ?C?SLDIV

  -------         MODULE        ?C?LNEG
  C:0542H         PUBLIC        ?C?LNEG
  -------         ENDMOD        ?C?LNEG

  -------         MODULE        ?C?ULCMP
  C:0550H         PUBLIC        ?C?ULCMP
  -------         ENDMOD        ?C?ULCMP

  -------         MODULE        ?C?ULSHR
  C:0561H         PUBLIC        ?C?ULSHR
  -------         ENDMOD        ?C?ULSHR

  -------         MODULE        ?C?LSHL
  C:0574H         PUBLIC        ?C?LSHL
  -------         ENDMOD        ?C?LSHL

  -------         MODULE        ?C?LSTXDATA
  C:0587H         PUBLIC        ?C?LSTXDATA
  -------         ENDMOD        ?C?LSTXDATA

  -------         MODULE        ?C?LSTKXDATA
  C:0593H         PUBLIC        ?C?LSTKXDATA
  -------         ENDMOD        ?C?LSTKXDATA

  -------         MODULE        ?C?OFFXADD
  C:05C4H         PUBLIC        ?C?OFFXADD
  -------         ENDMOD        ?C?OFFXADD

  -------         MODULE        ?C?CCASE
  C:05D0H         PUBLIC        ?C?CCASE
  -------         ENDMOD        ?C?CCASE

  -------         MODULE        ?C?ICASE
  C:05F6H         PUBLIC        ?C?ICASE
  -------         ENDMOD        ?C?ICASE

  -------         MODULE        ?C?COPYAB2
  C:06E3H         PUBLIC        ?C?COPYAB2
  -------         ENDMOD        ?C?COPYAB2

Program Size: data=19.0 xdata=1522 code=12195
LINK/LOCATE RUN COMPLETE.  0 WARNING(S),  0 ERROR(S)
