BL51 BANKED LINKER/LOCATER V6.22                                                        06/27/2014  12:43:34  PAGE 1


BL51 BANKED LINKER/LOCATER V6.22, INVOKED BY:
C:\PROGRAM FILES\KEIL\C51\BIN\BL51.EXE debug.obj, timer3.obj, adc.obj, eeprom.obj, watchdog.obj, proto_uso.obj, channels
>> .obj, START_AD.obj, frequency.obj, timer0.obj, timer2.obj, i2c.obj, calibrate.obj, ulongsort.obj, timer1.obj, crc_tab
>> le.obj, modbus_ascii.obj TO debug RAMSIZE (256) XDATA (0X0000-0X7FFE)


MEMORY MODEL: LARGE WITH FLOATING POINT ARITHMETIC


INPUT MODULES INCLUDED:
  debug.obj (DEBUG)
  timer3.obj (TIMER3)
  adc.obj (ADC)
  eeprom.obj (EEPROM)
  watchdog.obj (WATCHDOG)
  proto_uso.obj (PROTO_USO)
  channels.obj (CHANNELS)
  START_AD.obj (?C_STARTUP)
  frequency.obj (FREQUENCY)
  timer0.obj (TIMER0)
  timer2.obj (TIMER2)
  i2c.obj (I2C)
  calibrate.obj (CALIBRATE)
  ulongsort.obj (ULONGSORT)
  timer1.obj (TIMER1)
  crc_table.obj (CRC_TABLE)
  modbus_ascii.obj (MODBUS_ASCII)
  C:\PROGRAM FILES\KEIL\C51\LIB\C51FPL.LIB (?C?FPADD)
  C:\PROGRAM FILES\KEIL\C51\LIB\C51FPL.LIB (?C?FPMUL)
  C:\PROGRAM FILES\KEIL\C51\LIB\C51FPL.LIB (?C?FPCMP)
  C:\PROGRAM FILES\KEIL\C51\LIB\C51FPL.LIB (?C?FCAST)
  C:\PROGRAM FILES\KEIL\C51\LIB\C51FPL.LIB (?C?CASTF)
  C:\PROGRAM FILES\KEIL\C51\LIB\C51FPL.LIB (?C?FPGETOPN)
  C:\PROGRAM FILES\KEIL\C51\LIB\C51L.LIB (?C_INIT)
  C:\PROGRAM FILES\KEIL\C51\LIB\C51L.LIB (?C?COPY)
  C:\PROGRAM FILES\KEIL\C51\LIB\C51L.LIB (?C?CLDPTR)
  C:\PROGRAM FILES\KEIL\C51\LIB\C51L.LIB (?C?CLDOPTR)
  C:\PROGRAM FILES\KEIL\C51\LIB\C51L.LIB (?C?CILDOPTR)
  C:\PROGRAM FILES\KEIL\C51\LIB\C51L.LIB (?C?CSTPTR)
  C:\PROGRAM FILES\KEIL\C51\LIB\C51L.LIB (?C?CSTOPTR)
  C:\PROGRAM FILES\KEIL\C51\LIB\C51L.LIB (?C?IILDX)
  C:\PROGRAM FILES\KEIL\C51\LIB\C51L.LIB (?C?ILDIX)
  C:\PROGRAM FILES\KEIL\C51\LIB\C51L.LIB (?C?ILDPTR)
  C:\PROGRAM FILES\KEIL\C51\LIB\C51L.LIB (?C?ILDOPTR)
  C:\PROGRAM FILES\KEIL\C51\LIB\C51L.LIB (?C?ISTPTR)
  C:\PROGRAM FILES\KEIL\C51\LIB\C51L.LIB (?C?ISTOPTR)
  C:\PROGRAM FILES\KEIL\C51\LIB\C51L.LIB (?C?ULDIV)
  C:\PROGRAM FILES\KEIL\C51\LIB\C51L.LIB (?C?SLDIV)
  C:\PROGRAM FILES\KEIL\C51\LIB\C51L.LIB (?C?LNEG)
  C:\PROGRAM FILES\KEIL\C51\LIB\C51L.LIB (?C?ULCMP)
  C:\PROGRAM FILES\KEIL\C51\LIB\C51L.LIB (?C?ULSHR)
  C:\PROGRAM FILES\KEIL\C51\LIB\C51L.LIB (?C?LSHL)
  C:\PROGRAM FILES\KEIL\C51\LIB\C51L.LIB (?C?LSTXDATA)
  C:\PROGRAM FILES\KEIL\C51\LIB\C51L.LIB (?C?LSTKXDATA)
  C:\PROGRAM FILES\KEIL\C51\LIB\C51L.LIB (?C?OFFXADD)
  C:\PROGRAM FILES\KEIL\C51\LIB\C51L.LIB (?C?CCASE)
  C:\PROGRAM FILES\KEIL\C51\LIB\C51L.LIB (?C?ICASE)

BL51 BANKED LINKER/LOCATER V6.22                                                      06/27/2014  12:43:34  PAGE 2



LINK MAP OF MODULE:  debug (DEBUG)


            TYPE    BASE      LENGTH    RELOCATION   SEGMENT NAME
            -----------------------------------------------------

            * * * * * * *   D A T A   M E M O R Y   * * * * * * *
            REG     0000H     0008H     ABSOLUTE     "REG BANK 0"
            DATA    0008H     0002H     UNIT         _DATA_GROUP_
            DATA    000AH     0001H     UNIT         ?DT?WATCHDOG
            DATA    000BH     0001H     UNIT         ?DT?PROTO_USO
            IDATA   000CH     0006H     UNIT         ?ID?I2C
            IDATA   0012H     0001H     UNIT         ?STACK

            * * * * * * *  X D A T A   M E M O R Y  * * * * * * *
            XDATA   0000H     037FH     UNIT         ?XD?PROTO_USO
            XDATA   037FH     015FH     UNIT         ?XD?CHANNELS
            XDATA   04DEH     0132H     UNIT         ?XD?ADC
            XDATA   0610H     006BH     UNIT         ?XD?FREQUENCY
            XDATA   067BH     0031H     UNIT         ?XD?I2C
            XDATA   06ACH     0028H     UNIT         ?XD?ULONGSORT
            XDATA   06D4H     001EH     UNIT         _XDATA_GROUP_
            XDATA   06F2H     0019H     UNIT         ?XD?WATCHDOG
            XDATA   070BH     0010H     UNIT         ?XD?DEBUG
            XDATA   071BH     000DH     UNIT         ?XD?_STORE_DEV_ADDRESS_DESC?PROTO_USO
            XDATA   0728H     0008H     UNIT         ?XD?CHANNEL_SET_CALIBRATE?PROTO_USO
            XDATA   0730H     0007H     UNIT         ?XD?MODBUS_ASCII
            XDATA   0737H     0006H     UNIT         ?XD?_PROTO_PASTE_NULL?PROTO_USO
            XDATA   073DH     0005H     UNIT         ?XD?_OLD_CRC_CHECK?PROTO_USO
            XDATA   0742H     0004H     UNIT         ?XD?_PROTOPROCESS?PROTO_USO
            XDATA   0746H     0004H     UNIT         ?XD?_RINGBUFHANDLING?PROTO_USO
            XDATA   074AH     0004H     UNIT         ?XD?_FREQUENCY_MEASURE_PROCESS?FREQUENCY
            XDATA   074EH     0004H     UNIT         ?XD?_SYM_8_TO_LONG?MODBUS_ASCII
            XDATA   0752H     0002H     UNIT         ?XD?OLD_CHANNEL_GET_DATA?PROTO_USO
            XDATA   0754H     0002H     UNIT         ?XD?OLD_CHANNEL_GET_DATA_STATE?PROTO_USO
            XDATA   0756H     0002H     UNIT         ?XD?OLD_CHANNEL_GET_STATE?PROTO_USO
            XDATA   0758H     0002H     UNIT         ?XD?RESTORE_DEV_ADDRESS_DESC?PROTO_USO
            XDATA   075AH     0002H     UNIT         ?XD?_INT_TO_SYM_4?MODBUS_ASCII
            XDATA   075CH     0001H     UNIT         ?XD?CHANNEL_SET_ADDRESS_DESC?PROTO_USO
            XDATA   075DH     0001H     UNIT         ?XD?_REQUEST_ERROR?PROTO_USO
            XDATA   075EH     0001H     UNIT         ?XD?OLD_CHANNEL_SET_ADC_RANGE?PROTO_USO

            * * * * * * *   C O D E   M E M O R Y   * * * * * * *
            CODE    0000H     0003H     ABSOLUTE     
            CODE    0003H     0003H     ABSOLUTE     
            CODE    0006H     0003H     UNIT         ?PR?NODE_FULL_INIT?PROTO_USO
                    0009H     0002H                  *** GAP ***
            CODE    000BH     0003H     ABSOLUTE     
            CODE    000EH     0003H     UNIT         ?PR?CHANNEL_LIST_INIT?PROTO_USO
                    0011H     0002H                  *** GAP ***
            CODE    0013H     0003H     ABSOLUTE     
            CODE    0016H     0003H     UNIT         ?PR?CHANNEL_GET_DATA?PROTO_USO
                    0019H     0002H                  *** GAP ***
            CODE    001BH     0003H     ABSOLUTE     
            CODE    001EH     0003H     UNIT         ?PR?CHANNEL_SET_ORDER_QUERY?PROTO_USO
                    0021H     0002H                  *** GAP ***
BL51 BANKED LINKER/LOCATER V6.22                                                      06/27/2014  12:43:34  PAGE 3


            CODE    0023H     0003H     ABSOLUTE     
            CODE    0026H     0003H     UNIT         ?PR?CHANNEL_GET_DATA_ORDER?PROTO_USO
                    0029H     0002H                  *** GAP ***
            CODE    002BH     0003H     ABSOLUTE     
            CODE    002EH     0003H     UNIT         ?PR?CHANNEL_SET_STATE?PROTO_USO
                    0031H     0002H                  *** GAP ***
            CODE    0033H     0003H     ABSOLUTE     
            CODE    0036H     0757H     UNIT         ?C?LIB_CODE
            CODE    078DH     0478H     UNIT         ?PR?_RINGBUFHANDLING?PROTO_USO
            CODE    0C05H     03FAH     UNIT         ?PR?CHANNEL_ALL_GET_DATA?PROTO_USO
            CODE    0FFFH     03B8H     UNIT         ?PR?OLD_CHANNEL_GET_DATA_STATE?PROTO_USO
            CODE    13B7H     038CH     UNIT         ?PR?_I2C_PROCESS?I2C
            CODE    1743H     0361H     UNIT         ?C_INITSEG
            CODE    1AA4H     0345H     UNIT         ?PR?READHOLDINGREG?MODBUS_ASCII
            CODE    1DE9H     0330H     UNIT         ?PR?_ULONGSORT_PROCESS?ULONGSORT
            CODE    2119H     0323H     UNIT         ?PR?_PROTOPROCESS?PROTO_USO
            CODE    243CH     02FAH     UNIT         ?PR?OLD_CHANNEL_GET_DATA?PROTO_USO
            CODE    2736H     02D2H     UNIT         ?PR?TIMER2_ISR?FREQUENCY
            CODE    2A08H     0288H     UNIT         ?PR?_FREQUENCY_MEASURE_PROCESS?FREQUENCY
            CODE    2C90H     01E8H     UNIT         ?PR?CHANNELS_SET_DEFAULT?CHANNELS
            CODE    2E78H     0189H     UNIT         ?PR?_STORE_DEV_ADDRESS_DESC?PROTO_USO
            CODE    3001H     0173H     UNIT         ?PR?OLD_CHANNEL_GET_STATE?PROTO_USO
            CODE    3174H     016EH     UNIT         ?PR?OLD_CHANNEL_SET_ADC_RANGE?PROTO_USO
            CODE    32E2H     0165H     UNIT         ?PR?PROTOBUFHANDLING?PROTO_USO
            CODE    3447H     0162H     UNIT         ?PR?SEND_INFO?PROTO_USO
            CODE    35A9H     0151H     UNIT         ?PR?_I2C_WRITE_BUF?I2C
            CODE    36FAH     0140H     UNIT         ?PR?CHANNEL_SET_PARAMETERS?PROTO_USO
            CODE    383AH     0132H     UNIT         ?PR?ADC_ISR?ADC
            CODE    396CH     0110H     UNIT         ?PR?_PROTO_PASTE_NULL?PROTO_USO
            CODE    3A7CH     0110H     UNIT         ?PR?_I2C_READ_BUF?I2C
            CODE    3B8CH     010DH     UNIT         ?PR?_WDT_PROCESS?WATCHDOG
            CODE    3C99H     0105H     UNIT         ?PR?CHANNEL_GET_CALIBRATE_VALUE?PROTO_USO
            CODE    3D9EH     0100H     UNIT         ?CO?CRC_TABLE
            CODE    3E9EH     00F1H     UNIT         ?PR?RESTORE_DEV_ADDRESS_DESC?PROTO_USO
            CODE    3F8FH     00E5H     UNIT         ?PR?CHANNEL_SET_CALIBRATE?PROTO_USO
            CODE    4074H     00E3H     UNIT         ?PR?_EEPROM_WRITE?EEPROM
            CODE    4157H     00DFH     UNIT         ?PR?_EEPROM_READ?EEPROM
            CODE    4236H     00C6H     UNIT         ?PR?_I2C_READ_COMPLETE?I2C
            CODE    42FCH     00C3H     UNIT         ?PR?_CALIBRATE_SET_FLAG?CALIBRATE
            CODE    43BFH     00C0H     UNIT         ?PR?FREQUENCY_INIT?FREQUENCY
            CODE    447FH     00BCH     UNIT         ?PR?_GETCALIBRATEVAL?CALIBRATE
            CODE    453BH     00AEH     UNIT         ?PR?_I2C_REPEATREAD?DEBUG
            CODE    45E9H     00A2H     UNIT         ?PR?_CALIBRATE?CALIBRATE
            CODE    468BH     00A1H     UNIT         ?PR?MAIN?DEBUG
            CODE    472CH     009DH     UNIT         ?PR?ADC_RESTORE_SETTINGS?ADC
            CODE    47C9H     009DH     UNIT         ?C_C51STARTUP
            CODE    4866H     009DH     UNIT         ?PR?RESTORECALIBRATE?CALIBRATE
            CODE    4903H     0098H     UNIT         ?PR?CHANNELSINIT?CHANNELS
            CODE    499BH     0098H     UNIT         ?PR?RESTORE_CHANNELS_DATA?CHANNELS
            CODE    4A33H     0089H     UNIT         ?PR?_SYM_8_TO_LONG?MODBUS_ASCII
            CODE    4ABCH     0079H     UNIT         ?PR?_LRC_CHECK?MODBUS_ASCII
            CODE    4B35H     0078H     UNIT         ?PR?CHANNEL_SET_ADDRESS_DESC?PROTO_USO
            CODE    4BADH     0076H     UNIT         ?PR?_OLD_CRC_CHECK?PROTO_USO
            CODE    4C23H     0075H     UNIT         ?PR?UART_ISR?PROTO_USO
            CODE    4C98H     006BH     UNIT         ?PR?STORE_CHANNELS_DATA?CHANNELS
            CODE    4D03H     006BH     UNIT         ?PR?INT2_ISR?FREQUENCY
            CODE    4D6EH     006BH     UNIT         ?PR?_LONG_TO_SYM_8?MODBUS_ASCII
BL51 BANKED LINKER/LOCATER V6.22                                                      06/27/2014  12:43:34  PAGE 4


            CODE    4DD9H     0067H     UNIT         ?PR?TIMER1_INTERRUPT?DEBUG
            CODE    4E40H     0065H     UNIT         ?PR?INT0_ISR?FREQUENCY
            CODE    4EA5H     0065H     UNIT         ?PR?INT1_ISR?FREQUENCY
            CODE    4F0AH     005BH     UNIT         ?PR?_REQUEST_ERROR?PROTO_USO
            CODE    4F65H     0058H     UNIT         ?PR?CHANNELS_GET_SETTINGS_CRC?CHANNELS
            CODE    4FBDH     0058H     UNIT         ?PR?CALIBRATE_GET_CRC?CALIBRATE
            CODE    5015H     004EH     UNIT         ?PR?_INT_TO_SYM_4?MODBUS_ASCII
            CODE    5063H     004DH     UNIT         ?PR?CALIBRATE_SET_DEFAULT?CALIBRATE
            CODE    50B0H     0045H     UNIT         ?PR?_SYM_4_TO_INT?MODBUS_ASCII
            CODE    50F5H     0044H     UNIT         ?C?LDIV
            CODE    5139H     0039H     UNIT         ?PR?_WDT_INIT?WATCHDOG
            CODE    5172H     0030H     UNIT         ?PR?PROTOCOL_INIT?PROTO_USO
            CODE    51A2H     002DH     UNIT         ?PR?ADC_INITIALIZE?ADC
            CODE    51CFH     0029H     UNIT         ?PR?_I2C_REPEAT_START_READ?I2C
            CODE    51F8H     0029H     UNIT         ?PR?_MBCHAR2BIN?MODBUS_ASCII
            CODE    5221H     0025H     UNIT         ?PR?_MBBIN2CHAR?MODBUS_ASCII
            CODE    5246H     0023H     UNIT         ?PR?_CRC_CHECK?CRC_TABLE
            CODE    5269H     001EH     UNIT         ?PR?_CHAR_TO_SYM_2?MODBUS_ASCII
            CODE    5287H     001BH     UNIT         ?PR?_SYM_2_TO_CHAR?MODBUS_ASCII
            CODE    52A2H     001AH     UNIT         ?PR?I2C_INIT?I2C
            CODE    52BCH     0015H     UNIT         ?PR?_ADC_OUT_FREQ?ADC
            CODE    52D1H     0014H     UNIT         ?PR?TIMER2_INITIALIZE?TIMER2
            CODE    52E5H     0013H     UNIT         ?PR?CHANNEL_SET_RESET_STATE_FLAGS?PROTO_USO
            CODE    52F8H     0012H     UNIT         ?PR?UART_INIT?TIMER3
            CODE    530AH     0011H     UNIT         ?PR?TIMER0_INITIALIZE?TIMER0
            CODE    531BH     0011H     UNIT         ?PR?TIMER1_INITIALIZE?TIMER1
            CODE    532CH     000CH     UNIT         ?PR?CHANNEL_SET_ALL_DEFAULT?PROTO_USO
            CODE    5338H     000AH     UNIT         ?PR?WDT_CLEAR?WATCHDOG
            CODE    5342H     0007H     UNIT         ?PR?_ADC_SET_MODE?ADC
            CODE    5349H     0003H     UNIT         ?PR?CHANNEL_GET_DATA_ORDER_M2?PROTO_USO
            CODE    534CH     0003H     UNIT         ?PR?OLD_REINIT_BLOCK?PROTO_USO



OVERLAY MAP OF MODULE:   debug (DEBUG)


SEGMENT                                            DATA_GROUP          XDATA_GROUP
  +--> CALLED SEGMENT                            START    LENGTH     START    LENGTH
------------------------------------------------------------------------------------
?C_C51STARTUP                                    -----    -----      -----    -----
  +--> ?PR?MAIN?DEBUG
  +--> ?C_INITSEG

?PR?MAIN?DEBUG                                   -----    -----      -----    -----
  +--> ?PR?RESTORECALIBRATE?CALIBRATE
  +--> ?PR?CHANNELSINIT?CHANNELS
  +--> ?PR?PROTOCOL_INIT?PROTO_USO
  +--> ?PR?TIMER1_INITIALIZE?TIMER1
  +--> ?PR?ADC_INITIALIZE?ADC
  +--> ?PR?UART_INIT?TIMER3
  +--> ?PR?FREQUENCY_INIT?FREQUENCY
  +--> ?PR?_WDT_INIT?WATCHDOG
  +--> ?PR?I2C_INIT?I2C
  +--> ?PR?_I2C_REPEAT_START_READ?I2C
  +--> ?PR?_PROTOPROCESS?PROTO_USO
  +--> ?PR?_I2C_REPEATREAD?DEBUG
BL51 BANKED LINKER/LOCATER V6.22                                                      06/27/2014  12:43:34  PAGE 5


  +--> ?PR?_FREQUENCY_MEASURE_PROCESS?FREQUENCY
  +--> ?PR?_ULONGSORT_PROCESS?ULONGSORT
  +--> ?PR?_I2C_PROCESS?I2C
  +--> ?PR?_WDT_PROCESS?WATCHDOG
  +--> ?PR?_RINGBUFHANDLING?PROTO_USO

?PR?RESTORECALIBRATE?CALIBRATE                   -----    -----      06D4H    0009H
  +--> ?PR?_EEPROM_READ?EEPROM
  +--> ?PR?CALIBRATE_GET_CRC?CALIBRATE
  +--> ?PR?CALIBRATE_SET_DEFAULT?CALIBRATE

?PR?_EEPROM_READ?EEPROM                          -----    -----      06DDH    000AH

?PR?CALIBRATE_GET_CRC?CALIBRATE                  -----    -----      06E8H    0003H
  +--> ?CO?CRC_TABLE

?PR?CALIBRATE_SET_DEFAULT?CALIBRATE              -----    -----      06DDH    0005H
  +--> ?PR?_CALIBRATE_SET_FLAG?CALIBRATE
  +--> ?PR?CALIBRATE_GET_CRC?CALIBRATE
  +--> ?PR?_EEPROM_WRITE?EEPROM

?PR?_CALIBRATE_SET_FLAG?CALIBRATE                -----    -----      06E2H    0006H
  +--> ?PR?_EEPROM_WRITE?EEPROM
  +--> ?PR?CALIBRATE_GET_CRC?CALIBRATE

?PR?_EEPROM_WRITE?EEPROM                         -----    -----      06E8H    000AH

?PR?CHANNELSINIT?CHANNELS                        -----    -----      -----    -----
  +--> ?PR?RESTORE_CHANNELS_DATA?CHANNELS

?PR?RESTORE_CHANNELS_DATA?CHANNELS               -----    -----      06D4H    0009H
  +--> ?PR?_EEPROM_READ?EEPROM
  +--> ?PR?CHANNELS_GET_SETTINGS_CRC?CHANNELS
  +--> ?PR?CHANNELS_SET_DEFAULT?CHANNELS

?PR?CHANNELS_GET_SETTINGS_CRC?CHANNELS           -----    -----      06E2H    0003H
  +--> ?CO?CRC_TABLE

?PR?CHANNELS_SET_DEFAULT?CHANNELS                -----    -----      -----    -----
  +--> ?PR?STORE_CHANNELS_DATA?CHANNELS

?PR?STORE_CHANNELS_DATA?CHANNELS                 -----    -----      06DDH    0005H
  +--> ?PR?_EEPROM_WRITE?EEPROM
  +--> ?PR?CHANNELS_GET_SETTINGS_CRC?CHANNELS

?PR?PROTOCOL_INIT?PROTO_USO                      -----    -----      -----    -----
  +--> ?PR?RESTORE_DEV_ADDRESS_DESC?PROTO_USO

?PR?RESTORE_DEV_ADDRESS_DESC?PROTO_USO           -----    -----      -----    -----
  +--> ?PR?_EEPROM_READ?EEPROM

?PR?ADC_INITIALIZE?ADC                           -----    -----      -----    -----
  +--> ?PR?ADC_RESTORE_SETTINGS?ADC
  +--> ?PR?_ADC_SET_MODE?ADC
  +--> ?PR?_ADC_OUT_FREQ?ADC

?PR?ADC_RESTORE_SETTINGS?ADC                     -----    -----      06D4H    0002H
BL51 BANKED LINKER/LOCATER V6.22                                                      06/27/2014  12:43:34  PAGE 6



?PR?FREQUENCY_INIT?FREQUENCY                     -----    -----      06D4H    0001H
  +--> ?PR?TIMER0_INITIALIZE?TIMER0
  +--> ?PR?TIMER2_INITIALIZE?TIMER2

?PR?_I2C_REPEAT_START_READ?I2C                   -----    -----      06D8H    0009H

?PR?_PROTOPROCESS?PROTO_USO                      -----    -----      -----    -----
  +--> ?PR?_CRC_CHECK?CRC_TABLE
  +--> ?PR?_OLD_CRC_CHECK?PROTO_USO
  +--> ?PR?_SYM_2_TO_CHAR?MODBUS_ASCII
  +--> ?PR?_LRC_CHECK?MODBUS_ASCII
  +--> ?PR?PROTOBUFHANDLING?PROTO_USO
  +--> ?PR?_PROTO_PASTE_NULL?PROTO_USO

?PR?_CRC_CHECK?CRC_TABLE                         -----    -----      -----    -----
  +--> ?CO?CRC_TABLE

?PR?_SYM_2_TO_CHAR?MODBUS_ASCII                  -----    -----      -----    -----
  +--> ?PR?_MBCHAR2BIN?MODBUS_ASCII

?PR?_LRC_CHECK?MODBUS_ASCII                      -----    -----      06D4H    0006H
  +--> ?PR?_MBCHAR2BIN?MODBUS_ASCII

?PR?PROTOBUFHANDLING?PROTO_USO                   -----    -----      -----    -----
  +--> ?PR?SEND_INFO?PROTO_USO
  +--> ?PR?NODE_FULL_INIT?PROTO_USO
  +--> ?PR?CHANNEL_LIST_INIT?PROTO_USO
  +--> ?PR?CHANNEL_GET_DATA?PROTO_USO
  +--> ?PR?CHANNEL_SET_PARAMETERS?PROTO_USO
  +--> ?PR?CHANNEL_SET_ORDER_QUERY?PROTO_USO
  +--> ?PR?CHANNEL_GET_DATA_ORDER?PROTO_USO
  +--> ?PR?CHANNEL_SET_STATE?PROTO_USO
  +--> ?PR?CHANNEL_GET_DATA_ORDER_M2?PROTO_USO
  +--> ?PR?CHANNEL_SET_RESET_STATE_FLAGS?PRO...
  +--> ?PR?CHANNEL_ALL_GET_DATA?PROTO_USO
  +--> ?PR?CHANNEL_SET_ADDRESS_DESC?PROTO_USO
  +--> ?PR?CHANNEL_SET_CALIBRATE?PROTO_USO
  +--> ?PR?CHANNEL_SET_ALL_DEFAULT?PROTO_USO
  +--> ?PR?CHANNEL_GET_CALIBRATE_VALUE?PROTO...
  +--> ?PR?_REQUEST_ERROR?PROTO_USO
  +--> ?PR?OLD_REINIT_BLOCK?PROTO_USO
  +--> ?PR?OLD_CHANNEL_SET_ADC_RANGE?PROTO_USO
  +--> ?PR?OLD_CHANNEL_GET_STATE?PROTO_USO
  +--> ?PR?OLD_CHANNEL_GET_DATA?PROTO_USO
  +--> ?PR?OLD_CHANNEL_GET_DATA_STATE?PROTO_USO
  +--> ?PR?_SYM_2_TO_CHAR?MODBUS_ASCII
  +--> ?PR?READHOLDINGREG?MODBUS_ASCII

?PR?SEND_INFO?PROTO_USO                          -----    -----      -----    -----
  +--> ?PR?_CRC_CHECK?CRC_TABLE

?PR?CHANNEL_SET_PARAMETERS?PROTO_USO             -----    -----      06D4H    0001H
  +--> ?PR?_REQUEST_ERROR?PROTO_USO
  +--> ?PR?STORE_CHANNELS_DATA?CHANNELS

?PR?_REQUEST_ERROR?PROTO_USO                     -----    -----      -----    -----
BL51 BANKED LINKER/LOCATER V6.22                                                      06/27/2014  12:43:34  PAGE 7


  +--> ?PR?_CRC_CHECK?CRC_TABLE

?PR?CHANNEL_SET_RESET_STATE_FLAGS?PRO...         -----    -----      -----    -----
  +--> ?PR?CHANNELSINIT?CHANNELS
  +--> ?PR?_REQUEST_ERROR?PROTO_USO

?PR?CHANNEL_ALL_GET_DATA?PROTO_USO               0008H    0002H      -----    -----
  +--> ?PR?_CRC_CHECK?CRC_TABLE

?PR?CHANNEL_SET_ADDRESS_DESC?PROTO_USO           -----    -----      -----    -----
  +--> ?PR?_STORE_DEV_ADDRESS_DESC?PROTO_USO
  +--> ?PR?_REQUEST_ERROR?PROTO_USO

?PR?_STORE_DEV_ADDRESS_DESC?PROTO_USO            -----    -----      -----    -----
  +--> ?PR?_EEPROM_WRITE?EEPROM

?PR?CHANNEL_SET_CALIBRATE?PROTO_USO              -----    -----      -----    -----
  +--> ?PR?_CALIBRATE?CALIBRATE
  +--> ?PR?_CALIBRATE_SET_FLAG?CALIBRATE
  +--> ?PR?_REQUEST_ERROR?PROTO_USO

?PR?_CALIBRATE?CALIBRATE                         -----    -----      06D4H    000DH
  +--> ?PR?_EEPROM_WRITE?EEPROM
  +--> ?PR?CALIBRATE_GET_CRC?CALIBRATE

?PR?CHANNEL_SET_ALL_DEFAULT?PROTO_USO            -----    -----      -----    -----
  +--> ?PR?CHANNELS_SET_DEFAULT?CHANNELS
  +--> ?PR?CALIBRATE_SET_DEFAULT?CALIBRATE
  +--> ?PR?_REQUEST_ERROR?PROTO_USO

?PR?CHANNEL_GET_CALIBRATE_VALUE?PROTO...         -----    -----      -----    -----
  +--> ?PR?_REQUEST_ERROR?PROTO_USO
  +--> ?PR?_CRC_CHECK?CRC_TABLE

?PR?OLD_CHANNEL_GET_STATE?PROTO_USO              -----    -----      -----    -----
  +--> ?PR?_PROTO_PASTE_NULL?PROTO_USO
  +--> ?PR?_OLD_CRC_CHECK?PROTO_USO

?PR?OLD_CHANNEL_GET_DATA?PROTO_USO               -----    -----      -----    -----
  +--> ?PR?_PROTO_PASTE_NULL?PROTO_USO
  +--> ?PR?_OLD_CRC_CHECK?PROTO_USO

?PR?OLD_CHANNEL_GET_DATA_STATE?PROTO_USO         -----    -----      -----    -----
  +--> ?PR?_PROTO_PASTE_NULL?PROTO_USO
  +--> ?PR?_OLD_CRC_CHECK?PROTO_USO

?PR?READHOLDINGREG?MODBUS_ASCII                  -----    -----      -----    -----
  +--> ?PR?_SYM_4_TO_INT?MODBUS_ASCII
  +--> ?PR?_CHAR_TO_SYM_2?MODBUS_ASCII
  +--> ?PR?_LONG_TO_SYM_8?MODBUS_ASCII
  +--> ?PR?_LRC_CHECK?MODBUS_ASCII

?PR?_SYM_4_TO_INT?MODBUS_ASCII                   -----    -----      06D4H    0002H
  +--> ?PR?_MBCHAR2BIN?MODBUS_ASCII

?PR?_CHAR_TO_SYM_2?MODBUS_ASCII                  -----    -----      -----    -----
  +--> ?PR?_MBBIN2CHAR?MODBUS_ASCII
BL51 BANKED LINKER/LOCATER V6.22                                                      06/27/2014  12:43:34  PAGE 8



?PR?_LONG_TO_SYM_8?MODBUS_ASCII                  -----    -----      06D4H    0008H
  +--> ?PR?_MBBIN2CHAR?MODBUS_ASCII

?PR?_I2C_REPEATREAD?DEBUG                        -----    -----      06D4H    0004H
  +--> ?PR?_I2C_REPEAT_START_READ?I2C

?PR?_ULONGSORT_PROCESS?ULONGSORT                 -----    -----      06D4H    0004H
  +--> ?PR?_GETCALIBRATEVAL?CALIBRATE

?PR?_GETCALIBRATEVAL?CALIBRATE                   -----    -----      06D8H    0009H

?PR?_I2C_PROCESS?I2C                             -----    -----      06D4H    0004H
  +--> ?PR?_I2C_WRITE_BUF?I2C
  +--> ?PR?_I2C_READ_BUF?I2C
  +--> ?PR?_I2C_READ_COMPLETE?I2C

?PR?_I2C_WRITE_BUF?I2C                           -----    -----      06D8H    0008H

?PR?_I2C_READ_BUF?I2C                            -----    -----      06D8H    0008H

?PR?_I2C_READ_COMPLETE?I2C                       -----    -----      06D8H    0004H
  +--> ?PR?_CRC_CHECK?CRC_TABLE

?PR?_WDT_PROCESS?WATCHDOG                        -----    -----      06D4H    0006H
  +--> ?PR?WDT_CLEAR?WATCHDOG



SYMBOL TABLE OF MODULE:  debug (DEBUG)

  VALUE           TYPE          NAME
  ----------------------------------

  -------         MODULE        DEBUG
  C:0000H         SYMBOL        _ICE_DUMMY_
  D:0088H         PUBLIC        TCON
  D:008BH         PUBLIC        TL1
  D:008DH         PUBLIC        TH1
  D:0098H         PUBLIC        SCON
  D:00A0H         PUBLIC        P2
  D:00A8H         PUBLIC        IE
  D:00B0H         PUBLIC        P3
  D:00B8H         PUBLIC        IP
  D:00C0H         PUBLIC        WDCON
  D:00C8H         PUBLIC        T2CON
  D:00D0H         PUBLIC        PSW
  D:00D7H         PUBLIC        PLLCON
  D:00D8H         PUBLIC        ADCSTAT
  D:00E8H         PUBLIC        I2CCON
  D:00E8H         PUBLIC        DCON
  D:00F8H         PUBLIC        SPICON
  B:00A8H.7       PUBLIC        EA
  X:070BH         PUBLIC        pt_i2c_read
  X:070FH         PUBLIC        pt_freq_measure
  X:0713H         PUBLIC        pt_sort
  X:0717H         PUBLIC        pt_i2c_process
BL51 BANKED LINKER/LOCATER V6.22                                                      06/27/2014  12:43:34  PAGE 9


  C:453BH         PUBLIC        _I2C_RepeatRead
  C:468BH         PUBLIC        main
  C:4DD9H         PUBLIC        Timer1_Interrupt
  -------         PROC          MAIN
  C:468BH         LINE#         34
  C:468BH         LINE#         35
  C:468BH         LINE#         36
  C:468DH         LINE#         39
  C:4690H         LINE#         41
  C:4693H         LINE#         43
  C:4696H         LINE#         44
  C:4699H         LINE#         45
  C:469CH         LINE#         46
  C:469FH         LINE#         47
  C:46A2H         LINE#         48
  C:46A5H         LINE#         50
  C:46AAH         LINE#         51
  C:46ADH         LINE#         55
  C:46B4H         LINE#         56
  C:46BAH         LINE#         57
  C:46C0H         LINE#         58
  C:46C6H         LINE#         60
  C:46C8H         LINE#         62
  C:46CCH         LINE#         64
  C:46EAH         LINE#         65
  C:46EAH         LINE#         66
  C:46EAH         LINE#         67
  C:46F3H         LINE#         68
  C:46FCH         LINE#         69
  C:4705H         LINE#         70
  C:470EH         LINE#         71
  C:4717H         LINE#         72
  C:4720H         LINE#         73
  C:4729H         LINE#         74
  -------         ENDPROC       MAIN
  -------         PROC          _I2C_REPEATREAD
  X:06D4H         SYMBOL        pt
  -------         DO            
  X:06D7H         SYMBOL        PT_YIELD_FLAG
  -------         ENDDO         
  C:453BH         LINE#         79
  C:4546H         LINE#         80
  C:4546H         LINE#         81
  C:454BH         LINE#         83
  C:4563H         LINE#         85
  C:4563H         LINE#         86
  C:4563H         LINE#         87
  C:45A1H         LINE#         88
  C:45C0H         LINE#         89
  C:45CEH         LINE#         90
  C:45D0H         LINE#         91
  C:45E8H         LINE#         93
  -------         ENDPROC       _I2C_REPEATREAD
  -------         PROC          TIMER1_INTERRUPT
  C:4DD9H         LINE#         95
  C:4DDFH         LINE#         98
  C:4DE2H         LINE#         99
BL51 BANKED LINKER/LOCATER V6.22                                                      06/27/2014  12:43:34  PAGE 10


  C:4DE5H         LINE#         100
  C:4DF3H         LINE#         101
  C:4E01H         LINE#         102
  C:4E0FH         LINE#         103
  C:4E1DH         LINE#         104
  C:4E2BH         LINE#         105
  C:4E39H         LINE#         107
  -------         ENDPROC       TIMER1_INTERRUPT
  -------         ENDMOD        DEBUG

  -------         MODULE        TIMER3
  C:0000H         SYMBOL        _ICE_DUMMY_
  D:0088H         PUBLIC        TCON
  D:0098H         PUBLIC        SCON
  D:009DH         PUBLIC        T3FD
  D:009EH         PUBLIC        T3CON
  D:00A0H         PUBLIC        P2
  D:00A8H         PUBLIC        IE
  D:00B0H         PUBLIC        P3
  D:00B8H         PUBLIC        IP
  D:00C0H         PUBLIC        WDCON
  D:00C8H         PUBLIC        T2CON
  D:00D0H         PUBLIC        PSW
  D:00D8H         PUBLIC        ADCSTAT
  D:00E8H         PUBLIC        I2CCON
  D:00E8H         PUBLIC        DCON
  D:00F8H         PUBLIC        SPICON
  B:00A8H.4       PUBLIC        ES
  B:00B8H.4       PUBLIC        PS
  B:0098H.1       PUBLIC        TI
  B:0098H.0       PUBLIC        RI
  C:52F8H         PUBLIC        UART_Init
  -------         PROC          UART_INIT
  C:52F8H         LINE#         3
  C:52F8H         LINE#         4
  C:52F8H         LINE#         6
  C:52FBH         LINE#         8
  C:52FEH         LINE#         9
  C:5301H         LINE#         10
  C:5303H         LINE#         11
  C:5305H         LINE#         12
  C:5307H         LINE#         13
  C:5309H         LINE#         15
  -------         ENDPROC       UART_INIT
  -------         ENDMOD        TIMER3

  -------         MODULE        ADC
  C:0000H         SYMBOL        _ICE_DUMMY_
  D:0088H         PUBLIC        TCON
  D:0098H         PUBLIC        SCON
  D:00A0H         PUBLIC        P2
  D:00A8H         PUBLIC        IE
  D:00B0H         PUBLIC        P3
  D:00B8H         PUBLIC        IP
  D:00C0H         PUBLIC        WDCON
  D:00C8H         PUBLIC        T2CON
  D:00D0H         PUBLIC        PSW
BL51 BANKED LINKER/LOCATER V6.22                                                      06/27/2014  12:43:34  PAGE 11


  D:00D1H         PUBLIC        ADCMODE
  D:00D2H         PUBLIC        ADC0CON1
  D:00D4H         PUBLIC        SF
  D:00D8H         PUBLIC        ADCSTAT
  D:00D9H         PUBLIC        ADC0L
  D:00DAH         PUBLIC        ADC0M
  D:00DBH         PUBLIC        ADC0H
  D:00E6H         PUBLIC        ADC0CON2
  D:00E8H         PUBLIC        I2CCON
  D:00E8H         PUBLIC        DCON
  D:00F8H         PUBLIC        SPICON
  B:00A8H.6       PUBLIC        EADC
  B:00D8H.7       PUBLIC        RDY0
  X:04E0H         PUBLIC        adc_channels
  C:51A2H         PUBLIC        ADC_Initialize
  C:383AH         PUBLIC        ADC_ISR
  C:5342H         PUBLIC        _ADC_Set_Mode
  C:52BCH         PUBLIC        _ADC_Out_Freq
  C:472CH         PUBLIC        ADC_Restore_Settings
  -------         PROC          ADC_INITIALIZE
  C:51A2H         LINE#         6
  C:51A2H         LINE#         7
  C:51A2H         LINE#         8
  C:51A5H         LINE#         9
  C:51A8H         LINE#         10
  C:51ABH         LINE#         16
  C:51AEH         LINE#         17
  C:51B1H         LINE#         18
  C:51B4H         LINE#         20
  C:51B7H         LINE#         21
  C:51BAH         LINE#         31
  C:51BDH         LINE#         32
  C:51C2H         LINE#         34
  C:51C9H         LINE#         37
  C:51CBH         LINE#         39
  C:51CEH         LINE#         42
  -------         ENDPROC       ADC_INITIALIZE
  -------         PROC          ADC_ISR
  -------         DO            
  X:04DEH         SYMBOL        current_channel
  X:04DFH         SYMBOL        current_buf_item
  -------         ENDDO         
  C:383AH         LINE#         44
  C:384AH         LINE#         49
  C:3852H         LINE#         50
  C:3867H         LINE#         52
  C:388BH         LINE#         53
  C:38A8H         LINE#         54
  C:38CDH         LINE#         55
  C:38EAH         LINE#         57
  C:3903H         LINE#         58
  C:3919H         LINE#         61
  C:3925H         LINE#         62
  C:3944H         LINE#         63
  C:3959H         LINE#         66
  C:395BH         LINE#         68
  -------         ENDPROC       ADC_ISR
BL51 BANKED LINKER/LOCATER V6.22                                                      06/27/2014  12:43:34  PAGE 12


  -------         PROC          _ADC_SET_MODE
  D:0007H         SYMBOL        mode
  C:5342H         LINE#         70
  C:5342H         LINE#         71
  C:5342H         LINE#         72
  C:5345H         LINE#         73
  C:5348H         LINE#         75
  -------         ENDPROC       _ADC_SET_MODE
  -------         PROC          _ADC_OUT_FREQ
  D:0006H         SYMBOL        freq
  C:52BCH         LINE#         77
  C:52BCH         LINE#         78
  C:52BCH         LINE#         79
  C:52D0H         LINE#         81
  -------         ENDPROC       _ADC_OUT_FREQ
  -------         PROC          ADC_RESTORE_SETTINGS
  -------         DO            
  X:06D4H         SYMBOL        i
  X:06D5H         SYMBOL        j
  -------         ENDDO         
  C:472CH         LINE#         83
  C:472CH         LINE#         84
  C:472CH         LINE#         85
  C:4733H         LINE#         86
  C:4744H         LINE#         87
  C:4744H         LINE#         88
  C:4755H         LINE#         89
  C:4766H         LINE#         90
  C:4778H         LINE#         91
  C:4789H         LINE#         93
  C:4797H         LINE#         94
  C:4797H         LINE#         95
  C:47B7H         LINE#         96
  C:47BFH         LINE#         97
  C:47C8H         LINE#         99
  -------         ENDPROC       ADC_RESTORE_SETTINGS
  -------         ENDMOD        ADC

  -------         MODULE        EEPROM
  C:0000H         SYMBOL        _ICE_DUMMY_
  D:0088H         PUBLIC        TCON
  D:0098H         PUBLIC        SCON
  D:00A0H         PUBLIC        P2
  D:00A8H         PUBLIC        IE
  D:00B0H         PUBLIC        P3
  D:00B8H         PUBLIC        IP
  D:00B9H         PUBLIC        ECON
  D:00BCH         PUBLIC        EDATA1
  D:00BDH         PUBLIC        EDATA2
  D:00BEH         PUBLIC        EDATA3
  D:00BFH         PUBLIC        EDATA4
  D:00C0H         PUBLIC        WDCON
  D:00C8H         PUBLIC        T2CON
  D:00D0H         PUBLIC        PSW
  D:00D8H         PUBLIC        ADCSTAT
  D:00E8H         PUBLIC        I2CCON
  D:00E8H         PUBLIC        DCON
BL51 BANKED LINKER/LOCATER V6.22                                                      06/27/2014  12:43:34  PAGE 13


  D:00F8H         PUBLIC        SPICON
  B:00A8H.7       PUBLIC        EA
  D:00C6H         PUBLIC        EADR
  C:4157H         PUBLIC        _EEPROM_Read
  C:4074H         PUBLIC        _EEPROM_Write
  -------         PROC          _EEPROM_WRITE
  D:0001H         SYMBOL        buffer
  X:06EBH         SYMBOL        len
  X:06EDH         SYMBOL        addr
  -------         DO            
  X:06EFH         SYMBOL        i
  D:0001H         SYMBOL        buf
  X:06F1H         SYMBOL        ea_temp
  -------         ENDDO         
  C:4074H         LINE#         4
  C:407CH         LINE#         5
  C:407CH         LINE#         7
  C:4083H         LINE#         10
  C:4085H         LINE#         12
  C:409CH         LINE#         13
  C:40A0H         LINE#         15
  C:40A0H         LINE#         17
  C:40BFH         LINE#         18
  C:40BFH         LINE#         19
  C:40C7H         LINE#         20
  C:40C9H         LINE#         22
  C:40E3H         LINE#         23
  C:40EDH         LINE#         24
  C:4109H         LINE#         25
  C:4115H         LINE#         27
  C:4121H         LINE#         29
  C:4124H         LINE#         30
  C:4127H         LINE#         32
  C:412FH         LINE#         34
  C:413DH         LINE#         35
  C:414EH         LINE#         37
  C:4156H         LINE#         38
  -------         ENDPROC       _EEPROM_WRITE
  -------         PROC          _EEPROM_READ
  D:0001H         SYMBOL        buffer
  X:06E0H         SYMBOL        len
  X:06E2H         SYMBOL        addr
  -------         DO            
  X:06E4H         SYMBOL        i
  D:0001H         SYMBOL        buf
  X:06E6H         SYMBOL        ea_temp
  -------         ENDDO         
  C:4157H         LINE#         40
  C:415FH         LINE#         41
  C:415FH         LINE#         44
  C:4166H         LINE#         47
  C:4168H         LINE#         49
  C:417FH         LINE#         50
  C:4183H         LINE#         52
  C:4183H         LINE#         54
  C:41A2H         LINE#         55
  C:41A2H         LINE#         56
BL51 BANKED LINKER/LOCATER V6.22                                                      06/27/2014  12:43:34  PAGE 14


  C:41AAH         LINE#         57
  C:41ACH         LINE#         59
  C:41B8H         LINE#         60
  C:41BBH         LINE#         62
  C:41D7H         LINE#         63
  C:41E1H         LINE#         64
  C:41FAH         LINE#         65
  C:4206H         LINE#         67
  C:420EH         LINE#         69
  C:421CH         LINE#         70
  C:422DH         LINE#         72
  C:4235H         LINE#         73
  -------         ENDPROC       _EEPROM_READ
  -------         ENDMOD        EEPROM

  -------         MODULE        WATCHDOG
  C:0000H         SYMBOL        _ICE_DUMMY_
  D:0088H         PUBLIC        TCON
  D:0098H         PUBLIC        SCON
  D:00A0H         PUBLIC        P2
  D:00A8H         PUBLIC        IE
  D:00B0H         PUBLIC        P3
  D:00B8H         PUBLIC        IP
  D:00C0H         PUBLIC        WDCON
  D:00C8H         PUBLIC        T2CON
  D:00D0H         PUBLIC        PSW
  D:00D8H         PUBLIC        ADCSTAT
  D:00E8H         PUBLIC        I2CCON
  D:00E8H         PUBLIC        DCON
  D:00F8H         PUBLIC        SPICON
  B:00A8H.7       PUBLIC        EA
  B:00C0H.0       PUBLIC        WDWR
  X:06F2H         PUBLIC        wdt_count
  C:5139H         PUBLIC        _WDT_Init
  C:5338H         PUBLIC        WDT_Clear
  C:3B8CH         PUBLIC        _WDT_Process
  D:000AH         PUBLIC        wdt_intval
  X:0707H         PUBLIC        pt_wdt
  -------         PROC          _WDT_INIT
  D:0007H         SYMBOL        interval
  -------         DO            
  D:0006H         SYMBOL        i
  -------         ENDDO         
  C:5139H         LINE#         8
  C:5139H         LINE#         9
  C:5139H         LINE#         10
  C:513BH         LINE#         12
  C:513DH         LINE#         13
  C:513FH         LINE#         14
  C:5142H         LINE#         30
  C:5142H         LINE#         31
  C:5142H         LINE#         32
  C:5154H         LINE#         33
  C:5165H         LINE#         34
  C:516AH         LINE#         36
  C:5171H         LINE#         38
  -------         ENDPROC       _WDT_INIT
BL51 BANKED LINKER/LOCATER V6.22                                                      06/27/2014  12:43:34  PAGE 15


  -------         PROC          WDT_CLEAR
  C:5338H         LINE#         40
  C:5338H         LINE#         41
  C:5338H         LINE#         42
  C:533AH         LINE#         44
  C:533CH         LINE#         45
  C:533FH         LINE#         47
  C:5341H         LINE#         49
  -------         ENDPROC       WDT_CLEAR
  -------         PROC          _WDT_PROCESS
  X:06D4H         SYMBOL        pt
  -------         DO            
  X:06D7H         SYMBOL        i
  X:06D8H         SYMBOL        process_error
  -------         DO            
  X:06D9H         SYMBOL        PT_YIELD_FLAG
  -------         ENDDO         
  -------         ENDDO         
  C:3B8CH         LINE#         51
  C:3B97H         LINE#         52
  C:3B97H         LINE#         54
  C:3B9CH         LINE#         55
  C:3BA0H         LINE#         57
  C:3BC9H         LINE#         59
  C:3BC9H         LINE#         60
  C:3BC9H         LINE#         61
  C:3C07H         LINE#         62
  C:3C0CH         LINE#         64
  C:3C1AH         LINE#         66
  C:3C1FH         LINE#         67
  C:3C1FH         LINE#         68
  C:3C4BH         LINE#         69
  C:3C4BH         LINE#         70
  C:3C50H         LINE#         71
  C:3C52H         LINE#         72
  C:3C52H         LINE#         74
  C:3C52H         LINE#         75
  C:3C67H         LINE#         76
  C:3C67H         LINE#         77
  C:3C71H         LINE#         79
  C:3C7AH         LINE#         80
  C:3C7AH         LINE#         81
  C:3C7DH         LINE#         82
  C:3C7DH         LINE#         83
  C:3C80H         LINE#         84
  C:3C98H         LINE#         85
  -------         ENDPROC       _WDT_PROCESS
  -------         ENDMOD        WATCHDOG

  -------         MODULE        PROTO_USO
  C:0000H         SYMBOL        _ICE_DUMMY_
  D:0088H         PUBLIC        TCON
  D:0098H         PUBLIC        SCON
  D:0099H         PUBLIC        SBUF
  D:00A0H         PUBLIC        P2
  D:00A8H         PUBLIC        IE
  D:00B0H         PUBLIC        P3
BL51 BANKED LINKER/LOCATER V6.22                                                      06/27/2014  12:43:34  PAGE 16


  D:00B8H         PUBLIC        IP
  D:00C0H         PUBLIC        WDCON
  D:00C8H         PUBLIC        T2CON
  D:00D0H         PUBLIC        PSW
  D:00D8H         PUBLIC        ADCSTAT
  D:00E8H         PUBLIC        I2CCON
  D:00E8H         PUBLIC        DCON
  D:00F8H         PUBLIC        SPICON
  B:00D0H.7       PUBLIC        CY
  B:00A8H.7       PUBLIC        EA
  B:00A8H.4       PUBLIC        ES
  B:0098H.4       PUBLIC        REN
  B:0098H.1       PUBLIC        TI
  B:0098H.0       PUBLIC        RI
  C:4C23H         PUBLIC        UART_ISR
  C:5172H         PUBLIC        Protocol_Init
  C:3447H         PUBLIC        Send_Info
  C:0006H         PUBLIC        Node_Full_Init
  C:000EH         PUBLIC        Channel_List_Init
  C:0016H         PUBLIC        Channel_Get_Data
  C:36FAH         PUBLIC        Channel_Set_Parameters
  C:001EH         PUBLIC        Channel_Set_Order_Query
  C:0026H         PUBLIC        Channel_Get_Data_Order
  C:002EH         PUBLIC        Channel_Set_State
  C:5349H         PUBLIC        Channel_Get_Data_Order_M2
  C:52E5H         PUBLIC        Channel_Set_Reset_State_Flags
  C:0C05H         PUBLIC        Channel_All_Get_Data
  C:4B35H         PUBLIC        Channel_Set_Address_Desc
  C:3F8FH         PUBLIC        Channel_Set_Calibrate
  C:532CH         PUBLIC        Channel_Set_All_Default
  C:3C99H         PUBLIC        Channel_Get_Calibrate_Value
  C:4F0AH         PUBLIC        _Request_Error
  C:4BADH         PUBLIC        _Old_CRC_Check
  C:243CH         PUBLIC        Old_Channel_Get_Data
  C:0FFFH         PUBLIC        Old_Channel_Get_Data_State
  C:3001H         PUBLIC        Old_Channel_Get_State
  C:534CH         PUBLIC        Old_Reinit_Block
  C:3174H         PUBLIC        Old_Channel_Set_ADC_Range
  C:396CH         PUBLIC        _Proto_Paste_Null
  C:32E2H         PUBLIC        ProtoBufHandling
  C:2119H         PUBLIC        _ProtoProcess
  C:078DH         PUBLIC        _RingBufHandling
  C:2E78H         PUBLIC        _Store_Dev_Address_Desc
  C:3E9EH         PUBLIC        Restore_Dev_Address_Desc
  B:00B0H.5       PUBLIC        DE_RE
  X:0006H         PUBLIC        DEV_NAME
  X:001AH         PUBLIC        NOTICE
  X:0042H         PUBLIC        VERSION
  X:004AH         PUBLIC        ADRESS_DEV
  X:004BH         PUBLIC        dev_desc_len
  X:004CH         PUBLIC        RECIEVED
  X:004DH         PUBLIC        recieve_count
  X:004FH         PUBLIC        transf_count
  X:0050H         PUBLIC        buf_len
  X:0051H         PUBLIC        frame_len
  X:0052H         PUBLIC        RecieveBuf
  X:0160H         PUBLIC        TransferBuf
BL51 BANKED LINKER/LOCATER V6.22                                                      06/27/2014  12:43:34  PAGE 17


  X:026EH         PUBLIC        STATE_BYTE
  X:026FH         PUBLIC        protocol_type
  X:0270H         PUBLIC        pt_proto
  X:0274H         PUBLIC        pt_buf_handle
  X:0278H         PUBLIC        rngbuf
  X:037BH         PUBLIC        sym_8_to_float
  -------         PROC          UART_ISR
  C:4C23H         LINE#         57
  C:4C31H         LINE#         59
  C:4C33H         LINE#         61
  C:4C36H         LINE#         62
  C:4C36H         LINE#         63
  C:4C38H         LINE#         64
  C:4C48H         LINE#         65
  C:4C4EH         LINE#         66
  C:4C54H         LINE#         67
  C:4C54H         LINE#         69
  C:4C57H         LINE#         70
  C:4C57H         LINE#         71
  C:4C59H         LINE#         73
  C:4C67H         LINE#         74
  C:4C67H         LINE#         76
  C:4C74H         LINE#         77
  C:4C7AH         LINE#         78
  C:4C7CH         LINE#         80
  C:4C7CH         LINE#         81
  C:4C81H         LINE#         82
  C:4C87H         LINE#         83
  C:4C87H         LINE#         84
  C:4C87H         LINE#         85
  C:4C89H         LINE#         87
  -------         ENDPROC       UART_ISR
  -------         PROC          PROTOCOL_INIT
  C:5172H         LINE#         90
  C:5172H         LINE#         91
  C:5172H         LINE#         92
  C:5174H         LINE#         93
  C:5176H         LINE#         96
  C:5179H         LINE#         98
  C:517EH         LINE#         99
  C:5180H         LINE#         100
  C:5182H         LINE#         102
  C:5188H         LINE#         103
  C:518AH         LINE#         104
  C:518CH         LINE#         105
  C:518EH         LINE#         107
  C:5194H         LINE#         108
  C:519BH         LINE#         109
  C:51A1H         LINE#         111
  -------         ENDPROC       PROTOCOL_INIT
  -------         PROC          SEND_INFO
  -------         DO            
  D:0007H         SYMBOL        i
  -------         ENDDO         
  C:3447H         LINE#         113
  C:3447H         LINE#         114
  C:3447H         LINE#         115
BL51 BANKED LINKER/LOCATER V6.22                                                      06/27/2014  12:43:34  PAGE 18


  C:3449H         LINE#         118
  C:344DH         LINE#         119
  C:3451H         LINE#         120
  C:3455H         LINE#         122
  C:345DH         LINE#         123
  C:3461H         LINE#         124
  C:3469H         LINE#         126
  C:346AH         LINE#         127
  C:346AH         LINE#         128
  C:3470H         LINE#         129
  C:3470H         LINE#         130
  C:3488H         LINE#         131
  C:348AH         LINE#         133
  C:348AH         LINE#         134
  C:3496H         LINE#         135
  C:3496H         LINE#         136
  C:349BH         LINE#         138
  C:349DH         LINE#         139
  C:349DH         LINE#         140
  C:34A3H         LINE#         141
  C:34A3H         LINE#         142
  C:34BBH         LINE#         143
  C:34BBH         LINE#         144
  C:34C0H         LINE#         146
  C:34C8H         LINE#         148
  C:34D4H         LINE#         149
  C:34D4H         LINE#         150
  C:350CH         LINE#         151
  C:351DH         LINE#         152
  C:3520H         LINE#         153
  C:352CH         LINE#         154
  C:352CH         LINE#         155
  C:3556H         LINE#         156
  C:3559H         LINE#         158
  C:356DH         LINE#         159
  C:359FH         LINE#         161
  C:35A8H         LINE#         162
  -------         ENDPROC       SEND_INFO
  -------         PROC          NODE_FULL_INIT
  C:0006H         LINE#         164
  C:0006H         LINE#         165
  C:0006H         LINE#         166
  C:0008H         LINE#         167
  -------         ENDPROC       NODE_FULL_INIT
  -------         PROC          CHANNEL_LIST_INIT
  C:000EH         LINE#         169
  C:000EH         LINE#         170
  C:000EH         LINE#         171
  C:0010H         LINE#         172
  -------         ENDPROC       CHANNEL_LIST_INIT
  -------         PROC          CHANNEL_GET_DATA
  C:0016H         LINE#         174
  C:0016H         LINE#         175
  C:0016H         LINE#         176
  C:0018H         LINE#         177
  -------         ENDPROC       CHANNEL_GET_DATA
  -------         PROC          CHANNEL_SET_PARAMETERS
BL51 BANKED LINKER/LOCATER V6.22                                                      06/27/2014  12:43:34  PAGE 19


  -------         DO            
  D:0007H         SYMBOL        index
  X:06D4H         SYMBOL        store_data
  -------         ENDDO         
  C:36FAH         LINE#         179
  C:36FAH         LINE#         180
  C:36FAH         LINE#         181
  C:3700H         LINE#         183
  C:370EH         LINE#         184
  C:370EH         LINE#         185
  C:3727H         LINE#         186
  C:3727H         LINE#         187
  C:373BH         LINE#         188
  C:373BH         LINE#         189
  C:373BH         LINE#         190
  C:373BH         LINE#         191
  C:379EH         LINE#         192
  C:379EH         LINE#         193
  C:37C5H         LINE#         194
  C:37ECH         LINE#         195
  C:3815H         LINE#         196
  C:381BH         LINE#         198
  C:381BH         LINE#         199
  C:381CH         LINE#         200
  C:381CH         LINE#         201
  C:381EH         LINE#         204
  C:381EH         LINE#         205
  C:381EH         LINE#         206
  C:381FH         LINE#         207
  C:381FH         LINE#         208
  C:381FH         LINE#         209
  C:3822H         LINE#         210
  C:3825H         LINE#         212
  C:3825H         LINE#         213
  C:382BH         LINE#         214
  C:382BH         LINE#         215
  C:382BH         LINE#         216
  C:3831H         LINE#         217
  C:3831H         LINE#         218
  C:3834H         LINE#         219
  C:3834H         LINE#         221
  C:3839H         LINE#         222
  -------         ENDPROC       CHANNEL_SET_PARAMETERS
  -------         PROC          CHANNEL_SET_ORDER_QUERY
  C:001EH         LINE#         224
  C:001EH         LINE#         225
  C:001EH         LINE#         226
  C:0020H         LINE#         227
  -------         ENDPROC       CHANNEL_SET_ORDER_QUERY
  -------         PROC          CHANNEL_GET_DATA_ORDER
  C:0026H         LINE#         229
  C:0026H         LINE#         230
  C:0026H         LINE#         231
  C:0028H         LINE#         232
  -------         ENDPROC       CHANNEL_GET_DATA_ORDER
  -------         PROC          CHANNEL_SET_STATE
  C:002EH         LINE#         234
BL51 BANKED LINKER/LOCATER V6.22                                                      06/27/2014  12:43:34  PAGE 20


  C:002EH         LINE#         235
  C:002EH         LINE#         236
  C:0030H         LINE#         237
  -------         ENDPROC       CHANNEL_SET_STATE
  -------         PROC          CHANNEL_GET_DATA_ORDER_M2
  C:5349H         LINE#         239
  C:5349H         LINE#         240
  C:5349H         LINE#         241
  C:534BH         LINE#         242
  -------         ENDPROC       CHANNEL_GET_DATA_ORDER_M2
  -------         PROC          CHANNEL_SET_RESET_STATE_FLAGS
  C:52E5H         LINE#         244
  C:52E5H         LINE#         245
  C:52E5H         LINE#         246
  C:52EBH         LINE#         247
  C:52EFH         LINE#         248
  C:52F2H         LINE#         249
  C:52F7H         LINE#         250
  -------         ENDPROC       CHANNEL_SET_RESET_STATE_FLAGS
  -------         PROC          CHANNEL_ALL_GET_DATA
  -------         DO            
  D:0008H         SYMBOL        index
  D:0009H         SYMBOL        i
  -------         ENDDO         
  C:0C05H         LINE#         253
  C:0C05H         LINE#         254
  C:0C05H         LINE#         255
  C:0C0AH         LINE#         258
  C:0C16H         LINE#         259
  C:0C1EH         LINE#         260
  C:0C22H         LINE#         261
  C:0C2AH         LINE#         263
  C:0C2DH         LINE#         265
  C:0C3EH         LINE#         266
  C:0C3EH         LINE#         267
  C:0C4FH         LINE#         268
  C:0C85H         LINE#         269
  C:0CA9H         LINE#         270
  C:0CA9H         LINE#         271
  C:0CA9H         LINE#         272
  C:0CA9H         LINE#         273
  C:0CC8H         LINE#         274
  C:0CC8H         LINE#         275
  C:0CC8H         LINE#         276
  C:0CC8H         LINE#         277
  C:0CE0H         LINE#         278
  C:0CE0H         LINE#         279
  C:0CFFH         LINE#         280
  C:0D0DH         LINE#         281
  C:0D0FH         LINE#         283
  C:0D0FH         LINE#         284
  C:0D2EH         LINE#         285
  C:0D50H         LINE#         286
  C:0D50H         LINE#         289
  C:0D50H         LINE#         290
  C:0D50H         LINE#         291
  C:0D50H         LINE#         292
BL51 BANKED LINKER/LOCATER V6.22                                                      06/27/2014  12:43:34  PAGE 21


  C:0D53H         LINE#         294
  C:0D53H         LINE#         295
  C:0D53H         LINE#         296
  C:0D6BH         LINE#         297
  C:0D6BH         LINE#         298
  C:0D8AH         LINE#         299
  C:0DACH         LINE#         300
  C:0DBAH         LINE#         301
  C:0DBCH         LINE#         303
  C:0DBCH         LINE#         304
  C:0DDBH         LINE#         305
  C:0DFDH         LINE#         306
  C:0E1FH         LINE#         307
  C:0E1FH         LINE#         309
  C:0E41H         LINE#         310
  C:0E4FH         LINE#         311
  C:0E4FH         LINE#         312
  C:0E52H         LINE#         313
  C:0E52H         LINE#         314
  C:0E52H         LINE#         315
  C:0E52H         LINE#         317
  C:0E52H         LINE#         318
  C:0E52H         LINE#         319
  C:0E68H         LINE#         320
  C:0E68H         LINE#         321
  C:0E68H         LINE#         322
  C:0E68H         LINE#         323
  C:0E8AH         LINE#         324
  C:0EACH         LINE#         325
  C:0ECEH         LINE#         326
  C:0EF0H         LINE#         327
  C:0EFEH         LINE#         328
  C:0EFEH         LINE#         329
  C:0F01H         LINE#         330
  C:0F01H         LINE#         331
  C:0F01H         LINE#         332
  C:0F01H         LINE#         334
  C:0F01H         LINE#         335
  C:0F01H         LINE#         336
  C:0F1BH         LINE#         337
  C:0F1BH         LINE#         339
  C:0F1BH         LINE#         340
  C:0F1BH         LINE#         341
  C:0F3DH         LINE#         342
  C:0F5FH         LINE#         343
  C:0F6DH         LINE#         344
  C:0F6DH         LINE#         345
  C:0F6FH         LINE#         347
  C:0F6FH         LINE#         348
  C:0F6FH         LINE#         349
  C:0F91H         LINE#         350
  C:0FB3H         LINE#         351
  C:0FD5H         LINE#         352
  C:0FD5H         LINE#         353
  C:0FD5H         LINE#         354
  C:0FD5H         LINE#         355
  C:0FD5H         LINE#         356
BL51 BANKED LINKER/LOCATER V6.22                                                      06/27/2014  12:43:34  PAGE 22


  C:0FD5H         LINE#         357
  C:0FD5H         LINE#         358
  C:0FDAH         LINE#         360
  C:0FE2H         LINE#         361
  C:0FFAH         LINE#         362
  C:0FFEH         LINE#         363
  -------         ENDPROC       CHANNEL_ALL_GET_DATA
  -------         PROC          CHANNEL_SET_CALIBRATE
  -------         DO            
  X:0728H         SYMBOL        K
  X:072CH         SYMBOL        C
  -------         ENDDO         
  C:3F8FH         LINE#         366
  C:3F8FH         LINE#         367
  C:3F8FH         LINE#         371
  C:3F99H         LINE#         372
  C:3FA3H         LINE#         373
  C:3FADH         LINE#         374
  C:3FB7H         LINE#         376
  C:3FCBH         LINE#         378
  C:3FD5H         LINE#         379
  C:3FDFH         LINE#         380
  C:3FE9H         LINE#         381
  C:3FF3H         LINE#         383
  C:4007H         LINE#         385
  C:401DH         LINE#         386
  C:401DH         LINE#         387
  C:401DH         LINE#         388
  C:401DH         LINE#         389
  C:4053H         LINE#         390
  C:4053H         LINE#         391
  C:4055H         LINE#         393
  C:4055H         LINE#         394
  C:4055H         LINE#         395
  C:405FH         LINE#         396
  C:405FH         LINE#         397
  C:4061H         LINE#         399
  C:4061H         LINE#         400
  C:4061H         LINE#         401
  C:406BH         LINE#         402
  C:406BH         LINE#         403
  C:406DH         LINE#         405
  C:406DH         LINE#         406
  C:406DH         LINE#         407
  C:406EH         LINE#         408
  C:406EH         LINE#         409
  C:406EH         LINE#         410
  C:406EH         LINE#         413
  C:4073H         LINE#         414
  -------         ENDPROC       CHANNEL_SET_CALIBRATE
  -------         PROC          CHANNEL_GET_CALIBRATE_VALUE
  -------         DO            
  D:000BH         SYMBOL        channel
  -------         ENDDO         
  C:3C99H         LINE#         416
  C:3C99H         LINE#         417
  C:3C99H         LINE#         418
BL51 BANKED LINKER/LOCATER V6.22                                                      06/27/2014  12:43:34  PAGE 23


  C:3C9CH         LINE#         421
  C:3CADH         LINE#         422
  C:3CB7H         LINE#         423
  C:3CBDH         LINE#         424
  C:3CC3H         LINE#         427
  C:3CCAH         LINE#         429
  C:3CD5H         LINE#         430
  C:3CD5H         LINE#         431
  C:3CDBH         LINE#         432
  C:3CDBH         LINE#         434
  C:3CE1H         LINE#         436
  C:3CF9H         LINE#         438
  C:3D1BH         LINE#         440
  C:3D25H         LINE#         441
  C:3D2FH         LINE#         442
  C:3D39H         LINE#         443
  C:3D43H         LINE#         445
  C:3D65H         LINE#         447
  C:3D6FH         LINE#         448
  C:3D79H         LINE#         449
  C:3D83H         LINE#         450
  C:3D8DH         LINE#         452
  C:3D9BH         LINE#         453
  C:3D9DH         LINE#         454
  -------         ENDPROC       CHANNEL_GET_CALIBRATE_VALUE
  -------         PROC          CHANNEL_SET_ADDRESS_DESC
  -------         DO            
  X:075CH         SYMBOL        desc_len
  -------         ENDDO         
  C:4B35H         LINE#         456
  C:4B35H         LINE#         457
  C:4B35H         LINE#         458
  C:4B3AH         LINE#         459
  C:4B48H         LINE#         461
  C:4B50H         LINE#         462
  C:4B50H         LINE#         463
  C:4B9CH         LINE#         464
  C:4BA2H         LINE#         465
  C:4BA4H         LINE#         467
  C:4BA4H         LINE#         468
  C:4BAAH         LINE#         469
  C:4BAAH         LINE#         470
  C:4BACH         LINE#         471
  -------         ENDPROC       CHANNEL_SET_ADDRESS_DESC
  -------         PROC          CHANNEL_SET_ALL_DEFAULT
  C:532CH         LINE#         473
  C:532CH         LINE#         474
  C:532CH         LINE#         475
  C:532FH         LINE#         476
  C:5332H         LINE#         477
  C:5337H         LINE#         478
  -------         ENDPROC       CHANNEL_SET_ALL_DEFAULT
  -------         PROC          _REQUEST_ERROR
  X:075DH         SYMBOL        error_code
  C:4F0AH         LINE#         480
  C:4F0FH         LINE#         481
  C:4F0FH         LINE#         482
BL51 BANKED LINKER/LOCATER V6.22                                                      06/27/2014  12:43:34  PAGE 24


  C:4F20H         LINE#         483
  C:4F2AH         LINE#         484
  C:4F34H         LINE#         485
  C:4F3AH         LINE#         487
  C:4F44H         LINE#         488
  C:4F4EH         LINE#         489
  C:4F54H         LINE#         490
  C:4F62H         LINE#         491
  C:4F64H         LINE#         492
  -------         ENDPROC       _REQUEST_ERROR
  -------         PROC          _OLD_CRC_CHECK
  X:073DH         SYMBOL        Spool_pr
  X:073FH         SYMBOL        Count_pr
  -------         DO            
  X:0740H         SYMBOL        crc
  X:0741H         SYMBOL        i
  -------         ENDDO         
  C:4BADH         LINE#         495
  C:4BBAH         LINE#         496
  C:4BBAH         LINE#         497
  C:4BBFH         LINE#         498
  C:4BC4H         LINE#         500
  C:4BD8H         LINE#         501
  C:4BD8H         LINE#         502
  C:4BDAH         LINE#         503
  C:4BFDH         LINE#         504
  C:4C00H         LINE#         505
  C:4C00H         LINE#         506
  C:4C06H         LINE#         507
  C:4C06H         LINE#         508
  C:4C0EH         LINE#         509
  C:4C1DH         LINE#         511
  C:4C22H         LINE#         512
  -------         ENDPROC       _OLD_CRC_CHECK
  -------         PROC          OLD_CHANNEL_GET_DATA
  -------         DO            
  X:0752H         SYMBOL        channel
  X:0753H         SYMBOL        len
  -------         ENDDO         
  C:243CH         LINE#         514
  C:243CH         LINE#         515
  C:243CH         LINE#         516
  C:2441H         LINE#         517
  C:2446H         LINE#         518
  C:245BH         LINE#         519
  C:2469H         LINE#         520
  C:2469H         LINE#         521
  C:247AH         LINE#         522
  C:247FH         LINE#         523
  C:2489H         LINE#         524
  C:248FH         LINE#         526
  C:24B6H         LINE#         527
  C:24B6H         LINE#         528
  C:24B6H         LINE#         529
  C:24B6H         LINE#         530
  C:24DAH         LINE#         531
  C:24DAH         LINE#         532
BL51 BANKED LINKER/LOCATER V6.22                                                      06/27/2014  12:43:34  PAGE 25


  C:24DAH         LINE#         533
  C:24DAH         LINE#         534
  C:24F4H         LINE#         535
  C:24F4H         LINE#         536
  C:250FH         LINE#         537
  C:252AH         LINE#         538
  C:252DH         LINE#         540
  C:252DH         LINE#         541
  C:2548H         LINE#         542
  C:2563H         LINE#         543
  C:2563H         LINE#         544
  C:2563H         LINE#         545
  C:2566H         LINE#         547
  C:2566H         LINE#         548
  C:2566H         LINE#         549
  C:2581H         LINE#         550
  C:2581H         LINE#         551
  C:25A8H         LINE#         552
  C:25CFH         LINE#         553
  C:25D2H         LINE#         555
  C:25D2H         LINE#         556
  C:25EDH         LINE#         557
  C:2608H         LINE#         558
  C:2608H         LINE#         560
  C:2608H         LINE#         561
  C:260BH         LINE#         562
  C:260BH         LINE#         563
  C:260BH         LINE#         564
  C:260EH         LINE#         566
  C:260EH         LINE#         567
  C:260EH         LINE#         568
  C:262FH         LINE#         569
  C:262FH         LINE#         570
  C:262FH         LINE#         571
  C:262FH         LINE#         572
  C:264AH         LINE#         573
  C:2665H         LINE#         576
  C:2665H         LINE#         577
  C:2668H         LINE#         578
  C:2668H         LINE#         579
  C:2668H         LINE#         580
  C:266BH         LINE#         582
  C:266BH         LINE#         583
  C:266BH         LINE#         584
  C:268FH         LINE#         585
  C:268FH         LINE#         587
  C:268FH         LINE#         588
  C:268FH         LINE#         589
  C:26AAH         LINE#         590
  C:26C5H         LINE#         592
  C:26C5H         LINE#         593
  C:26C7H         LINE#         595
  C:26C7H         LINE#         596
  C:26C7H         LINE#         597
  C:26E2H         LINE#         598
  C:26FDH         LINE#         599
  C:26FDH         LINE#         600
BL51 BANKED LINKER/LOCATER V6.22                                                      06/27/2014  12:43:34  PAGE 26


  C:26FDH         LINE#         601
  C:26FDH         LINE#         602
  C:26FDH         LINE#         603
  C:26FDH         LINE#         604
  C:26FDH         LINE#         606
  C:270DH         LINE#         608
  C:272AH         LINE#         609
  C:2733H         LINE#         610
  C:2733H         LINE#         611
  C:2735H         LINE#         612
  -------         ENDPROC       OLD_CHANNEL_GET_DATA
  -------         PROC          OLD_CHANNEL_GET_DATA_STATE
  -------         DO            
  X:0754H         SYMBOL        channel
  X:0755H         SYMBOL        len
  -------         ENDDO         
  C:0FFFH         LINE#         614
  C:0FFFH         LINE#         615
  C:0FFFH         LINE#         616
  C:1004H         LINE#         617
  C:1009H         LINE#         618
  C:101EH         LINE#         619
  C:102CH         LINE#         620
  C:102CH         LINE#         621
  C:103DH         LINE#         622
  C:1042H         LINE#         623
  C:104CH         LINE#         624
  C:1052H         LINE#         626
  C:1079H         LINE#         627
  C:1079H         LINE#         628
  C:1079H         LINE#         629
  C:1079H         LINE#         630
  C:109DH         LINE#         631
  C:109DH         LINE#         632
  C:109DH         LINE#         633
  C:109DH         LINE#         634
  C:10B7H         LINE#         635
  C:10B7H         LINE#         636
  C:10D2H         LINE#         637
  C:10EDH         LINE#         638
  C:10F0H         LINE#         640
  C:10F0H         LINE#         641
  C:110BH         LINE#         642
  C:1126H         LINE#         643
  C:1126H         LINE#         644
  C:1126H         LINE#         645
  C:1129H         LINE#         647
  C:1129H         LINE#         648
  C:1129H         LINE#         649
  C:1144H         LINE#         650
  C:1144H         LINE#         651
  C:116BH         LINE#         652
  C:1192H         LINE#         653
  C:1194H         LINE#         655
  C:1194H         LINE#         656
  C:11AFH         LINE#         657
  C:11CAH         LINE#         658
BL51 BANKED LINKER/LOCATER V6.22                                                      06/27/2014  12:43:34  PAGE 27


  C:11CAH         LINE#         660
  C:11CAH         LINE#         661
  C:11CAH         LINE#         662
  C:11CAH         LINE#         664
  C:11F8H         LINE#         665
  C:11F8H         LINE#         666
  C:11F8H         LINE#         667
  C:11F8H         LINE#         668
  C:11FDH         LINE#         669
  C:11FDH         LINE#         670
  C:11FFH         LINE#         672
  C:11FFH         LINE#         673
  C:11FFH         LINE#         674
  C:1205H         LINE#         675
  C:1205H         LINE#         676
  C:1207H         LINE#         678
  C:1207H         LINE#         679
  C:1207H         LINE#         680
  C:120DH         LINE#         681
  C:120DH         LINE#         682
  C:120FH         LINE#         684
  C:120FH         LINE#         685
  C:120FH         LINE#         686
  C:1215H         LINE#         687
  C:1215H         LINE#         688
  C:1217H         LINE#         690
  C:1217H         LINE#         691
  C:1217H         LINE#         692
  C:121CH         LINE#         693
  C:121CH         LINE#         694
  C:121CH         LINE#         695
  C:121CH         LINE#         697
  C:1222H         LINE#         699
  C:1222H         LINE#         700
  C:1225H         LINE#         702
  C:1225H         LINE#         703
  C:1225H         LINE#         704
  C:1246H         LINE#         705
  C:1246H         LINE#         706
  C:1246H         LINE#         707
  C:1246H         LINE#         708
  C:1261H         LINE#         709
  C:127CH         LINE#         715
  C:12AAH         LINE#         716
  C:12AAH         LINE#         717
  C:12AAH         LINE#         718
  C:12AAH         LINE#         719
  C:12B0H         LINE#         720
  C:12B0H         LINE#         721
  C:12B2H         LINE#         723
  C:12B2H         LINE#         724
  C:12B2H         LINE#         725
  C:12B8H         LINE#         726
  C:12B8H         LINE#         727
  C:12BAH         LINE#         729
  C:12BAH         LINE#         730
  C:12BAH         LINE#         731
BL51 BANKED LINKER/LOCATER V6.22                                                      06/27/2014  12:43:34  PAGE 28


  C:12C0H         LINE#         732
  C:12C0H         LINE#         733
  C:12C2H         LINE#         735
  C:12C2H         LINE#         736
  C:12C2H         LINE#         737
  C:12C8H         LINE#         738
  C:12C8H         LINE#         739
  C:12CAH         LINE#         741
  C:12CAH         LINE#         742
  C:12CAH         LINE#         743
  C:12D0H         LINE#         744
  C:12D0H         LINE#         745
  C:12D0H         LINE#         746
  C:12D0H         LINE#         747
  C:12D5H         LINE#         748
  C:12D5H         LINE#         749
  C:12D8H         LINE#         750
  C:12D8H         LINE#         751
  C:12D8H         LINE#         752
  C:12DBH         LINE#         754
  C:12DBH         LINE#         755
  C:12DBH         LINE#         756
  C:12FFH         LINE#         757
  C:12FFH         LINE#         759
  C:12FFH         LINE#         760
  C:12FFH         LINE#         761
  C:131AH         LINE#         762
  C:1335H         LINE#         764
  C:1335H         LINE#         765
  C:1337H         LINE#         767
  C:1337H         LINE#         768
  C:1337H         LINE#         769
  C:1352H         LINE#         770
  C:136DH         LINE#         771
  C:136DH         LINE#         772
  C:136DH         LINE#         773
  C:136DH         LINE#         775
  C:1373H         LINE#         776
  C:1378H         LINE#         777
  C:1378H         LINE#         778
  C:1378H         LINE#         779
  C:1378H         LINE#         781
  C:137EH         LINE#         783
  C:138EH         LINE#         785
  C:13ABH         LINE#         786
  C:13B4H         LINE#         787
  C:13B4H         LINE#         788
  C:13B6H         LINE#         790
  -------         ENDPROC       OLD_CHANNEL_GET_DATA_STATE
  -------         PROC          OLD_CHANNEL_GET_STATE
  -------         DO            
  X:0756H         SYMBOL        channel
  X:0757H         SYMBOL        len
  -------         ENDDO         
  C:3001H         LINE#         792
  C:3001H         LINE#         793
  C:3001H         LINE#         794
BL51 BANKED LINKER/LOCATER V6.22                                                      06/27/2014  12:43:34  PAGE 29


  C:3006H         LINE#         795
  C:300BH         LINE#         796
  C:3020H         LINE#         797
  C:302EH         LINE#         798
  C:302EH         LINE#         800
  C:303FH         LINE#         801
  C:3044H         LINE#         802
  C:304EH         LINE#         803
  C:3054H         LINE#         805
  C:307BH         LINE#         806
  C:307BH         LINE#         807
  C:307BH         LINE#         808
  C:307BH         LINE#         809
  C:30A9H         LINE#         810
  C:30A9H         LINE#         811
  C:30A9H         LINE#         812
  C:30A9H         LINE#         813
  C:30AEH         LINE#         814
  C:30AEH         LINE#         815
  C:30B0H         LINE#         817
  C:30B0H         LINE#         818
  C:30B0H         LINE#         819
  C:30B6H         LINE#         820
  C:30B6H         LINE#         821
  C:30B8H         LINE#         823
  C:30B8H         LINE#         824
  C:30B8H         LINE#         825
  C:30BEH         LINE#         826
  C:30BEH         LINE#         827
  C:30C0H         LINE#         829
  C:30C0H         LINE#         830
  C:30C0H         LINE#         831
  C:30C6H         LINE#         832
  C:30C6H         LINE#         833
  C:30C8H         LINE#         835
  C:30C8H         LINE#         836
  C:30C8H         LINE#         837
  C:30CDH         LINE#         838
  C:30CDH         LINE#         839
  C:30CDH         LINE#         840
  C:30CDH         LINE#         842
  C:30D3H         LINE#         843
  C:30D3H         LINE#         844
  C:30D5H         LINE#         846
  C:30D5H         LINE#         847
  C:30D5H         LINE#         849
  C:3103H         LINE#         850
  C:3103H         LINE#         851
  C:3103H         LINE#         852
  C:3103H         LINE#         853
  C:3109H         LINE#         854
  C:3109H         LINE#         855
  C:310BH         LINE#         857
  C:310BH         LINE#         858
  C:310BH         LINE#         859
  C:3111H         LINE#         860
  C:3111H         LINE#         861
BL51 BANKED LINKER/LOCATER V6.22                                                      06/27/2014  12:43:34  PAGE 30


  C:3113H         LINE#         863
  C:3113H         LINE#         864
  C:3113H         LINE#         865
  C:3119H         LINE#         866
  C:3119H         LINE#         867
  C:311BH         LINE#         869
  C:311BH         LINE#         870
  C:311BH         LINE#         871
  C:3121H         LINE#         872
  C:3121H         LINE#         873
  C:3123H         LINE#         875
  C:3123H         LINE#         876
  C:3123H         LINE#         877
  C:3129H         LINE#         878
  C:3129H         LINE#         879
  C:3129H         LINE#         881
  C:3129H         LINE#         882
  C:312EH         LINE#         883
  C:312EH         LINE#         884
  C:3130H         LINE#         886
  C:3130H         LINE#         887
  C:3130H         LINE#         889
  C:3136H         LINE#         890
  C:313BH         LINE#         891
  C:313BH         LINE#         892
  C:313BH         LINE#         893
  C:313BH         LINE#         895
  C:314BH         LINE#         897
  C:3168H         LINE#         898
  C:3171H         LINE#         899
  C:3171H         LINE#         900
  C:3173H         LINE#         901
  -------         ENDPROC       OLD_CHANNEL_GET_STATE
  -------         PROC          OLD_REINIT_BLOCK
  C:534CH         LINE#         903
  C:534CH         LINE#         904
  C:534CH         LINE#         905
  C:534EH         LINE#         906
  -------         ENDPROC       OLD_REINIT_BLOCK
  -------         PROC          OLD_CHANNEL_SET_ADC_RANGE
  -------         DO            
  X:075EH         SYMBOL        channel
  -------         ENDDO         
  C:3174H         LINE#         908
  C:3174H         LINE#         909
  C:3174H         LINE#         910
  C:3179H         LINE#         911
  C:318EH         LINE#         912
  C:319CH         LINE#         913
  C:319CH         LINE#         914
  C:31BDH         LINE#         915
  C:31BDH         LINE#         916
  C:31BDH         LINE#         917
  C:31BDH         LINE#         918
  C:31D9H         LINE#         919
  C:31F5H         LINE#         920
  C:31F5H         LINE#         921
BL51 BANKED LINKER/LOCATER V6.22                                                      06/27/2014  12:43:34  PAGE 31


  C:31F8H         LINE#         923
  C:31F8H         LINE#         924
  C:31F8H         LINE#         925
  C:3214H         LINE#         926
  C:3230H         LINE#         927
  C:3230H         LINE#         928
  C:3233H         LINE#         930
  C:3233H         LINE#         931
  C:3233H         LINE#         932
  C:324FH         LINE#         933
  C:326BH         LINE#         934
  C:326BH         LINE#         935
  C:326DH         LINE#         937
  C:326DH         LINE#         938
  C:326DH         LINE#         939
  C:3289H         LINE#         940
  C:32A5H         LINE#         941
  C:32A5H         LINE#         942
  C:32A7H         LINE#         944
  C:32A7H         LINE#         945
  C:32A7H         LINE#         946
  C:32C3H         LINE#         947
  C:32DFH         LINE#         948
  C:32DFH         LINE#         949
  C:32DFH         LINE#         950
  C:32DFH         LINE#         951
  C:32DFH         LINE#         952
  C:32E1H         LINE#         953
  -------         ENDPROC       OLD_CHANNEL_SET_ADC_RANGE
  -------         PROC          _PROTO_PASTE_NULL
  X:0737H         SYMBOL        buf
  X:073AH         SYMBOL        len
  -------         DO            
  X:073BH         SYMBOL        i
  X:073CH         SYMBOL        j
  -------         ENDDO         
  C:396CH         LINE#         955
  C:397CH         LINE#         956
  C:397CH         LINE#         957
  C:3986H         LINE#         959
  C:399EH         LINE#         960
  C:399EH         LINE#         961
  C:39BFH         LINE#         962
  C:39BFH         LINE#         963
  C:39DBH         LINE#         964
  C:39DBH         LINE#         965
  C:3A18H         LINE#         966
  C:3A20H         LINE#         967
  C:3A42H         LINE#         969
  C:3A4BH         LINE#         970
  C:3A4BH         LINE#         971
  C:3A61H         LINE#         972
  C:3A61H         LINE#         974
  C:3A67H         LINE#         975
  C:3A6DH         LINE#         976
  C:3A6DH         LINE#         977
  C:3A76H         LINE#         978
BL51 BANKED LINKER/LOCATER V6.22                                                      06/27/2014  12:43:34  PAGE 32


  C:3A7BH         LINE#         979
  -------         ENDPROC       _PROTO_PASTE_NULL
  -------         PROC          PROTOBUFHANDLING
  C:32E2H         LINE#         981
  C:32E2H         LINE#         982
  C:32E2H         LINE#         983
  C:32F8H         LINE#         984
  C:32F8H         LINE#         985
  C:32F8H         LINE#         986
  C:32F8H         LINE#         987
  C:32FEH         LINE#         988
  C:3304H         LINE#         989
  C:333EH         LINE#         990
  C:333EH         LINE#         992
  C:333EH         LINE#         993
  C:333EH         LINE#         994
  C:3346H         LINE#         995
  C:3346H         LINE#         996
  C:3347H         LINE#         998
  C:3347H         LINE#         999
  C:3347H         LINE#         1000
  C:334FH         LINE#         1001
  C:334FH         LINE#         1002
  C:3350H         LINE#         1004
  C:3350H         LINE#         1005
  C:3350H         LINE#         1006
  C:3358H         LINE#         1007
  C:3358H         LINE#         1008
  C:3359H         LINE#         1010
  C:3359H         LINE#         1011
  C:3359H         LINE#         1012
  C:3361H         LINE#         1013
  C:3361H         LINE#         1014
  C:3362H         LINE#         1016
  C:3362H         LINE#         1017
  C:3362H         LINE#         1018
  C:336AH         LINE#         1019
  C:336AH         LINE#         1020
  C:336BH         LINE#         1022
  C:336BH         LINE#         1023
  C:336BH         LINE#         1024
  C:3373H         LINE#         1025
  C:3373H         LINE#         1026
  C:3374H         LINE#         1028
  C:3374H         LINE#         1029
  C:3374H         LINE#         1030
  C:337CH         LINE#         1031
  C:337CH         LINE#         1032
  C:337DH         LINE#         1034
  C:337DH         LINE#         1035
  C:337DH         LINE#         1036
  C:3385H         LINE#         1037
  C:3385H         LINE#         1038
  C:3386H         LINE#         1040
  C:3386H         LINE#         1041
  C:3386H         LINE#         1042
  C:338EH         LINE#         1043
BL51 BANKED LINKER/LOCATER V6.22                                                      06/27/2014  12:43:34  PAGE 33


  C:338EH         LINE#         1044
  C:338FH         LINE#         1046
  C:338FH         LINE#         1047
  C:338FH         LINE#         1048
  C:3397H         LINE#         1049
  C:3397H         LINE#         1050
  C:3398H         LINE#         1052
  C:3398H         LINE#         1053
  C:3398H         LINE#         1054
  C:33A0H         LINE#         1055
  C:33A0H         LINE#         1056
  C:33A1H         LINE#         1058
  C:33A1H         LINE#         1059
  C:33A1H         LINE#         1060
  C:33A9H         LINE#         1061
  C:33A9H         LINE#         1062
  C:33AAH         LINE#         1064
  C:33AAH         LINE#         1065
  C:33AAH         LINE#         1066
  C:33B2H         LINE#         1067
  C:33B2H         LINE#         1068
  C:33B3H         LINE#         1070
  C:33B3H         LINE#         1071
  C:33B3H         LINE#         1072
  C:33BBH         LINE#         1073
  C:33BBH         LINE#         1074
  C:33BCH         LINE#         1076
  C:33BCH         LINE#         1077
  C:33BCH         LINE#         1078
  C:33C4H         LINE#         1079
  C:33C4H         LINE#         1080
  C:33C5H         LINE#         1082
  C:33C5H         LINE#         1083
  C:33C5H         LINE#         1084
  C:33CFH         LINE#         1085
  C:33CFH         LINE#         1086
  C:33CFH         LINE#         1087
  C:33CFH         LINE#         1088
  C:33D0H         LINE#         1090
  C:33D0H         LINE#         1091
  C:33D0H         LINE#         1092
  C:33F6H         LINE#         1093
  C:33F6H         LINE#         1095
  C:33F6H         LINE#         1096
  C:33F6H         LINE#         1097
  C:33FEH         LINE#         1098
  C:33FEH         LINE#         1099
  C:33FFH         LINE#         1101
  C:33FFH         LINE#         1102
  C:33FFH         LINE#         1103
  C:3407H         LINE#         1104
  C:3407H         LINE#         1105
  C:3408H         LINE#         1107
  C:3408H         LINE#         1108
  C:3408H         LINE#         1109
  C:3410H         LINE#         1110
  C:3410H         LINE#         1111
BL51 BANKED LINKER/LOCATER V6.22                                                      06/27/2014  12:43:34  PAGE 34


[...]
  C:5063H         LINE#         100
  C:5063H         LINE#         101
  C:5068H         LINE#         102
  C:5070H         LINE#         104
  C:507FH         LINE#         105
  C:507FH         LINE#         106
  C:5084H         LINE#         107
  C:508CH         LINE#         109
  C:5099H         LINE#         110
  C:50AFH         LINE#         111
  -------         ENDPROC       CALIBRATE_SET_DEFAULT
  -------         ENDMOD        CALIBRATE

  -------         MODULE        ULONGSORT
  C:0000H         SYMBOL        _ICE_DUMMY_
  D:0088H         PUBLIC        TCON
  D:0098H         PUBLIC        SCON
  D:00A0H         PUBLIC        P2
  D:00A8H         PUBLIC        IE
  D:00B0H         PUBLIC        P3
  D:00B8H         PUBLIC        IP
  D:00C0H         PUBLIC        WDCON
  D:00C8H         PUBLIC        T2CON
  D:00D0H         PUBLIC        PSW
  D:00D8H         PUBLIC        ADCSTAT
  D:00E8H         PUBLIC        I2CCON
  D:00E8H         PUBLIC        DCON
  D:00F8H         PUBLIC        SPICON
  C:1DE9H         PUBLIC        _ulongsort_process
  X:06AFH         PUBLIC        mas_copy
  X:06CFH         PUBLIC        mid_cycle_counter
  X:06D0H         PUBLIC        temp
  -------         PROC          _ULONGSORT_PROCESS
  X:06D4H         SYMBOL        pt
  -------         DO            
  X:06ACH         SYMBOL        counter
  X:06ADH         SYMBOL        i
  X:06AEH         SYMBOL        j
  -------         DO            
  X:06D7H         SYMBOL        PT_YIELD_FLAG
  -------         ENDDO         
  -------         ENDDO         
  C:1DE9H         LINE#         10
  C:1DF4H         LINE#         11
  C:1DF4H         LINE#         13
  C:1DF9H         LINE#         15
  C:1E2CH         LINE#         17
  C:1E2CH         LINE#         18
BL51 BANKED LINKER/LOCATER V6.22                                                      06/27/2014  12:43:34  PAGE 57


  C:1E2CH         LINE#         19
  C:1E6AH         LINE#         22
  C:1E7FH         LINE#         23
  C:1E7FH         LINE#         24
  C:1E83H         LINE#         25
  C:1EA0H         LINE#         26
  C:1EA0H         LINE#         27
  C:1EA8H         LINE#         28
  C:1EAEH         LINE#         29
  C:1ECEH         LINE#         30
  C:1ECEH         LINE#         32
  C:1ED5H         LINE#         33
  C:1ED5H         LINE#         34
  C:1EE9H         LINE#         35
  C:1EE9H         LINE#         36
  C:1EE9H         LINE#         39
  C:1F18H         LINE#         40
  C:1F38H         LINE#         42
  C:1F3EH         LINE#         43
  C:1F3EH         LINE#         44
  C:1F51H         LINE#         45
  C:1F51H         LINE#         46
  C:1F8CH         LINE#         47
  C:1F8CH         LINE#         48
  C:1FAEH         LINE#         49
  C:1FDEH         LINE#         50
  C:2000H         LINE#         51
  C:2000H         LINE#         52
  C:2020H         LINE#         53
  C:2029H         LINE#         54
  C:2035H         LINE#         56
  C:2075H         LINE#         58
  C:208AH         LINE#         59
  C:208AH         LINE#         60
  C:20CAH         LINE#         61
  C:20CAH         LINE#         63
  C:20DEH         LINE#         64
  C:20ECH         LINE#         65
  C:2100H         LINE#         67
  C:2100H         LINE#         68
  C:2118H         LINE#         69
  -------         ENDPROC       _ULONGSORT_PROCESS
  -------         ENDMOD        ULONGSORT

  -------         MODULE        TIMER1
  C:0000H         SYMBOL        _ICE_DUMMY_
  D:0088H         PUBLIC        TCON
  D:0089H         PUBLIC        TMOD
  D:008BH         PUBLIC        TL1
  D:008DH         PUBLIC        TH1
  D:0098H         PUBLIC        SCON
  D:00A0H         PUBLIC        P2
  D:00A8H         PUBLIC        IE
  D:00B0H         PUBLIC        P3
  D:00B8H         PUBLIC        IP
  D:00C0H         PUBLIC        WDCON
  D:00C8H         PUBLIC        T2CON
BL51 BANKED LINKER/LOCATER V6.22                                                      06/27/2014  12:43:34  PAGE 58


  D:00D0H         PUBLIC        PSW
  D:00D8H         PUBLIC        ADCSTAT
  D:00E8H         PUBLIC        I2CCON
  D:00E8H         PUBLIC        DCON
  D:00F8H         PUBLIC        SPICON
  B:0088H.6       PUBLIC        TR1
  B:00A8H.3       PUBLIC        ET1
  C:531BH         PUBLIC        Timer1_Initialize
  -------         PROC          TIMER1_INITIALIZE
  C:531BH         LINE#         4
  C:531BH         LINE#         5
  C:531BH         LINE#         6
  C:531EH         LINE#         7
  C:5321H         LINE#         9
  C:5324H         LINE#         10
  C:5327H         LINE#         13
  C:5329H         LINE#         14
  C:532BH         LINE#         16
  -------         ENDPROC       TIMER1_INITIALIZE
  -------         ENDMOD        TIMER1

  -------         MODULE        CRC_TABLE
  C:0000H         SYMBOL        _ICE_DUMMY_
  C:3D9EH         PUBLIC        Crc8Table
  C:5246H         PUBLIC        _CRC_Check
  -------         PROC          _CRC_CHECK
  D:0006H         SYMBOL        Spool_pr
  D:0005H         SYMBOL        Count_pr
  -------         DO            
  D:0004H         SYMBOL        crc
  -------         ENDDO         
  C:5246H         LINE#         36
  C:5246H         LINE#         37
  C:5246H         LINE#         38
  C:5248H         LINE#         40
  C:524FH         LINE#         41
  C:5265H         LINE#         43
  C:5268H         LINE#         44
  -------         ENDPROC       _CRC_CHECK
  -------         ENDMOD        CRC_TABLE

  -------         MODULE        MODBUS_ASCII
  C:0000H         SYMBOL        _ICE_DUMMY_
  D:0088H         PUBLIC        TCON
  D:0098H         PUBLIC        SCON
  D:00A0H         PUBLIC        P2
  D:00A8H         PUBLIC        IE
  D:00B0H         PUBLIC        P3
  D:00B8H         PUBLIC        IP
  D:00C0H         PUBLIC        WDCON
  D:00C8H         PUBLIC        T2CON
  D:00D0H         PUBLIC        PSW
  D:00D8H         PUBLIC        ADCSTAT
  D:00E8H         PUBLIC        I2CCON
  D:00E8H         PUBLIC        DCON
  D:00F8H         PUBLIC        SPICON
  C:1AA4H         PUBLIC        ReadHoldingReg
BL51 BANKED LINKER/LOCATER V6.22                                                      06/27/2014  12:43:34  PAGE 59


  C:51F8H         PUBLIC        _MBCHAR2BIN
  C:5221H         PUBLIC        _MBBIN2CHAR
  C:4ABCH         PUBLIC        _LRC_Check
  C:5287H         PUBLIC        _Sym_2_To_Char
  C:50B0H         PUBLIC        _Sym_4_To_Int
  C:5015H         PUBLIC        _Int_To_Sym_4
  C:5269H         PUBLIC        _Char_To_Sym_2
  C:4A33H         PUBLIC        _Sym_8_To_Long
  C:4D6EH         PUBLIC        _Long_To_Sym_8
  -------         PROC          _LRC_CHECK
  X:06D4H         SYMBOL        pucFrame
  X:06D7H         SYMBOL        usLen
  -------         DO            
  X:06D9H         SYMBOL        ucLRC
  -------         ENDDO         
  C:4ABCH         LINE#         12
  C:4ACDH         LINE#         13
  C:4ACDH         LINE#         14
  C:4AD0H         LINE#         16
  C:4ADAH         LINE#         17
  C:4ADAH         LINE#         18
  C:4B1AH         LINE#         19
  C:4B1CH         LINE#         20
  C:4B2AH         LINE#         21
  C:4B2CH         LINE#         23
  C:4B34H         LINE#         25
  C:4B34H         LINE#         26
  -------         ENDPROC       _LRC_CHECK
  -------         PROC          _MBCHAR2BIN
  D:0006H         SYMBOL        ucCharacter
  C:51F8H         LINE#         28
  C:51FBH         LINE#         29
  C:51FBH         LINE#         30
  C:5207H         LINE#         31
  C:5207H         LINE#         32
  C:520DH         LINE#         33
  C:520DH         LINE#         34
  C:5219H         LINE#         35
  C:5219H         LINE#         36
  C:521EH         LINE#         37
  C:521EH         LINE#         39
  C:521EH         LINE#         40
  C:5220H         LINE#         41
  C:5220H         LINE#         42
  -------         ENDPROC       _MBCHAR2BIN
  -------         PROC          _MBBIN2CHAR
  D:0006H         SYMBOL        ucByte
  C:5221H         LINE#         44
  C:5224H         LINE#         45
  C:5224H         LINE#         46
  C:522AH         LINE#         47
  C:522AH         LINE#         48
  C:522FH         LINE#         49
  C:522FH         LINE#         50
  C:523BH         LINE#         51
  C:523BH         LINE#         52
  C:5240H         LINE#         53
BL51 BANKED LINKER/LOCATER V6.22                                                      06/27/2014  12:43:34  PAGE 60


  C:5240H         LINE#         55
  C:5240H         LINE#         56
  C:5243H         LINE#         57
  C:5243H         LINE#         58
  C:5245H         LINE#         59
  -------         ENDPROC       _MBBIN2CHAR
  -------         PROC          _SYM_4_TO_INT
  D:0001H         SYMBOL        pucFrame
  -------         DO            
  X:06D4H         SYMBOL        sym_4_to_int
  -------         ENDDO         
  C:50B0H         LINE#         61
  C:50B0H         LINE#         62
  C:50B0H         LINE#         69
  C:50CDH         LINE#         70
  C:50ECH         LINE#         72
  C:50F4H         LINE#         73
  -------         ENDPROC       _SYM_4_TO_INT
  -------         PROC          _SYM_2_TO_CHAR
  D:0001H         SYMBOL        pucFrame
  -------         DO            
  D:0007H         SYMBOL        result_char
  -------         ENDDO         
  C:5287H         LINE#         75
  C:5287H         LINE#         76
  C:5287H         LINE#         79
  C:52A1H         LINE#         80
  C:52A1H         LINE#         81
  -------         ENDPROC       _SYM_2_TO_CHAR
  -------         PROC          _INT_TO_SYM_4
  D:0006H         SYMBOL        val
  D:0001H         SYMBOL        buf
  -------         DO            
  X:075AH         SYMBOL        int_to_sym_4
  -------         ENDDO         
  C:5015H         LINE#         83
  C:5015H         LINE#         84
  C:5015H         LINE#         92
  C:501DH         LINE#         94
  C:502EH         LINE#         95
  C:503EH         LINE#         96
  C:504FH         LINE#         97
  C:5062H         LINE#         100
  -------         ENDPROC       _INT_TO_SYM_4
  -------         PROC          _CHAR_TO_SYM_2
  D:0005H         SYMBOL        val
  D:0001H         SYMBOL        buf
  C:5269H         LINE#         102
  C:526CH         LINE#         103
  C:526CH         LINE#         104
  C:5278H         LINE#         105
  C:5286H         LINE#         106
  -------         ENDPROC       _CHAR_TO_SYM_2
  -------         PROC          _SYM_8_TO_LONG
  D:0001H         SYMBOL        pucFrame
  -------         DO            
  X:074EH         SYMBOL        sym_8_to_long
BL51 BANKED LINKER/LOCATER V6.22                                                      06/27/2014  12:43:34  PAGE 61


  -------         ENDDO         
  C:4A33H         LINE#         108
  C:4A33H         LINE#         109
  C:4A33H         LINE#         117
  C:4A50H         LINE#         118
  C:4A6FH         LINE#         119
  C:4A8EH         LINE#         120
  C:4AADH         LINE#         122
  C:4ABBH         LINE#         123
  -------         ENDPROC       _SYM_8_TO_LONG
  -------         PROC          _LONG_TO_SYM_8
  X:06D4H         SYMBOL        val
  X:06D8H         SYMBOL        buf
  -------         DO            
  X:06DBH         SYMBOL        i
  -------         ENDDO         
  C:4D6EH         LINE#         125
  C:4D7FH         LINE#         126
  C:4D7FH         LINE#         129
  C:4D82H         LINE#         130
  C:4D82H         LINE#         131
  C:4DB3H         LINE#         132
  C:4DCCH         LINE#         133
  C:4DD8H         LINE#         134
  -------         ENDPROC       _LONG_TO_SYM_8
  -------         PROC          READHOLDINGREG
  -------         DO            
  X:0730H         SYMBOL        i
  X:0731H         SYMBOL        count
  X:0732H         SYMBOL        LRC
  X:0733H         SYMBOL        addr
  X:0735H         SYMBOL        len
  -------         ENDDO         
  C:1AA4H         LINE#         165
  C:1AA4H         LINE#         166
  C:1AA4H         LINE#         175
  C:1AA9H         LINE#         177
  C:1ABAH         LINE#         178
  C:1AC9H         LINE#         180
  C:1AF7H         LINE#         181
  C:1AF7H         LINE#         182
  C:1AFDH         LINE#         183
  C:1B03H         LINE#         185
  C:1B0FH         LINE#         186
  C:1B16H         LINE#         188
  C:1B1FH         LINE#         189
  C:1B26H         LINE#         192
  C:1B2AH         LINE#         195
  C:1B62H         LINE#         196
  C:1B62H         LINE#         197
  C:1B85H         LINE#         198
  C:1B85H         LINE#         199
  C:1B85H         LINE#         200
  C:1B85H         LINE#         201
  C:1BA7H         LINE#         202
  C:1BA7H         LINE#         203
  C:1BA7H         LINE#         204
BL51 BANKED LINKER/LOCATER V6.22                                                      06/27/2014  12:43:34  PAGE 62


  C:1BA7H         LINE#         205
  C:1BBAH         LINE#         206
  C:1BBAH         LINE#         207
  C:1BEEH         LINE#         208
  C:1BF1H         LINE#         210
  C:1BF1H         LINE#         211
  C:1C25H         LINE#         212
  C:1C25H         LINE#         213
  C:1C25H         LINE#         214
  C:1C28H         LINE#         216
  C:1C28H         LINE#         217
  C:1C28H         LINE#         218
  C:1C3FH         LINE#         219
  C:1C3FH         LINE#         220
  C:1C6BH         LINE#         221
  C:1C6EH         LINE#         223
  C:1C6EH         LINE#         224
  C:1C9DH         LINE#         225
  C:1C9DH         LINE#         227
  C:1C9DH         LINE#         228
  C:1CA0H         LINE#         229
  C:1CA0H         LINE#         230
  C:1CA0H         LINE#         231
  C:1CA3H         LINE#         233
  C:1CA3H         LINE#         234
  C:1CA3H         LINE#         235
  C:1CBCH         LINE#         236
  C:1CBCH         LINE#         237
  C:1CBCH         LINE#         238
  C:1CBCH         LINE#         239
  C:1CE8H         LINE#         240
  C:1CE8H         LINE#         241
  C:1CEAH         LINE#         242
  C:1CEAH         LINE#         243
  C:1CEAH         LINE#         244
  C:1CECH         LINE#         246
  C:1CECH         LINE#         247
  C:1CECH         LINE#         248
  C:1D06H         LINE#         249
  C:1D06H         LINE#         251
  C:1D06H         LINE#         252
  C:1D06H         LINE#         253
  C:1D32H         LINE#         254
  C:1D32H         LINE#         255
  C:1D34H         LINE#         257
  C:1D34H         LINE#         258
  C:1D34H         LINE#         259
  C:1D63H         LINE#         260
  C:1D63H         LINE#         261
  C:1D63H         LINE#         262
  C:1D63H         LINE#         263
  C:1D63H         LINE#         264
  C:1D63H         LINE#         265
  C:1D63H         LINE#         266
  C:1D6AH         LINE#         267
  C:1D73H         LINE#         269
  C:1D86H         LINE#         271
BL51 BANKED LINKER/LOCATER V6.22                                                      06/27/2014  12:43:34  PAGE 63


  C:1D9DH         LINE#         273
  C:1DB1H         LINE#         274
  C:1DB8H         LINE#         276
  C:1DC5H         LINE#         277
  C:1DCBH         LINE#         278
  C:1DD8H         LINE#         279
  C:1DDEH         LINE#         280
  C:1DE0H         LINE#         282
  C:1DE0H         LINE#         283
  C:1DE3H         LINE#         284
  C:1DE3H         LINE#         286
  C:1DE8H         LINE#         287
  -------         ENDPROC       READHOLDINGREG
  -------         ENDMOD        MODBUS_ASCII

  -------         MODULE        ?C?FPADD
  C:003DH         PUBLIC        ?C?FPADD
  C:0039H         PUBLIC        ?C?FPSUB
  -------         ENDMOD        ?C?FPADD

  -------         MODULE        ?C?FPMUL
  C:012EH         PUBLIC        ?C?FPMUL
  -------         ENDMOD        ?C?FPMUL

  -------         MODULE        ?C?FPCMP
  C:0236H         PUBLIC        ?C?FPCMP
  C:0234H         PUBLIC        ?C?FPCMP3
  -------         ENDMOD        ?C?FPCMP

  -------         MODULE        ?C?FCAST
  C:02ABH         PUBLIC        ?C?FCASTC
  C:02A6H         PUBLIC        ?C?FCASTI
  C:02A1H         PUBLIC        ?C?FCASTL
  -------         ENDMOD        ?C?FCAST

  -------         MODULE        ?C?CASTF
  C:02DFH         PUBLIC        ?C?CASTF
  -------         ENDMOD        ?C?CASTF

  -------         MODULE        ?C?COPY
  C:0430H         PUBLIC        ?C?COPY
  -------         ENDMOD        ?C?COPY

  -------         MODULE        ?C?CLDPTR
  C:0456H         PUBLIC        ?C?CLDPTR
  -------         ENDMOD        ?C?CLDPTR

  -------         MODULE        ?C?CLDOPTR
  C:046FH         PUBLIC        ?C?CLDOPTR
  -------         ENDMOD        ?C?CLDOPTR

  -------         MODULE        ?C?CILDOPTR
  C:049CH         PUBLIC        ?C?CILDOPTR
  -------         ENDMOD        ?C?CILDOPTR

  -------         MODULE        ?C?CSTPTR
  C:04CFH         PUBLIC        ?C?CSTPTR
BL51 BANKED LINKER/LOCATER V6.22                                                      06/27/2014  12:43:34  PAGE 64


  -------         ENDMOD        ?C?CSTPTR

  -------         MODULE        ?C?CSTOPTR
  C:04E1H         PUBLIC        ?C?CSTOPTR
  -------         ENDMOD        ?C?CSTOPTR

  -------         MODULE        ?C?IILDX
  C:0503H         PUBLIC        ?C?IILDX
  -------         ENDMOD        ?C?IILDX

  -------         MODULE        ?C?ILDIX
  C:0519H         PUBLIC        ?C?ILDIX
  -------         ENDMOD        ?C?ILDIX

  -------         MODULE        ?C?ILDPTR
  C:052FH         PUBLIC        ?C?ILDPTR
  -------         ENDMOD        ?C?ILDPTR

  -------         MODULE        ?C?ILDOPTR
  C:055AH         PUBLIC        ?C?ILDOPTR
  -------         ENDMOD        ?C?ILDOPTR

  -------         MODULE        ?C?ISTPTR
  C:0592H         PUBLIC        ?C?ISTPTR
  -------         ENDMOD        ?C?ISTPTR

  -------         MODULE        ?C?ISTOPTR
  C:05B1H         PUBLIC        ?C?ISTOPTR
  -------         ENDMOD        ?C?ISTOPTR

  -------         MODULE        ?C?ULDIV
  C:061AH         PUBLIC        ?C?ULDIV
  -------         ENDMOD        ?C?ULDIV

  -------         MODULE        ?C?SLDIV
  C:50F5H         PUBLIC        ?C?SLDIV
  -------         ENDMOD        ?C?SLDIV

  -------         MODULE        ?C?LNEG
  C:06ACH         PUBLIC        ?C?LNEG
  -------         ENDMOD        ?C?LNEG

  -------         MODULE        ?C?ULCMP
  C:06BAH         PUBLIC        ?C?ULCMP
  -------         ENDMOD        ?C?ULCMP

  -------         MODULE        ?C?ULSHR
  C:06CBH         PUBLIC        ?C?ULSHR
  -------         ENDMOD        ?C?ULSHR

  -------         MODULE        ?C?LSHL
  C:06DEH         PUBLIC        ?C?LSHL
  -------         ENDMOD        ?C?LSHL

  -------         MODULE        ?C?LSTXDATA
  C:06F1H         PUBLIC        ?C?LSTXDATA
  -------         ENDMOD        ?C?LSTXDATA
BL51 BANKED LINKER/LOCATER V6.22                                                      06/27/2014  12:43:34  PAGE 65



  -------         MODULE        ?C?LSTKXDATA
  C:06FDH         PUBLIC        ?C?LSTKXDATA
  -------         ENDMOD        ?C?LSTKXDATA

  -------         MODULE        ?C?OFFXADD
  C:072EH         PUBLIC        ?C?OFFXADD
  -------         ENDMOD        ?C?OFFXADD

  -------         MODULE        ?C?CCASE
  C:073AH         PUBLIC        ?C?CCASE
  -------         ENDMOD        ?C?CCASE

  -------         MODULE        ?C?ICASE
  C:0760H         PUBLIC        ?C?ICASE
  -------         ENDMOD        ?C?ICASE

*** WARNING L16: UNCALLED SEGMENT, IGNORED FOR OVERLAY PROCESS
    SEGMENT: ?PR?_INT_TO_SYM_4?MODBUS_ASCII

*** WARNING L16: UNCALLED SEGMENT, IGNORED FOR OVERLAY PROCESS
    SEGMENT: ?PR?_SYM_8_TO_LONG?MODBUS_ASCII

Program Size: data=19.0 xdata=1887 code=21315
LINK/LOCATE RUN COMPLETE.  2 WARNING(S),  0 ERROR(S)
