BL51 BANKED LINKER/LOCATER V6.22                                                        06/23/2014  11:22:11  PAGE 1


BL51 BANKED LINKER/LOCATER V6.22, INVOKED BY:
C:\PROGRAM FILES\KEIL\C51\BIN\BL51.EXE debug.obj, timer3.obj, adc.obj, eeprom.obj, watchdog.obj, proto_uso.obj, channels
>> .obj, START_AD.obj, frequency.obj, timer0.obj, timer2.obj, i2c.obj, calibrate.obj, ulongsort.obj, timer1.obj, crc_tab
>> le.obj TO debug RAMSIZE (256) XDATA (0X0000-0X7FFE)


MEMORY MODEL: LARGE WITH FLOATING POINT ARITHMETIC


INPUT MODULES INCLUDED:
  debug.obj (DEBUG)
  timer3.obj (TIMER3)
  adc.obj (ADC)
  eeprom.obj (EEPROM)
  watchdog.obj (WATCHDOG)
  proto_uso.obj (PROTO_USO)
  channels.obj (CHANNELS)
  START_AD.obj (?C_STARTUP)
  frequency.obj (FREQUENCY)
  timer0.obj (TIMER0)
  timer2.obj (TIMER2)
  i2c.obj (I2C)
  calibrate.obj (CALIBRATE)
  ulongsort.obj (ULONGSORT)
  timer1.obj (TIMER1)
  crc_table.obj (CRC_TABLE)
  C:\PROGRAM FILES\KEIL\C51\LIB\C51FPL.LIB (?C?FPADD)
  C:\PROGRAM FILES\KEIL\C51\LIB\C51FPL.LIB (?C?FPMUL)
  C:\PROGRAM FILES\KEIL\C51\LIB\C51FPL.LIB (?C?FPCMP)
  C:\PROGRAM FILES\KEIL\C51\LIB\C51FPL.LIB (?C?FCAST)
  C:\PROGRAM FILES\KEIL\C51\LIB\C51FPL.LIB (?C?CASTF)
  C:\PROGRAM FILES\KEIL\C51\LIB\C51FPL.LIB (?C?FPGETOPN)
  C:\PROGRAM FILES\KEIL\C51\LIB\C51L.LIB (?C_INIT)
  C:\PROGRAM FILES\KEIL\C51\LIB\C51L.LIB (?C?COPY)
  C:\PROGRAM FILES\KEIL\C51\LIB\C51L.LIB (?C?CLDPTR)
  C:\PROGRAM FILES\KEIL\C51\LIB\C51L.LIB (?C?CLDOPTR)
  C:\PROGRAM FILES\KEIL\C51\LIB\C51L.LIB (?C?CILDOPTR)
  C:\PROGRAM FILES\KEIL\C51\LIB\C51L.LIB (?C?CSTOPTR)
  C:\PROGRAM FILES\KEIL\C51\LIB\C51L.LIB (?C?IILDX)
  C:\PROGRAM FILES\KEIL\C51\LIB\C51L.LIB (?C?ILDPTR)
  C:\PROGRAM FILES\KEIL\C51\LIB\C51L.LIB (?C?ILDOPTR)
  C:\PROGRAM FILES\KEIL\C51\LIB\C51L.LIB (?C?ISTPTR)
  C:\PROGRAM FILES\KEIL\C51\LIB\C51L.LIB (?C?ISTOPTR)
  C:\PROGRAM FILES\KEIL\C51\LIB\C51L.LIB (?C?ULDIV)
  C:\PROGRAM FILES\KEIL\C51\LIB\C51L.LIB (?C?SLDIV)
  C:\PROGRAM FILES\KEIL\C51\LIB\C51L.LIB (?C?LNEG)
  C:\PROGRAM FILES\KEIL\C51\LIB\C51L.LIB (?C?ULCMP)
  C:\PROGRAM FILES\KEIL\C51\LIB\C51L.LIB (?C?ULSHR)
  C:\PROGRAM FILES\KEIL\C51\LIB\C51L.LIB (?C?LSHL)
  C:\PROGRAM FILES\KEIL\C51\LIB\C51L.LIB (?C?LSTXDATA)
  C:\PROGRAM FILES\KEIL\C51\LIB\C51L.LIB (?C?LSTKXDATA)
  C:\PROGRAM FILES\KEIL\C51\LIB\C51L.LIB (?C?OFFXADD)
  C:\PROGRAM FILES\KEIL\C51\LIB\C51L.LIB (?C?CCASE)
  C:\PROGRAM FILES\KEIL\C51\LIB\C51L.LIB (?C?ICASE)


LINK MAP OF MODULE:  debug (DEBUG)

BL51 BANKED LINKER/LOCATER V6.22                                                      06/23/2014  11:22:11  PAGE 2



            TYPE    BASE      LENGTH    RELOCATION   SEGMENT NAME
            -----------------------------------------------------

            * * * * * * *   D A T A   M E M O R Y   * * * * * * *
            REG     0000H     0008H     ABSOLUTE     "REG BANK 0"
            DATA    0008H     0002H     UNIT         _DATA_GROUP_
            DATA    000AH     0001H     UNIT         ?DT?WATCHDOG
            DATA    000BH     0001H     UNIT         ?DT?PROTO_USO
            IDATA   000CH     0006H     UNIT         ?ID?I2C
            IDATA   0012H     0003H     UNIT         ?ID?PROTO_USO
            IDATA   0015H     0001H     UNIT         ?STACK

            * * * * * * *  X D A T A   M E M O R Y  * * * * * * *
            XDATA   0000H     037CH     UNIT         ?XD?PROTO_USO
            XDATA   037CH     015FH     UNIT         ?XD?CHANNELS
            XDATA   04DBH     0132H     UNIT         ?XD?ADC
            XDATA   060DH     006BH     UNIT         ?XD?FREQUENCY
            XDATA   0678H     0030H     UNIT         ?XD?I2C
            XDATA   06A8H     0028H     UNIT         ?XD?ULONGSORT
            XDATA   06D0H     001EH     UNIT         _XDATA_GROUP_
            XDATA   06EEH     0016H     UNIT         ?XD?WATCHDOG
            XDATA   0704H     0010H     UNIT         ?XD?DEBUG
            XDATA   0714H     000DH     UNIT         ?XD?_STORE_DEV_ADDRESS_DESC?PROTO_USO
            XDATA   0721H     0008H     UNIT         ?XD?CHANNEL_SET_CALIBRATE?PROTO_USO
            XDATA   0729H     0006H     UNIT         ?XD?_WDT_PROCESS?WATCHDOG
            XDATA   072FH     0006H     UNIT         ?XD?_PROTO_PASTE_NULL?PROTO_USO
            XDATA   0735H     0005H     UNIT         ?XD?_OLD_CRC_CHECK?PROTO_USO
            XDATA   073AH     0004H     UNIT         ?XD?_PROTOPROCESS?PROTO_USO
            XDATA   073EH     0004H     UNIT         ?XD?_RINGBUFHANDLING?PROTO_USO
            XDATA   0742H     0004H     UNIT         ?XD?_FREQUENCY_MEASURE_PROCESS?FREQUENCY
            XDATA   0746H     0002H     UNIT         ?XD?OLD_CHANNEL_GET_DATA?PROTO_USO
            XDATA   0748H     0002H     UNIT         ?XD?OLD_CHANNEL_GET_DATA_STATE?PROTO_USO
            XDATA   074AH     0002H     UNIT         ?XD?OLD_CHANNEL_GET_STATE?PROTO_USO
            XDATA   074CH     0002H     UNIT         ?XD?RESTORE_DEV_ADDRESS_DESC?PROTO_USO
            XDATA   074EH     0001H     UNIT         ?XD?CHANNEL_SET_ADDRESS_DESC?PROTO_USO
            XDATA   074FH     0001H     UNIT         ?XD?_REQUEST_ERROR?PROTO_USO
            XDATA   0750H     0001H     UNIT         ?XD?OLD_CHANNEL_SET_ADC_RANGE?PROTO_USO

            * * * * * * *   C O D E   M E M O R Y   * * * * * * *
            CODE    0000H     0003H     ABSOLUTE     
            CODE    0003H     0003H     ABSOLUTE     
            CODE    0006H     0003H     UNIT         ?PR?NODE_FULL_INIT?PROTO_USO
                    0009H     0002H                  *** GAP ***
            CODE    000BH     0003H     ABSOLUTE     
            CODE    000EH     0003H     UNIT         ?PR?CHANNEL_LIST_INIT?PROTO_USO
                    0011H     0002H                  *** GAP ***
            CODE    0013H     0003H     ABSOLUTE     
            CODE    0016H     0003H     UNIT         ?PR?CHANNEL_GET_DATA?PROTO_USO
                    0019H     0002H                  *** GAP ***
            CODE    001BH     0003H     ABSOLUTE     
            CODE    001EH     0003H     UNIT         ?PR?CHANNEL_SET_ORDER_QUERY?PROTO_USO
                    0021H     0002H                  *** GAP ***
            CODE    0023H     0003H     ABSOLUTE     
            CODE    0026H     0003H     UNIT         ?PR?CHANNEL_GET_DATA_ORDER?PROTO_USO
                    0029H     0002H                  *** GAP ***
            CODE    002BH     0003H     ABSOLUTE     
BL51 BANKED LINKER/LOCATER V6.22                                                      06/23/2014  11:22:11  PAGE 3


            CODE    002EH     0003H     UNIT         ?PR?CHANNEL_SET_STATE?PROTO_USO
                    0031H     0002H                  *** GAP ***
            CODE    0033H     0003H     ABSOLUTE     
            CODE    0036H     072FH     UNIT         ?C?LIB_CODE
            CODE    0765H     03FAH     UNIT         ?PR?CHANNEL_ALL_GET_DATA?PROTO_USO
            CODE    0B5FH     03A8H     UNIT         ?PR?OLD_CHANNEL_GET_DATA_STATE?PROTO_USO
            CODE    0F07H     038CH     UNIT         ?PR?_I2C_PROCESS?I2C
            CODE    1293H     0353H     UNIT         ?C_INITSEG
            CODE    15E6H     0337H     UNIT         ?PR?_PROTOPROCESS?PROTO_USO
            CODE    191DH     0330H     UNIT         ?PR?_ULONGSORT_PROCESS?ULONGSORT
            CODE    1C4DH     02EAH     UNIT         ?PR?OLD_CHANNEL_GET_DATA?PROTO_USO
            CODE    1F37H     02D2H     UNIT         ?PR?TIMER2_ISR?FREQUENCY
            CODE    2209H     02B8H     UNIT         ?PR?_RINGBUFHANDLING?PROTO_USO
            CODE    24C1H     0288H     UNIT         ?PR?_FREQUENCY_MEASURE_PROCESS?FREQUENCY
            CODE    2749H     01E8H     UNIT         ?PR?CHANNELS_SET_DEFAULT?CHANNELS
            CODE    2931H     0189H     UNIT         ?PR?_STORE_DEV_ADDRESS_DESC?PROTO_USO
            CODE    2ABAH     017DH     UNIT         ?PR?PROTOBUFHANDLING?PROTO_USO
            CODE    2C37H     016EH     UNIT         ?PR?OLD_CHANNEL_SET_ADC_RANGE?PROTO_USO
            CODE    2DA5H     0167H     UNIT         ?PR?SEND_INFO?PROTO_USO
            CODE    2F0CH     0163H     UNIT         ?PR?OLD_CHANNEL_GET_STATE?PROTO_USO
            CODE    306FH     0161H     UNIT         ?PR?CHANNEL_SET_PARAMETERS?PROTO_USO
            CODE    31D0H     0151H     UNIT         ?PR?_I2C_WRITE_BUF?I2C
            CODE    3321H     0132H     UNIT         ?PR?ADC_ISR?ADC
            CODE    3453H     0110H     UNIT         ?PR?_PROTO_PASTE_NULL?PROTO_USO
            CODE    3563H     0110H     UNIT         ?PR?_I2C_READ_BUF?I2C
            CODE    3673H     010DH     UNIT         ?PR?_WDT_PROCESS?WATCHDOG
            CODE    3780H     0105H     UNIT         ?PR?CHANNEL_GET_CALIBRATE_VALUE?PROTO_USO
            CODE    3885H     0100H     UNIT         ?CO?CRC_TABLE
            CODE    3985H     00F1H     UNIT         ?PR?RESTORE_DEV_ADDRESS_DESC?PROTO_USO
            CODE    3A76H     00E5H     UNIT         ?PR?CHANNEL_SET_CALIBRATE?PROTO_USO
            CODE    3B5BH     00E3H     UNIT         ?PR?_EEPROM_WRITE?EEPROM
            CODE    3C3EH     00DFH     UNIT         ?PR?_EEPROM_READ?EEPROM
            CODE    3D1DH     00C6H     UNIT         ?PR?_I2C_READ_COMPLETE?I2C
            CODE    3DE3H     00C3H     UNIT         ?PR?_CALIBRATE_SET_FLAG?CALIBRATE
            CODE    3EA6H     00C0H     UNIT         ?PR?FREQUENCY_INIT?FREQUENCY
            CODE    3F66H     00BCH     UNIT         ?PR?_GETCALIBRATEVAL?CALIBRATE
            CODE    4022H     00AEH     UNIT         ?PR?_I2C_REPEATREAD?DEBUG
            CODE    40D0H     00A2H     UNIT         ?PR?_CALIBRATE?CALIBRATE
            CODE    4172H     009DH     UNIT         ?PR?ADC_RESTORE_SETTINGS?ADC
            CODE    420FH     009DH     UNIT         ?C_C51STARTUP
            CODE    42ACH     009DH     UNIT         ?PR?RESTORECALIBRATE?CALIBRATE
            CODE    4349H     0098H     UNIT         ?PR?CHANNELSINIT?CHANNELS
            CODE    43E1H     0098H     UNIT         ?PR?RESTORE_CHANNELS_DATA?CHANNELS
            CODE    4479H     0092H     UNIT         ?PR?MAIN?DEBUG
            CODE    450BH     0078H     UNIT         ?PR?CHANNEL_SET_ADDRESS_DESC?PROTO_USO
            CODE    4583H     0076H     UNIT         ?PR?_OLD_CRC_CHECK?PROTO_USO
            CODE    45F9H     006EH     UNIT         ?PR?UART_ISR?PROTO_USO
            CODE    4667H     006BH     UNIT         ?PR?STORE_CHANNELS_DATA?CHANNELS
            CODE    46D2H     006BH     UNIT         ?PR?INT2_ISR?FREQUENCY
            CODE    473DH     0067H     UNIT         ?PR?TIMER1_INTERRUPT?DEBUG
            CODE    47A4H     0065H     UNIT         ?PR?INT0_ISR?FREQUENCY
            CODE    4809H     0065H     UNIT         ?PR?INT1_ISR?FREQUENCY
            CODE    486EH     005BH     UNIT         ?PR?_REQUEST_ERROR?PROTO_USO
            CODE    48C9H     0058H     UNIT         ?PR?CHANNELS_GET_SETTINGS_CRC?CHANNELS
            CODE    4921H     0058H     UNIT         ?PR?CALIBRATE_GET_CRC?CALIBRATE
            CODE    4979H     004DH     UNIT         ?PR?CALIBRATE_SET_DEFAULT?CALIBRATE
            CODE    49C6H     0044H     UNIT         ?C?LDIV
BL51 BANKED LINKER/LOCATER V6.22                                                      06/23/2014  11:22:11  PAGE 4


            CODE    4A0AH     0039H     UNIT         ?PR?_WDT_INIT?WATCHDOG
            CODE    4A43H     0031H     UNIT         ?PR?PROTOCOL_INIT?PROTO_USO
            CODE    4A74H     002DH     UNIT         ?PR?ADC_INITIALIZE?ADC
            CODE    4AA1H     0029H     UNIT         ?PR?_I2C_REPEAT_START_READ?I2C
            CODE    4ACAH     0023H     UNIT         ?PR?_CRC_CHECK?CRC_TABLE
            CODE    4AEDH     0016H     UNIT         ?PR?I2C_INIT?I2C
            CODE    4B03H     0015H     UNIT         ?PR?_ADC_OUT_FREQ?ADC
            CODE    4B18H     0014H     UNIT         ?PR?TIMER2_INITIALIZE?TIMER2
            CODE    4B2CH     0013H     UNIT         ?PR?CHANNEL_SET_RESET_STATE_FLAGS?PROTO_USO
            CODE    4B3FH     0012H     UNIT         ?PR?UART_INIT?TIMER3
            CODE    4B51H     0011H     UNIT         ?PR?TIMER0_INITIALIZE?TIMER0
            CODE    4B62H     0011H     UNIT         ?PR?TIMER1_INITIALIZE?TIMER1
            CODE    4B73H     000CH     UNIT         ?PR?CHANNEL_SET_ALL_DEFAULT?PROTO_USO
            CODE    4B7FH     000AH     UNIT         ?PR?WDT_CLEAR?WATCHDOG
            CODE    4B89H     0007H     UNIT         ?PR?_ADC_SET_MODE?ADC
            CODE    4B90H     0003H     UNIT         ?PR?CHANNEL_GET_DATA_ORDER_M2?PROTO_USO
            CODE    4B93H     0003H     UNIT         ?PR?OLD_REINIT_BLOCK?PROTO_USO



OVERLAY MAP OF MODULE:   debug (DEBUG)


SEGMENT                                            DATA_GROUP          XDATA_GROUP
  +--> CALLED SEGMENT                            START    LENGTH     START    LENGTH
------------------------------------------------------------------------------------
?C_C51STARTUP                                    -----    -----      -----    -----
  +--> ?PR?MAIN?DEBUG
  +--> ?C_INITSEG

?PR?MAIN?DEBUG                                   -----    -----      -----    -----
  +--> ?PR?RESTORECALIBRATE?CALIBRATE
  +--> ?PR?CHANNELSINIT?CHANNELS
  +--> ?PR?PROTOCOL_INIT?PROTO_USO
  +--> ?PR?TIMER1_INITIALIZE?TIMER1
  +--> ?PR?ADC_INITIALIZE?ADC
  +--> ?PR?UART_INIT?TIMER3
  +--> ?PR?FREQUENCY_INIT?FREQUENCY
  +--> ?PR?I2C_INIT?I2C
  +--> ?PR?_I2C_REPEAT_START_READ?I2C
  +--> ?PR?_PROTOPROCESS?PROTO_USO
  +--> ?PR?_I2C_REPEATREAD?DEBUG
  +--> ?PR?_FREQUENCY_MEASURE_PROCESS?FREQUENCY
  +--> ?PR?_ULONGSORT_PROCESS?ULONGSORT
  +--> ?PR?_I2C_PROCESS?I2C
  +--> ?PR?_RINGBUFHANDLING?PROTO_USO

?PR?RESTORECALIBRATE?CALIBRATE                   -----    -----      06D0H    0009H
  +--> ?PR?_EEPROM_READ?EEPROM
  +--> ?PR?CALIBRATE_GET_CRC?CALIBRATE
  +--> ?PR?CALIBRATE_SET_DEFAULT?CALIBRATE

?PR?_EEPROM_READ?EEPROM                          -----    -----      06D9H    000AH

?PR?CALIBRATE_GET_CRC?CALIBRATE                  -----    -----      06E4H    0003H
  +--> ?CO?CRC_TABLE

BL51 BANKED LINKER/LOCATER V6.22                                                      06/23/2014  11:22:11  PAGE 5


?PR?CALIBRATE_SET_DEFAULT?CALIBRATE              -----    -----      06D9H    0005H
  +--> ?PR?_CALIBRATE_SET_FLAG?CALIBRATE
  +--> ?PR?CALIBRATE_GET_CRC?CALIBRATE
  +--> ?PR?_EEPROM_WRITE?EEPROM

?PR?_CALIBRATE_SET_FLAG?CALIBRATE                -----    -----      06DEH    0006H
  +--> ?PR?_EEPROM_WRITE?EEPROM
  +--> ?PR?CALIBRATE_GET_CRC?CALIBRATE

?PR?_EEPROM_WRITE?EEPROM                         -----    -----      06E4H    000AH

?PR?CHANNELSINIT?CHANNELS                        -----    -----      -----    -----
  +--> ?PR?RESTORE_CHANNELS_DATA?CHANNELS

?PR?RESTORE_CHANNELS_DATA?CHANNELS               -----    -----      06D0H    0009H
  +--> ?PR?_EEPROM_READ?EEPROM
  +--> ?PR?CHANNELS_GET_SETTINGS_CRC?CHANNELS
  +--> ?PR?CHANNELS_SET_DEFAULT?CHANNELS

?PR?CHANNELS_GET_SETTINGS_CRC?CHANNELS           -----    -----      06DEH    0003H
  +--> ?CO?CRC_TABLE

?PR?CHANNELS_SET_DEFAULT?CHANNELS                -----    -----      -----    -----
  +--> ?PR?STORE_CHANNELS_DATA?CHANNELS

?PR?STORE_CHANNELS_DATA?CHANNELS                 -----    -----      06D9H    0005H
  +--> ?PR?_EEPROM_WRITE?EEPROM
  +--> ?PR?CHANNELS_GET_SETTINGS_CRC?CHANNELS

?PR?PROTOCOL_INIT?PROTO_USO                      -----    -----      -----    -----
  +--> ?PR?RESTORE_DEV_ADDRESS_DESC?PROTO_USO

?PR?RESTORE_DEV_ADDRESS_DESC?PROTO_USO           -----    -----      -----    -----
  +--> ?PR?_EEPROM_READ?EEPROM

?PR?ADC_INITIALIZE?ADC                           -----    -----      -----    -----
  +--> ?PR?ADC_RESTORE_SETTINGS?ADC
  +--> ?PR?_ADC_SET_MODE?ADC
  +--> ?PR?_ADC_OUT_FREQ?ADC

?PR?ADC_RESTORE_SETTINGS?ADC                     -----    -----      06D0H    0002H

?PR?FREQUENCY_INIT?FREQUENCY                     -----    -----      06D0H    0001H
  +--> ?PR?TIMER0_INITIALIZE?TIMER0
  +--> ?PR?TIMER2_INITIALIZE?TIMER2

?PR?_I2C_REPEAT_START_READ?I2C                   -----    -----      06D4H    0009H

?PR?_PROTOPROCESS?PROTO_USO                      -----    -----      -----    -----
  +--> ?PR?_CRC_CHECK?CRC_TABLE
  +--> ?PR?_OLD_CRC_CHECK?PROTO_USO
  +--> ?PR?PROTOBUFHANDLING?PROTO_USO
  +--> ?PR?_PROTO_PASTE_NULL?PROTO_USO

?PR?_CRC_CHECK?CRC_TABLE                         -----    -----      -----    -----
  +--> ?CO?CRC_TABLE

BL51 BANKED LINKER/LOCATER V6.22                                                      06/23/2014  11:22:11  PAGE 6


?PR?PROTOBUFHANDLING?PROTO_USO                   -----    -----      -----    -----
  +--> ?PR?SEND_INFO?PROTO_USO
  +--> ?PR?NODE_FULL_INIT?PROTO_USO
  +--> ?PR?CHANNEL_LIST_INIT?PROTO_USO
  +--> ?PR?CHANNEL_GET_DATA?PROTO_USO
  +--> ?PR?CHANNEL_SET_PARAMETERS?PROTO_USO
  +--> ?PR?CHANNEL_SET_ORDER_QUERY?PROTO_USO
  +--> ?PR?CHANNEL_GET_DATA_ORDER?PROTO_USO
  +--> ?PR?CHANNEL_SET_STATE?PROTO_USO
  +--> ?PR?CHANNEL_GET_DATA_ORDER_M2?PROTO_USO
  +--> ?PR?CHANNEL_SET_RESET_STATE_FLAGS?PRO...
  +--> ?PR?CHANNEL_ALL_GET_DATA?PROTO_USO
  +--> ?PR?CHANNEL_SET_ADDRESS_DESC?PROTO_USO
  +--> ?PR?CHANNEL_SET_CALIBRATE?PROTO_USO
  +--> ?PR?CHANNEL_SET_ALL_DEFAULT?PROTO_USO
  +--> ?PR?CHANNEL_GET_CALIBRATE_VALUE?PROTO...
  +--> ?PR?_REQUEST_ERROR?PROTO_USO
  +--> ?PR?OLD_REINIT_BLOCK?PROTO_USO
  +--> ?PR?OLD_CHANNEL_SET_ADC_RANGE?PROTO_USO
  +--> ?PR?OLD_CHANNEL_GET_STATE?PROTO_USO
  +--> ?PR?OLD_CHANNEL_GET_DATA?PROTO_USO
  +--> ?PR?OLD_CHANNEL_GET_DATA_STATE?PROTO_USO

?PR?SEND_INFO?PROTO_USO                          -----    -----      -----    -----
  +--> ?PR?_CRC_CHECK?CRC_TABLE

?PR?CHANNEL_SET_PARAMETERS?PROTO_USO             -----    -----      06D0H    0001H
  +--> ?PR?_REQUEST_ERROR?PROTO_USO
  +--> ?PR?STORE_CHANNELS_DATA?CHANNELS

?PR?_REQUEST_ERROR?PROTO_USO                     -----    -----      -----    -----
  +--> ?PR?_CRC_CHECK?CRC_TABLE

?PR?CHANNEL_SET_RESET_STATE_FLAGS?PRO...         -----    -----      -----    -----
  +--> ?PR?CHANNELSINIT?CHANNELS
  +--> ?PR?_REQUEST_ERROR?PROTO_USO

?PR?CHANNEL_ALL_GET_DATA?PROTO_USO               0008H    0002H      -----    -----
  +--> ?PR?_CRC_CHECK?CRC_TABLE

?PR?CHANNEL_SET_ADDRESS_DESC?PROTO_USO           -----    -----      -----    -----
  +--> ?PR?_STORE_DEV_ADDRESS_DESC?PROTO_USO
  +--> ?PR?_REQUEST_ERROR?PROTO_USO

?PR?_STORE_DEV_ADDRESS_DESC?PROTO_USO            -----    -----      -----    -----
  +--> ?PR?_EEPROM_WRITE?EEPROM

?PR?CHANNEL_SET_CALIBRATE?PROTO_USO              -----    -----      -----    -----
  +--> ?PR?_CALIBRATE?CALIBRATE
  +--> ?PR?_CALIBRATE_SET_FLAG?CALIBRATE
  +--> ?PR?_REQUEST_ERROR?PROTO_USO

?PR?_CALIBRATE?CALIBRATE                         -----    -----      06D0H    000DH
  +--> ?PR?_EEPROM_WRITE?EEPROM
  +--> ?PR?CALIBRATE_GET_CRC?CALIBRATE

?PR?CHANNEL_SET_ALL_DEFAULT?PROTO_USO            -----    -----      -----    -----
BL51 BANKED LINKER/LOCATER V6.22                                                      06/23/2014  11:22:11  PAGE 7


  +--> ?PR?CHANNELS_SET_DEFAULT?CHANNELS
  +--> ?PR?CALIBRATE_SET_DEFAULT?CALIBRATE
  +--> ?PR?_REQUEST_ERROR?PROTO_USO

?PR?CHANNEL_GET_CALIBRATE_VALUE?PROTO...         -----    -----      -----    -----
  +--> ?PR?_REQUEST_ERROR?PROTO_USO
  +--> ?PR?_CRC_CHECK?CRC_TABLE

?PR?OLD_CHANNEL_GET_STATE?PROTO_USO              -----    -----      -----    -----
  +--> ?PR?_OLD_CRC_CHECK?PROTO_USO

?PR?OLD_CHANNEL_GET_DATA?PROTO_USO               -----    -----      -----    -----
  +--> ?PR?_OLD_CRC_CHECK?PROTO_USO

?PR?OLD_CHANNEL_GET_DATA_STATE?PROTO_USO         -----    -----      -----    -----
  +--> ?PR?_OLD_CRC_CHECK?PROTO_USO

?PR?_I2C_REPEATREAD?DEBUG                        -----    -----      06D0H    0004H
  +--> ?PR?_I2C_REPEAT_START_READ?I2C

?PR?_ULONGSORT_PROCESS?ULONGSORT                 -----    -----      06D0H    0004H
  +--> ?PR?_GETCALIBRATEVAL?CALIBRATE

?PR?_GETCALIBRATEVAL?CALIBRATE                   -----    -----      06D4H    0009H

?PR?_I2C_PROCESS?I2C                             -----    -----      06D0H    0004H
  +--> ?PR?_I2C_WRITE_BUF?I2C
  +--> ?PR?_I2C_READ_BUF?I2C
  +--> ?PR?_I2C_READ_COMPLETE?I2C

?PR?_I2C_WRITE_BUF?I2C                           -----    -----      06D4H    0008H

?PR?_I2C_READ_BUF?I2C                            -----    -----      06D4H    0008H

?PR?_I2C_READ_COMPLETE?I2C                       -----    -----      06D4H    0004H
  +--> ?PR?_CRC_CHECK?CRC_TABLE



UNRESOLVED EXTERNAL SYMBOLS:
   READHOLDINGREG
   _LRC_CHECK
   _MBCHAR2BIN



SYMBOL TABLE OF MODULE:  debug (DEBUG)

  VALUE           TYPE          NAME
  ----------------------------------

  -------         MODULE        DEBUG
  C:0000H         SYMBOL        _ICE_DUMMY_
  D:0088H         PUBLIC        TCON
  D:008BH         PUBLIC        TL1
  D:008DH         PUBLIC        TH1
  D:0098H         PUBLIC        SCON
BL51 BANKED LINKER/LOCATER V6.22                                                      06/23/2014  11:22:11  PAGE 8


  D:00A0H         PUBLIC        P2
  D:00A8H         PUBLIC        IE
  D:00B0H         PUBLIC        P3
  D:00B8H         PUBLIC        IP
  D:00C0H         PUBLIC        WDCON
  D:00C8H         PUBLIC        T2CON
  D:00D0H         PUBLIC        PSW
  D:00D7H         PUBLIC        PLLCON
  D:00D8H         PUBLIC        ADCSTAT
  D:00E8H         PUBLIC        I2CCON
  D:00E8H         PUBLIC        DCON
  D:00F8H         PUBLIC        SPICON
  B:00A8H.7       PUBLIC        EA
  X:0704H         PUBLIC        pt_i2c_read
  X:0708H         PUBLIC        pt_freq_measure
  X:070CH         PUBLIC        pt_sort
  X:0710H         PUBLIC        pt_i2c_process
  C:4022H         PUBLIC        _I2C_RepeatRead
  C:4479H         PUBLIC        main
  C:473DH         PUBLIC        Timer1_Interrupt
  -------         PROC          MAIN
  C:4479H         LINE#         34
  C:4479H         LINE#         35
  C:4479H         LINE#         36
  C:447BH         LINE#         39
  C:447EH         LINE#         41
  C:4481H         LINE#         43
  C:4484H         LINE#         44
  C:4487H         LINE#         45
  C:448AH         LINE#         46
  C:448DH         LINE#         47
  C:4490H         LINE#         48
  C:4493H         LINE#         51
  C:4496H         LINE#         55
  C:449DH         LINE#         56
  C:44A3H         LINE#         57
  C:44A9H         LINE#         58
  C:44AFH         LINE#         60
  C:44B1H         LINE#         62
  C:44B4H         LINE#         64
  C:44D2H         LINE#         65
  C:44D2H         LINE#         66
  C:44D2H         LINE#         67
  C:44DBH         LINE#         68
  C:44E4H         LINE#         69
  C:44EDH         LINE#         70
  C:44F6H         LINE#         71
  C:44FFH         LINE#         73
  C:4508H         LINE#         74
  -------         ENDPROC       MAIN
  -------         PROC          _I2C_REPEATREAD
  X:06D0H         SYMBOL        pt
  -------         DO            
  X:06D3H         SYMBOL        PT_YIELD_FLAG
  -------         ENDDO         
  C:4022H         LINE#         79
  C:402DH         LINE#         80
BL51 BANKED LINKER/LOCATER V6.22                                                      06/23/2014  11:22:11  PAGE 9


  C:402DH         LINE#         81
  C:4032H         LINE#         83
  C:404AH         LINE#         85
  C:404AH         LINE#         86
  C:404AH         LINE#         87
  C:4088H         LINE#         88
  C:40A7H         LINE#         90
  C:40B5H         LINE#         91
  C:40B7H         LINE#         92
  C:40CFH         LINE#         94
  -------         ENDPROC       _I2C_REPEATREAD
  -------         PROC          TIMER1_INTERRUPT
  C:473DH         LINE#         96
  C:4743H         LINE#         99
  C:4746H         LINE#         100
  C:4749H         LINE#         101
  C:4757H         LINE#         102
  C:4765H         LINE#         103
  C:4773H         LINE#         104
  C:4781H         LINE#         105
  C:478FH         LINE#         106
  C:479DH         LINE#         108
  -------         ENDPROC       TIMER1_INTERRUPT
  -------         ENDMOD        DEBUG

  -------         MODULE        TIMER3
  C:0000H         SYMBOL        _ICE_DUMMY_
  D:0088H         PUBLIC        TCON
  D:0098H         PUBLIC        SCON
  D:009DH         PUBLIC        T3FD
  D:009EH         PUBLIC        T3CON
  D:00A0H         PUBLIC        P2
  D:00A8H         PUBLIC        IE
  D:00B0H         PUBLIC        P3
  D:00B8H         PUBLIC        IP
  D:00C0H         PUBLIC        WDCON
  D:00C8H         PUBLIC        T2CON
  D:00D0H         PUBLIC        PSW
  D:00D8H         PUBLIC        ADCSTAT
  D:00E8H         PUBLIC        I2CCON
  D:00E8H         PUBLIC        DCON
  D:00F8H         PUBLIC        SPICON
  B:00A8H.4       PUBLIC        ES
  B:00B8H.4       PUBLIC        PS
  B:0098H.1       PUBLIC        TI
  B:0098H.0       PUBLIC        RI
  C:4B3FH         PUBLIC        UART_Init
  -------         PROC          UART_INIT
  C:4B3FH         LINE#         3
  C:4B3FH         LINE#         4
  C:4B3FH         LINE#         6
  C:4B42H         LINE#         8
  C:4B45H         LINE#         9
  C:4B48H         LINE#         10
  C:4B4AH         LINE#         11
  C:4B4CH         LINE#         12
  C:4B4EH         LINE#         13
BL51 BANKED LINKER/LOCATER V6.22                                                      06/23/2014  11:22:11  PAGE 10


  C:4B50H         LINE#         15
  -------         ENDPROC       UART_INIT
  -------         ENDMOD        TIMER3

  -------         MODULE        ADC
  C:0000H         SYMBOL        _ICE_DUMMY_
  D:0088H         PUBLIC        TCON
  D:0098H         PUBLIC        SCON
  D:00A0H         PUBLIC        P2
  D:00A8H         PUBLIC        IE
  D:00B0H         PUBLIC        P3
  D:00B8H         PUBLIC        IP
  D:00C0H         PUBLIC        WDCON
  D:00C8H         PUBLIC        T2CON
  D:00D0H         PUBLIC        PSW
  D:00D1H         PUBLIC        ADCMODE
  D:00D2H         PUBLIC        ADC0CON1
  D:00D4H         PUBLIC        SF
  D:00D8H         PUBLIC        ADCSTAT
  D:00D9H         PUBLIC        ADC0L
  D:00DAH         PUBLIC        ADC0M
  D:00DBH         PUBLIC        ADC0H
  D:00E6H         PUBLIC        ADC0CON2
  D:00E8H         PUBLIC        I2CCON
  D:00E8H         PUBLIC        DCON
  D:00F8H         PUBLIC        SPICON
  B:00A8H.6       PUBLIC        EADC
  B:00D8H.7       PUBLIC        RDY0
  X:04DDH         PUBLIC        adc_channels
  C:4A74H         PUBLIC        ADC_Initialize
  C:3321H         PUBLIC        ADC_ISR
  C:4B89H         PUBLIC        _ADC_Set_Mode
  C:4B03H         PUBLIC        _ADC_Out_Freq
  C:4172H         PUBLIC        ADC_Restore_Settings
  -------         PROC          ADC_INITIALIZE
  C:4A74H         LINE#         6
  C:4A74H         LINE#         7
  C:4A74H         LINE#         8
  C:4A77H         LINE#         9
  C:4A7AH         LINE#         10
  C:4A7DH         LINE#         16
  C:4A80H         LINE#         17
  C:4A83H         LINE#         18
  C:4A86H         LINE#         20
  C:4A89H         LINE#         21
  C:4A8CH         LINE#         31
  C:4A8FH         LINE#         32
  C:4A94H         LINE#         34
  C:4A9BH         LINE#         37
  C:4A9DH         LINE#         39
  C:4AA0H         LINE#         42
  -------         ENDPROC       ADC_INITIALIZE
  -------         PROC          ADC_ISR
  -------         DO            
  X:04DBH         SYMBOL        current_channel
  X:04DCH         SYMBOL        current_buf_item
  -------         ENDDO         
BL51 BANKED LINKER/LOCATER V6.22                                                      06/23/2014  11:22:11  PAGE 11


  C:3321H         LINE#         44
  C:3331H         LINE#         49
  C:3339H         LINE#         50
  C:334EH         LINE#         52
  C:3372H         LINE#         53
  C:338FH         LINE#         54
  C:33B4H         LINE#         55
  C:33D1H         LINE#         57
  C:33EAH         LINE#         58
  C:3400H         LINE#         61
  C:340CH         LINE#         62
  C:342BH         LINE#         63
  C:3440H         LINE#         66
  C:3442H         LINE#         68
  -------         ENDPROC       ADC_ISR
  -------         PROC          _ADC_SET_MODE
  D:0007H         SYMBOL        mode
  C:4B89H         LINE#         70
  C:4B89H         LINE#         71
  C:4B89H         LINE#         72
  C:4B8CH         LINE#         73
  C:4B8FH         LINE#         75
  -------         ENDPROC       _ADC_SET_MODE
  -------         PROC          _ADC_OUT_FREQ
  D:0006H         SYMBOL        freq
  C:4B03H         LINE#         77
  C:4B03H         LINE#         78
  C:4B03H         LINE#         79
  C:4B17H         LINE#         81
  -------         ENDPROC       _ADC_OUT_FREQ
  -------         PROC          ADC_RESTORE_SETTINGS
  -------         DO            
  X:06D0H         SYMBOL        i
  X:06D1H         SYMBOL        j
  -------         ENDDO         
  C:4172H         LINE#         83
  C:4172H         LINE#         84
  C:4172H         LINE#         85
  C:4179H         LINE#         86
  C:418AH         LINE#         87
  C:418AH         LINE#         88
  C:419BH         LINE#         89
  C:41ACH         LINE#         90
  C:41BEH         LINE#         91
  C:41CFH         LINE#         93
  C:41DDH         LINE#         94
  C:41DDH         LINE#         95
  C:41FDH         LINE#         96
  C:4205H         LINE#         97
  C:420EH         LINE#         99
  -------         ENDPROC       ADC_RESTORE_SETTINGS
  -------         ENDMOD        ADC

  -------         MODULE        EEPROM
  C:0000H         SYMBOL        _ICE_DUMMY_
  D:0088H         PUBLIC        TCON
  D:0098H         PUBLIC        SCON
BL51 BANKED LINKER/LOCATER V6.22                                                      06/23/2014  11:22:11  PAGE 12


  D:00A0H         PUBLIC        P2
  D:00A8H         PUBLIC        IE
  D:00B0H         PUBLIC        P3
  D:00B8H         PUBLIC        IP
  D:00B9H         PUBLIC        ECON
  D:00BCH         PUBLIC        EDATA1
  D:00BDH         PUBLIC        EDATA2
  D:00BEH         PUBLIC        EDATA3
  D:00BFH         PUBLIC        EDATA4
  D:00C0H         PUBLIC        WDCON
  D:00C8H         PUBLIC        T2CON
  D:00D0H         PUBLIC        PSW
  D:00D8H         PUBLIC        ADCSTAT
  D:00E8H         PUBLIC        I2CCON
  D:00E8H         PUBLIC        DCON
  D:00F8H         PUBLIC        SPICON
  B:00A8H.7       PUBLIC        EA
  D:00C6H         PUBLIC        EADR
  C:3C3EH         PUBLIC        _EEPROM_Read
  C:3B5BH         PUBLIC        _EEPROM_Write
  -------         PROC          _EEPROM_WRITE
  D:0001H         SYMBOL        buffer
  X:06E7H         SYMBOL        len
  X:06E9H         SYMBOL        addr
  -------         DO            
  X:06EBH         SYMBOL        i
  D:0001H         SYMBOL        buf
  X:06EDH         SYMBOL        ea_temp
  -------         ENDDO         
  C:3B5BH         LINE#         4
  C:3B63H         LINE#         5
  C:3B63H         LINE#         7
  C:3B6AH         LINE#         10
  C:3B6CH         LINE#         12
  C:3B83H         LINE#         13
  C:3B87H         LINE#         15
  C:3B87H         LINE#         17
  C:3BA6H         LINE#         18
  C:3BA6H         LINE#         19
  C:3BAEH         LINE#         20
  C:3BB0H         LINE#         22
  C:3BCAH         LINE#         23
  C:3BD4H         LINE#         24
  C:3BF0H         LINE#         25
  C:3BFCH         LINE#         27
  C:3C08H         LINE#         29
  C:3C0BH         LINE#         30
  C:3C0EH         LINE#         32
  C:3C16H         LINE#         34
  C:3C24H         LINE#         35
  C:3C35H         LINE#         37
  C:3C3DH         LINE#         38
  -------         ENDPROC       _EEPROM_WRITE
  -------         PROC          _EEPROM_READ
  D:0001H         SYMBOL        buffer
  X:06DCH         SYMBOL        len
  X:06DEH         SYMBOL        addr
BL51 BANKED LINKER/LOCATER V6.22                                                      06/23/2014  11:22:11  PAGE 13


  -------         DO            
  X:06E0H         SYMBOL        i
  D:0001H         SYMBOL        buf
  X:06E2H         SYMBOL        ea_temp
  -------         ENDDO         
  C:3C3EH         LINE#         40
  C:3C46H         LINE#         41
  C:3C46H         LINE#         44
  C:3C4DH         LINE#         47
  C:3C4FH         LINE#         49
  C:3C66H         LINE#         50
  C:3C6AH         LINE#         52
  C:3C6AH         LINE#         54
  C:3C89H         LINE#         55
  C:3C89H         LINE#         56
  C:3C91H         LINE#         57
  C:3C93H         LINE#         59
  C:3C9FH         LINE#         60
  C:3CA2H         LINE#         62
  C:3CBEH         LINE#         63
  C:3CC8H         LINE#         64
  C:3CE1H         LINE#         65
  C:3CEDH         LINE#         67
  C:3CF5H         LINE#         69
  C:3D03H         LINE#         70
  C:3D14H         LINE#         72
  C:3D1CH         LINE#         73
  -------         ENDPROC       _EEPROM_READ
  -------         ENDMOD        EEPROM

  -------         MODULE        WATCHDOG
  C:0000H         SYMBOL        _ICE_DUMMY_
  D:0088H         PUBLIC        TCON
  D:0098H         PUBLIC        SCON
  D:00A0H         PUBLIC        P2
  D:00A8H         PUBLIC        IE
  D:00B0H         PUBLIC        P3
  D:00B8H         PUBLIC        IP
  D:00C0H         PUBLIC        WDCON
  D:00C8H         PUBLIC        T2CON
  D:00D0H         PUBLIC        PSW
  D:00D8H         PUBLIC        ADCSTAT
  D:00E8H         PUBLIC        I2CCON
  D:00E8H         PUBLIC        DCON
  D:00F8H         PUBLIC        SPICON
  B:00A8H.7       PUBLIC        EA
  B:00C0H.0       PUBLIC        WDWR
  X:06EEH         PUBLIC        wdt_count
  C:4A0AH         PUBLIC        _WDT_Init
  C:4B7FH         PUBLIC        WDT_Clear
  C:3673H         PUBLIC        _WDT_Process
  D:000AH         PUBLIC        wdt_intval
  X:0700H         PUBLIC        pt_wdt
  -------         PROC          _WDT_INIT
  D:0007H         SYMBOL        interval
  -------         DO            
  D:0006H         SYMBOL        i
BL51 BANKED LINKER/LOCATER V6.22                                                      06/23/2014  11:22:11  PAGE 14


  -------         ENDDO         
  C:4A0AH         LINE#         8
  C:4A0AH         LINE#         9
  C:4A0AH         LINE#         10
  C:4A0CH         LINE#         12
  C:4A0EH         LINE#         13
  C:4A10H         LINE#         14
  C:4A13H         LINE#         30
  C:4A13H         LINE#         31
  C:4A13H         LINE#         32
  C:4A25H         LINE#         33
  C:4A36H         LINE#         34
  C:4A3BH         LINE#         36
  C:4A42H         LINE#         38
  -------         ENDPROC       _WDT_INIT
  -------         PROC          WDT_CLEAR
  C:4B7FH         LINE#         40
  C:4B7FH         LINE#         41
  C:4B7FH         LINE#         42
  C:4B81H         LINE#         44
  C:4B83H         LINE#         45
  C:4B86H         LINE#         47
  C:4B88H         LINE#         49
  -------         ENDPROC       WDT_CLEAR
  -------         PROC          _WDT_PROCESS
  X:0729H         SYMBOL        pt
  -------         DO            
  X:072CH         SYMBOL        i
  X:072DH         SYMBOL        process_error
  -------         DO            
  X:072EH         SYMBOL        PT_YIELD_FLAG
  -------         ENDDO         
  -------         ENDDO         
  C:3673H         LINE#         51
  C:367EH         LINE#         52
  C:367EH         LINE#         54
  C:3683H         LINE#         55
  C:3687H         LINE#         57
  C:36B0H         LINE#         59
  C:36B0H         LINE#         60
  C:36B0H         LINE#         61
  C:36EEH         LINE#         62
  C:36F3H         LINE#         64
  C:3701H         LINE#         66
  C:3706H         LINE#         67
  C:3706H         LINE#         68
  C:3732H         LINE#         69
  C:3732H         LINE#         70
  C:3737H         LINE#         71
  C:3739H         LINE#         72
  C:3739H         LINE#         74
  C:3739H         LINE#         75
  C:374EH         LINE#         76
  C:374EH         LINE#         77
  C:3758H         LINE#         79
  C:3761H         LINE#         80
  C:3761H         LINE#         81
BL51 BANKED LINKER/LOCATER V6.22                                                      06/23/2014  11:22:11  PAGE 15


  C:3764H         LINE#         82
  C:3764H         LINE#         83
  C:3767H         LINE#         84
  C:377FH         LINE#         85
  -------         ENDPROC       _WDT_PROCESS
  -------         ENDMOD        WATCHDOG

  -------         MODULE        PROTO_USO
  C:0000H         SYMBOL        _ICE_DUMMY_
  D:0088H         PUBLIC        TCON
  D:0098H         PUBLIC        SCON
  D:0099H         PUBLIC        SBUF
  D:00A0H         PUBLIC        P2
  D:00A8H         PUBLIC        IE
  D:00B0H         PUBLIC        P3
  D:00B8H         PUBLIC        IP
  D:00C0H         PUBLIC        WDCON
  D:00C8H         PUBLIC        T2CON
  D:00D0H         PUBLIC        PSW
  D:00D8H         PUBLIC        ADCSTAT
  D:00E8H         PUBLIC        I2CCON
  D:00E8H         PUBLIC        DCON
  D:00F8H         PUBLIC        SPICON
  B:00D0H.7       PUBLIC        CY
  B:00A8H.7       PUBLIC        EA
  B:00A8H.4       PUBLIC        ES
  B:0098H.4       PUBLIC        REN
  B:0098H.1       PUBLIC        TI
  B:0098H.0       PUBLIC        RI
  C:45F9H         PUBLIC        UART_ISR
  C:4A43H         PUBLIC        Protocol_Init
  C:2DA5H         PUBLIC        Send_Info
  C:0006H         PUBLIC        Node_Full_Init
  C:000EH         PUBLIC        Channel_List_Init
  C:0016H         PUBLIC        Channel_Get_Data
  C:306FH         PUBLIC        Channel_Set_Parameters
  C:001EH         PUBLIC        Channel_Set_Order_Query
  C:0026H         PUBLIC        Channel_Get_Data_Order
  C:002EH         PUBLIC        Channel_Set_State
  C:4B90H         PUBLIC        Channel_Get_Data_Order_M2
  C:4B2CH         PUBLIC        Channel_Set_Reset_State_Flags
  C:0765H         PUBLIC        Channel_All_Get_Data
  C:450BH         PUBLIC        Channel_Set_Address_Desc
  C:3A76H         PUBLIC        Channel_Set_Calibrate
  C:4B73H         PUBLIC        Channel_Set_All_Default
  C:3780H         PUBLIC        Channel_Get_Calibrate_Value
  C:486EH         PUBLIC        _Request_Error
  C:4583H         PUBLIC        _Old_CRC_Check
  C:1C4DH         PUBLIC        Old_Channel_Get_Data
  C:0B5FH         PUBLIC        Old_Channel_Get_Data_State
  C:2F0CH         PUBLIC        Old_Channel_Get_State
  C:4B93H         PUBLIC        Old_Reinit_Block
  C:2C37H         PUBLIC        Old_Channel_Set_ADC_Range
  C:3453H         PUBLIC        _Proto_Paste_Null
  C:2ABAH         PUBLIC        ProtoBufHandling
  C:15E6H         PUBLIC        _ProtoProcess
  C:2209H         PUBLIC        _RingBufHandling
BL51 BANKED LINKER/LOCATER V6.22                                                      06/23/2014  11:22:11  PAGE 16


  C:2931H         PUBLIC        _Store_Dev_Address_Desc
  C:3985H         PUBLIC        Restore_Dev_Address_Desc
  B:00B0H.5       PUBLIC        DE_RE
  X:0005H         PUBLIC        DEV_NAME
  X:0019H         PUBLIC        NOTICE
  X:0041H         PUBLIC        VERSION
  X:0049H         PUBLIC        ADRESS_DEV
  X:004AH         PUBLIC        dev_desc_len
  I:0012H         PUBLIC        RECIEVED
  X:004BH         PUBLIC        recieve_count
  X:004CH         PUBLIC        transf_count
  X:004DH         PUBLIC        buf_len
  I:0013H         PUBLIC        CUT_OUT_NULL
  X:004EH         PUBLIC        frame_len
  X:004FH         PUBLIC        RecieveBuf
  X:015DH         PUBLIC        TransferBuf
  X:026BH         PUBLIC        STATE_BYTE
  I:0014H         PUBLIC        symbol
  X:026CH         PUBLIC        protocol_type
  X:026DH         PUBLIC        pt_proto
  X:0271H         PUBLIC        pt_buf_handle
  X:0275H         PUBLIC        rngbuf
  X:0378H         PUBLIC        sym_8_to_float
  -------         PROC          UART_ISR
  C:45F9H         LINE#         56
  C:4604H         LINE#         58
  C:4606H         LINE#         60
  C:4609H         LINE#         61
  C:4609H         LINE#         62
  C:460BH         LINE#         63
  C:461BH         LINE#         64
  C:4621H         LINE#         65
  C:4627H         LINE#         66
  C:4627H         LINE#         68
  C:462AH         LINE#         69
  C:462AH         LINE#         70
  C:462CH         LINE#         72
  C:4639H         LINE#         73
  C:4639H         LINE#         75
  C:4646H         LINE#         76
  C:464CH         LINE#         77
  C:464EH         LINE#         79
  C:464EH         LINE#         80
  C:4653H         LINE#         81
  C:4659H         LINE#         82
  C:4659H         LINE#         83
  C:4659H         LINE#         84
  C:465BH         LINE#         86
  -------         ENDPROC       UART_ISR
  -------         PROC          PROTOCOL_INIT
  C:4A43H         LINE#         89
  C:4A43H         LINE#         90
  C:4A43H         LINE#         91
  C:4A45H         LINE#         92
  C:4A47H         LINE#         96
  C:4A4AH         LINE#         98
  C:4A4FH         LINE#         99
BL51 BANKED LINKER/LOCATER V6.22                                                      06/23/2014  11:22:11  PAGE 17


  C:4A51H         LINE#         100
  C:4A53H         LINE#         102
  C:4A57H         LINE#         103
  C:4A59H         LINE#         104
  C:4A5BH         LINE#         105
  C:4A5DH         LINE#         106
  C:4A60H         LINE#         107
  C:4A66H         LINE#         108
  C:4A6DH         LINE#         109
  C:4A73H         LINE#         111
  -------         ENDPROC       PROTOCOL_INIT
  -------         PROC          SEND_INFO
  -------         DO            
  D:0007H         SYMBOL        i
  -------         ENDDO         
  C:2DA5H         LINE#         113
  C:2DA5H         LINE#         114
  C:2DA5H         LINE#         115
  C:2DA7H         LINE#         118
  C:2DABH         LINE#         119
  C:2DAFH         LINE#         120
  C:2DB3H         LINE#         122
  C:2DBBH         LINE#         123
  C:2DBFH         LINE#         124
  C:2DC7H         LINE#         126
  C:2DC8H         LINE#         127
  C:2DC8H         LINE#         128
  C:2DCEH         LINE#         129
  C:2DCEH         LINE#         130
  C:2DE6H         LINE#         131
  C:2DE8H         LINE#         133
  C:2DE8H         LINE#         134
  C:2DF4H         LINE#         135
  C:2DF4H         LINE#         136
  C:2DF9H         LINE#         138
  C:2DFBH         LINE#         139
  C:2DFBH         LINE#         140
  C:2E01H         LINE#         141
  C:2E01H         LINE#         142
  C:2E19H         LINE#         143
  C:2E19H         LINE#         144
  C:2E1EH         LINE#         146
  C:2E26H         LINE#         148
  C:2E32H         LINE#         149
  C:2E32H         LINE#         150
  C:2E6AH         LINE#         151
  C:2E7BH         LINE#         152
  C:2E7EH         LINE#         153
  C:2E8AH         LINE#         154
  C:2E8AH         LINE#         155
  C:2EB4H         LINE#         156
  C:2EB7H         LINE#         158
  C:2ECAH         LINE#         159
  C:2EFFH         LINE#         161
  C:2F0BH         LINE#         162
  -------         ENDPROC       SEND_INFO
  -------         PROC          NODE_FULL_INIT
BL51 BANKED LINKER/LOCATER V6.22                                                      06/23/2014  11:22:11  PAGE 18


  C:0006H         LINE#         164
  C:0006H         LINE#         165
  C:0006H         LINE#         166
  C:0008H         LINE#         167
  -------         ENDPROC       NODE_FULL_INIT
  -------         PROC          CHANNEL_LIST_INIT
  C:000EH         LINE#         169
  C:000EH         LINE#         170
  C:000EH         LINE#         171
  C:0010H         LINE#         172
  -------         ENDPROC       CHANNEL_LIST_INIT
  -------         PROC          CHANNEL_GET_DATA
  C:0016H         LINE#         174
  C:0016H         LINE#         175
  C:0016H         LINE#         176
  C:0018H         LINE#         177
  -------         ENDPROC       CHANNEL_GET_DATA
  -------         PROC          CHANNEL_SET_PARAMETERS
  -------         DO            
  D:0007H         SYMBOL        index
  X:06D0H         SYMBOL        store_data
  -------         ENDDO         
  C:306FH         LINE#         179
  C:306FH         LINE#         180
  C:306FH         LINE#         181
  C:3075H         LINE#         183
  C:3083H         LINE#         184
  C:3083H         LINE#         185
  C:309CH         LINE#         186
  C:309CH         LINE#         187
  C:30B0H         LINE#         188
  C:30B0H         LINE#         189
  C:30B0H         LINE#         190
  C:30B0H         LINE#         191
  C:3134H         LINE#         192
  C:3134H         LINE#         193
  C:315BH         LINE#         194
  C:3182H         LINE#         195
  C:31ABH         LINE#         196
  C:31B1H         LINE#         198
  C:31B1H         LINE#         199
  C:31B2H         LINE#         200
  C:31B2H         LINE#         201
  C:31B4H         LINE#         204
  C:31B4H         LINE#         205
  C:31B4H         LINE#         206
  C:31B5H         LINE#         207
  C:31B5H         LINE#         208
  C:31B5H         LINE#         209
  C:31B8H         LINE#         210
  C:31BBH         LINE#         212
  C:31BBH         LINE#         213
  C:31C1H         LINE#         214
  C:31C1H         LINE#         215
  C:31C1H         LINE#         216
  C:31C7H         LINE#         217
  C:31C7H         LINE#         218
BL51 BANKED LINKER/LOCATER V6.22                                                      06/23/2014  11:22:11  PAGE 19


  C:31CAH         LINE#         219
  C:31CAH         LINE#         221
  C:31CFH         LINE#         222
  -------         ENDPROC       CHANNEL_SET_PARAMETERS
  -------         PROC          CHANNEL_SET_ORDER_QUERY
  C:001EH         LINE#         224
  C:001EH         LINE#         225
  C:001EH         LINE#         226
  C:0020H         LINE#         227
  -------         ENDPROC       CHANNEL_SET_ORDER_QUERY
  -------         PROC          CHANNEL_GET_DATA_ORDER
  C:0026H         LINE#         229
  C:0026H         LINE#         230
  C:0026H         LINE#         231
  C:0028H         LINE#         232
  -------         ENDPROC       CHANNEL_GET_DATA_ORDER
  -------         PROC          CHANNEL_SET_STATE
  C:002EH         LINE#         234
  C:002EH         LINE#         235
  C:002EH         LINE#         236
  C:0030H         LINE#         237
  -------         ENDPROC       CHANNEL_SET_STATE
  -------         PROC          CHANNEL_GET_DATA_ORDER_M2
  C:4B90H         LINE#         239
  C:4B90H         LINE#         240
  C:4B90H         LINE#         241
  C:4B92H         LINE#         242
  -------         ENDPROC       CHANNEL_GET_DATA_ORDER_M2
  -------         PROC          CHANNEL_SET_RESET_STATE_FLAGS
  C:4B2CH         LINE#         244
  C:4B2CH         LINE#         245
  C:4B2CH         LINE#         246
  C:4B32H         LINE#         247
  C:4B36H         LINE#         248
  C:4B39H         LINE#         249
  C:4B3EH         LINE#         250
  -------         ENDPROC       CHANNEL_SET_RESET_STATE_FLAGS
  -------         PROC          CHANNEL_ALL_GET_DATA
  -------         DO            
  D:0008H         SYMBOL        index
  D:0009H         SYMBOL        i
  -------         ENDDO         
  C:0765H         LINE#         253
  C:0765H         LINE#         254
  C:0765H         LINE#         255
  C:076AH         LINE#         258
  C:0776H         LINE#         259
  C:077EH         LINE#         260
  C:0782H         LINE#         261
  C:078AH         LINE#         263
  C:078DH         LINE#         265
  C:079EH         LINE#         266
  C:079EH         LINE#         267
  C:07AFH         LINE#         268
  C:07E5H         LINE#         269
  C:0809H         LINE#         270
  C:0809H         LINE#         271
BL51 BANKED LINKER/LOCATER V6.22                                                      06/23/2014  11:22:11  PAGE 20


  C:0809H         LINE#         272
  C:0809H         LINE#         273
  C:0828H         LINE#         274
  C:0828H         LINE#         275
  C:0828H         LINE#         276
  C:0828H         LINE#         277
  C:0840H         LINE#         278
  C:0840H         LINE#         279
  C:085FH         LINE#         280
  C:086DH         LINE#         281
  C:086FH         LINE#         283
  C:086FH         LINE#         284
  C:088EH         LINE#         285
  C:08B0H         LINE#         286
  C:08B0H         LINE#         289
  C:08B0H         LINE#         290
  C:08B0H         LINE#         291
  C:08B0H         LINE#         292
  C:08B3H         LINE#         294
  C:08B3H         LINE#         295
  C:08B3H         LINE#         296
  C:08CBH         LINE#         297
  C:08CBH         LINE#         298
  C:08EAH         LINE#         299
  C:090CH         LINE#         300
  C:091AH         LINE#         301
  C:091CH         LINE#         303
  C:091CH         LINE#         304
  C:093BH         LINE#         305
  C:095DH         LINE#         306
  C:097FH         LINE#         307
  C:097FH         LINE#         309
  C:09A1H         LINE#         310
  C:09AFH         LINE#         311
  C:09AFH         LINE#         312
  C:09B2H         LINE#         313
  C:09B2H         LINE#         314
  C:09B2H         LINE#         315
  C:09B2H         LINE#         317
  C:09B2H         LINE#         318
  C:09B2H         LINE#         319
  C:09C8H         LINE#         320
  C:09C8H         LINE#         321
  C:09C8H         LINE#         322
  C:09C8H         LINE#         323
  C:09EAH         LINE#         324
  C:0A0CH         LINE#         325
  C:0A2EH         LINE#         326
  C:0A50H         LINE#         327
  C:0A5EH         LINE#         328
  C:0A5EH         LINE#         329
  C:0A61H         LINE#         330
  C:0A61H         LINE#         331
  C:0A61H         LINE#         332
  C:0A61H         LINE#         334
  C:0A61H         LINE#         335
  C:0A61H         LINE#         336
BL51 BANKED LINKER/LOCATER V6.22                                                      06/23/2014  11:22:11  PAGE 21


  C:0A7BH         LINE#         337
  C:0A7BH         LINE#         339
  C:0A7BH         LINE#         340
  C:0A7BH         LINE#         341
  C:0A9DH         LINE#         342
  C:0ABFH         LINE#         343
  C:0ACDH         LINE#         344
  C:0ACDH         LINE#         345
  C:0ACFH         LINE#         347
  C:0ACFH         LINE#         348
  C:0ACFH         LINE#         349
  C:0AF1H         LINE#         350
  C:0B13H         LINE#         351
  C:0B35H         LINE#         352
  C:0B35H         LINE#         353
  C:0B35H         LINE#         354
  C:0B35H         LINE#         355
  C:0B35H         LINE#         356
  C:0B35H         LINE#         357
  C:0B35H         LINE#         358
  C:0B3AH         LINE#         360
  C:0B42H         LINE#         361
  C:0B5AH         LINE#         362
  C:0B5EH         LINE#         363
  -------         ENDPROC       CHANNEL_ALL_GET_DATA
  -------         PROC          CHANNEL_SET_CALIBRATE
  -------         DO            
  X:0721H         SYMBOL        K
  X:0725H         SYMBOL        C
  -------         ENDDO         
  C:3A76H         LINE#         366
  C:3A76H         LINE#         367
  C:3A76H         LINE#         371
  C:3A80H         LINE#         372
  C:3A8AH         LINE#         373
  C:3A94H         LINE#         374
  C:3A9EH         LINE#         376
  C:3AB2H         LINE#         378
  C:3ABCH         LINE#         379
  C:3AC6H         LINE#         380
  C:3AD0H         LINE#         381
  C:3ADAH         LINE#         383
  C:3AEEH         LINE#         385
  C:3B04H         LINE#         386
  C:3B04H         LINE#         387
  C:3B04H         LINE#         388
  C:3B04H         LINE#         389
  C:3B3AH         LINE#         390
  C:3B3AH         LINE#         391
  C:3B3CH         LINE#         393
  C:3B3CH         LINE#         394
  C:3B3CH         LINE#         395
  C:3B46H         LINE#         396
  C:3B46H         LINE#         397
  C:3B48H         LINE#         399
  C:3B48H         LINE#         400
  C:3B48H         LINE#         401
BL51 BANKED LINKER/LOCATER V6.22                                                      06/23/2014  11:22:11  PAGE 22


  C:3B52H         LINE#         402
  C:3B52H         LINE#         403
  C:3B54H         LINE#         405
  C:3B54H         LINE#         406
  C:3B54H         LINE#         407
  C:3B55H         LINE#         408
  C:3B55H         LINE#         409
  C:3B55H         LINE#         410
  C:3B55H         LINE#         413
  C:3B5AH         LINE#         414
  -------         ENDPROC       CHANNEL_SET_CALIBRATE
  -------         PROC          CHANNEL_GET_CALIBRATE_VALUE
  -------         DO            
  D:000BH         SYMBOL        channel
  -------         ENDDO         
  C:3780H         LINE#         416
  C:3780H         LINE#         417
  C:3780H         LINE#         418
  C:3783H         LINE#         421
  C:3794H         LINE#         422
  C:379EH         LINE#         423
  C:37A4H         LINE#         424
  C:37AAH         LINE#         427
  C:37B1H         LINE#         429
  C:37BCH         LINE#         430
  C:37BCH         LINE#         431
  C:37C2H         LINE#         432
  C:37C2H         LINE#         434
  C:37C8H         LINE#         436
  C:37E0H         LINE#         438
  C:3802H         LINE#         440
  C:380CH         LINE#         441
  C:3816H         LINE#         442
  C:3820H         LINE#         443
  C:382AH         LINE#         445
  C:384CH         LINE#         447
  C:3856H         LINE#         448
  C:3860H         LINE#         449
  C:386AH         LINE#         450
  C:3874H         LINE#         452
  C:3882H         LINE#         453
  C:3884H         LINE#         454
  -------         ENDPROC       CHANNEL_GET_CALIBRATE_VALUE
  -------         PROC          CHANNEL_SET_ADDRESS_DESC
  -------         DO            
  X:074EH         SYMBOL        desc_len
  -------         ENDDO         
  C:450BH         LINE#         456
  C:450BH         LINE#         457
  C:450BH         LINE#         458
  C:4510H         LINE#         459
  C:451EH         LINE#         461
  C:4526H         LINE#         462
  C:4526H         LINE#         463
  C:4572H         LINE#         464
  C:4578H         LINE#         465
  C:457AH         LINE#         467
BL51 BANKED LINKER/LOCATER V6.22                                                      06/23/2014  11:22:11  PAGE 23


  C:457AH         LINE#         468
  C:4580H         LINE#         469
  C:4580H         LINE#         470
  C:4582H         LINE#         471
  -------         ENDPROC       CHANNEL_SET_ADDRESS_DESC
  -------         PROC          CHANNEL_SET_ALL_DEFAULT
  C:4B73H         LINE#         473
  C:4B73H         LINE#         474
  C:4B73H         LINE#         475
  C:4B76H         LINE#         476
  C:4B79H         LINE#         477
  C:4B7EH         LINE#         478
  -------         ENDPROC       CHANNEL_SET_ALL_DEFAULT
  -------         PROC          _REQUEST_ERROR
  X:074FH         SYMBOL        error_code
  C:486EH         LINE#         480
  C:4873H         LINE#         481
  C:4873H         LINE#         482
  C:4884H         LINE#         483
  C:488EH         LINE#         484
  C:4898H         LINE#         485
  C:489EH         LINE#         487
  C:48A8H         LINE#         488
  C:48B2H         LINE#         489
  C:48B8H         LINE#         490
  C:48C6H         LINE#         491
  C:48C8H         LINE#         492
  -------         ENDPROC       _REQUEST_ERROR
  -------         PROC          _OLD_CRC_CHECK
  X:0735H         SYMBOL        Spool_pr
  X:0737H         SYMBOL        Count_pr
  -------         DO            
  X:0738H         SYMBOL        crc
  X:0739H         SYMBOL        i
  -------         ENDDO         
  C:4583H         LINE#         495
  C:4590H         LINE#         496
  C:4590H         LINE#         497
  C:4595H         LINE#         498
  C:459AH         LINE#         500
  C:45AEH         LINE#         501
  C:45AEH         LINE#         502
  C:45B0H         LINE#         503
  C:45D3H         LINE#         504
  C:45D6H         LINE#         505
  C:45D6H         LINE#         506
  C:45DCH         LINE#         507
  C:45DCH         LINE#         508
  C:45E4H         LINE#         509
  C:45F3H         LINE#         511
  C:45F8H         LINE#         512
  -------         ENDPROC       _OLD_CRC_CHECK
  -------         PROC          OLD_CHANNEL_GET_DATA
  -------         DO            
  X:0746H         SYMBOL        channel
  X:0747H         SYMBOL        len
  -------         ENDDO         
BL51 BANKED LINKER/LOCATER V6.22                                                      06/23/2014  11:22:11  PAGE 24


  C:1C4DH         LINE#         514
  C:1C4DH         LINE#         515
  C:1C4DH         LINE#         516
  C:1C52H         LINE#         517
  C:1C57H         LINE#         518
  C:1C6CH         LINE#         519
  C:1C7AH         LINE#         520
  C:1C7AH         LINE#         521
  C:1C8BH         LINE#         522
  C:1C90H         LINE#         523
  C:1C9AH         LINE#         524
  C:1CA0H         LINE#         526
  C:1CC7H         LINE#         527
  C:1CC7H         LINE#         528
  C:1CC7H         LINE#         529
  C:1CC7H         LINE#         530
  C:1CEBH         LINE#         531
  C:1CEBH         LINE#         532
  C:1CEBH         LINE#         533
  C:1CEBH         LINE#         534
  C:1D05H         LINE#         535
  C:1D05H         LINE#         536
  C:1D20H         LINE#         537
  C:1D3BH         LINE#         538
  C:1D3EH         LINE#         540
  C:1D3EH         LINE#         541
  C:1D59H         LINE#         542
  C:1D74H         LINE#         543
  C:1D74H         LINE#         544
  C:1D74H         LINE#         545
  C:1D77H         LINE#         547
  C:1D77H         LINE#         548
  C:1D77H         LINE#         549
  C:1D92H         LINE#         550
  C:1D92H         LINE#         551
  C:1DB9H         LINE#         552
  C:1DE0H         LINE#         553
  C:1DE3H         LINE#         555
  C:1DE3H         LINE#         556
  C:1DFEH         LINE#         557
  C:1E19H         LINE#         558
  C:1E19H         LINE#         560
  C:1E19H         LINE#         561
  C:1E1CH         LINE#         562
  C:1E1CH         LINE#         563
  C:1E1CH         LINE#         564
  C:1E1FH         LINE#         566
  C:1E1FH         LINE#         567
  C:1E1FH         LINE#         568
  C:1E40H         LINE#         569
  C:1E40H         LINE#         570
  C:1E40H         LINE#         571
  C:1E40H         LINE#         572
  C:1E5BH         LINE#         573
  C:1E76H         LINE#         576
  C:1E76H         LINE#         577
  C:1E79H         LINE#         578
BL51 BANKED LINKER/LOCATER V6.22                                                      06/23/2014  11:22:11  PAGE 25


  C:1E79H         LINE#         579
  C:1E79H         LINE#         580
  C:1E7CH         LINE#         582
  C:1E7CH         LINE#         583
  C:1E7CH         LINE#         584
  C:1EA0H         LINE#         585
  C:1EA0H         LINE#         587
  C:1EA0H         LINE#         588
  C:1EA0H         LINE#         589
  C:1EBBH         LINE#         590
  C:1ED6H         LINE#         592
  C:1ED6H         LINE#         593
  C:1ED8H         LINE#         595
  C:1ED8H         LINE#         596
  C:1ED8H         LINE#         597
  C:1EF3H         LINE#         598
  C:1F0EH         LINE#         599
  C:1F0EH         LINE#         600
  C:1F0EH         LINE#         601
  C:1F0EH         LINE#         602
  C:1F0EH         LINE#         603
  C:1F0EH         LINE#         604
  C:1F0EH         LINE#         608
  C:1F2BH         LINE#         609
  C:1F34H         LINE#         610
  C:1F34H         LINE#         611
  C:1F36H         LINE#         612
  -------         ENDPROC       OLD_CHANNEL_GET_DATA
  -------         PROC          OLD_CHANNEL_GET_DATA_STATE
  -------         DO            
  X:0748H         SYMBOL        channel
  X:0749H         SYMBOL        len
  -------         ENDDO         
  C:0B5FH         LINE#         614
  C:0B5FH         LINE#         615
  C:0B5FH         LINE#         616
  C:0B64H         LINE#         617
  C:0B69H         LINE#         618
  C:0B7EH         LINE#         619
  C:0B8CH         LINE#         620
  C:0B8CH         LINE#         621
  C:0B9DH         LINE#         622
  C:0BA2H         LINE#         623
  C:0BACH         LINE#         624
  C:0BB2H         LINE#         626
  C:0BD9H         LINE#         627
  C:0BD9H         LINE#         628
  C:0BD9H         LINE#         629
  C:0BD9H         LINE#         630
  C:0BFDH         LINE#         631
  C:0BFDH         LINE#         632
  C:0BFDH         LINE#         633
  C:0BFDH         LINE#         634
  C:0C17H         LINE#         635
  C:0C17H         LINE#         636
  C:0C32H         LINE#         637
  C:0C4DH         LINE#         638
BL51 BANKED LINKER/LOCATER V6.22                                                      06/23/2014  11:22:11  PAGE 26


  C:0C50H         LINE#         640
  C:0C50H         LINE#         641
  C:0C6BH         LINE#         642
  C:0C86H         LINE#         643
  C:0C86H         LINE#         644
  C:0C86H         LINE#         645
  C:0C89H         LINE#         647
  C:0C89H         LINE#         648
  C:0C89H         LINE#         649
  C:0CA4H         LINE#         650
  C:0CA4H         LINE#         651
  C:0CCBH         LINE#         652
  C:0CF2H         LINE#         653
  C:0CF4H         LINE#         655
  C:0CF4H         LINE#         656
  C:0D0FH         LINE#         657
  C:0D2AH         LINE#         658
  C:0D2AH         LINE#         660
  C:0D2AH         LINE#         661
  C:0D2AH         LINE#         662
  C:0D2AH         LINE#         664
  C:0D58H         LINE#         665
  C:0D58H         LINE#         666
  C:0D58H         LINE#         667
  C:0D58H         LINE#         668
  C:0D5DH         LINE#         669
  C:0D5DH         LINE#         670
  C:0D5FH         LINE#         672
  C:0D5FH         LINE#         673
  C:0D5FH         LINE#         674
  C:0D65H         LINE#         675
  C:0D65H         LINE#         676
  C:0D67H         LINE#         678
  C:0D67H         LINE#         679
  C:0D67H         LINE#         680
  C:0D6DH         LINE#         681
  C:0D6DH         LINE#         682
  C:0D6FH         LINE#         684
  C:0D6FH         LINE#         685
  C:0D6FH         LINE#         686
  C:0D75H         LINE#         687
  C:0D75H         LINE#         688
  C:0D77H         LINE#         690
  C:0D77H         LINE#         691
  C:0D77H         LINE#         692
  C:0D7CH         LINE#         693
  C:0D7CH         LINE#         694
  C:0D7CH         LINE#         695
  C:0D7CH         LINE#         697
  C:0D82H         LINE#         699
  C:0D82H         LINE#         700
  C:0D85H         LINE#         702
  C:0D85H         LINE#         703
  C:0D85H         LINE#         704
  C:0DA6H         LINE#         705
  C:0DA6H         LINE#         706
  C:0DA6H         LINE#         707
BL51 BANKED LINKER/LOCATER V6.22                                                      06/23/2014  11:22:11  PAGE 27


  C:0DA6H         LINE#         708
  C:0DC1H         LINE#         709
  C:0DDCH         LINE#         715
  C:0E0AH         LINE#         716
  C:0E0AH         LINE#         717
  C:0E0AH         LINE#         718
  C:0E0AH         LINE#         719
  C:0E10H         LINE#         720
  C:0E10H         LINE#         721
  C:0E12H         LINE#         723
  C:0E12H         LINE#         724
  C:0E12H         LINE#         725
  C:0E18H         LINE#         726
  C:0E18H         LINE#         727
  C:0E1AH         LINE#         729
  C:0E1AH         LINE#         730
  C:0E1AH         LINE#         731
  C:0E20H         LINE#         732
  C:0E20H         LINE#         733
  C:0E22H         LINE#         735
  C:0E22H         LINE#         736
  C:0E22H         LINE#         737
  C:0E28H         LINE#         738
  C:0E28H         LINE#         739
  C:0E2AH         LINE#         741
  C:0E2AH         LINE#         742
  C:0E2AH         LINE#         743
  C:0E30H         LINE#         744
  C:0E30H         LINE#         745
  C:0E30H         LINE#         746
  C:0E30H         LINE#         747
  C:0E35H         LINE#         748
  C:0E35H         LINE#         749
  C:0E38H         LINE#         750
  C:0E38H         LINE#         751
  C:0E38H         LINE#         752
  C:0E3BH         LINE#         754
  C:0E3BH         LINE#         755
  C:0E3BH         LINE#         756
  C:0E5FH         LINE#         757
  C:0E5FH         LINE#         759
  C:0E5FH         LINE#         760
  C:0E5FH         LINE#         761
  C:0E7AH         LINE#         762
  C:0E95H         LINE#         764
  C:0E95H         LINE#         765
  C:0E97H         LINE#         767
  C:0E97H         LINE#         768
  C:0E97H         LINE#         769
  C:0EB2H         LINE#         770
  C:0ECDH         LINE#         771
  C:0ECDH         LINE#         772
  C:0ECDH         LINE#         773
  C:0ECDH         LINE#         775
  C:0ED3H         LINE#         776
  C:0ED8H         LINE#         777
  C:0ED8H         LINE#         778
BL51 BANKED LINKER/LOCATER V6.22                                                      06/23/2014  11:22:11  PAGE 28


  C:0ED8H         LINE#         779
  C:0ED8H         LINE#         781
  C:0EDEH         LINE#         785
  C:0EFBH         LINE#         786
  C:0F04H         LINE#         787
  C:0F04H         LINE#         788
  C:0F06H         LINE#         790
  -------         ENDPROC       OLD_CHANNEL_GET_DATA_STATE
  -------         PROC          OLD_CHANNEL_GET_STATE
  -------         DO            
  X:074AH         SYMBOL        channel
  X:074BH         SYMBOL        len
  -------         ENDDO         
  C:2F0CH         LINE#         792
  C:2F0CH         LINE#         793
  C:2F0CH         LINE#         794
  C:2F11H         LINE#         795
  C:2F16H         LINE#         796
  C:2F2BH         LINE#         797
  C:2F39H         LINE#         798
  C:2F39H         LINE#         800
  C:2F4AH         LINE#         801
  C:2F4FH         LINE#         802
  C:2F59H         LINE#         803
  C:2F5FH         LINE#         805
  C:2F86H         LINE#         806
  C:2F86H         LINE#         807
  C:2F86H         LINE#         808
  C:2F86H         LINE#         809
  C:2FB4H         LINE#         810
  C:2FB4H         LINE#         811
  C:2FB4H         LINE#         812
  C:2FB4H         LINE#         813
  C:2FB9H         LINE#         814
  C:2FB9H         LINE#         815
  C:2FBBH         LINE#         817
  C:2FBBH         LINE#         818
  C:2FBBH         LINE#         819
  C:2FC1H         LINE#         820
  C:2FC1H         LINE#         821
  C:2FC3H         LINE#         823
  C:2FC3H         LINE#         824
  C:2FC3H         LINE#         825
  C:2FC9H         LINE#         826
  C:2FC9H         LINE#         827
  C:2FCBH         LINE#         829
  C:2FCBH         LINE#         830
  C:2FCBH         LINE#         831
  C:2FD1H         LINE#         832
  C:2FD1H         LINE#         833
  C:2FD3H         LINE#         835
  C:2FD3H         LINE#         836
  C:2FD3H         LINE#         837
  C:2FD8H         LINE#         838
  C:2FD8H         LINE#         839
  C:2FD8H         LINE#         840
  C:2FD8H         LINE#         842
BL51 BANKED LINKER/LOCATER V6.22                                                      06/23/2014  11:22:11  PAGE 29


  C:2FDEH         LINE#         843
  C:2FDEH         LINE#         844
  C:2FE0H         LINE#         846
  C:2FE0H         LINE#         847
  C:2FE0H         LINE#         849
  C:300EH         LINE#         850
  C:300EH         LINE#         851
  C:300EH         LINE#         852
  C:300EH         LINE#         853
  C:3014H         LINE#         854
  C:3014H         LINE#         855
  C:3016H         LINE#         857
  C:3016H         LINE#         858
  C:3016H         LINE#         859
  C:301CH         LINE#         860
  C:301CH         LINE#         861
  C:301EH         LINE#         863
  C:301EH         LINE#         864
  C:301EH         LINE#         865
  C:3024H         LINE#         866
  C:3024H         LINE#         867
  C:3026H         LINE#         869
  C:3026H         LINE#         870
  C:3026H         LINE#         871
  C:302CH         LINE#         872
  C:302CH         LINE#         873
  C:302EH         LINE#         875
  C:302EH         LINE#         876
  C:302EH         LINE#         877
  C:3034H         LINE#         878
  C:3034H         LINE#         879
  C:3034H         LINE#         881
  C:3034H         LINE#         882
  C:3039H         LINE#         883
  C:3039H         LINE#         884
  C:303BH         LINE#         886
  C:303BH         LINE#         887
  C:303BH         LINE#         889
  C:3041H         LINE#         890
  C:3046H         LINE#         891
  C:3046H         LINE#         892
  C:3046H         LINE#         893
  C:3046H         LINE#         897
  C:3063H         LINE#         898
  C:306CH         LINE#         899
  C:306CH         LINE#         900
  C:306EH         LINE#         901
  -------         ENDPROC       OLD_CHANNEL_GET_STATE
  -------         PROC          OLD_REINIT_BLOCK
  C:4B93H         LINE#         903
  C:4B93H         LINE#         904
  C:4B93H         LINE#         905
  C:4B95H         LINE#         906
  -------         ENDPROC       OLD_REINIT_BLOCK
  -------         PROC          OLD_CHANNEL_SET_ADC_RANGE
  -------         DO            
  X:0750H         SYMBOL        channel
BL51 BANKED LINKER/LOCATER V6.22                                                      06/23/2014  11:22:11  PAGE 30


  -------         ENDDO         
  C:2C37H         LINE#         908
  C:2C37H         LINE#         909
  C:2C37H         LINE#         910
  C:2C3CH         LINE#         911
  C:2C51H         LINE#         912
  C:2C5FH         LINE#         913
  C:2C5FH         LINE#         914
  C:2C80H         LINE#         915
  C:2C80H         LINE#         916
  C:2C80H         LINE#         917
  C:2C80H         LINE#         918
  C:2C9CH         LINE#         919
  C:2CB8H         LINE#         920
  C:2CB8H         LINE#         921
  C:2CBBH         LINE#         923
  C:2CBBH         LINE#         924
  C:2CBBH         LINE#         925
  C:2CD7H         LINE#         926
  C:2CF3H         LINE#         927
  C:2CF3H         LINE#         928
  C:2CF6H         LINE#         930
  C:2CF6H         LINE#         931
  C:2CF6H         LINE#         932
  C:2D12H         LINE#         933
  C:2D2EH         LINE#         934
  C:2D2EH         LINE#         935
  C:2D30H         LINE#         937
  C:2D30H         LINE#         938
  C:2D30H         LINE#         939
  C:2D4CH         LINE#         940
  C:2D68H         LINE#         941
  C:2D68H         LINE#         942
  C:2D6AH         LINE#         944
  C:2D6AH         LINE#         945
  C:2D6AH         LINE#         946
  C:2D86H         LINE#         947
  C:2DA2H         LINE#         948
  C:2DA2H         LINE#         949
  C:2DA2H         LINE#         950
  C:2DA2H         LINE#         951
  C:2DA2H         LINE#         952
  C:2DA4H         LINE#         953
  -------         ENDPROC       OLD_CHANNEL_SET_ADC_RANGE
  -------         PROC          _PROTO_PASTE_NULL
  X:072FH         SYMBOL        buf
  X:0732H         SYMBOL        len
  -------         DO            
  X:0733H         SYMBOL        i
  X:0734H         SYMBOL        j
  -------         ENDDO         
  C:3453H         LINE#         955
  C:3463H         LINE#         956
  C:3463H         LINE#         957
  C:346DH         LINE#         959
  C:3485H         LINE#         960
  C:3485H         LINE#         961
BL51 BANKED LINKER/LOCATER V6.22                                                      06/23/2014  11:22:11  PAGE 31


  C:34A6H         LINE#         962
  C:34A6H         LINE#         963
  C:34C2H         LINE#         964
  C:34C2H         LINE#         965
  C:34FFH         LINE#         966
  C:3507H         LINE#         967
  C:3529H         LINE#         969
  C:3532H         LINE#         970
  C:3532H         LINE#         971
  C:3548H         LINE#         972
  C:3548H         LINE#         974
  C:354EH         LINE#         975
  C:3554H         LINE#         976
  C:3554H         LINE#         977
  C:355DH         LINE#         978
  C:3562H         LINE#         979
  -------         ENDPROC       _PROTO_PASTE_NULL
  -------         PROC          PROTOBUFHANDLING
  C:2ABAH         LINE#         981
  C:2ABAH         LINE#         982
  C:2ABAH         LINE#         983
  C:2AD0H         LINE#         984
  C:2AD0H         LINE#         985
  C:2AD0H         LINE#         986
  C:2AD0H         LINE#         987
  C:2AD6H         LINE#         988
  C:2ADCH         LINE#         989
  C:2B16H         LINE#         990
  C:2B16H         LINE#         992
  C:2B16H         LINE#         993
  C:2B16H         LINE#         994
  C:2B1EH         LINE#         995
  C:2B1EH         LINE#         996
  C:2B1FH         LINE#         998
  C:2B1FH         LINE#         999
  C:2B1FH         LINE#         1000
  C:2B27H         LINE#         1001
  C:2B27H         LINE#         1002
  C:2B28H         LINE#         1004
  C:2B28H         LINE#         1005
  C:2B28H         LINE#         1006
  C:2B30H         LINE#         1007
  C:2B30H         LINE#         1008
  C:2B31H         LINE#         1010
  C:2B31H         LINE#         1011
  C:2B31H         LINE#         1012
  C:2B39H         LINE#         1013
  C:2B39H         LINE#         1014
  C:2B3AH         LINE#         1016
  C:2B3AH         LINE#         1017
  C:2B3AH         LINE#         1018
  C:2B42H         LINE#         1019
  C:2B42H         LINE#         1020
  C:2B43H         LINE#         1022
  C:2B43H         LINE#         1023
  C:2B43H         LINE#         1024
  C:2B4BH         LINE#         1025
BL51 BANKED LINKER/LOCATER V6.22                                                      06/23/2014  11:22:11  PAGE 32


  C:2B4BH         LINE#         1026
  C:2B4CH         LINE#         1028
  C:2B4CH         LINE#         1029
  C:2B4CH         LINE#         1030
  C:2B54H         LINE#         1031
  C:2B54H         LINE#         1032
  C:2B55H         LINE#         1034
  C:2B55H         LINE#         1035
  C:2B55H         LINE#         1036
  C:2B5DH         LINE#         1037
  C:2B5DH         LINE#         1038
  C:2B5EH         LINE#         1040
  C:2B5EH         LINE#         1041
  C:2B5EH         LINE#         1042
  C:2B66H         LINE#         1043
  C:2B66H         LINE#         1044
  C:2B67H         LINE#         1046
  C:2B67H         LINE#         1047
  C:2B67H         LINE#         1048
  C:2B6FH         LINE#         1049
  C:2B6FH         LINE#         1050
  C:2B70H         LINE#         1052
  C:2B70H         LINE#         1053
  C:2B70H         LINE#         1054
  C:2B78H         LINE#         1055
  C:2B78H         LINE#         1056
  C:2B79H         LINE#         1058
  C:2B79H         LINE#         1059
  C:2B79H         LINE#         1060
  C:2B81H         LINE#         1061
  C:2B81H         LINE#         1062
  C:2B82H         LINE#         1064
  C:2B82H         LINE#         1065
  C:2B82H         LINE#         1066
  C:2B8AH         LINE#         1067
  C:2B8AH         LINE#         1068
  C:2B8BH         LINE#         1070
  C:2B8BH         LINE#         1071
  C:2B8BH         LINE#         1072
  C:2B93H         LINE#         1073
  C:2B93H         LINE#         1074
  C:2B94H         LINE#         1076
  C:2B94H         LINE#         1077
  C:2B94H         LINE#         1078
  C:2B9CH         LINE#         1079
  C:2B9CH         LINE#         1080
  C:2B9DH         LINE#         1082
  C:2B9DH         LINE#         1083
  C:2B9DH         LINE#         1084
  C:2BA7H         LINE#         1085
  C:2BA7H         LINE#         1086
  C:2BA7H         LINE#         1087
  C:2BA7H         LINE#         1088
  C:2BA8H         LINE#         1090
  C:2BA8H         LINE#         1091
  C:2BA8H         LINE#         1092
  C:2BCEH         LINE#         1093
BL51 BANKED LINKER/LOCATER V6.22                                                      06/23/2014  11:22:11  PAGE 33


  C:2BCEH         LINE#         1095
  C:2BCEH         LINE#         1096
  C:2BCEH         LINE#         1097
  C:2BD6H         LINE#         1098
  C:2BD6H         LINE#         1099
  C:2BD7H         LINE#         1101
  C:2BD7H         LINE#         1102
  C:2BD7H         LINE#         1103
  C:2BDFH         LINE#         1104
  C:2BDFH         LINE#         1105
  C:2BE0H         LINE#         1107
  C:2BE0H         LINE#         1108
  C:2BE0H         LINE#         1109
  C:2BE8H         LINE#         1110
  C:2BE8H         LINE#         1111
  C:2BE9H         LINE#         1113
  C:2BE9H         LINE#         1114
  C:2BE9H         LINE#         1115
  C:2BF1H         LINE#         1116
  C:2BF1H         LINE#         1117
  C:2BF2H         LINE#         1119
  C:2BF2H         LINE#         1120
  C:2BF2H         LINE#         1121
  C:2BFAH         LINE#         1122
  C:2BFAH         LINE#         1123
  C:2BFBH         LINE#         1125
  C:2BFBH         LINE#         1126
  C:2BFBH         LINE#         1128
  C:2BFBH         LINE#         1129
  C:2BFBH         LINE#         1130
  C:2BFBH         LINE#         1131
  C:2BFCH         LINE#         1133
  C:2BFCH         LINE#         1134
  C:2BFCH         LINE#         1135
  C:2C28H         LINE#         1136
  C:2C28H         LINE#         1138
  C:2C28H         LINE#         1139
  C:2C28H         LINE#         1140
  C:2C30H         LINE#         1141
  C:2C30H         LINE#         1142
  C:2C31H         LINE#         1144
  C:2C31H         LINE#         1145
  C:2C31H         LINE#         1146
  C:2C36H         LINE#         1147
  C:2C36H         LINE#         1148
  C:2C36H         LINE#         1149
  C:2C36H         LINE#         1150
  C:2C36H         LINE#         1151
  C:2C36H         LINE#         1154
  -------         ENDPROC       PROTOBUFHANDLING
  -------         PROC          _PROTOPROCESS
  X:073AH         SYMBOL        pt
  -------         DO            
  X:0000H         SYMBOL        CRC
  X:0001H         SYMBOL        LRC
  -------         DO            
  X:073DH         SYMBOL        PT_YIELD_FLAG
BL51 BANKED LINKER/LOCATER V6.22                                                      06/23/2014  11:22:11  PAGE 34


  -------         ENDDO         
  -------         ENDDO         
  C:15E6H         LINE#         1156
  C:15F1H         LINE#         1157
  C:15F1H         LINE#         1158
  C:15F1H         LINE#         1159
  C:1622H         LINE#         1161
  C:1622H         LINE#         1162
  C:1622H         LINE#         1164
  C:1627H         LINE#         1165
  C:1629H         LINE#         1166
  C:162BH         LINE#         1167
  C:162DH         LINE#         1170
  C:1633H         LINE#         1172
  C:165DH         LINE#         1173
  C:166BH         LINE#         1175
  C:166FH         LINE#         1178
  C:1685H         LINE#         1179
  C:1685H         LINE#         1180
  C:1685H         LINE#         1181
  C:1685H         LINE#         1182
  C:1693H         LINE#         1183
[...]
  X:06D4H         SYMBOL        pt
  X:06D7H         SYMBOL        buf
  X:06DAH         SYMBOL        len
  -------         DO            
  X:067BH         SYMBOL        write_byte_counter
  X:067CH         SYMBOL        bit_counter
  X:067DH         SYMBOL        write_byte
  -------         DO            
  X:06DBH         SYMBOL        PT_YIELD_FLAG
  -------         ENDDO         
  -------         ENDDO         
  C:31D0H         LINE#         242
  C:31DBH         LINE#         243
  C:31DBH         LINE#         244
  C:31DBH         LINE#         245
  C:31FFH         LINE#         246
  C:3201H         LINE#         247
  C:3206H         LINE#         248
  C:3216H         LINE#         249
  C:3216H         LINE#         252
BL51 BANKED LINKER/LOCATER V6.22                                                      06/23/2014  11:22:11  PAGE 51


  C:3231H         LINE#         253
  C:3237H         LINE#         254
  C:3239H         LINE#         255
  C:3259H         LINE#         256
  C:325EH         LINE#         257
  C:325EH         LINE#         259
  C:3266H         LINE#         260
  C:3268H         LINE#         262
  C:326AH         LINE#         263
  C:328BH         LINE#         264
  C:328DH         LINE#         267
  C:3297H         LINE#         268
  C:3299H         LINE#         269
  C:329BH         LINE#         270
  C:32BCH         LINE#         271
  C:32BEH         LINE#         272
  C:32DFH         LINE#         273
  C:32E1H         LINE#         274
  C:32E3H         LINE#         275
  C:32E9H         LINE#         276
  C:32E9H         LINE#         277
  C:32EFH         LINE#         278
  C:3303H         LINE#         279
  C:3303H         LINE#         280
  C:3303H         LINE#         281
  C:3308H         LINE#         282
  C:3320H         LINE#         283
  -------         ENDPROC       _I2C_WRITE_BUF
  -------         PROC          _I2C_READ_COMPLETE
  X:06D4H         SYMBOL        pt
  -------         DO            
  X:06D7H         SYMBOL        PT_YIELD_FLAG
  -------         ENDDO         
  C:3D1DH         LINE#         286
  C:3D28H         LINE#         287
  C:3D28H         LINE#         288
  C:3D3DH         LINE#         289
  C:3D4DH         LINE#         290
  C:3D4DH         LINE#         291
  C:3D61H         LINE#         294
  C:3D6AH         LINE#         295
  C:3D6AH         LINE#         296
  C:3D6AH         LINE#         297
  C:3D6AH         LINE#         298
  C:3D7BH         LINE#         299
  C:3D81H         LINE#         300
  C:3D87H         LINE#         302
  C:3D87H         LINE#         303
  C:3D89H         LINE#         305
  C:3D89H         LINE#         306
  C:3D89H         LINE#         307
  C:3D9AH         LINE#         308
  C:3DABH         LINE#         309
  C:3DB0H         LINE#         310
  C:3DB6H         LINE#         312
  C:3DB6H         LINE#         313
  C:3DB6H         LINE#         315
BL51 BANKED LINKER/LOCATER V6.22                                                      06/23/2014  11:22:11  PAGE 52


  C:3DB6H         LINE#         316
  C:3DB6H         LINE#         317
  C:3DB6H         LINE#         318
  C:3DB6H         LINE#         319
  C:3DB6H         LINE#         321
  C:3DC6H         LINE#         322
  C:3DC6H         LINE#         323
  C:3DCAH         LINE#         325
  C:3DE2H         LINE#         326
  -------         ENDPROC       _I2C_READ_COMPLETE
  -------         ENDMOD        I2C

  -------         MODULE        CALIBRATE
  C:0000H         SYMBOL        _ICE_DUMMY_
  D:0088H         PUBLIC        TCON
  D:0098H         PUBLIC        SCON
  D:00A0H         PUBLIC        P2
  D:00A8H         PUBLIC        IE
  D:00B0H         PUBLIC        P3
  D:00B8H         PUBLIC        IP
  D:00C0H         PUBLIC        WDCON
  D:00C8H         PUBLIC        T2CON
  D:00D0H         PUBLIC        PSW
  D:00D8H         PUBLIC        ADCSTAT
  D:00E8H         PUBLIC        I2CCON
  D:00E8H         PUBLIC        DCON
  D:00F8H         PUBLIC        SPICON
  C:40D0H         PUBLIC        _Calibrate
  C:42ACH         PUBLIC        RestoreCalibrate
  C:3F66H         PUBLIC        _GetCalibrateVal
  C:4921H         PUBLIC        Calibrate_Get_CRC
  C:3DE3H         PUBLIC        _Calibrate_Set_Flag
  C:4979H         PUBLIC        Calibrate_Set_Default
  -------         PROC          _GETCALIBRATEVAL
  X:06D4H         SYMBOL        channel_num
  X:06D5H         SYMBOL        ADC_Code
  -------         DO            
  X:06D9H         SYMBOL        result
  -------         ENDDO         
  C:3F66H         LINE#         4
  C:3F6BH         LINE#         5
  C:3F6BH         LINE#         6
  C:3F75H         LINE#         8
  C:3FCDH         LINE#         10
  C:3FEAH         LINE#         11
  C:3FEAH         LINE#         12
  C:3FF2H         LINE#         13
  C:3FF2H         LINE#         15
  C:3FF2H         LINE#         16
  C:400AH         LINE#         17
  C:400AH         LINE#         18
  C:4010H         LINE#         19
  C:4010H         LINE#         21
  C:4010H         LINE#         22
  C:4021H         LINE#         23
  C:4021H         LINE#         24
  C:4021H         LINE#         25
BL51 BANKED LINKER/LOCATER V6.22                                                      06/23/2014  11:22:11  PAGE 53


  -------         ENDPROC       _GETCALIBRATEVAL
  -------         PROC          RESTORECALIBRATE
  -------         DO            
  X:06D0H         SYMBOL        i
  X:06D1H         SYMBOL        crc
  X:06D5H         SYMBOL        true_crc
  -------         ENDDO         
  C:42ACH         LINE#         27
  C:42ACH         LINE#         28
  C:42ACH         LINE#         29
  C:42B1H         LINE#         30
  C:42C3H         LINE#         32
  C:42D2H         LINE#         33
  C:42D2H         LINE#         34
  C:42FAH         LINE#         35
  C:4302H         LINE#         37
  C:430FH         LINE#         38
  C:4325H         LINE#         40
  C:4345H         LINE#         41
  C:4345H         LINE#         42
  C:4348H         LINE#         43
  C:4348H         LINE#         46
  -------         ENDPROC       RESTORECALIBRATE
  -------         PROC          _CALIBRATE
  X:06D0H         SYMBOL        channel_num
  X:06D1H         SYMBOL        K
  X:06D5H         SYMBOL        C
  -------         DO            
  X:06D9H         SYMBOL        true_crc
  -------         ENDDO         
  C:40D0H         LINE#         48
  C:40D5H         LINE#         49
  C:40D5H         LINE#         50
  C:40DFH         LINE#         51
  C:4103H         LINE#         52
  C:4123H         LINE#         53
  C:414EH         LINE#         55
  C:415BH         LINE#         56
  C:4171H         LINE#         59
  -------         ENDPROC       _CALIBRATE
  -------         PROC          CALIBRATE_GET_CRC
  -------         DO            
  X:06E4H         SYMBOL        crc
  X:06E5H         SYMBOL        i
  X:06E6H         SYMBOL        j
  -------         ENDDO         
  C:4921H         LINE#         61
  C:4921H         LINE#         62
  C:4921H         LINE#         63
  C:4926H         LINE#         64
  C:492AH         LINE#         66
  C:492EH         LINE#         67
  C:492EH         LINE#         68
  C:4933H         LINE#         69
  C:4933H         LINE#         70
  C:495FH         LINE#         71
  C:4969H         LINE#         72
BL51 BANKED LINKER/LOCATER V6.22                                                      06/23/2014  11:22:11  PAGE 54


  C:4973H         LINE#         74
  C:4978H         LINE#         75
  -------         ENDPROC       CALIBRATE_GET_CRC
  -------         PROC          _CALIBRATE_SET_FLAG
  X:06DEH         SYMBOL        channel
  X:06DFH         SYMBOL        flag
  -------         DO            
  X:06E0H         SYMBOL        true_crc
  -------         ENDDO         
  C:3DE3H         LINE#         77
  C:3DECH         LINE#         78
  C:3DECH         LINE#         79
  C:3DF4H         LINE#         81
  C:3DF9H         LINE#         82
  C:3DF9H         LINE#         83
  C:3E0FH         LINE#         84
  C:3E3AH         LINE#         85
  C:3E3CH         LINE#         87
  C:3E3CH         LINE#         88
  C:3E42H         LINE#         89
  C:3E42H         LINE#         90
  C:3E57H         LINE#         91
  C:3E82H         LINE#         92
  C:3E82H         LINE#         93
  C:3E82H         LINE#         95
  C:3E8FH         LINE#         96
  C:3EA5H         LINE#         97
  -------         ENDPROC       _CALIBRATE_SET_FLAG
  -------         PROC          CALIBRATE_SET_DEFAULT
  -------         DO            
  X:06D9H         SYMBOL        i
  X:06DAH         SYMBOL        true_crc
  -------         ENDDO         
  C:4979H         LINE#         99
  C:4979H         LINE#         100
  C:4979H         LINE#         101
  C:497EH         LINE#         102
  C:4986H         LINE#         104
  C:4995H         LINE#         105
  C:4995H         LINE#         106
  C:499AH         LINE#         107
  C:49A2H         LINE#         109
  C:49AFH         LINE#         110
  C:49C5H         LINE#         111
  -------         ENDPROC       CALIBRATE_SET_DEFAULT
  -------         ENDMOD        CALIBRATE

  -------         MODULE        ULONGSORT
  C:0000H         SYMBOL        _ICE_DUMMY_
  D:0088H         PUBLIC        TCON
  D:0098H         PUBLIC        SCON
  D:00A0H         PUBLIC        P2
  D:00A8H         PUBLIC        IE
  D:00B0H         PUBLIC        P3
  D:00B8H         PUBLIC        IP
  D:00C0H         PUBLIC        WDCON
  D:00C8H         PUBLIC        T2CON
BL51 BANKED LINKER/LOCATER V6.22                                                      06/23/2014  11:22:11  PAGE 55


  D:00D0H         PUBLIC        PSW
  D:00D8H         PUBLIC        ADCSTAT
  D:00E8H         PUBLIC        I2CCON
  D:00E8H         PUBLIC        DCON
  D:00F8H         PUBLIC        SPICON
  C:191DH         PUBLIC        _ulongsort_process
  X:06ABH         PUBLIC        mas_copy
  X:06CBH         PUBLIC        mid_cycle_counter
  X:06CCH         PUBLIC        temp
  -------         PROC          _ULONGSORT_PROCESS
  X:06D0H         SYMBOL        pt
  -------         DO            
  X:06A8H         SYMBOL        counter
  X:06A9H         SYMBOL        i
  X:06AAH         SYMBOL        j
  -------         DO            
  X:06D3H         SYMBOL        PT_YIELD_FLAG
  -------         ENDDO         
  -------         ENDDO         
  C:191DH         LINE#         10
  C:1928H         LINE#         11
  C:1928H         LINE#         13
  C:192DH         LINE#         15
  C:1960H         LINE#         17
  C:1960H         LINE#         18
  C:1960H         LINE#         19
  C:199EH         LINE#         22
  C:19B3H         LINE#         23
  C:19B3H         LINE#         24
  C:19B7H         LINE#         25
  C:19D4H         LINE#         26
  C:19D4H         LINE#         27
  C:19DCH         LINE#         28
  C:19E2H         LINE#         29
  C:1A02H         LINE#         30
  C:1A02H         LINE#         32
  C:1A09H         LINE#         33
  C:1A09H         LINE#         34
  C:1A1DH         LINE#         35
  C:1A1DH         LINE#         36
  C:1A1DH         LINE#         39
  C:1A4CH         LINE#         40
  C:1A6CH         LINE#         42
  C:1A72H         LINE#         43
  C:1A72H         LINE#         44
  C:1A85H         LINE#         45
  C:1A85H         LINE#         46
  C:1AC0H         LINE#         47
  C:1AC0H         LINE#         48
  C:1AE2H         LINE#         49
  C:1B12H         LINE#         50
  C:1B34H         LINE#         51
  C:1B34H         LINE#         52
  C:1B54H         LINE#         53
  C:1B5DH         LINE#         54
  C:1B69H         LINE#         56
  C:1BA9H         LINE#         58
BL51 BANKED LINKER/LOCATER V6.22                                                      06/23/2014  11:22:11  PAGE 56


  C:1BBEH         LINE#         59
  C:1BBEH         LINE#         60
  C:1BFEH         LINE#         61
  C:1BFEH         LINE#         63
  C:1C12H         LINE#         64
  C:1C20H         LINE#         65
  C:1C34H         LINE#         67
  C:1C34H         LINE#         68
  C:1C4CH         LINE#         69
  -------         ENDPROC       _ULONGSORT_PROCESS
  -------         ENDMOD        ULONGSORT

  -------         MODULE        TIMER1
  C:0000H         SYMBOL        _ICE_DUMMY_
  D:0088H         PUBLIC        TCON
  D:0089H         PUBLIC        TMOD
  D:008BH         PUBLIC        TL1
  D:008DH         PUBLIC        TH1
  D:0098H         PUBLIC        SCON
  D:00A0H         PUBLIC        P2
  D:00A8H         PUBLIC        IE
  D:00B0H         PUBLIC        P3
  D:00B8H         PUBLIC        IP
  D:00C0H         PUBLIC        WDCON
  D:00C8H         PUBLIC        T2CON
  D:00D0H         PUBLIC        PSW
  D:00D8H         PUBLIC        ADCSTAT
  D:00E8H         PUBLIC        I2CCON
  D:00E8H         PUBLIC        DCON
  D:00F8H         PUBLIC        SPICON
  B:0088H.6       PUBLIC        TR1
  B:00A8H.3       PUBLIC        ET1
  C:4B62H         PUBLIC        Timer1_Initialize
  -------         PROC          TIMER1_INITIALIZE
  C:4B62H         LINE#         4
  C:4B62H         LINE#         5
  C:4B62H         LINE#         6
  C:4B65H         LINE#         7
  C:4B68H         LINE#         9
  C:4B6BH         LINE#         10
  C:4B6EH         LINE#         13
  C:4B70H         LINE#         14
  C:4B72H         LINE#         16
  -------         ENDPROC       TIMER1_INITIALIZE
  -------         ENDMOD        TIMER1

  -------         MODULE        CRC_TABLE
  C:0000H         SYMBOL        _ICE_DUMMY_
  C:3885H         PUBLIC        Crc8Table
  C:4ACAH         PUBLIC        _CRC_Check
  -------         PROC          _CRC_CHECK
  D:0006H         SYMBOL        Spool_pr
  D:0005H         SYMBOL        Count_pr
  -------         DO            
  D:0004H         SYMBOL        crc
  -------         ENDDO         
  C:4ACAH         LINE#         36
BL51 BANKED LINKER/LOCATER V6.22                                                      06/23/2014  11:22:11  PAGE 57


  C:4ACAH         LINE#         37
  C:4ACAH         LINE#         38
  C:4ACCH         LINE#         40
  C:4AD3H         LINE#         41
  C:4AE9H         LINE#         43
  C:4AECH         LINE#         44
  -------         ENDPROC       _CRC_CHECK
  -------         ENDMOD        CRC_TABLE

  -------         MODULE        ?C?FPADD
  C:003DH         PUBLIC        ?C?FPADD
  C:0039H         PUBLIC        ?C?FPSUB
  -------         ENDMOD        ?C?FPADD

  -------         MODULE        ?C?FPMUL
  C:012EH         PUBLIC        ?C?FPMUL
  -------         ENDMOD        ?C?FPMUL

  -------         MODULE        ?C?FPCMP
  C:0236H         PUBLIC        ?C?FPCMP
  C:0234H         PUBLIC        ?C?FPCMP3
  -------         ENDMOD        ?C?FPCMP

  -------         MODULE        ?C?FCAST
  C:02ABH         PUBLIC        ?C?FCASTC
  C:02A6H         PUBLIC        ?C?FCASTI
  C:02A1H         PUBLIC        ?C?FCASTL
  -------         ENDMOD        ?C?FCAST

  -------         MODULE        ?C?CASTF
  C:02DFH         PUBLIC        ?C?CASTF
  -------         ENDMOD        ?C?CASTF

  -------         MODULE        ?C?COPY
  C:0430H         PUBLIC        ?C?COPY
  -------         ENDMOD        ?C?COPY

  -------         MODULE        ?C?CLDPTR
  C:0456H         PUBLIC        ?C?CLDPTR
  -------         ENDMOD        ?C?CLDPTR

  -------         MODULE        ?C?CLDOPTR
  C:046FH         PUBLIC        ?C?CLDOPTR
  -------         ENDMOD        ?C?CLDOPTR

  -------         MODULE        ?C?CILDOPTR
  C:049CH         PUBLIC        ?C?CILDOPTR
  -------         ENDMOD        ?C?CILDOPTR

  -------         MODULE        ?C?CSTOPTR
  C:04CFH         PUBLIC        ?C?CSTOPTR
  -------         ENDMOD        ?C?CSTOPTR

  -------         MODULE        ?C?IILDX
  C:04F1H         PUBLIC        ?C?IILDX
  -------         ENDMOD        ?C?IILDX

BL51 BANKED LINKER/LOCATER V6.22                                                      06/23/2014  11:22:11  PAGE 58


  -------         MODULE        ?C?ILDPTR
  C:0507H         PUBLIC        ?C?ILDPTR
  -------         ENDMOD        ?C?ILDPTR

  -------         MODULE        ?C?ILDOPTR
  C:0532H         PUBLIC        ?C?ILDOPTR
  -------         ENDMOD        ?C?ILDOPTR

  -------         MODULE        ?C?ISTPTR
  C:056AH         PUBLIC        ?C?ISTPTR
  -------         ENDMOD        ?C?ISTPTR

  -------         MODULE        ?C?ISTOPTR
  C:0589H         PUBLIC        ?C?ISTOPTR
  -------         ENDMOD        ?C?ISTOPTR

  -------         MODULE        ?C?ULDIV
  C:05F2H         PUBLIC        ?C?ULDIV
  -------         ENDMOD        ?C?ULDIV

  -------         MODULE        ?C?SLDIV
  C:49C6H         PUBLIC        ?C?SLDIV
  -------         ENDMOD        ?C?SLDIV

  -------         MODULE        ?C?LNEG
  C:0684H         PUBLIC        ?C?LNEG
  -------         ENDMOD        ?C?LNEG

  -------         MODULE        ?C?ULCMP
  C:0692H         PUBLIC        ?C?ULCMP
  -------         ENDMOD        ?C?ULCMP

  -------         MODULE        ?C?ULSHR
  C:06A3H         PUBLIC        ?C?ULSHR
  -------         ENDMOD        ?C?ULSHR

  -------         MODULE        ?C?LSHL
  C:06B6H         PUBLIC        ?C?LSHL
  -------         ENDMOD        ?C?LSHL

  -------         MODULE        ?C?LSTXDATA
  C:06C9H         PUBLIC        ?C?LSTXDATA
  -------         ENDMOD        ?C?LSTXDATA

  -------         MODULE        ?C?LSTKXDATA
  C:06D5H         PUBLIC        ?C?LSTKXDATA
  -------         ENDMOD        ?C?LSTKXDATA

  -------         MODULE        ?C?OFFXADD
  C:0706H         PUBLIC        ?C?OFFXADD
  -------         ENDMOD        ?C?OFFXADD

  -------         MODULE        ?C?CCASE
  C:0712H         PUBLIC        ?C?CCASE
  -------         ENDMOD        ?C?CCASE

  -------         MODULE        ?C?ICASE
BL51 BANKED LINKER/LOCATER V6.22                                                      06/23/2014  11:22:11  PAGE 59


  C:0738H         PUBLIC        ?C?ICASE
  -------         ENDMOD        ?C?ICASE

*** WARNING L16: UNCALLED SEGMENT, IGNORED FOR OVERLAY PROCESS
    SEGMENT: ?PR?_WDT_INIT?WATCHDOG

*** WARNING L16: UNCALLED SEGMENT, IGNORED FOR OVERLAY PROCESS
    SEGMENT: ?PR?_WDT_PROCESS?WATCHDOG

*** WARNING L1: UNRESOLVED EXTERNAL SYMBOL
    SYMBOL:  READHOLDINGREG
    MODULE:  proto_uso.obj (PROTO_USO)

*** WARNING L1: UNRESOLVED EXTERNAL SYMBOL
    SYMBOL:  _MBCHAR2BIN
    MODULE:  proto_uso.obj (PROTO_USO)

*** WARNING L1: UNRESOLVED EXTERNAL SYMBOL
    SYMBOL:  _LRC_CHECK
    MODULE:  proto_uso.obj (PROTO_USO)

*** WARNING L2: REFERENCE MADE TO UNRESOLVED EXTERNAL
    SYMBOL:  _MBCHAR2BIN
    MODULE:  proto_uso.obj (PROTO_USO)
    ADDRESS: 2C02H

*** WARNING L2: REFERENCE MADE TO UNRESOLVED EXTERNAL
    SYMBOL:  _MBCHAR2BIN
    MODULE:  proto_uso.obj (PROTO_USO)
    ADDRESS: 2C12H

*** WARNING L2: REFERENCE MADE TO UNRESOLVED EXTERNAL
    SYMBOL:  READHOLDINGREG
    MODULE:  proto_uso.obj (PROTO_USO)
    ADDRESS: 2C29H

*** WARNING L2: REFERENCE MADE TO UNRESOLVED EXTERNAL
    SYMBOL:  _MBCHAR2BIN
    MODULE:  proto_uso.obj (PROTO_USO)
    ADDRESS: 1740H

*** WARNING L2: REFERENCE MADE TO UNRESOLVED EXTERNAL
    SYMBOL:  _MBCHAR2BIN
    MODULE:  proto_uso.obj (PROTO_USO)
    ADDRESS: 1750H

*** WARNING L2: REFERENCE MADE TO UNRESOLVED EXTERNAL
    SYMBOL:  _MBCHAR2BIN
    MODULE:  proto_uso.obj (PROTO_USO)
    ADDRESS: 178BH

*** WARNING L2: REFERENCE MADE TO UNRESOLVED EXTERNAL
    SYMBOL:  _MBCHAR2BIN
    MODULE:  proto_uso.obj (PROTO_USO)
    ADDRESS: 17A7H

*** WARNING L2: REFERENCE MADE TO UNRESOLVED EXTERNAL
BL51 BANKED LINKER/LOCATER V6.22                                                      06/23/2014  11:22:11  PAGE 60


    SYMBOL:  _LRC_CHECK
    MODULE:  proto_uso.obj (PROTO_USO)
    ADDRESS: 17CDH

Program Size: data=22.0 xdata=1873 code=19338
LINK/LOCATE RUN COMPLETE.  13 WARNING(S),  0 ERROR(S)
