BL51 BANKED LINKER/LOCATER V6.22                                                        06/23/2014  10:15:13  PAGE 1


BL51 BANKED LINKER/LOCATER V6.22, INVOKED BY:
C:\PROGRAM FILES\KEIL\C51\BIN\BL51.EXE debug.obj, timer3.obj, adc.obj, eeprom.obj, watchdog.obj, proto_uso.obj, channels
>> .obj, START_AD.obj, frequency.obj, timer0.obj, timer2.obj, i2c.obj, calibrate.obj, ulongsort.obj, timer1.obj, crc_tab
>> le.obj TO debug RAMSIZE (256) XDATA (0X0000-0X7FFE)


MEMORY MODEL: LARGE WITH FLOATING POINT ARITHMETIC


INPUT MODULES INCLUDED:
  debug.obj (DEBUG)
  timer3.obj (TIMER3)
  adc.obj (ADC)
  eeprom.obj (EEPROM)
  watchdog.obj (WATCHDOG)
  proto_uso.obj (PROTO_USO)
  channels.obj (CHANNELS)
  START_AD.obj (?C_STARTUP)
  frequency.obj (FREQUENCY)
  timer0.obj (TIMER0)
  timer2.obj (TIMER2)
  i2c.obj (I2C)
  calibrate.obj (CALIBRATE)
  ulongsort.obj (ULONGSORT)
  timer1.obj (TIMER1)
  crc_table.obj (CRC_TABLE)
  C:\PROGRAM FILES\KEIL\C51\LIB\C51FPL.LIB (?C?FPADD)
  C:\PROGRAM FILES\KEIL\C51\LIB\C51FPL.LIB (?C?FPMUL)
  C:\PROGRAM FILES\KEIL\C51\LIB\C51FPL.LIB (?C?FPCMP)
  C:\PROGRAM FILES\KEIL\C51\LIB\C51FPL.LIB (?C?FCAST)
  C:\PROGRAM FILES\KEIL\C51\LIB\C51FPL.LIB (?C?CASTF)
  C:\PROGRAM FILES\KEIL\C51\LIB\C51FPL.LIB (?C?FPGETOPN)
  C:\PROGRAM FILES\KEIL\C51\LIB\C51L.LIB (?C_INIT)
  C:\PROGRAM FILES\KEIL\C51\LIB\C51L.LIB (?C?COPY)
  C:\PROGRAM FILES\KEIL\C51\LIB\C51L.LIB (?C?CLDPTR)
  C:\PROGRAM FILES\KEIL\C51\LIB\C51L.LIB (?C?CLDOPTR)
  C:\PROGRAM FILES\KEIL\C51\LIB\C51L.LIB (?C?CILDOPTR)
  C:\PROGRAM FILES\KEIL\C51\LIB\C51L.LIB (?C?CSTOPTR)
  C:\PROGRAM FILES\KEIL\C51\LIB\C51L.LIB (?C?IILDX)
  C:\PROGRAM FILES\KEIL\C51\LIB\C51L.LIB (?C?ILDPTR)
  C:\PROGRAM FILES\KEIL\C51\LIB\C51L.LIB (?C?ILDOPTR)
  C:\PROGRAM FILES\KEIL\C51\LIB\C51L.LIB (?C?ISTPTR)
  C:\PROGRAM FILES\KEIL\C51\LIB\C51L.LIB (?C?ISTOPTR)
  C:\PROGRAM FILES\KEIL\C51\LIB\C51L.LIB (?C?ULDIV)
  C:\PROGRAM FILES\KEIL\C51\LIB\C51L.LIB (?C?SLDIV)
  C:\PROGRAM FILES\KEIL\C51\LIB\C51L.LIB (?C?LNEG)
  C:\PROGRAM FILES\KEIL\C51\LIB\C51L.LIB (?C?ULCMP)
  C:\PROGRAM FILES\KEIL\C51\LIB\C51L.LIB (?C?ULSHR)
  C:\PROGRAM FILES\KEIL\C51\LIB\C51L.LIB (?C?LSHL)
  C:\PROGRAM FILES\KEIL\C51\LIB\C51L.LIB (?C?LSTXDATA)
  C:\PROGRAM FILES\KEIL\C51\LIB\C51L.LIB (?C?LSTKXDATA)
  C:\PROGRAM FILES\KEIL\C51\LIB\C51L.LIB (?C?OFFXADD)
  C:\PROGRAM FILES\KEIL\C51\LIB\C51L.LIB (?C?CCASE)
  C:\PROGRAM FILES\KEIL\C51\LIB\C51L.LIB (?C?ICASE)


LINK MAP OF MODULE:  debug (DEBUG)

BL51 BANKED LINKER/LOCATER V6.22                                                      06/23/2014  10:15:13  PAGE 2



            TYPE    BASE      LENGTH    RELOCATION   SEGMENT NAME
            -----------------------------------------------------

            * * * * * * *   D A T A   M E M O R Y   * * * * * * *
            REG     0000H     0008H     ABSOLUTE     "REG BANK 0"
            DATA    0008H     0002H     UNIT         _DATA_GROUP_
            DATA    000AH     0001H     UNIT         ?DT?WATCHDOG
            DATA    000BH     0001H     UNIT         ?DT?PROTO_USO
            IDATA   000CH     0006H     UNIT         ?ID?I2C
            IDATA   0012H     0003H     UNIT         ?ID?PROTO_USO
            IDATA   0015H     0001H     UNIT         ?STACK

            * * * * * * *  X D A T A   M E M O R Y  * * * * * * *
            XDATA   0000H     037CH     UNIT         ?XD?PROTO_USO
            XDATA   037CH     015FH     UNIT         ?XD?CHANNELS
            XDATA   04DBH     0132H     UNIT         ?XD?ADC
            XDATA   060DH     006BH     UNIT         ?XD?FREQUENCY
            XDATA   0678H     0030H     UNIT         ?XD?I2C
            XDATA   06A8H     0028H     UNIT         ?XD?ULONGSORT
            XDATA   06D0H     001EH     UNIT         _XDATA_GROUP_
            XDATA   06EEH     0016H     UNIT         ?XD?WATCHDOG
            XDATA   0704H     0010H     UNIT         ?XD?DEBUG
            XDATA   0714H     000DH     UNIT         ?XD?_STORE_DEV_ADDRESS_DESC?PROTO_USO
            XDATA   0721H     0008H     UNIT         ?XD?CHANNEL_SET_CALIBRATE?PROTO_USO
            XDATA   0729H     0006H     UNIT         ?XD?_WDT_PROCESS?WATCHDOG
            XDATA   072FH     0006H     UNIT         ?XD?_OLD_PROTO_PASTE_NULL?PROTO_USO
            XDATA   0735H     0005H     UNIT         ?XD?_OLD_CRC_CHECK?PROTO_USO
            XDATA   073AH     0004H     UNIT         ?XD?_PROTOPROCESS?PROTO_USO
            XDATA   073EH     0004H     UNIT         ?XD?_RINGBUFHANDLING?PROTO_USO
            XDATA   0742H     0004H     UNIT         ?XD?_FREQUENCY_MEASURE_PROCESS?FREQUENCY
            XDATA   0746H     0002H     UNIT         ?XD?OLD_CHANNEL_GET_DATA?PROTO_USO
            XDATA   0748H     0002H     UNIT         ?XD?OLD_CHANNEL_GET_DATA_STATE?PROTO_USO
            XDATA   074AH     0002H     UNIT         ?XD?OLD_CHANNEL_GET_STATE?PROTO_USO
            XDATA   074CH     0002H     UNIT         ?XD?RESTORE_DEV_ADDRESS_DESC?PROTO_USO
            XDATA   074EH     0001H     UNIT         ?XD?CHANNEL_SET_ADDRESS_DESC?PROTO_USO
            XDATA   074FH     0001H     UNIT         ?XD?_REQUEST_ERROR?PROTO_USO
            XDATA   0750H     0001H     UNIT         ?XD?OLD_CHANNEL_SET_ADC_RANGE?PROTO_USO

            * * * * * * *   C O D E   M E M O R Y   * * * * * * *
            CODE    0000H     0003H     ABSOLUTE     
            CODE    0003H     0003H     ABSOLUTE     
            CODE    0006H     0003H     UNIT         ?PR?NODE_FULL_INIT?PROTO_USO
                    0009H     0002H                  *** GAP ***
            CODE    000BH     0003H     ABSOLUTE     
            CODE    000EH     0003H     UNIT         ?PR?CHANNEL_LIST_INIT?PROTO_USO
                    0011H     0002H                  *** GAP ***
            CODE    0013H     0003H     ABSOLUTE     
            CODE    0016H     0003H     UNIT         ?PR?CHANNEL_GET_DATA?PROTO_USO
                    0019H     0002H                  *** GAP ***
            CODE    001BH     0003H     ABSOLUTE     
            CODE    001EH     0003H     UNIT         ?PR?CHANNEL_SET_ORDER_QUERY?PROTO_USO
                    0021H     0002H                  *** GAP ***
            CODE    0023H     0003H     ABSOLUTE     
            CODE    0026H     0003H     UNIT         ?PR?CHANNEL_GET_DATA_ORDER?PROTO_USO
                    0029H     0002H                  *** GAP ***
            CODE    002BH     0003H     ABSOLUTE     
BL51 BANKED LINKER/LOCATER V6.22                                                      06/23/2014  10:15:13  PAGE 3


            CODE    002EH     0003H     UNIT         ?PR?CHANNEL_SET_STATE?PROTO_USO
                    0031H     0002H                  *** GAP ***
            CODE    0033H     0003H     ABSOLUTE     
            CODE    0036H     072FH     UNIT         ?C?LIB_CODE
            CODE    0765H     03FAH     UNIT         ?PR?CHANNEL_ALL_GET_DATA?PROTO_USO
            CODE    0B5FH     03B8H     UNIT         ?PR?OLD_CHANNEL_GET_DATA_STATE?PROTO_USO
            CODE    0F17H     038CH     UNIT         ?PR?_I2C_PROCESS?I2C
            CODE    12A3H     0353H     UNIT         ?C_INITSEG
            CODE    15F6H     0330H     UNIT         ?PR?_ULONGSORT_PROCESS?ULONGSORT
            CODE    1926H     0328H     UNIT         ?PR?_PROTOPROCESS?PROTO_USO
            CODE    1C4EH     02FAH     UNIT         ?PR?OLD_CHANNEL_GET_DATA?PROTO_USO
            CODE    1F48H     02D2H     UNIT         ?PR?TIMER2_ISR?FREQUENCY
            CODE    221AH     02A1H     UNIT         ?PR?_RINGBUFHANDLING?PROTO_USO
            CODE    24BBH     0288H     UNIT         ?PR?_FREQUENCY_MEASURE_PROCESS?FREQUENCY
            CODE    2743H     01E8H     UNIT         ?PR?CHANNELS_SET_DEFAULT?CHANNELS
            CODE    292BH     0189H     UNIT         ?PR?_STORE_DEV_ADDRESS_DESC?PROTO_USO
            CODE    2AB4H     017DH     UNIT         ?PR?PROTOBUFHANDLING?PROTO_USO
            CODE    2C31H     0173H     UNIT         ?PR?OLD_CHANNEL_GET_STATE?PROTO_USO
            CODE    2DA4H     016EH     UNIT         ?PR?OLD_CHANNEL_SET_ADC_RANGE?PROTO_USO
            CODE    2F12H     0167H     UNIT         ?PR?SEND_INFO?PROTO_USO
            CODE    3079H     0161H     UNIT         ?PR?CHANNEL_SET_PARAMETERS?PROTO_USO
            CODE    31DAH     0151H     UNIT         ?PR?_I2C_WRITE_BUF?I2C
            CODE    332BH     0132H     UNIT         ?PR?ADC_ISR?ADC
            CODE    345DH     0110H     UNIT         ?PR?_I2C_READ_BUF?I2C
            CODE    356DH     010DH     UNIT         ?PR?_WDT_PROCESS?WATCHDOG
            CODE    367AH     0107H     UNIT         ?PR?_OLD_PROTO_PASTE_NULL?PROTO_USO
            CODE    3781H     0105H     UNIT         ?PR?CHANNEL_GET_CALIBRATE_VALUE?PROTO_USO
            CODE    3886H     0100H     UNIT         ?CO?CRC_TABLE
            CODE    3986H     00F1H     UNIT         ?PR?RESTORE_DEV_ADDRESS_DESC?PROTO_USO
            CODE    3A77H     00E5H     UNIT         ?PR?CHANNEL_SET_CALIBRATE?PROTO_USO
            CODE    3B5CH     00E3H     UNIT         ?PR?_EEPROM_WRITE?EEPROM
            CODE    3C3FH     00DFH     UNIT         ?PR?_EEPROM_READ?EEPROM
            CODE    3D1EH     00C6H     UNIT         ?PR?_I2C_READ_COMPLETE?I2C
            CODE    3DE4H     00C3H     UNIT         ?PR?_CALIBRATE_SET_FLAG?CALIBRATE
            CODE    3EA7H     00C0H     UNIT         ?PR?UART_ISR?PROTO_USO
            CODE    3F67H     00C0H     UNIT         ?PR?FREQUENCY_INIT?FREQUENCY
            CODE    4027H     00BCH     UNIT         ?PR?_GETCALIBRATEVAL?CALIBRATE
            CODE    40E3H     00AEH     UNIT         ?PR?_I2C_REPEATREAD?DEBUG
            CODE    4191H     00A2H     UNIT         ?PR?_CALIBRATE?CALIBRATE
            CODE    4233H     009DH     UNIT         ?PR?ADC_RESTORE_SETTINGS?ADC
            CODE    42D0H     009DH     UNIT         ?C_C51STARTUP
            CODE    436DH     009DH     UNIT         ?PR?RESTORECALIBRATE?CALIBRATE
            CODE    440AH     0098H     UNIT         ?PR?CHANNELSINIT?CHANNELS
            CODE    44A2H     0098H     UNIT         ?PR?RESTORE_CHANNELS_DATA?CHANNELS
            CODE    453AH     0092H     UNIT         ?PR?MAIN?DEBUG
            CODE    45CCH     0078H     UNIT         ?PR?CHANNEL_SET_ADDRESS_DESC?PROTO_USO
            CODE    4644H     0076H     UNIT         ?PR?_OLD_CRC_CHECK?PROTO_USO
            CODE    46BAH     006BH     UNIT         ?PR?STORE_CHANNELS_DATA?CHANNELS
            CODE    4725H     006BH     UNIT         ?PR?INT2_ISR?FREQUENCY
            CODE    4790H     0067H     UNIT         ?PR?TIMER1_INTERRUPT?DEBUG
            CODE    47F7H     0065H     UNIT         ?PR?INT0_ISR?FREQUENCY
            CODE    485CH     0065H     UNIT         ?PR?INT1_ISR?FREQUENCY
            CODE    48C1H     005BH     UNIT         ?PR?_REQUEST_ERROR?PROTO_USO
            CODE    491CH     0058H     UNIT         ?PR?CHANNELS_GET_SETTINGS_CRC?CHANNELS
            CODE    4974H     0058H     UNIT         ?PR?CALIBRATE_GET_CRC?CALIBRATE
            CODE    49CCH     004DH     UNIT         ?PR?CALIBRATE_SET_DEFAULT?CALIBRATE
            CODE    4A19H     0044H     UNIT         ?C?LDIV
BL51 BANKED LINKER/LOCATER V6.22                                                      06/23/2014  10:15:13  PAGE 4


            CODE    4A5DH     0039H     UNIT         ?PR?_WDT_INIT?WATCHDOG
            CODE    4A96H     0031H     UNIT         ?PR?PROTOCOL_INIT?PROTO_USO
            CODE    4AC7H     002DH     UNIT         ?PR?ADC_INITIALIZE?ADC
            CODE    4AF4H     0029H     UNIT         ?PR?_I2C_REPEAT_START_READ?I2C
            CODE    4B1DH     0023H     UNIT         ?PR?_CRC_CHECK?CRC_TABLE
            CODE    4B40H     0016H     UNIT         ?PR?I2C_INIT?I2C
            CODE    4B56H     0015H     UNIT         ?PR?_ADC_OUT_FREQ?ADC
            CODE    4B6BH     0014H     UNIT         ?PR?TIMER2_INITIALIZE?TIMER2
            CODE    4B7FH     0013H     UNIT         ?PR?CHANNEL_SET_RESET_STATE_FLAGS?PROTO_USO
            CODE    4B92H     0012H     UNIT         ?PR?UART_INIT?TIMER3
            CODE    4BA4H     0011H     UNIT         ?PR?TIMER0_INITIALIZE?TIMER0
            CODE    4BB5H     0011H     UNIT         ?PR?TIMER1_INITIALIZE?TIMER1
            CODE    4BC6H     000CH     UNIT         ?PR?CHANNEL_SET_ALL_DEFAULT?PROTO_USO
            CODE    4BD2H     000AH     UNIT         ?PR?WDT_CLEAR?WATCHDOG
            CODE    4BDCH     0007H     UNIT         ?PR?_ADC_SET_MODE?ADC
            CODE    4BE3H     0003H     UNIT         ?PR?CHANNEL_GET_DATA_ORDER_M2?PROTO_USO
            CODE    4BE6H     0003H     UNIT         ?PR?OLD_REINIT_BLOCK?PROTO_USO



OVERLAY MAP OF MODULE:   debug (DEBUG)


SEGMENT                                            DATA_GROUP          XDATA_GROUP
  +--> CALLED SEGMENT                            START    LENGTH     START    LENGTH
------------------------------------------------------------------------------------
?C_C51STARTUP                                    -----    -----      -----    -----
  +--> ?PR?MAIN?DEBUG
  +--> ?C_INITSEG

?PR?MAIN?DEBUG                                   -----    -----      -----    -----
  +--> ?PR?RESTORECALIBRATE?CALIBRATE
  +--> ?PR?CHANNELSINIT?CHANNELS
  +--> ?PR?PROTOCOL_INIT?PROTO_USO
  +--> ?PR?TIMER1_INITIALIZE?TIMER1
  +--> ?PR?ADC_INITIALIZE?ADC
  +--> ?PR?UART_INIT?TIMER3
  +--> ?PR?FREQUENCY_INIT?FREQUENCY
  +--> ?PR?I2C_INIT?I2C
  +--> ?PR?_I2C_REPEAT_START_READ?I2C
  +--> ?PR?_PROTOPROCESS?PROTO_USO
  +--> ?PR?_I2C_REPEATREAD?DEBUG
  +--> ?PR?_FREQUENCY_MEASURE_PROCESS?FREQUENCY
  +--> ?PR?_ULONGSORT_PROCESS?ULONGSORT
  +--> ?PR?_I2C_PROCESS?I2C
  +--> ?PR?_RINGBUFHANDLING?PROTO_USO

?PR?RESTORECALIBRATE?CALIBRATE                   -----    -----      06D0H    0009H
  +--> ?PR?_EEPROM_READ?EEPROM
  +--> ?PR?CALIBRATE_GET_CRC?CALIBRATE
  +--> ?PR?CALIBRATE_SET_DEFAULT?CALIBRATE

?PR?_EEPROM_READ?EEPROM                          -----    -----      06D9H    000AH

?PR?CALIBRATE_GET_CRC?CALIBRATE                  -----    -----      06E4H    0003H
  +--> ?CO?CRC_TABLE

BL51 BANKED LINKER/LOCATER V6.22                                                      06/23/2014  10:15:13  PAGE 5


?PR?CALIBRATE_SET_DEFAULT?CALIBRATE              -----    -----      06D9H    0005H
  +--> ?PR?_CALIBRATE_SET_FLAG?CALIBRATE
  +--> ?PR?CALIBRATE_GET_CRC?CALIBRATE
  +--> ?PR?_EEPROM_WRITE?EEPROM

?PR?_CALIBRATE_SET_FLAG?CALIBRATE                -----    -----      06DEH    0006H
  +--> ?PR?_EEPROM_WRITE?EEPROM
  +--> ?PR?CALIBRATE_GET_CRC?CALIBRATE

?PR?_EEPROM_WRITE?EEPROM                         -----    -----      06E4H    000AH

?PR?CHANNELSINIT?CHANNELS                        -----    -----      -----    -----
  +--> ?PR?RESTORE_CHANNELS_DATA?CHANNELS

?PR?RESTORE_CHANNELS_DATA?CHANNELS               -----    -----      06D0H    0009H
  +--> ?PR?_EEPROM_READ?EEPROM
  +--> ?PR?CHANNELS_GET_SETTINGS_CRC?CHANNELS
  +--> ?PR?CHANNELS_SET_DEFAULT?CHANNELS

?PR?CHANNELS_GET_SETTINGS_CRC?CHANNELS           -----    -----      06DEH    0003H
  +--> ?CO?CRC_TABLE

?PR?CHANNELS_SET_DEFAULT?CHANNELS                -----    -----      -----    -----
  +--> ?PR?STORE_CHANNELS_DATA?CHANNELS

?PR?STORE_CHANNELS_DATA?CHANNELS                 -----    -----      06D9H    0005H
  +--> ?PR?_EEPROM_WRITE?EEPROM
  +--> ?PR?CHANNELS_GET_SETTINGS_CRC?CHANNELS

?PR?PROTOCOL_INIT?PROTO_USO                      -----    -----      -----    -----
  +--> ?PR?RESTORE_DEV_ADDRESS_DESC?PROTO_USO

?PR?RESTORE_DEV_ADDRESS_DESC?PROTO_USO           -----    -----      -----    -----
  +--> ?PR?_EEPROM_READ?EEPROM

?PR?ADC_INITIALIZE?ADC                           -----    -----      -----    -----
  +--> ?PR?ADC_RESTORE_SETTINGS?ADC
  +--> ?PR?_ADC_SET_MODE?ADC
  +--> ?PR?_ADC_OUT_FREQ?ADC

?PR?ADC_RESTORE_SETTINGS?ADC                     -----    -----      06D0H    0002H

?PR?FREQUENCY_INIT?FREQUENCY                     -----    -----      06D0H    0001H
  +--> ?PR?TIMER0_INITIALIZE?TIMER0
  +--> ?PR?TIMER2_INITIALIZE?TIMER2

?PR?_I2C_REPEAT_START_READ?I2C                   -----    -----      06D4H    0009H

?PR?_PROTOPROCESS?PROTO_USO                      -----    -----      -----    -----
  +--> ?PR?_CRC_CHECK?CRC_TABLE
  +--> ?PR?_OLD_CRC_CHECK?PROTO_USO
  +--> ?PR?PROTOBUFHANDLING?PROTO_USO

?PR?_CRC_CHECK?CRC_TABLE                         -----    -----      -----    -----
  +--> ?CO?CRC_TABLE

?PR?PROTOBUFHANDLING?PROTO_USO                   -----    -----      -----    -----
BL51 BANKED LINKER/LOCATER V6.22                                                      06/23/2014  10:15:13  PAGE 6


  +--> ?PR?SEND_INFO?PROTO_USO
  +--> ?PR?NODE_FULL_INIT?PROTO_USO
  +--> ?PR?CHANNEL_LIST_INIT?PROTO_USO
  +--> ?PR?CHANNEL_GET_DATA?PROTO_USO
  +--> ?PR?CHANNEL_SET_PARAMETERS?PROTO_USO
  +--> ?PR?CHANNEL_SET_ORDER_QUERY?PROTO_USO
  +--> ?PR?CHANNEL_GET_DATA_ORDER?PROTO_USO
  +--> ?PR?CHANNEL_SET_STATE?PROTO_USO
  +--> ?PR?CHANNEL_GET_DATA_ORDER_M2?PROTO_USO
  +--> ?PR?CHANNEL_SET_RESET_STATE_FLAGS?PRO...
  +--> ?PR?CHANNEL_ALL_GET_DATA?PROTO_USO
  +--> ?PR?CHANNEL_SET_ADDRESS_DESC?PROTO_USO
  +--> ?PR?CHANNEL_SET_CALIBRATE?PROTO_USO
  +--> ?PR?CHANNEL_SET_ALL_DEFAULT?PROTO_USO
  +--> ?PR?CHANNEL_GET_CALIBRATE_VALUE?PROTO...
  +--> ?PR?_REQUEST_ERROR?PROTO_USO
  +--> ?PR?OLD_REINIT_BLOCK?PROTO_USO
  +--> ?PR?OLD_CHANNEL_SET_ADC_RANGE?PROTO_USO
  +--> ?PR?OLD_CHANNEL_GET_STATE?PROTO_USO
  +--> ?PR?OLD_CHANNEL_GET_DATA?PROTO_USO
  +--> ?PR?OLD_CHANNEL_GET_DATA_STATE?PROTO_USO

?PR?SEND_INFO?PROTO_USO                          -----    -----      -----    -----
  +--> ?PR?_CRC_CHECK?CRC_TABLE

?PR?CHANNEL_SET_PARAMETERS?PROTO_USO             -----    -----      06D0H    0001H
  +--> ?PR?_REQUEST_ERROR?PROTO_USO
  +--> ?PR?STORE_CHANNELS_DATA?CHANNELS

?PR?_REQUEST_ERROR?PROTO_USO                     -----    -----      -----    -----
  +--> ?PR?_CRC_CHECK?CRC_TABLE

?PR?CHANNEL_SET_RESET_STATE_FLAGS?PRO...         -----    -----      -----    -----
  +--> ?PR?CHANNELSINIT?CHANNELS
  +--> ?PR?_REQUEST_ERROR?PROTO_USO

?PR?CHANNEL_ALL_GET_DATA?PROTO_USO               0008H    0002H      -----    -----
  +--> ?PR?_CRC_CHECK?CRC_TABLE

?PR?CHANNEL_SET_ADDRESS_DESC?PROTO_USO           -----    -----      -----    -----
  +--> ?PR?_STORE_DEV_ADDRESS_DESC?PROTO_USO
  +--> ?PR?_REQUEST_ERROR?PROTO_USO

?PR?_STORE_DEV_ADDRESS_DESC?PROTO_USO            -----    -----      -----    -----
  +--> ?PR?_EEPROM_WRITE?EEPROM

?PR?CHANNEL_SET_CALIBRATE?PROTO_USO              -----    -----      -----    -----
  +--> ?PR?_CALIBRATE?CALIBRATE
  +--> ?PR?_CALIBRATE_SET_FLAG?CALIBRATE
  +--> ?PR?_REQUEST_ERROR?PROTO_USO

?PR?_CALIBRATE?CALIBRATE                         -----    -----      06D0H    000DH
  +--> ?PR?_EEPROM_WRITE?EEPROM
  +--> ?PR?CALIBRATE_GET_CRC?CALIBRATE

?PR?CHANNEL_SET_ALL_DEFAULT?PROTO_USO            -----    -----      -----    -----
  +--> ?PR?CHANNELS_SET_DEFAULT?CHANNELS
BL51 BANKED LINKER/LOCATER V6.22                                                      06/23/2014  10:15:13  PAGE 7


  +--> ?PR?CALIBRATE_SET_DEFAULT?CALIBRATE
  +--> ?PR?_REQUEST_ERROR?PROTO_USO

?PR?CHANNEL_GET_CALIBRATE_VALUE?PROTO...         -----    -----      -----    -----
  +--> ?PR?_REQUEST_ERROR?PROTO_USO
  +--> ?PR?_CRC_CHECK?CRC_TABLE

?PR?OLD_CHANNEL_GET_STATE?PROTO_USO              -----    -----      -----    -----
  +--> ?PR?_OLD_PROTO_PASTE_NULL?PROTO_USO
  +--> ?PR?_OLD_CRC_CHECK?PROTO_USO

?PR?OLD_CHANNEL_GET_DATA?PROTO_USO               -----    -----      -----    -----
  +--> ?PR?_OLD_PROTO_PASTE_NULL?PROTO_USO
  +--> ?PR?_OLD_CRC_CHECK?PROTO_USO

?PR?OLD_CHANNEL_GET_DATA_STATE?PROTO_USO         -----    -----      -----    -----
  +--> ?PR?_OLD_PROTO_PASTE_NULL?PROTO_USO
  +--> ?PR?_OLD_CRC_CHECK?PROTO_USO

?PR?_I2C_REPEATREAD?DEBUG                        -----    -----      06D0H    0004H
  +--> ?PR?_I2C_REPEAT_START_READ?I2C

?PR?_ULONGSORT_PROCESS?ULONGSORT                 -----    -----      06D0H    0004H
  +--> ?PR?_GETCALIBRATEVAL?CALIBRATE

?PR?_GETCALIBRATEVAL?CALIBRATE                   -----    -----      06D4H    0009H

?PR?_I2C_PROCESS?I2C                             -----    -----      06D0H    0004H
  +--> ?PR?_I2C_WRITE_BUF?I2C
  +--> ?PR?_I2C_READ_BUF?I2C
  +--> ?PR?_I2C_READ_COMPLETE?I2C

?PR?_I2C_WRITE_BUF?I2C                           -----    -----      06D4H    0008H

?PR?_I2C_READ_BUF?I2C                            -----    -----      06D4H    0008H

?PR?_I2C_READ_COMPLETE?I2C                       -----    -----      06D4H    0004H
  +--> ?PR?_CRC_CHECK?CRC_TABLE



UNRESOLVED EXTERNAL SYMBOLS:
   READHOLDINGREG
   _LRC_CHECK
   _MBCHAR2BIN



SYMBOL TABLE OF MODULE:  debug (DEBUG)

  VALUE           TYPE          NAME
  ----------------------------------

  -------         MODULE        DEBUG
  C:0000H         SYMBOL        _ICE_DUMMY_
  D:0088H         PUBLIC        TCON
  D:008BH         PUBLIC        TL1
BL51 BANKED LINKER/LOCATER V6.22                                                      06/23/2014  10:15:13  PAGE 8


  D:008DH         PUBLIC        TH1
  D:0098H         PUBLIC        SCON
  D:00A0H         PUBLIC        P2
  D:00A8H         PUBLIC        IE
  D:00B0H         PUBLIC        P3
  D:00B8H         PUBLIC        IP
  D:00C0H         PUBLIC        WDCON
  D:00C8H         PUBLIC        T2CON
  D:00D0H         PUBLIC        PSW
  D:00D7H         PUBLIC        PLLCON
  D:00D8H         PUBLIC        ADCSTAT
  D:00E8H         PUBLIC        I2CCON
  D:00E8H         PUBLIC        DCON
  D:00F8H         PUBLIC        SPICON
  B:00A8H.7       PUBLIC        EA
  X:0704H         PUBLIC        pt_i2c_read
  X:0708H         PUBLIC        pt_freq_measure
  X:070CH         PUBLIC        pt_sort
  X:0710H         PUBLIC        pt_i2c_process
  C:40E3H         PUBLIC        _I2C_RepeatRead
  C:453AH         PUBLIC        main
  C:4790H         PUBLIC        Timer1_Interrupt
  -------         PROC          MAIN
  C:453AH         LINE#         34
  C:453AH         LINE#         35
  C:453AH         LINE#         36
  C:453CH         LINE#         39
  C:453FH         LINE#         41
  C:4542H         LINE#         43
  C:4545H         LINE#         44
  C:4548H         LINE#         45
  C:454BH         LINE#         46
  C:454EH         LINE#         47
  C:4551H         LINE#         48
  C:4554H         LINE#         51
  C:4557H         LINE#         55
  C:455EH         LINE#         56
  C:4564H         LINE#         57
  C:456AH         LINE#         58
  C:4570H         LINE#         60
  C:4572H         LINE#         62
  C:4575H         LINE#         64
  C:4593H         LINE#         65
  C:4593H         LINE#         66
  C:4593H         LINE#         67
  C:459CH         LINE#         68
  C:45A5H         LINE#         69
  C:45AEH         LINE#         70
  C:45B7H         LINE#         71
  C:45C0H         LINE#         73
  C:45C9H         LINE#         74
  -------         ENDPROC       MAIN
  -------         PROC          _I2C_REPEATREAD
  X:06D0H         SYMBOL        pt
  -------         DO            
  X:06D3H         SYMBOL        PT_YIELD_FLAG
  -------         ENDDO         
BL51 BANKED LINKER/LOCATER V6.22                                                      06/23/2014  10:15:13  PAGE 9


  C:40E3H         LINE#         79
  C:40EEH         LINE#         80
  C:40EEH         LINE#         81
  C:40F3H         LINE#         83
  C:410BH         LINE#         85
  C:410BH         LINE#         86
  C:410BH         LINE#         87
  C:4149H         LINE#         88
  C:4168H         LINE#         90
  C:4176H         LINE#         91
  C:4178H         LINE#         92
  C:4190H         LINE#         94
  -------         ENDPROC       _I2C_REPEATREAD
  -------         PROC          TIMER1_INTERRUPT
  C:4790H         LINE#         96
  C:4796H         LINE#         99
  C:4799H         LINE#         100
  C:479CH         LINE#         101
  C:47AAH         LINE#         102
  C:47B8H         LINE#         103
  C:47C6H         LINE#         104
  C:47D4H         LINE#         105
  C:47E2H         LINE#         106
  C:47F0H         LINE#         108
  -------         ENDPROC       TIMER1_INTERRUPT
  -------         ENDMOD        DEBUG

  -------         MODULE        TIMER3
  C:0000H         SYMBOL        _ICE_DUMMY_
  D:0088H         PUBLIC        TCON
  D:0098H         PUBLIC        SCON
  D:009DH         PUBLIC        T3FD
  D:009EH         PUBLIC        T3CON
  D:00A0H         PUBLIC        P2
  D:00A8H         PUBLIC        IE
  D:00B0H         PUBLIC        P3
  D:00B8H         PUBLIC        IP
  D:00C0H         PUBLIC        WDCON
  D:00C8H         PUBLIC        T2CON
  D:00D0H         PUBLIC        PSW
  D:00D8H         PUBLIC        ADCSTAT
  D:00E8H         PUBLIC        I2CCON
  D:00E8H         PUBLIC        DCON
  D:00F8H         PUBLIC        SPICON
  B:00A8H.4       PUBLIC        ES
  B:00B8H.4       PUBLIC        PS
  B:0098H.1       PUBLIC        TI
  B:0098H.0       PUBLIC        RI
  C:4B92H         PUBLIC        UART_Init
  -------         PROC          UART_INIT
  C:4B92H         LINE#         3
  C:4B92H         LINE#         4
  C:4B92H         LINE#         6
  C:4B95H         LINE#         8
  C:4B98H         LINE#         9
  C:4B9BH         LINE#         10
  C:4B9DH         LINE#         11
BL51 BANKED LINKER/LOCATER V6.22                                                      06/23/2014  10:15:13  PAGE 10


  C:4B9FH         LINE#         12
  C:4BA1H         LINE#         13
  C:4BA3H         LINE#         15
  -------         ENDPROC       UART_INIT
  -------         ENDMOD        TIMER3

  -------         MODULE        ADC
  C:0000H         SYMBOL        _ICE_DUMMY_
  D:0088H         PUBLIC        TCON
  D:0098H         PUBLIC        SCON
  D:00A0H         PUBLIC        P2
  D:00A8H         PUBLIC        IE
  D:00B0H         PUBLIC        P3
  D:00B8H         PUBLIC        IP
  D:00C0H         PUBLIC        WDCON
  D:00C8H         PUBLIC        T2CON
  D:00D0H         PUBLIC        PSW
  D:00D1H         PUBLIC        ADCMODE
  D:00D2H         PUBLIC        ADC0CON1
  D:00D4H         PUBLIC        SF
  D:00D8H         PUBLIC        ADCSTAT
  D:00D9H         PUBLIC        ADC0L
  D:00DAH         PUBLIC        ADC0M
  D:00DBH         PUBLIC        ADC0H
  D:00E6H         PUBLIC        ADC0CON2
  D:00E8H         PUBLIC        I2CCON
  D:00E8H         PUBLIC        DCON
  D:00F8H         PUBLIC        SPICON
  B:00A8H.6       PUBLIC        EADC
  B:00D8H.7       PUBLIC        RDY0
  X:04DDH         PUBLIC        adc_channels
  C:4AC7H         PUBLIC        ADC_Initialize
  C:332BH         PUBLIC        ADC_ISR
  C:4BDCH         PUBLIC        _ADC_Set_Mode
  C:4B56H         PUBLIC        _ADC_Out_Freq
  C:4233H         PUBLIC        ADC_Restore_Settings
  -------         PROC          ADC_INITIALIZE
  C:4AC7H         LINE#         6
  C:4AC7H         LINE#         7
  C:4AC7H         LINE#         8
  C:4ACAH         LINE#         9
  C:4ACDH         LINE#         10
  C:4AD0H         LINE#         16
  C:4AD3H         LINE#         17
  C:4AD6H         LINE#         18
  C:4AD9H         LINE#         20
  C:4ADCH         LINE#         21
  C:4ADFH         LINE#         31
  C:4AE2H         LINE#         32
  C:4AE7H         LINE#         34
  C:4AEEH         LINE#         37
  C:4AF0H         LINE#         39
  C:4AF3H         LINE#         42
  -------         ENDPROC       ADC_INITIALIZE
  -------         PROC          ADC_ISR
  -------         DO            
  X:04DBH         SYMBOL        current_channel
BL51 BANKED LINKER/LOCATER V6.22                                                      06/23/2014  10:15:13  PAGE 11


  X:04DCH         SYMBOL        current_buf_item
  -------         ENDDO         
  C:332BH         LINE#         44
  C:333BH         LINE#         49
  C:3343H         LINE#         50
  C:3358H         LINE#         52
  C:337CH         LINE#         53
  C:3399H         LINE#         54
  C:33BEH         LINE#         55
  C:33DBH         LINE#         57
  C:33F4H         LINE#         58
  C:340AH         LINE#         61
  C:3416H         LINE#         62
  C:3435H         LINE#         63
  C:344AH         LINE#         66
  C:344CH         LINE#         68
  -------         ENDPROC       ADC_ISR
  -------         PROC          _ADC_SET_MODE
  D:0007H         SYMBOL        mode
  C:4BDCH         LINE#         70
  C:4BDCH         LINE#         71
  C:4BDCH         LINE#         72
  C:4BDFH         LINE#         73
  C:4BE2H         LINE#         75
  -------         ENDPROC       _ADC_SET_MODE
  -------         PROC          _ADC_OUT_FREQ
  D:0006H         SYMBOL        freq
  C:4B56H         LINE#         77
  C:4B56H         LINE#         78
  C:4B56H         LINE#         79
  C:4B6AH         LINE#         81
  -------         ENDPROC       _ADC_OUT_FREQ
  -------         PROC          ADC_RESTORE_SETTINGS
  -------         DO            
  X:06D0H         SYMBOL        i
  X:06D1H         SYMBOL        j
  -------         ENDDO         
  C:4233H         LINE#         83
  C:4233H         LINE#         84
  C:4233H         LINE#         85
  C:423AH         LINE#         86
  C:424BH         LINE#         87
  C:424BH         LINE#         88
  C:425CH         LINE#         89
  C:426DH         LINE#         90
  C:427FH         LINE#         91
  C:4290H         LINE#         93
  C:429EH         LINE#         94
  C:429EH         LINE#         95
  C:42BEH         LINE#         96
  C:42C6H         LINE#         97
  C:42CFH         LINE#         99
  -------         ENDPROC       ADC_RESTORE_SETTINGS
  -------         ENDMOD        ADC

  -------         MODULE        EEPROM
  C:0000H         SYMBOL        _ICE_DUMMY_
BL51 BANKED LINKER/LOCATER V6.22                                                      06/23/2014  10:15:13  PAGE 12


  D:0088H         PUBLIC        TCON
  D:0098H         PUBLIC        SCON
  D:00A0H         PUBLIC        P2
  D:00A8H         PUBLIC        IE
  D:00B0H         PUBLIC        P3
  D:00B8H         PUBLIC        IP
  D:00B9H         PUBLIC        ECON
  D:00BCH         PUBLIC        EDATA1
  D:00BDH         PUBLIC        EDATA2
  D:00BEH         PUBLIC        EDATA3
  D:00BFH         PUBLIC        EDATA4
  D:00C0H         PUBLIC        WDCON
  D:00C8H         PUBLIC        T2CON
  D:00D0H         PUBLIC        PSW
  D:00D8H         PUBLIC        ADCSTAT
  D:00E8H         PUBLIC        I2CCON
  D:00E8H         PUBLIC        DCON
  D:00F8H         PUBLIC        SPICON
  B:00A8H.7       PUBLIC        EA
  D:00C6H         PUBLIC        EADR
  C:3C3FH         PUBLIC        _EEPROM_Read
  C:3B5CH         PUBLIC        _EEPROM_Write
  -------         PROC          _EEPROM_WRITE
  D:0001H         SYMBOL        buffer
  X:06E7H         SYMBOL        len
  X:06E9H         SYMBOL        addr
  -------         DO            
  X:06EBH         SYMBOL        i
  D:0001H         SYMBOL        buf
  X:06EDH         SYMBOL        ea_temp
  -------         ENDDO         
  C:3B5CH         LINE#         4
  C:3B64H         LINE#         5
  C:3B64H         LINE#         7
  C:3B6BH         LINE#         10
  C:3B6DH         LINE#         12
  C:3B84H         LINE#         13
  C:3B88H         LINE#         15
  C:3B88H         LINE#         17
  C:3BA7H         LINE#         18
  C:3BA7H         LINE#         19
  C:3BAFH         LINE#         20
  C:3BB1H         LINE#         22
  C:3BCBH         LINE#         23
  C:3BD5H         LINE#         24
  C:3BF1H         LINE#         25
  C:3BFDH         LINE#         27
  C:3C09H         LINE#         29
  C:3C0CH         LINE#         30
  C:3C0FH         LINE#         32
  C:3C17H         LINE#         34
  C:3C25H         LINE#         35
  C:3C36H         LINE#         37
  C:3C3EH         LINE#         38
  -------         ENDPROC       _EEPROM_WRITE
  -------         PROC          _EEPROM_READ
  D:0001H         SYMBOL        buffer
BL51 BANKED LINKER/LOCATER V6.22                                                      06/23/2014  10:15:13  PAGE 13


  X:06DCH         SYMBOL        len
  X:06DEH         SYMBOL        addr
  -------         DO            
  X:06E0H         SYMBOL        i
  D:0001H         SYMBOL        buf
  X:06E2H         SYMBOL        ea_temp
  -------         ENDDO         
  C:3C3FH         LINE#         40
  C:3C47H         LINE#         41
  C:3C47H         LINE#         44
  C:3C4EH         LINE#         47
  C:3C50H         LINE#         49
  C:3C67H         LINE#         50
  C:3C6BH         LINE#         52
  C:3C6BH         LINE#         54
  C:3C8AH         LINE#         55
  C:3C8AH         LINE#         56
  C:3C92H         LINE#         57
  C:3C94H         LINE#         59
  C:3CA0H         LINE#         60
  C:3CA3H         LINE#         62
  C:3CBFH         LINE#         63
  C:3CC9H         LINE#         64
  C:3CE2H         LINE#         65
  C:3CEEH         LINE#         67
  C:3CF6H         LINE#         69
  C:3D04H         LINE#         70
  C:3D15H         LINE#         72
  C:3D1DH         LINE#         73
  -------         ENDPROC       _EEPROM_READ
  -------         ENDMOD        EEPROM

  -------         MODULE        WATCHDOG
  C:0000H         SYMBOL        _ICE_DUMMY_
  D:0088H         PUBLIC        TCON
  D:0098H         PUBLIC        SCON
  D:00A0H         PUBLIC        P2
  D:00A8H         PUBLIC        IE
  D:00B0H         PUBLIC        P3
  D:00B8H         PUBLIC        IP
  D:00C0H         PUBLIC        WDCON
  D:00C8H         PUBLIC        T2CON
  D:00D0H         PUBLIC        PSW
  D:00D8H         PUBLIC        ADCSTAT
  D:00E8H         PUBLIC        I2CCON
  D:00E8H         PUBLIC        DCON
  D:00F8H         PUBLIC        SPICON
  B:00A8H.7       PUBLIC        EA
  B:00C0H.0       PUBLIC        WDWR
  X:06EEH         PUBLIC        wdt_count
  C:4A5DH         PUBLIC        _WDT_Init
  C:4BD2H         PUBLIC        WDT_Clear
  C:356DH         PUBLIC        _WDT_Process
  D:000AH         PUBLIC        wdt_intval
  X:0700H         PUBLIC        pt_wdt
  -------         PROC          _WDT_INIT
  D:0007H         SYMBOL        interval
BL51 BANKED LINKER/LOCATER V6.22                                                      06/23/2014  10:15:13  PAGE 14


  -------         DO            
  D:0006H         SYMBOL        i
  -------         ENDDO         
  C:4A5DH         LINE#         8
  C:4A5DH         LINE#         9
  C:4A5DH         LINE#         10
  C:4A5FH         LINE#         12
  C:4A61H         LINE#         13
  C:4A63H         LINE#         14
  C:4A66H         LINE#         30
  C:4A66H         LINE#         31
  C:4A66H         LINE#         32
  C:4A78H         LINE#         33
  C:4A89H         LINE#         34
  C:4A8EH         LINE#         36
  C:4A95H         LINE#         38
  -------         ENDPROC       _WDT_INIT
  -------         PROC          WDT_CLEAR
  C:4BD2H         LINE#         40
  C:4BD2H         LINE#         41
  C:4BD2H         LINE#         42
  C:4BD4H         LINE#         44
  C:4BD6H         LINE#         45
  C:4BD9H         LINE#         47
  C:4BDBH         LINE#         49
  -------         ENDPROC       WDT_CLEAR
  -------         PROC          _WDT_PROCESS
  X:0729H         SYMBOL        pt
  -------         DO            
  X:072CH         SYMBOL        i
  X:072DH         SYMBOL        process_error
  -------         DO            
  X:072EH         SYMBOL        PT_YIELD_FLAG
  -------         ENDDO         
  -------         ENDDO         
  C:356DH         LINE#         51
  C:3578H         LINE#         52
  C:3578H         LINE#         54
  C:357DH         LINE#         55
  C:3581H         LINE#         57
  C:35AAH         LINE#         59
  C:35AAH         LINE#         60
  C:35AAH         LINE#         61
  C:35E8H         LINE#         62
  C:35EDH         LINE#         64
  C:35FBH         LINE#         66
  C:3600H         LINE#         67
  C:3600H         LINE#         68
  C:362CH         LINE#         69
  C:362CH         LINE#         70
  C:3631H         LINE#         71
  C:3633H         LINE#         72
  C:3633H         LINE#         74
  C:3633H         LINE#         75
  C:3648H         LINE#         76
  C:3648H         LINE#         77
  C:3652H         LINE#         79
BL51 BANKED LINKER/LOCATER V6.22                                                      06/23/2014  10:15:13  PAGE 15


  C:365BH         LINE#         80
  C:365BH         LINE#         81
  C:365EH         LINE#         82
  C:365EH         LINE#         83
  C:3661H         LINE#         84
  C:3679H         LINE#         85
  -------         ENDPROC       _WDT_PROCESS
  -------         ENDMOD        WATCHDOG

  -------         MODULE        PROTO_USO
  C:0000H         SYMBOL        _ICE_DUMMY_
  D:0088H         PUBLIC        TCON
  D:0098H         PUBLIC        SCON
  D:0099H         PUBLIC        SBUF
  D:00A0H         PUBLIC        P2
  D:00A8H         PUBLIC        IE
  D:00B0H         PUBLIC        P3
  D:00B8H         PUBLIC        IP
  D:00C0H         PUBLIC        WDCON
  D:00C8H         PUBLIC        T2CON
  D:00D0H         PUBLIC        PSW
  D:00D8H         PUBLIC        ADCSTAT
  D:00E8H         PUBLIC        I2CCON
  D:00E8H         PUBLIC        DCON
  D:00F8H         PUBLIC        SPICON
  B:00D0H.7       PUBLIC        CY
  B:00A8H.7       PUBLIC        EA
  B:00A8H.4       PUBLIC        ES
  B:0098H.4       PUBLIC        REN
  B:0098H.1       PUBLIC        TI
  B:0098H.0       PUBLIC        RI
  C:3EA7H         PUBLIC        UART_ISR
  C:4A96H         PUBLIC        Protocol_Init
  C:2F12H         PUBLIC        Send_Info
  C:0006H         PUBLIC        Node_Full_Init
  C:000EH         PUBLIC        Channel_List_Init
  C:0016H         PUBLIC        Channel_Get_Data
  C:3079H         PUBLIC        Channel_Set_Parameters
  C:001EH         PUBLIC        Channel_Set_Order_Query
  C:0026H         PUBLIC        Channel_Get_Data_Order
  C:002EH         PUBLIC        Channel_Set_State
  C:4BE3H         PUBLIC        Channel_Get_Data_Order_M2
  C:4B7FH         PUBLIC        Channel_Set_Reset_State_Flags
  C:0765H         PUBLIC        Channel_All_Get_Data
  C:45CCH         PUBLIC        Channel_Set_Address_Desc
  C:3A77H         PUBLIC        Channel_Set_Calibrate
  C:4BC6H         PUBLIC        Channel_Set_All_Default
  C:3781H         PUBLIC        Channel_Get_Calibrate_Value
  C:48C1H         PUBLIC        _Request_Error
  C:4644H         PUBLIC        _Old_CRC_Check
  C:1C4EH         PUBLIC        Old_Channel_Get_Data
  C:0B5FH         PUBLIC        Old_Channel_Get_Data_State
  C:2C31H         PUBLIC        Old_Channel_Get_State
  C:4BE6H         PUBLIC        Old_Reinit_Block
  C:2DA4H         PUBLIC        Old_Channel_Set_ADC_Range
  C:367AH         PUBLIC        _Old_Proto_Paste_Null
  C:2AB4H         PUBLIC        ProtoBufHandling
BL51 BANKED LINKER/LOCATER V6.22                                                      06/23/2014  10:15:13  PAGE 16


  C:1926H         PUBLIC        _ProtoProcess
  C:221AH         PUBLIC        _RingBufHandling
  C:292BH         PUBLIC        _Store_Dev_Address_Desc
  C:3986H         PUBLIC        Restore_Dev_Address_Desc
  B:00B0H.5       PUBLIC        DE_RE
  X:0005H         PUBLIC        DEV_NAME
  X:0019H         PUBLIC        NOTICE
  X:0041H         PUBLIC        VERSION
  X:0049H         PUBLIC        ADRESS_DEV
  X:004AH         PUBLIC        dev_desc_len
  I:0012H         PUBLIC        RECIEVED
  X:004BH         PUBLIC        recieve_count
  X:004CH         PUBLIC        transf_count
  X:004DH         PUBLIC        buf_len
  I:0013H         PUBLIC        CUT_OUT_NULL
  X:004EH         PUBLIC        frame_len
  X:004FH         PUBLIC        RecieveBuf
  X:015DH         PUBLIC        TransferBuf
  X:026BH         PUBLIC        STATE_BYTE
  I:0014H         PUBLIC        symbol
  X:026CH         PUBLIC        protocol_type
  X:026DH         PUBLIC        pt_proto
  X:0271H         PUBLIC        pt_buf_handle
  X:0275H         PUBLIC        rngbuf
  X:0378H         PUBLIC        sym_8_to_float
  -------         PROC          UART_ISR
  C:3EA7H         LINE#         56
  C:3EB5H         LINE#         58
  C:3EB7H         LINE#         60
  C:3EBAH         LINE#         61
  C:3EBAH         LINE#         62
  C:3EBCH         LINE#         63
  C:3ECCH         LINE#         64
  C:3ED2H         LINE#         65
  C:3ED8H         LINE#         202
  C:3ED8H         LINE#         204
  C:3EDBH         LINE#         205
  C:3EDBH         LINE#         206
  C:3EDDH         LINE#         208
  C:3EEAH         LINE#         209
  C:3EEAH         LINE#         210
  C:3EF7H         LINE#         211
  C:3EF7H         LINE#         212
  C:3F07H         LINE#         213
  C:3F0DH         LINE#         214
  C:3F0FH         LINE#         216
  C:3F0FH         LINE#         217
  C:3F14H         LINE#         218
  C:3F14H         LINE#         219
  C:3F25H         LINE#         220
  C:3F25H         LINE#         221
  C:3F27H         LINE#         222
  C:3F27H         LINE#         223
  C:3F37H         LINE#         224
  C:3F3DH         LINE#         225
  C:3F3FH         LINE#         227
  C:3F3FH         LINE#         228
BL51 BANKED LINKER/LOCATER V6.22                                                      06/23/2014  10:15:13  PAGE 17


  C:3F42H         LINE#         229
  C:3F46H         LINE#         230
  C:3F46H         LINE#         231
  C:3F46H         LINE#         232
  C:3F48H         LINE#         234
  C:3F48H         LINE#         235
  C:3F4DH         LINE#         236
  C:3F50H         LINE#         237
  C:3F56H         LINE#         238
  C:3F56H         LINE#         239
  C:3F56H         LINE#         240
  C:3F58H         LINE#         242
  -------         ENDPROC       UART_ISR
  -------         PROC          PROTOCOL_INIT
  C:4A96H         LINE#         245
  C:4A96H         LINE#         246
  C:4A96H         LINE#         247
  C:4A98H         LINE#         248
  C:4A9AH         LINE#         252
  C:4A9DH         LINE#         254
  C:4AA2H         LINE#         255
  C:4AA4H         LINE#         256
  C:4AA6H         LINE#         258
  C:4AAAH         LINE#         259
  C:4AACH         LINE#         260
  C:4AAEH         LINE#         261
  C:4AB0H         LINE#         262
  C:4AB3H         LINE#         263
  C:4AB9H         LINE#         264
  C:4AC0H         LINE#         265
  C:4AC6H         LINE#         267
  -------         ENDPROC       PROTOCOL_INIT
  -------         PROC          SEND_INFO
  -------         DO            
  D:0007H         SYMBOL        i
  -------         ENDDO         
  C:2F12H         LINE#         269
  C:2F12H         LINE#         270
  C:2F12H         LINE#         271
  C:2F14H         LINE#         274
  C:2F18H         LINE#         275
  C:2F1CH         LINE#         276
  C:2F20H         LINE#         278
  C:2F28H         LINE#         279
  C:2F2CH         LINE#         280
  C:2F34H         LINE#         282
  C:2F35H         LINE#         283
  C:2F35H         LINE#         284
  C:2F3BH         LINE#         285
  C:2F3BH         LINE#         286
  C:2F53H         LINE#         287
  C:2F55H         LINE#         289
  C:2F55H         LINE#         290
  C:2F61H         LINE#         291
  C:2F61H         LINE#         292
  C:2F66H         LINE#         294
  C:2F68H         LINE#         295
BL51 BANKED LINKER/LOCATER V6.22                                                      06/23/2014  10:15:13  PAGE 18


  C:2F68H         LINE#         296
  C:2F6EH         LINE#         297
  C:2F6EH         LINE#         298
  C:2F86H         LINE#         299
  C:2F86H         LINE#         300
  C:2F8BH         LINE#         302
  C:2F93H         LINE#         304
  C:2F9FH         LINE#         305
  C:2F9FH         LINE#         306
  C:2FD7H         LINE#         307
  C:2FE8H         LINE#         308
  C:2FEBH         LINE#         309
  C:2FF7H         LINE#         310
  C:2FF7H         LINE#         311
  C:3021H         LINE#         312
  C:3024H         LINE#         314
  C:3037H         LINE#         315
  C:306CH         LINE#         317
  C:3078H         LINE#         318
  -------         ENDPROC       SEND_INFO
  -------         PROC          NODE_FULL_INIT
  C:0006H         LINE#         320
  C:0006H         LINE#         321
  C:0006H         LINE#         322
  C:0008H         LINE#         323
  -------         ENDPROC       NODE_FULL_INIT
  -------         PROC          CHANNEL_LIST_INIT
  C:000EH         LINE#         325
  C:000EH         LINE#         326
  C:000EH         LINE#         327
  C:0010H         LINE#         328
  -------         ENDPROC       CHANNEL_LIST_INIT
  -------         PROC          CHANNEL_GET_DATA
  C:0016H         LINE#         330
  C:0016H         LINE#         331
  C:0016H         LINE#         332
  C:0018H         LINE#         333
  -------         ENDPROC       CHANNEL_GET_DATA
  -------         PROC          CHANNEL_SET_PARAMETERS
  -------         DO            
  D:0007H         SYMBOL        index
  X:06D0H         SYMBOL        store_data
  -------         ENDDO         
  C:3079H         LINE#         335
  C:3079H         LINE#         336
  C:3079H         LINE#         337
  C:307FH         LINE#         339
  C:308DH         LINE#         340
  C:308DH         LINE#         341
  C:30A6H         LINE#         342
  C:30A6H         LINE#         343
  C:30BAH         LINE#         344
  C:30BAH         LINE#         345
  C:30BAH         LINE#         346
  C:30BAH         LINE#         347
  C:313EH         LINE#         348
  C:313EH         LINE#         349
BL51 BANKED LINKER/LOCATER V6.22                                                      06/23/2014  10:15:13  PAGE 19


  C:3165H         LINE#         350
  C:318CH         LINE#         351
  C:31B5H         LINE#         352
  C:31BBH         LINE#         354
  C:31BBH         LINE#         355
  C:31BCH         LINE#         356
  C:31BCH         LINE#         357
  C:31BEH         LINE#         360
  C:31BEH         LINE#         361
  C:31BEH         LINE#         362
  C:31BFH         LINE#         363
  C:31BFH         LINE#         364
  C:31BFH         LINE#         365
  C:31C2H         LINE#         366
  C:31C5H         LINE#         368
  C:31C5H         LINE#         369
  C:31CBH         LINE#         370
  C:31CBH         LINE#         371
  C:31CBH         LINE#         372
  C:31D1H         LINE#         373
  C:31D1H         LINE#         374
  C:31D4H         LINE#         375
  C:31D4H         LINE#         377
  C:31D9H         LINE#         378
  -------         ENDPROC       CHANNEL_SET_PARAMETERS
  -------         PROC          CHANNEL_SET_ORDER_QUERY
  C:001EH         LINE#         380
  C:001EH         LINE#         381
  C:001EH         LINE#         382
  C:0020H         LINE#         383
  -------         ENDPROC       CHANNEL_SET_ORDER_QUERY
  -------         PROC          CHANNEL_GET_DATA_ORDER
  C:0026H         LINE#         385
  C:0026H         LINE#         386
  C:0026H         LINE#         387
  C:0028H         LINE#         388
  -------         ENDPROC       CHANNEL_GET_DATA_ORDER
  -------         PROC          CHANNEL_SET_STATE
  C:002EH         LINE#         390
  C:002EH         LINE#         391
  C:002EH         LINE#         392
  C:0030H         LINE#         393
  -------         ENDPROC       CHANNEL_SET_STATE
  -------         PROC          CHANNEL_GET_DATA_ORDER_M2
  C:4BE3H         LINE#         395
  C:4BE3H         LINE#         396
  C:4BE3H         LINE#         397
  C:4BE5H         LINE#         398
  -------         ENDPROC       CHANNEL_GET_DATA_ORDER_M2
  -------         PROC          CHANNEL_SET_RESET_STATE_FLAGS
  C:4B7FH         LINE#         400
  C:4B7FH         LINE#         401
  C:4B7FH         LINE#         402
  C:4B85H         LINE#         403
  C:4B89H         LINE#         404
  C:4B8CH         LINE#         405
  C:4B91H         LINE#         406
BL51 BANKED LINKER/LOCATER V6.22                                                      06/23/2014  10:15:13  PAGE 20


  -------         ENDPROC       CHANNEL_SET_RESET_STATE_FLAGS
  -------         PROC          CHANNEL_ALL_GET_DATA
  -------         DO            
  D:0008H         SYMBOL        index
  D:0009H         SYMBOL        i
  -------         ENDDO         
  C:0765H         LINE#         409
  C:0765H         LINE#         410
  C:0765H         LINE#         411
  C:076AH         LINE#         414
  C:0776H         LINE#         415
  C:077EH         LINE#         416
  C:0782H         LINE#         417
  C:078AH         LINE#         419
  C:078DH         LINE#         421
  C:079EH         LINE#         422
  C:079EH         LINE#         423
  C:07AFH         LINE#         424
  C:07E5H         LINE#         425
  C:0809H         LINE#         426
  C:0809H         LINE#         427
  C:0809H         LINE#         428
  C:0809H         LINE#         429
  C:0828H         LINE#         430
  C:0828H         LINE#         431
  C:0828H         LINE#         432
  C:0828H         LINE#         433
  C:0840H         LINE#         434
  C:0840H         LINE#         435
  C:085FH         LINE#         436
  C:086DH         LINE#         437
  C:086FH         LINE#         439
  C:086FH         LINE#         440
  C:088EH         LINE#         441
  C:08B0H         LINE#         442
  C:08B0H         LINE#         445
  C:08B0H         LINE#         446
  C:08B0H         LINE#         447
  C:08B0H         LINE#         448
  C:08B3H         LINE#         450
  C:08B3H         LINE#         451
  C:08B3H         LINE#         452
  C:08CBH         LINE#         453
  C:08CBH         LINE#         454
  C:08EAH         LINE#         455
  C:090CH         LINE#         456
  C:091AH         LINE#         457
  C:091CH         LINE#         459
  C:091CH         LINE#         460
  C:093BH         LINE#         461
  C:095DH         LINE#         462
  C:097FH         LINE#         463
  C:097FH         LINE#         465
  C:09A1H         LINE#         466
  C:09AFH         LINE#         467
  C:09AFH         LINE#         468
  C:09B2H         LINE#         469
BL51 BANKED LINKER/LOCATER V6.22                                                      06/23/2014  10:15:13  PAGE 21


  C:09B2H         LINE#         470
  C:09B2H         LINE#         471
  C:09B2H         LINE#         473
  C:09B2H         LINE#         474
  C:09B2H         LINE#         475
  C:09C8H         LINE#         476
  C:09C8H         LINE#         477
  C:09C8H         LINE#         478
  C:09C8H         LINE#         479
  C:09EAH         LINE#         480
  C:0A0CH         LINE#         481
  C:0A2EH         LINE#         482
  C:0A50H         LINE#         483
  C:0A5EH         LINE#         484
  C:0A5EH         LINE#         485
  C:0A61H         LINE#         486
  C:0A61H         LINE#         487
  C:0A61H         LINE#         488
  C:0A61H         LINE#         490
  C:0A61H         LINE#         491
  C:0A61H         LINE#         492
  C:0A7BH         LINE#         493
  C:0A7BH         LINE#         495
  C:0A7BH         LINE#         496
  C:0A7BH         LINE#         497
  C:0A9DH         LINE#         498
  C:0ABFH         LINE#         499
  C:0ACDH         LINE#         500
  C:0ACDH         LINE#         501
  C:0ACFH         LINE#         503
  C:0ACFH         LINE#         504
  C:0ACFH         LINE#         505
  C:0AF1H         LINE#         506
  C:0B13H         LINE#         507
  C:0B35H         LINE#         508
  C:0B35H         LINE#         509
  C:0B35H         LINE#         510
  C:0B35H         LINE#         511
  C:0B35H         LINE#         512
  C:0B35H         LINE#         513
  C:0B35H         LINE#         514
  C:0B3AH         LINE#         516
  C:0B42H         LINE#         517
  C:0B5AH         LINE#         518
  C:0B5EH         LINE#         519
  -------         ENDPROC       CHANNEL_ALL_GET_DATA
  -------         PROC          CHANNEL_SET_CALIBRATE
  -------         DO            
  X:0721H         SYMBOL        K
  X:0725H         SYMBOL        C
  -------         ENDDO         
  C:3A77H         LINE#         522
  C:3A77H         LINE#         523
  C:3A77H         LINE#         527
  C:3A81H         LINE#         528
  C:3A8BH         LINE#         529
  C:3A95H         LINE#         530
BL51 BANKED LINKER/LOCATER V6.22                                                      06/23/2014  10:15:13  PAGE 22


  C:3A9FH         LINE#         532
  C:3AB3H         LINE#         534
  C:3ABDH         LINE#         535
  C:3AC7H         LINE#         536
  C:3AD1H         LINE#         537
  C:3ADBH         LINE#         539
  C:3AEFH         LINE#         541
  C:3B05H         LINE#         542
  C:3B05H         LINE#         543
  C:3B05H         LINE#         544
  C:3B05H         LINE#         545
  C:3B3BH         LINE#         546
  C:3B3BH         LINE#         547
  C:3B3DH         LINE#         549
  C:3B3DH         LINE#         550
  C:3B3DH         LINE#         551
  C:3B47H         LINE#         552
  C:3B47H         LINE#         553
  C:3B49H         LINE#         555
  C:3B49H         LINE#         556
  C:3B49H         LINE#         557
  C:3B53H         LINE#         558
  C:3B53H         LINE#         559
  C:3B55H         LINE#         561
  C:3B55H         LINE#         562
  C:3B55H         LINE#         563
  C:3B56H         LINE#         564
  C:3B56H         LINE#         565
  C:3B56H         LINE#         566
  C:3B56H         LINE#         569
  C:3B5BH         LINE#         570
  -------         ENDPROC       CHANNEL_SET_CALIBRATE
  -------         PROC          CHANNEL_GET_CALIBRATE_VALUE
  -------         DO            
  D:000BH         SYMBOL        channel
  -------         ENDDO         
  C:3781H         LINE#         572
  C:3781H         LINE#         573
  C:3781H         LINE#         574
  C:3784H         LINE#         577
  C:3795H         LINE#         578
  C:379FH         LINE#         579
  C:37A5H         LINE#         580
  C:37ABH         LINE#         583
  C:37B2H         LINE#         585
  C:37BDH         LINE#         586
  C:37BDH         LINE#         587
  C:37C3H         LINE#         588
  C:37C3H         LINE#         590
  C:37C9H         LINE#         592
  C:37E1H         LINE#         594
  C:3803H         LINE#         596
  C:380DH         LINE#         597
  C:3817H         LINE#         598
  C:3821H         LINE#         599
  C:382BH         LINE#         601
  C:384DH         LINE#         603
BL51 BANKED LINKER/LOCATER V6.22                                                      06/23/2014  10:15:13  PAGE 23


  C:3857H         LINE#         604
  C:3861H         LINE#         605
  C:386BH         LINE#         606
  C:3875H         LINE#         608
  C:3883H         LINE#         609
  C:3885H         LINE#         610
  -------         ENDPROC       CHANNEL_GET_CALIBRATE_VALUE
  -------         PROC          CHANNEL_SET_ADDRESS_DESC
  -------         DO            
  X:074EH         SYMBOL        desc_len
  -------         ENDDO         
  C:45CCH         LINE#         612
  C:45CCH         LINE#         613
  C:45CCH         LINE#         614
  C:45D1H         LINE#         615
  C:45DFH         LINE#         617
  C:45E7H         LINE#         618
  C:45E7H         LINE#         619
  C:4633H         LINE#         620
  C:4639H         LINE#         621
  C:463BH         LINE#         623
  C:463BH         LINE#         624
  C:4641H         LINE#         625
  C:4641H         LINE#         626
  C:4643H         LINE#         627
  -------         ENDPROC       CHANNEL_SET_ADDRESS_DESC
  -------         PROC          CHANNEL_SET_ALL_DEFAULT
  C:4BC6H         LINE#         629
  C:4BC6H         LINE#         630
  C:4BC6H         LINE#         631
  C:4BC9H         LINE#         632
  C:4BCCH         LINE#         633
  C:4BD1H         LINE#         634
  -------         ENDPROC       CHANNEL_SET_ALL_DEFAULT
  -------         PROC          _REQUEST_ERROR
  X:074FH         SYMBOL        error_code
  C:48C1H         LINE#         636
  C:48C6H         LINE#         637
  C:48C6H         LINE#         638
  C:48D7H         LINE#         639
  C:48E1H         LINE#         640
  C:48EBH         LINE#         641
  C:48F1H         LINE#         643
  C:48FBH         LINE#         644
  C:4905H         LINE#         645
  C:490BH         LINE#         646
  C:4919H         LINE#         647
  C:491BH         LINE#         648
  -------         ENDPROC       _REQUEST_ERROR
  -------         PROC          _OLD_CRC_CHECK
  X:0735H         SYMBOL        Spool_pr
  X:0737H         SYMBOL        Count_pr
  -------         DO            
  X:0738H         SYMBOL        crc
  X:0739H         SYMBOL        i
  -------         ENDDO         
  C:4644H         LINE#         651
BL51 BANKED LINKER/LOCATER V6.22                                                      06/23/2014  10:15:13  PAGE 24


  C:4651H         LINE#         652
  C:4651H         LINE#         653
  C:4656H         LINE#         654
  C:465BH         LINE#         656
  C:466FH         LINE#         657
  C:466FH         LINE#         658
  C:4671H         LINE#         659
  C:4694H         LINE#         660
  C:4697H         LINE#         661
  C:4697H         LINE#         662
  C:469DH         LINE#         663
  C:469DH         LINE#         664
  C:46A5H         LINE#         665
  C:46B4H         LINE#         667
  C:46B9H         LINE#         668
  -------         ENDPROC       _OLD_CRC_CHECK
  -------         PROC          OLD_CHANNEL_GET_DATA
  -------         DO            
  X:0746H         SYMBOL        channel
  X:0747H         SYMBOL        len
  -------         ENDDO         
  C:1C4EH         LINE#         670
  C:1C4EH         LINE#         671
  C:1C4EH         LINE#         672
  C:1C53H         LINE#         673
  C:1C58H         LINE#         674
  C:1C6DH         LINE#         675
  C:1C7BH         LINE#         676
  C:1C7BH         LINE#         677
  C:1C8CH         LINE#         678
  C:1C91H         LINE#         679
  C:1C9BH         LINE#         680
  C:1CA1H         LINE#         682
  C:1CC8H         LINE#         683
  C:1CC8H         LINE#         684
  C:1CC8H         LINE#         685
  C:1CC8H         LINE#         686
  C:1CECH         LINE#         687
  C:1CECH         LINE#         688
  C:1CECH         LINE#         689
  C:1CECH         LINE#         690
  C:1D06H         LINE#         691
  C:1D06H         LINE#         692
  C:1D21H         LINE#         693
  C:1D3CH         LINE#         694
  C:1D3FH         LINE#         696
  C:1D3FH         LINE#         697
  C:1D5AH         LINE#         698
  C:1D75H         LINE#         699
  C:1D75H         LINE#         700
  C:1D75H         LINE#         701
  C:1D78H         LINE#         703
  C:1D78H         LINE#         704
  C:1D78H         LINE#         705
  C:1D93H         LINE#         706
  C:1D93H         LINE#         707
  C:1DBAH         LINE#         708
BL51 BANKED LINKER/LOCATER V6.22                                                      06/23/2014  10:15:13  PAGE 25


  C:1DE1H         LINE#         709
  C:1DE4H         LINE#         711
  C:1DE4H         LINE#         712
  C:1DFFH         LINE#         713
  C:1E1AH         LINE#         714
  C:1E1AH         LINE#         716
  C:1E1AH         LINE#         717
  C:1E1DH         LINE#         718
  C:1E1DH         LINE#         719
  C:1E1DH         LINE#         720
  C:1E20H         LINE#         722
  C:1E20H         LINE#         723
  C:1E20H         LINE#         724
  C:1E41H         LINE#         725
  C:1E41H         LINE#         726
  C:1E41H         LINE#         727
  C:1E41H         LINE#         728
  C:1E5CH         LINE#         729
  C:1E77H         LINE#         732
  C:1E77H         LINE#         733
  C:1E7AH         LINE#         734
  C:1E7AH         LINE#         735
  C:1E7AH         LINE#         736
  C:1E7DH         LINE#         738
  C:1E7DH         LINE#         739
  C:1E7DH         LINE#         740
  C:1EA1H         LINE#         741
  C:1EA1H         LINE#         743
  C:1EA1H         LINE#         744
  C:1EA1H         LINE#         745
  C:1EBCH         LINE#         746
  C:1ED7H         LINE#         748
  C:1ED7H         LINE#         749
  C:1ED9H         LINE#         751
  C:1ED9H         LINE#         752
  C:1ED9H         LINE#         753
  C:1EF4H         LINE#         754
  C:1F0FH         LINE#         755
  C:1F0FH         LINE#         756
  C:1F0FH         LINE#         757
  C:1F0FH         LINE#         758
  C:1F0FH         LINE#         759
  C:1F0FH         LINE#         760
  C:1F0FH         LINE#         762
  C:1F1FH         LINE#         764
  C:1F3CH         LINE#         765
  C:1F45H         LINE#         766
  C:1F45H         LINE#         767
  C:1F47H         LINE#         768
  -------         ENDPROC       OLD_CHANNEL_GET_DATA
  -------         PROC          OLD_CHANNEL_GET_DATA_STATE
  -------         DO            
  X:0748H         SYMBOL        channel
  X:0749H         SYMBOL        len
  -------         ENDDO         
  C:0B5FH         LINE#         770
  C:0B5FH         LINE#         771
BL51 BANKED LINKER/LOCATER V6.22                                                      06/23/2014  10:15:13  PAGE 26


  C:0B5FH         LINE#         772
  C:0B64H         LINE#         773
  C:0B69H         LINE#         774
  C:0B7EH         LINE#         775
  C:0B8CH         LINE#         776
  C:0B8CH         LINE#         777
  C:0B9DH         LINE#         778
  C:0BA2H         LINE#         779
  C:0BACH         LINE#         780
  C:0BB2H         LINE#         782
  C:0BD9H         LINE#         783
  C:0BD9H         LINE#         784
  C:0BD9H         LINE#         785
  C:0BD9H         LINE#         786
  C:0BFDH         LINE#         787
  C:0BFDH         LINE#         788
  C:0BFDH         LINE#         789
  C:0BFDH         LINE#         790
  C:0C17H         LINE#         791
  C:0C17H         LINE#         792
  C:0C32H         LINE#         793
  C:0C4DH         LINE#         794
  C:0C50H         LINE#         796
  C:0C50H         LINE#         797
  C:0C6BH         LINE#         798
  C:0C86H         LINE#         799
  C:0C86H         LINE#         800
  C:0C86H         LINE#         801
  C:0C89H         LINE#         803
  C:0C89H         LINE#         804
  C:0C89H         LINE#         805
  C:0CA4H         LINE#         806
  C:0CA4H         LINE#         807
  C:0CCBH         LINE#         808
  C:0CF2H         LINE#         809
  C:0CF4H         LINE#         811
  C:0CF4H         LINE#         812
  C:0D0FH         LINE#         813
  C:0D2AH         LINE#         814
  C:0D2AH         LINE#         816
  C:0D2AH         LINE#         817
  C:0D2AH         LINE#         818
  C:0D2AH         LINE#         820
  C:0D58H         LINE#         821
  C:0D58H         LINE#         822
  C:0D58H         LINE#         823
  C:0D58H         LINE#         824
  C:0D5DH         LINE#         825
  C:0D5DH         LINE#         826
  C:0D5FH         LINE#         828
  C:0D5FH         LINE#         829
  C:0D5FH         LINE#         830
  C:0D65H         LINE#         831
  C:0D65H         LINE#         832
  C:0D67H         LINE#         834
  C:0D67H         LINE#         835
  C:0D67H         LINE#         836
BL51 BANKED LINKER/LOCATER V6.22                                                      06/23/2014  10:15:13  PAGE 27


  C:0D6DH         LINE#         837
  C:0D6DH         LINE#         838
  C:0D6FH         LINE#         840
  C:0D6FH         LINE#         841
  C:0D6FH         LINE#         842
  C:0D75H         LINE#         843
  C:0D75H         LINE#         844
  C:0D77H         LINE#         846
  C:0D77H         LINE#         847
  C:0D77H         LINE#         848
  C:0D7CH         LINE#         849
  C:0D7CH         LINE#         850
  C:0D7CH         LINE#         851
  C:0D7CH         LINE#         853
  C:0D82H         LINE#         855
  C:0D82H         LINE#         856
  C:0D85H         LINE#         858
  C:0D85H         LINE#         859
  C:0D85H         LINE#         860
  C:0DA6H         LINE#         861
  C:0DA6H         LINE#         862
  C:0DA6H         LINE#         863
  C:0DA6H         LINE#         864
  C:0DC1H         LINE#         865
  C:0DDCH         LINE#         871
  C:0E0AH         LINE#         872
  C:0E0AH         LINE#         873
  C:0E0AH         LINE#         874
  C:0E0AH         LINE#         875
  C:0E10H         LINE#         876
  C:0E10H         LINE#         877
  C:0E12H         LINE#         879
  C:0E12H         LINE#         880
  C:0E12H         LINE#         881
  C:0E18H         LINE#         882
  C:0E18H         LINE#         883
  C:0E1AH         LINE#         885
  C:0E1AH         LINE#         886
  C:0E1AH         LINE#         887
  C:0E20H         LINE#         888
  C:0E20H         LINE#         889
  C:0E22H         LINE#         891
  C:0E22H         LINE#         892
  C:0E22H         LINE#         893
  C:0E28H         LINE#         894
  C:0E28H         LINE#         895
  C:0E2AH         LINE#         897
  C:0E2AH         LINE#         898
  C:0E2AH         LINE#         899
  C:0E30H         LINE#         900
  C:0E30H         LINE#         901
  C:0E30H         LINE#         902
  C:0E30H         LINE#         903
  C:0E35H         LINE#         904
  C:0E35H         LINE#         905
  C:0E38H         LINE#         906
  C:0E38H         LINE#         907
BL51 BANKED LINKER/LOCATER V6.22                                                      06/23/2014  10:15:13  PAGE 28


  C:0E38H         LINE#         908
  C:0E3BH         LINE#         910
  C:0E3BH         LINE#         911
  C:0E3BH         LINE#         912
  C:0E5FH         LINE#         913
  C:0E5FH         LINE#         915
  C:0E5FH         LINE#         916
  C:0E5FH         LINE#         917
  C:0E7AH         LINE#         918
  C:0E95H         LINE#         920
  C:0E95H         LINE#         921
  C:0E97H         LINE#         923
  C:0E97H         LINE#         924
  C:0E97H         LINE#         925
  C:0EB2H         LINE#         926
  C:0ECDH         LINE#         927
  C:0ECDH         LINE#         928
  C:0ECDH         LINE#         929
  C:0ECDH         LINE#         931
  C:0ED3H         LINE#         932
  C:0ED8H         LINE#         933
  C:0ED8H         LINE#         934
  C:0ED8H         LINE#         935
  C:0ED8H         LINE#         937
  C:0EDEH         LINE#         939
  C:0EEEH         LINE#         941
  C:0F0BH         LINE#         942
  C:0F14H         LINE#         943
  C:0F14H         LINE#         944
  C:0F16H         LINE#         946
  -------         ENDPROC       OLD_CHANNEL_GET_DATA_STATE
  -------         PROC          OLD_CHANNEL_GET_STATE
  -------         DO            
  X:074AH         SYMBOL        channel
  X:074BH         SYMBOL        len
  -------         ENDDO         
  C:2C31H         LINE#         948
  C:2C31H         LINE#         949
  C:2C31H         LINE#         950
  C:2C36H         LINE#         951
  C:2C3BH         LINE#         952
  C:2C50H         LINE#         953
  C:2C5EH         LINE#         954
  C:2C5EH         LINE#         956
  C:2C6FH         LINE#         957
  C:2C74H         LINE#         958
  C:2C7EH         LINE#         959
  C:2C84H         LINE#         961
  C:2CABH         LINE#         962
  C:2CABH         LINE#         963
  C:2CABH         LINE#         964
  C:2CABH         LINE#         965
  C:2CD9H         LINE#         966
  C:2CD9H         LINE#         967
  C:2CD9H         LINE#         968
  C:2CD9H         LINE#         969
  C:2CDEH         LINE#         970
BL51 BANKED LINKER/LOCATER V6.22                                                      06/23/2014  10:15:13  PAGE 29


  C:2CDEH         LINE#         971
  C:2CE0H         LINE#         973
  C:2CE0H         LINE#         974
  C:2CE0H         LINE#         975
  C:2CE6H         LINE#         976
  C:2CE6H         LINE#         977
  C:2CE8H         LINE#         979
  C:2CE8H         LINE#         980
  C:2CE8H         LINE#         981
  C:2CEEH         LINE#         982
  C:2CEEH         LINE#         983
  C:2CF0H         LINE#         985
  C:2CF0H         LINE#         986
  C:2CF0H         LINE#         987
  C:2CF6H         LINE#         988
  C:2CF6H         LINE#         989
  C:2CF8H         LINE#         991
  C:2CF8H         LINE#         992
  C:2CF8H         LINE#         993
  C:2CFDH         LINE#         994
  C:2CFDH         LINE#         995
  C:2CFDH         LINE#         996
  C:2CFDH         LINE#         998
  C:2D03H         LINE#         999
  C:2D03H         LINE#         1000
  C:2D05H         LINE#         1002
  C:2D05H         LINE#         1003
  C:2D05H         LINE#         1005
  C:2D33H         LINE#         1006
  C:2D33H         LINE#         1007
  C:2D33H         LINE#         1008
  C:2D33H         LINE#         1009
  C:2D39H         LINE#         1010
  C:2D39H         LINE#         1011
  C:2D3BH         LINE#         1013
  C:2D3BH         LINE#         1014
  C:2D3BH         LINE#         1015
  C:2D41H         LINE#         1016
  C:2D41H         LINE#         1017
  C:2D43H         LINE#         1019
  C:2D43H         LINE#         1020
  C:2D43H         LINE#         1021
  C:2D49H         LINE#         1022
  C:2D49H         LINE#         1023
  C:2D4BH         LINE#         1025
  C:2D4BH         LINE#         1026
  C:2D4BH         LINE#         1027
  C:2D51H         LINE#         1028
  C:2D51H         LINE#         1029
  C:2D53H         LINE#         1031
  C:2D53H         LINE#         1032
  C:2D53H         LINE#         1033
  C:2D59H         LINE#         1034
  C:2D59H         LINE#         1035
  C:2D59H         LINE#         1037
  C:2D59H         LINE#         1038
  C:2D5EH         LINE#         1039
BL51 BANKED LINKER/LOCATER V6.22                                                      06/23/2014  10:15:13  PAGE 30


  C:2D5EH         LINE#         1040
  C:2D60H         LINE#         1042
  C:2D60H         LINE#         1043
  C:2D60H         LINE#         1045
  C:2D66H         LINE#         1046
  C:2D6BH         LINE#         1047
  C:2D6BH         LINE#         1048
  C:2D6BH         LINE#         1049
  C:2D6BH         LINE#         1051
  C:2D7BH         LINE#         1053
  C:2D98H         LINE#         1054
  C:2DA1H         LINE#         1055
  C:2DA1H         LINE#         1056
  C:2DA3H         LINE#         1057
  -------         ENDPROC       OLD_CHANNEL_GET_STATE
  -------         PROC          OLD_REINIT_BLOCK
  C:4BE6H         LINE#         1059
  C:4BE6H         LINE#         1060
  C:4BE6H         LINE#         1061
  C:4BE8H         LINE#         1062
  -------         ENDPROC       OLD_REINIT_BLOCK
  -------         PROC          OLD_CHANNEL_SET_ADC_RANGE
  -------         DO            
  X:0750H         SYMBOL        channel
  -------         ENDDO         
  C:2DA4H         LINE#         1064
  C:2DA4H         LINE#         1065
  C:2DA4H         LINE#         1066
  C:2DA9H         LINE#         1067
  C:2DBEH         LINE#         1068
  C:2DCCH         LINE#         1069
  C:2DCCH         LINE#         1070
  C:2DEDH         LINE#         1071
  C:2DEDH         LINE#         1072
  C:2DEDH         LINE#         1073
  C:2DEDH         LINE#         1074
  C:2E09H         LINE#         1075
  C:2E25H         LINE#         1076
  C:2E25H         LINE#         1077
  C:2E28H         LINE#         1079
  C:2E28H         LINE#         1080
  C:2E28H         LINE#         1081
  C:2E44H         LINE#         1082
  C:2E60H         LINE#         1083
  C:2E60H         LINE#         1084
  C:2E63H         LINE#         1086
  C:2E63H         LINE#         1087
  C:2E63H         LINE#         1088
  C:2E7FH         LINE#         1089
  C:2E9BH         LINE#         1090
  C:2E9BH         LINE#         1091
  C:2E9DH         LINE#         1093
  C:2E9DH         LINE#         1094
  C:2E9DH         LINE#         1095
  C:2EB9H         LINE#         1096
  C:2ED5H         LINE#         1097
  C:2ED5H         LINE#         1098
BL51 BANKED LINKER/LOCATER V6.22                                                      06/23/2014  10:15:13  PAGE 31


  C:2ED7H         LINE#         1100
  C:2ED7H         LINE#         1101
  C:2ED7H         LINE#         1102
  C:2EF3H         LINE#         1103
  C:2F0FH         LINE#         1104
  C:2F0FH         LINE#         1105
  C:2F0FH         LINE#         1106
  C:2F0FH         LINE#         1107
  C:2F0FH         LINE#         1108
  C:2F11H         LINE#         1109
  -------         ENDPROC       OLD_CHANNEL_SET_ADC_RANGE
  -------         PROC          _OLD_PROTO_PASTE_NULL
  X:072FH         SYMBOL        buf
  X:0732H         SYMBOL        len
  -------         DO            
  X:0733H         SYMBOL        i
  X:0734H         SYMBOL        j
  -------         ENDDO         
  C:367AH         LINE#         1111
  C:368AH         LINE#         1112
  C:368AH         LINE#         1113
  C:3694H         LINE#         1115
  C:36ACH         LINE#         1116
  C:36ACH         LINE#         1117
  C:36CDH         LINE#         1118
  C:36CDH         LINE#         1119
  C:36E9H         LINE#         1120
  C:36E9H         LINE#         1121
  C:3726H         LINE#         1122
  C:372EH         LINE#         1123
  C:3750H         LINE#         1124
  C:3766H         LINE#         1125
  C:376CH         LINE#         1126
  C:3772H         LINE#         1127
  C:3772H         LINE#         1128
  C:377BH         LINE#         1129
  C:3780H         LINE#         1130
  -------         ENDPROC       _OLD_PROTO_PASTE_NULL
  -------         PROC          PROTOBUFHANDLING
  C:2AB4H         LINE#         1132
  C:2AB4H         LINE#         1133
  C:2AB4H         LINE#         1134
  C:2ACAH         LINE#         1135
  C:2ACAH         LINE#         1136
  C:2ACAH         LINE#         1137
  C:2ACAH         LINE#         1138
  C:2AD0H         LINE#         1139
  C:2AD6H         LINE#         1140
  C:2B10H         LINE#         1141
  C:2B10H         LINE#         1143
  C:2B10H         LINE#         1144
  C:2B10H         LINE#         1145
  C:2B18H         LINE#         1146
  C:2B18H         LINE#         1147
  C:2B19H         LINE#         1149
  C:2B19H         LINE#         1150
  C:2B19H         LINE#         1151
BL51 BANKED LINKER/LOCATER V6.22                                                      06/23/2014  10:15:13  PAGE 32


  C:2B21H         LINE#         1152
  C:2B21H         LINE#         1153
  C:2B22H         LINE#         1155
  C:2B22H         LINE#         1156
  C:2B22H         LINE#         1157
  C:2B2AH         LINE#         1158
  C:2B2AH         LINE#         1159
  C:2B2BH         LINE#         1161
  C:2B2BH         LINE#         1162
  C:2B2BH         LINE#         1163
  C:2B33H         LINE#         1164
  C:2B33H         LINE#         1165
  C:2B34H         LINE#         1167
  C:2B34H         LINE#         1168
  C:2B34H         LINE#         1169
  C:2B3CH         LINE#         1170
  C:2B3CH         LINE#         1171
  C:2B3DH         LINE#         1173
  C:2B3DH         LINE#         1174
  C:2B3DH         LINE#         1175
  C:2B45H         LINE#         1176
  C:2B45H         LINE#         1177
  C:2B46H         LINE#         1179
  C:2B46H         LINE#         1180
  C:2B46H         LINE#         1181
  C:2B4EH         LINE#         1182
  C:2B4EH         LINE#         1183
  C:2B4FH         LINE#         1185
  C:2B4FH         LINE#         1186
  C:2B4FH         LINE#         1187
  C:2B57H         LINE#         1188
  C:2B57H         LINE#         1189
  C:2B58H         LINE#         1191
  C:2B58H         LINE#         1192
  C:2B58H         LINE#         1193
  C:2B60H         LINE#         1194
  C:2B60H         LINE#         1195
  C:2B61H         LINE#         1197
  C:2B61H         LINE#         1198
  C:2B61H         LINE#         1199
  C:2B69H         LINE#         1200
  C:2B69H         LINE#         1201
  C:2B6AH         LINE#         1203
  C:2B6AH         LINE#         1204
  C:2B6AH         LINE#         1205
  C:2B72H         LINE#         1206
  C:2B72H         LINE#         1207
  C:2B73H         LINE#         1209
  C:2B73H         LINE#         1210
  C:2B73H         LINE#         1211
  C:2B7BH         LINE#         1212
  C:2B7BH         LINE#         1213
  C:2B7CH         LINE#         1215
  C:2B7CH         LINE#         1216
  C:2B7CH         LINE#         1217
  C:2B84H         LINE#         1218
  C:2B84H         LINE#         1219
BL51 BANKED LINKER/LOCATER V6.22                                                      06/23/2014  10:15:13  PAGE 33


  C:2B85H         LINE#         1221
  C:2B85H         LINE#         1222
  C:2B85H         LINE#         1223
  C:2B8DH         LINE#         1224
  C:2B8DH         LINE#         1225
  C:2B8EH         LINE#         1227
  C:2B8EH         LINE#         1228
  C:2B8EH         LINE#         1229
  C:2B96H         LINE#         1230
  C:2B96H         LINE#         1231
  C:2B97H         LINE#         1233
  C:2B97H         LINE#         1234
  C:2B97H         LINE#         1235
  C:2BA1H         LINE#         1236
  C:2BA1H         LINE#         1237
  C:2BA1H         LINE#         1238
  C:2BA1H         LINE#         1239
  C:2BA2H         LINE#         1241
  C:2BA2H         LINE#         1242
  C:2BA2H         LINE#         1243
  C:2BC8H         LINE#         1244
  C:2BC8H         LINE#         1246
  C:2BC8H         LINE#         1247
  C:2BC8H         LINE#         1248
  C:2BD0H         LINE#         1249
  C:2BD0H         LINE#         1250
  C:2BD1H         LINE#         1252
  C:2BD1H         LINE#         1253
  C:2BD1H         LINE#         1254
  C:2BD9H         LINE#         1255
  C:2BD9H         LINE#         1256
  C:2BDAH         LINE#         1258
  C:2BDAH         LINE#         1259
  C:2BDAH         LINE#         1260
  C:2BE2H         LINE#         1261
  C:2BE2H         LINE#         1262
  C:2BE3H         LINE#         1264
  C:2BE3H         LINE#         1265
  C:2BE3H         LINE#         1266
  C:2BEBH         LINE#         1267
  C:2BEBH         LINE#         1268
  C:2BECH         LINE#         1270
  C:2BECH         LINE#         1271
  C:2BECH         LINE#         1272
  C:2BF4H         LINE#         1273
  C:2BF4H         LINE#         1274
  C:2BF5H         LINE#         1276
  C:2BF5H         LINE#         1277
  C:2BF5H         LINE#         1279
  C:2BF5H         LINE#         1280
  C:2BF5H         LINE#         1281
  C:2BF5H         LINE#         1282
  C:2BF6H         LINE#         1284
  C:2BF6H         LINE#         1285
  C:2BF6H         LINE#         1286
  C:2C22H         LINE#         1287
  C:2C22H         LINE#         1289
BL51 BANKED LINKER/LOCATER V6.22                                                      06/23/2014  10:15:13  PAGE 34


  C:2C22H         LINE#         1290
  C:2C22H         LINE#         1291
  C:2C2AH         LINE#         1292
  C:2C2AH         LINE#         1293
  C:2C2BH         LINE#         1295
  C:2C2BH         LINE#         1296
  C:2C2BH         LINE#         1297
  C:2C30H         LINE#         1298
  C:2C30H         LINE#         1299
  C:2C30H         LINE#         1300
  C:2C30H         LINE#         1301
  C:2C30H         LINE#         1302
  C:2C30H         LINE#         1305
  -------         ENDPROC       PROTOBUFHANDLING
  -------         PROC          _PROTOPROCESS
  X:073AH         SYMBOL        pt
  -------         DO            
[...]
  X:06D4H         SYMBOL        pt
  X:06D7H         SYMBOL        buf
BL51 BANKED LINKER/LOCATER V6.22                                                      06/23/2014  10:15:13  PAGE 51


  X:06DAH         SYMBOL        len
  -------         DO            
  X:067BH         SYMBOL        write_byte_counter
  X:067CH         SYMBOL        bit_counter
  X:067DH         SYMBOL        write_byte
  -------         DO            
  X:06DBH         SYMBOL        PT_YIELD_FLAG
  -------         ENDDO         
  -------         ENDDO         
  C:31DAH         LINE#         242
  C:31E5H         LINE#         243
  C:31E5H         LINE#         244
  C:31E5H         LINE#         245
  C:3209H         LINE#         246
  C:320BH         LINE#         247
  C:3210H         LINE#         248
  C:3220H         LINE#         249
  C:3220H         LINE#         252
  C:323BH         LINE#         253
  C:3241H         LINE#         254
  C:3243H         LINE#         255
  C:3263H         LINE#         256
  C:3268H         LINE#         257
  C:3268H         LINE#         259
  C:3270H         LINE#         260
  C:3272H         LINE#         262
  C:3274H         LINE#         263
  C:3295H         LINE#         264
  C:3297H         LINE#         267
  C:32A1H         LINE#         268
  C:32A3H         LINE#         269
  C:32A5H         LINE#         270
  C:32C6H         LINE#         271
  C:32C8H         LINE#         272
  C:32E9H         LINE#         273
  C:32EBH         LINE#         274
  C:32EDH         LINE#         275
  C:32F3H         LINE#         276
  C:32F3H         LINE#         277
  C:32F9H         LINE#         278
  C:330DH         LINE#         279
  C:330DH         LINE#         280
  C:330DH         LINE#         281
  C:3312H         LINE#         282
  C:332AH         LINE#         283
  -------         ENDPROC       _I2C_WRITE_BUF
  -------         PROC          _I2C_READ_COMPLETE
  X:06D4H         SYMBOL        pt
  -------         DO            
  X:06D7H         SYMBOL        PT_YIELD_FLAG
  -------         ENDDO         
  C:3D1EH         LINE#         286
  C:3D29H         LINE#         287
  C:3D29H         LINE#         288
  C:3D3EH         LINE#         289
  C:3D4EH         LINE#         290
  C:3D4EH         LINE#         291
BL51 BANKED LINKER/LOCATER V6.22                                                      06/23/2014  10:15:13  PAGE 52


  C:3D62H         LINE#         294
  C:3D6BH         LINE#         295
  C:3D6BH         LINE#         296
  C:3D6BH         LINE#         297
  C:3D6BH         LINE#         298
  C:3D7CH         LINE#         299
  C:3D82H         LINE#         300
  C:3D88H         LINE#         302
  C:3D88H         LINE#         303
  C:3D8AH         LINE#         305
  C:3D8AH         LINE#         306
  C:3D8AH         LINE#         307
  C:3D9BH         LINE#         308
  C:3DACH         LINE#         309
  C:3DB1H         LINE#         310
  C:3DB7H         LINE#         312
  C:3DB7H         LINE#         313
  C:3DB7H         LINE#         315
  C:3DB7H         LINE#         316
  C:3DB7H         LINE#         317
  C:3DB7H         LINE#         318
  C:3DB7H         LINE#         319
  C:3DB7H         LINE#         321
  C:3DC7H         LINE#         322
  C:3DC7H         LINE#         323
  C:3DCBH         LINE#         325
  C:3DE3H         LINE#         326
  -------         ENDPROC       _I2C_READ_COMPLETE
  -------         ENDMOD        I2C

  -------         MODULE        CALIBRATE
  C:0000H         SYMBOL        _ICE_DUMMY_
  D:0088H         PUBLIC        TCON
  D:0098H         PUBLIC        SCON
  D:00A0H         PUBLIC        P2
  D:00A8H         PUBLIC        IE
  D:00B0H         PUBLIC        P3
  D:00B8H         PUBLIC        IP
  D:00C0H         PUBLIC        WDCON
  D:00C8H         PUBLIC        T2CON
  D:00D0H         PUBLIC        PSW
  D:00D8H         PUBLIC        ADCSTAT
  D:00E8H         PUBLIC        I2CCON
  D:00E8H         PUBLIC        DCON
  D:00F8H         PUBLIC        SPICON
  C:4191H         PUBLIC        _Calibrate
  C:436DH         PUBLIC        RestoreCalibrate
  C:4027H         PUBLIC        _GetCalibrateVal
  C:4974H         PUBLIC        Calibrate_Get_CRC
  C:3DE4H         PUBLIC        _Calibrate_Set_Flag
  C:49CCH         PUBLIC        Calibrate_Set_Default
  -------         PROC          _GETCALIBRATEVAL
  X:06D4H         SYMBOL        channel_num
  X:06D5H         SYMBOL        ADC_Code
  -------         DO            
  X:06D9H         SYMBOL        result
  -------         ENDDO         
BL51 BANKED LINKER/LOCATER V6.22                                                      06/23/2014  10:15:13  PAGE 53


  C:4027H         LINE#         4
  C:402CH         LINE#         5
  C:402CH         LINE#         6
  C:4036H         LINE#         8
  C:408EH         LINE#         10
  C:40ABH         LINE#         11
  C:40ABH         LINE#         12
  C:40B3H         LINE#         13
  C:40B3H         LINE#         15
  C:40B3H         LINE#         16
  C:40CBH         LINE#         17
  C:40CBH         LINE#         18
  C:40D1H         LINE#         19
  C:40D1H         LINE#         21
  C:40D1H         LINE#         22
  C:40E2H         LINE#         23
  C:40E2H         LINE#         24
  C:40E2H         LINE#         25
  -------         ENDPROC       _GETCALIBRATEVAL
  -------         PROC          RESTORECALIBRATE
  -------         DO            
  X:06D0H         SYMBOL        i
  X:06D1H         SYMBOL        crc
  X:06D5H         SYMBOL        true_crc
  -------         ENDDO         
  C:436DH         LINE#         27
  C:436DH         LINE#         28
  C:436DH         LINE#         29
  C:4372H         LINE#         30
  C:4384H         LINE#         32
  C:4393H         LINE#         33
  C:4393H         LINE#         34
  C:43BBH         LINE#         35
  C:43C3H         LINE#         37
  C:43D0H         LINE#         38
  C:43E6H         LINE#         40
  C:4406H         LINE#         41
  C:4406H         LINE#         42
  C:4409H         LINE#         43
  C:4409H         LINE#         46
  -------         ENDPROC       RESTORECALIBRATE
  -------         PROC          _CALIBRATE
  X:06D0H         SYMBOL        channel_num
  X:06D1H         SYMBOL        K
  X:06D5H         SYMBOL        C
  -------         DO            
  X:06D9H         SYMBOL        true_crc
  -------         ENDDO         
  C:4191H         LINE#         48
  C:4196H         LINE#         49
  C:4196H         LINE#         50
  C:41A0H         LINE#         51
  C:41C4H         LINE#         52
  C:41E4H         LINE#         53
  C:420FH         LINE#         55
  C:421CH         LINE#         56
  C:4232H         LINE#         59
BL51 BANKED LINKER/LOCATER V6.22                                                      06/23/2014  10:15:13  PAGE 54


  -------         ENDPROC       _CALIBRATE
  -------         PROC          CALIBRATE_GET_CRC
  -------         DO            
  X:06E4H         SYMBOL        crc
  X:06E5H         SYMBOL        i
  X:06E6H         SYMBOL        j
  -------         ENDDO         
  C:4974H         LINE#         61
  C:4974H         LINE#         62
  C:4974H         LINE#         63
  C:4979H         LINE#         64
  C:497DH         LINE#         66
  C:4981H         LINE#         67
  C:4981H         LINE#         68
  C:4986H         LINE#         69
  C:4986H         LINE#         70
  C:49B2H         LINE#         71
  C:49BCH         LINE#         72
  C:49C6H         LINE#         74
  C:49CBH         LINE#         75
  -------         ENDPROC       CALIBRATE_GET_CRC
  -------         PROC          _CALIBRATE_SET_FLAG
  X:06DEH         SYMBOL        channel
  X:06DFH         SYMBOL        flag
  -------         DO            
  X:06E0H         SYMBOL        true_crc
  -------         ENDDO         
  C:3DE4H         LINE#         77
  C:3DEDH         LINE#         78
  C:3DEDH         LINE#         79
  C:3DF5H         LINE#         81
  C:3DFAH         LINE#         82
  C:3DFAH         LINE#         83
  C:3E10H         LINE#         84
  C:3E3BH         LINE#         85
  C:3E3DH         LINE#         87
  C:3E3DH         LINE#         88
  C:3E43H         LINE#         89
  C:3E43H         LINE#         90
  C:3E58H         LINE#         91
  C:3E83H         LINE#         92
  C:3E83H         LINE#         93
  C:3E83H         LINE#         95
  C:3E90H         LINE#         96
  C:3EA6H         LINE#         97
  -------         ENDPROC       _CALIBRATE_SET_FLAG
  -------         PROC          CALIBRATE_SET_DEFAULT
  -------         DO            
  X:06D9H         SYMBOL        i
  X:06DAH         SYMBOL        true_crc
  -------         ENDDO         
  C:49CCH         LINE#         99
  C:49CCH         LINE#         100
  C:49CCH         LINE#         101
  C:49D1H         LINE#         102
  C:49D9H         LINE#         104
  C:49E8H         LINE#         105
BL51 BANKED LINKER/LOCATER V6.22                                                      06/23/2014  10:15:13  PAGE 55


  C:49E8H         LINE#         106
  C:49EDH         LINE#         107
  C:49F5H         LINE#         109
  C:4A02H         LINE#         110
  C:4A18H         LINE#         111
  -------         ENDPROC       CALIBRATE_SET_DEFAULT
  -------         ENDMOD        CALIBRATE

  -------         MODULE        ULONGSORT
  C:0000H         SYMBOL        _ICE_DUMMY_
  D:0088H         PUBLIC        TCON
  D:0098H         PUBLIC        SCON
  D:00A0H         PUBLIC        P2
  D:00A8H         PUBLIC        IE
  D:00B0H         PUBLIC        P3
  D:00B8H         PUBLIC        IP
  D:00C0H         PUBLIC        WDCON
  D:00C8H         PUBLIC        T2CON
  D:00D0H         PUBLIC        PSW
  D:00D8H         PUBLIC        ADCSTAT
  D:00E8H         PUBLIC        I2CCON
  D:00E8H         PUBLIC        DCON
  D:00F8H         PUBLIC        SPICON
  C:15F6H         PUBLIC        _ulongsort_process
  X:06ABH         PUBLIC        mas_copy
  X:06CBH         PUBLIC        mid_cycle_counter
  X:06CCH         PUBLIC        temp
  -------         PROC          _ULONGSORT_PROCESS
  X:06D0H         SYMBOL        pt
  -------         DO            
  X:06A8H         SYMBOL        counter
  X:06A9H         SYMBOL        i
  X:06AAH         SYMBOL        j
  -------         DO            
  X:06D3H         SYMBOL        PT_YIELD_FLAG
  -------         ENDDO         
  -------         ENDDO         
  C:15F6H         LINE#         10
  C:1601H         LINE#         11
  C:1601H         LINE#         13
  C:1606H         LINE#         15
  C:1639H         LINE#         17
  C:1639H         LINE#         18
  C:1639H         LINE#         19
  C:1677H         LINE#         22
  C:168CH         LINE#         23
  C:168CH         LINE#         24
  C:1690H         LINE#         25
  C:16ADH         LINE#         26
  C:16ADH         LINE#         27
  C:16B5H         LINE#         28
  C:16BBH         LINE#         29
  C:16DBH         LINE#         30
  C:16DBH         LINE#         32
  C:16E2H         LINE#         33
  C:16E2H         LINE#         34
  C:16F6H         LINE#         35
BL51 BANKED LINKER/LOCATER V6.22                                                      06/23/2014  10:15:13  PAGE 56


  C:16F6H         LINE#         36
  C:16F6H         LINE#         39
  C:1725H         LINE#         40
  C:1745H         LINE#         42
  C:174BH         LINE#         43
  C:174BH         LINE#         44
  C:175EH         LINE#         45
  C:175EH         LINE#         46
  C:1799H         LINE#         47
  C:1799H         LINE#         48
  C:17BBH         LINE#         49
  C:17EBH         LINE#         50
  C:180DH         LINE#         51
  C:180DH         LINE#         52
  C:182DH         LINE#         53
  C:1836H         LINE#         54
  C:1842H         LINE#         56
  C:1882H         LINE#         58
  C:1897H         LINE#         59
  C:1897H         LINE#         60
  C:18D7H         LINE#         61
  C:18D7H         LINE#         63
  C:18EBH         LINE#         64
  C:18F9H         LINE#         65
  C:190DH         LINE#         67
  C:190DH         LINE#         68
  C:1925H         LINE#         69
  -------         ENDPROC       _ULONGSORT_PROCESS
  -------         ENDMOD        ULONGSORT

  -------         MODULE        TIMER1
  C:0000H         SYMBOL        _ICE_DUMMY_
  D:0088H         PUBLIC        TCON
  D:0089H         PUBLIC        TMOD
  D:008BH         PUBLIC        TL1
  D:008DH         PUBLIC        TH1
  D:0098H         PUBLIC        SCON
  D:00A0H         PUBLIC        P2
  D:00A8H         PUBLIC        IE
  D:00B0H         PUBLIC        P3
  D:00B8H         PUBLIC        IP
  D:00C0H         PUBLIC        WDCON
  D:00C8H         PUBLIC        T2CON
  D:00D0H         PUBLIC        PSW
  D:00D8H         PUBLIC        ADCSTAT
  D:00E8H         PUBLIC        I2CCON
  D:00E8H         PUBLIC        DCON
  D:00F8H         PUBLIC        SPICON
  B:0088H.6       PUBLIC        TR1
  B:00A8H.3       PUBLIC        ET1
  C:4BB5H         PUBLIC        Timer1_Initialize
  -------         PROC          TIMER1_INITIALIZE
  C:4BB5H         LINE#         4
  C:4BB5H         LINE#         5
  C:4BB5H         LINE#         6
  C:4BB8H         LINE#         7
  C:4BBBH         LINE#         9
BL51 BANKED LINKER/LOCATER V6.22                                                      06/23/2014  10:15:13  PAGE 57


  C:4BBEH         LINE#         10
  C:4BC1H         LINE#         13
  C:4BC3H         LINE#         14
  C:4BC5H         LINE#         16
  -------         ENDPROC       TIMER1_INITIALIZE
  -------         ENDMOD        TIMER1

  -------         MODULE        CRC_TABLE
  C:0000H         SYMBOL        _ICE_DUMMY_
  C:3886H         PUBLIC        Crc8Table
  C:4B1DH         PUBLIC        _CRC_Check
  -------         PROC          _CRC_CHECK
  D:0006H         SYMBOL        Spool_pr
  D:0005H         SYMBOL        Count_pr
  -------         DO            
  D:0004H         SYMBOL        crc
  -------         ENDDO         
  C:4B1DH         LINE#         36
  C:4B1DH         LINE#         37
  C:4B1DH         LINE#         38
  C:4B1FH         LINE#         40
  C:4B26H         LINE#         41
  C:4B3CH         LINE#         43
  C:4B3FH         LINE#         44
  -------         ENDPROC       _CRC_CHECK
  -------         ENDMOD        CRC_TABLE

  -------         MODULE        ?C?FPADD
  C:003DH         PUBLIC        ?C?FPADD
  C:0039H         PUBLIC        ?C?FPSUB
  -------         ENDMOD        ?C?FPADD

  -------         MODULE        ?C?FPMUL
  C:012EH         PUBLIC        ?C?FPMUL
  -------         ENDMOD        ?C?FPMUL

  -------         MODULE        ?C?FPCMP
  C:0236H         PUBLIC        ?C?FPCMP
  C:0234H         PUBLIC        ?C?FPCMP3
  -------         ENDMOD        ?C?FPCMP

  -------         MODULE        ?C?FCAST
  C:02ABH         PUBLIC        ?C?FCASTC
  C:02A6H         PUBLIC        ?C?FCASTI
  C:02A1H         PUBLIC        ?C?FCASTL
  -------         ENDMOD        ?C?FCAST

  -------         MODULE        ?C?CASTF
  C:02DFH         PUBLIC        ?C?CASTF
  -------         ENDMOD        ?C?CASTF

  -------         MODULE        ?C?COPY
  C:0430H         PUBLIC        ?C?COPY
  -------         ENDMOD        ?C?COPY

  -------         MODULE        ?C?CLDPTR
  C:0456H         PUBLIC        ?C?CLDPTR
BL51 BANKED LINKER/LOCATER V6.22                                                      06/23/2014  10:15:13  PAGE 58


  -------         ENDMOD        ?C?CLDPTR

  -------         MODULE        ?C?CLDOPTR
  C:046FH         PUBLIC        ?C?CLDOPTR
  -------         ENDMOD        ?C?CLDOPTR

  -------         MODULE        ?C?CILDOPTR
  C:049CH         PUBLIC        ?C?CILDOPTR
  -------         ENDMOD        ?C?CILDOPTR

  -------         MODULE        ?C?CSTOPTR
  C:04CFH         PUBLIC        ?C?CSTOPTR
  -------         ENDMOD        ?C?CSTOPTR

  -------         MODULE        ?C?IILDX
  C:04F1H         PUBLIC        ?C?IILDX
  -------         ENDMOD        ?C?IILDX

  -------         MODULE        ?C?ILDPTR
  C:0507H         PUBLIC        ?C?ILDPTR
  -------         ENDMOD        ?C?ILDPTR

  -------         MODULE        ?C?ILDOPTR
  C:0532H         PUBLIC        ?C?ILDOPTR
  -------         ENDMOD        ?C?ILDOPTR

  -------         MODULE        ?C?ISTPTR
  C:056AH         PUBLIC        ?C?ISTPTR
  -------         ENDMOD        ?C?ISTPTR

  -------         MODULE        ?C?ISTOPTR
  C:0589H         PUBLIC        ?C?ISTOPTR
  -------         ENDMOD        ?C?ISTOPTR

  -------         MODULE        ?C?ULDIV
  C:05F2H         PUBLIC        ?C?ULDIV
  -------         ENDMOD        ?C?ULDIV

  -------         MODULE        ?C?SLDIV
  C:4A19H         PUBLIC        ?C?SLDIV
  -------         ENDMOD        ?C?SLDIV

  -------         MODULE        ?C?LNEG
  C:0684H         PUBLIC        ?C?LNEG
  -------         ENDMOD        ?C?LNEG

  -------         MODULE        ?C?ULCMP
  C:0692H         PUBLIC        ?C?ULCMP
  -------         ENDMOD        ?C?ULCMP

  -------         MODULE        ?C?ULSHR
  C:06A3H         PUBLIC        ?C?ULSHR
  -------         ENDMOD        ?C?ULSHR

  -------         MODULE        ?C?LSHL
  C:06B6H         PUBLIC        ?C?LSHL
  -------         ENDMOD        ?C?LSHL
BL51 BANKED LINKER/LOCATER V6.22                                                      06/23/2014  10:15:13  PAGE 59



  -------         MODULE        ?C?LSTXDATA
  C:06C9H         PUBLIC        ?C?LSTXDATA
  -------         ENDMOD        ?C?LSTXDATA

  -------         MODULE        ?C?LSTKXDATA
  C:06D5H         PUBLIC        ?C?LSTKXDATA
  -------         ENDMOD        ?C?LSTKXDATA

  -------         MODULE        ?C?OFFXADD
  C:0706H         PUBLIC        ?C?OFFXADD
  -------         ENDMOD        ?C?OFFXADD

  -------         MODULE        ?C?CCASE
  C:0712H         PUBLIC        ?C?CCASE
  -------         ENDMOD        ?C?CCASE

  -------         MODULE        ?C?ICASE
  C:0738H         PUBLIC        ?C?ICASE
  -------         ENDMOD        ?C?ICASE

*** WARNING L16: UNCALLED SEGMENT, IGNORED FOR OVERLAY PROCESS
    SEGMENT: ?PR?_WDT_INIT?WATCHDOG

*** WARNING L16: UNCALLED SEGMENT, IGNORED FOR OVERLAY PROCESS
    SEGMENT: ?PR?_WDT_PROCESS?WATCHDOG

*** WARNING L1: UNRESOLVED EXTERNAL SYMBOL
    SYMBOL:  READHOLDINGREG
    MODULE:  proto_uso.obj (PROTO_USO)

*** WARNING L1: UNRESOLVED EXTERNAL SYMBOL
    SYMBOL:  _MBCHAR2BIN
    MODULE:  proto_uso.obj (PROTO_USO)

*** WARNING L1: UNRESOLVED EXTERNAL SYMBOL
    SYMBOL:  _LRC_CHECK
    MODULE:  proto_uso.obj (PROTO_USO)

*** WARNING L2: REFERENCE MADE TO UNRESOLVED EXTERNAL
    SYMBOL:  _MBCHAR2BIN
    MODULE:  proto_uso.obj (PROTO_USO)
    ADDRESS: 2BFCH

*** WARNING L2: REFERENCE MADE TO UNRESOLVED EXTERNAL
    SYMBOL:  _MBCHAR2BIN
    MODULE:  proto_uso.obj (PROTO_USO)
    ADDRESS: 2C0CH

*** WARNING L2: REFERENCE MADE TO UNRESOLVED EXTERNAL
    SYMBOL:  READHOLDINGREG
    MODULE:  proto_uso.obj (PROTO_USO)
    ADDRESS: 2C23H

*** WARNING L2: REFERENCE MADE TO UNRESOLVED EXTERNAL
    SYMBOL:  _MBCHAR2BIN
    MODULE:  proto_uso.obj (PROTO_USO)
BL51 BANKED LINKER/LOCATER V6.22                                                      06/23/2014  10:15:13  PAGE 60


    ADDRESS: 1A80H

*** WARNING L2: REFERENCE MADE TO UNRESOLVED EXTERNAL
    SYMBOL:  _MBCHAR2BIN
    MODULE:  proto_uso.obj (PROTO_USO)
    ADDRESS: 1A90H

*** WARNING L2: REFERENCE MADE TO UNRESOLVED EXTERNAL
    SYMBOL:  _MBCHAR2BIN
    MODULE:  proto_uso.obj (PROTO_USO)
    ADDRESS: 1ACBH

*** WARNING L2: REFERENCE MADE TO UNRESOLVED EXTERNAL
    SYMBOL:  _MBCHAR2BIN
    MODULE:  proto_uso.obj (PROTO_USO)
    ADDRESS: 1AE7H

*** WARNING L2: REFERENCE MADE TO UNRESOLVED EXTERNAL
    SYMBOL:  _LRC_CHECK
    MODULE:  proto_uso.obj (PROTO_USO)
    ADDRESS: 1B0DH

Program Size: data=22.0 xdata=1873 code=19421
LINK/LOCATE RUN COMPLETE.  13 WARNING(S),  0 ERROR(S)
