BL51 BANKED LINKER/LOCATER V6.22                                                        06/20/2014  09:02:40  PAGE 1


BL51 BANKED LINKER/LOCATER V6.22, INVOKED BY:
C:\PROGRAM FILES\KEIL\C51\BIN\BL51.EXE debug.obj, timer3.obj, adc.obj, eeprom.obj, watchdog.obj, proto_uso.obj, channels
>> .obj, START_AD.obj, frequency.obj, timer0.obj, timer2.obj, i2c.obj, calibrate.obj, ulongsort.obj, timer1.obj, crc_tab
>> le.obj TO debug RAMSIZE (256) XDATA (0X0000-0X7FFE)


MEMORY MODEL: LARGE WITH FLOATING POINT ARITHMETIC


INPUT MODULES INCLUDED:
  debug.obj (DEBUG)
  timer3.obj (TIMER3)
  adc.obj (ADC)
  eeprom.obj (EEPROM)
  watchdog.obj (WATCHDOG)
  proto_uso.obj (PROTO_USO)
  channels.obj (CHANNELS)
  START_AD.obj (?C_STARTUP)
  frequency.obj (FREQUENCY)
  timer0.obj (TIMER0)
  timer2.obj (TIMER2)
  i2c.obj (I2C)
  calibrate.obj (CALIBRATE)
  ulongsort.obj (ULONGSORT)
  timer1.obj (TIMER1)
  crc_table.obj (CRC_TABLE)
  C:\PROGRAM FILES\KEIL\C51\LIB\C51FPL.LIB (?C?FPADD)
  C:\PROGRAM FILES\KEIL\C51\LIB\C51FPL.LIB (?C?FPMUL)
  C:\PROGRAM FILES\KEIL\C51\LIB\C51FPL.LIB (?C?FPCMP)
  C:\PROGRAM FILES\KEIL\C51\LIB\C51FPL.LIB (?C?FCAST)
  C:\PROGRAM FILES\KEIL\C51\LIB\C51FPL.LIB (?C?CASTF)
  C:\PROGRAM FILES\KEIL\C51\LIB\C51FPL.LIB (?C?FPGETOPN)
  C:\PROGRAM FILES\KEIL\C51\LIB\C51L.LIB (?C_INIT)
  C:\PROGRAM FILES\KEIL\C51\LIB\C51L.LIB (?C?COPY)
  C:\PROGRAM FILES\KEIL\C51\LIB\C51L.LIB (?C?CLDPTR)
  C:\PROGRAM FILES\KEIL\C51\LIB\C51L.LIB (?C?CLDOPTR)
  C:\PROGRAM FILES\KEIL\C51\LIB\C51L.LIB (?C?CILDOPTR)
  C:\PROGRAM FILES\KEIL\C51\LIB\C51L.LIB (?C?CSTOPTR)
  C:\PROGRAM FILES\KEIL\C51\LIB\C51L.LIB (?C?IILDX)
  C:\PROGRAM FILES\KEIL\C51\LIB\C51L.LIB (?C?ILDPTR)
  C:\PROGRAM FILES\KEIL\C51\LIB\C51L.LIB (?C?ILDOPTR)
  C:\PROGRAM FILES\KEIL\C51\LIB\C51L.LIB (?C?ISTPTR)
  C:\PROGRAM FILES\KEIL\C51\LIB\C51L.LIB (?C?ISTOPTR)
  C:\PROGRAM FILES\KEIL\C51\LIB\C51L.LIB (?C?ULDIV)
  C:\PROGRAM FILES\KEIL\C51\LIB\C51L.LIB (?C?SLDIV)
  C:\PROGRAM FILES\KEIL\C51\LIB\C51L.LIB (?C?LNEG)
  C:\PROGRAM FILES\KEIL\C51\LIB\C51L.LIB (?C?ULCMP)
  C:\PROGRAM FILES\KEIL\C51\LIB\C51L.LIB (?C?ULSHR)
  C:\PROGRAM FILES\KEIL\C51\LIB\C51L.LIB (?C?LSHL)
  C:\PROGRAM FILES\KEIL\C51\LIB\C51L.LIB (?C?LSTXDATA)
  C:\PROGRAM FILES\KEIL\C51\LIB\C51L.LIB (?C?LSTKXDATA)
  C:\PROGRAM FILES\KEIL\C51\LIB\C51L.LIB (?C?OFFXADD)
  C:\PROGRAM FILES\KEIL\C51\LIB\C51L.LIB (?C?CCASE)
  C:\PROGRAM FILES\KEIL\C51\LIB\C51L.LIB (?C?ICASE)


LINK MAP OF MODULE:  debug (DEBUG)

BL51 BANKED LINKER/LOCATER V6.22                                                      06/20/2014  09:02:40  PAGE 2



            TYPE    BASE      LENGTH    RELOCATION   SEGMENT NAME
            -----------------------------------------------------

            * * * * * * *   D A T A   M E M O R Y   * * * * * * *
            REG     0000H     0008H     ABSOLUTE     "REG BANK 0"
            DATA    0008H     0002H     UNIT         _DATA_GROUP_
            DATA    000AH     0001H     UNIT         ?DT?WATCHDOG
            DATA    000BH     0001H     UNIT         ?DT?PROTO_USO
            IDATA   000CH     0006H     UNIT         ?ID?I2C
            IDATA   0012H     0003H     UNIT         ?ID?PROTO_USO
            IDATA   0015H     0001H     UNIT         ?STACK

            * * * * * * *  X D A T A   M E M O R Y  * * * * * * *
            XDATA   0000H     0271H     UNIT         ?XD?PROTO_USO
            XDATA   0271H     015FH     UNIT         ?XD?CHANNELS
            XDATA   03D0H     0132H     UNIT         ?XD?ADC
            XDATA   0502H     006BH     UNIT         ?XD?FREQUENCY
            XDATA   056DH     0030H     UNIT         ?XD?I2C
            XDATA   059DH     0028H     UNIT         ?XD?ULONGSORT
            XDATA   05C5H     001EH     UNIT         _XDATA_GROUP_
            XDATA   05E3H     0016H     UNIT         ?XD?WATCHDOG
            XDATA   05F9H     0010H     UNIT         ?XD?DEBUG
            XDATA   0609H     000DH     UNIT         ?XD?_STORE_DEV_ADDRESS_DESC?PROTO_USO
            XDATA   0616H     0008H     UNIT         ?XD?CHANNEL_SET_CALIBRATE?PROTO_USO
            XDATA   061EH     0006H     UNIT         ?XD?_OLD_PROTO_PASTE_NULL?PROTO_USO
            XDATA   0624H     0005H     UNIT         ?XD?_OLD_CRC_CHECK?PROTO_USO
            XDATA   0629H     0004H     UNIT         ?XD?_PROTOPROCESS?PROTO_USO
            XDATA   062DH     0004H     UNIT         ?XD?_FREQUENCY_MEASURE_PROCESS?FREQUENCY
            XDATA   0631H     0002H     UNIT         ?XD?OLD_CHANNEL_GET_DATA?PROTO_USO
            XDATA   0633H     0002H     UNIT         ?XD?OLD_CHANNEL_GET_DATA_STATE?PROTO_USO
            XDATA   0635H     0002H     UNIT         ?XD?OLD_CHANNEL_GET_STATE?PROTO_USO
            XDATA   0637H     0002H     UNIT         ?XD?RESTORE_DEV_ADDRESS_DESC?PROTO_USO
            XDATA   0639H     0001H     UNIT         ?XD?CHANNEL_SET_ADDRESS_DESC?PROTO_USO
            XDATA   063AH     0001H     UNIT         ?XD?_REQUEST_ERROR?PROTO_USO
            XDATA   063BH     0001H     UNIT         ?XD?OLD_CHANNEL_SET_ADC_RANGE?PROTO_USO

            * * * * * * *   C O D E   M E M O R Y   * * * * * * *
            CODE    0000H     0003H     ABSOLUTE     
            CODE    0003H     0003H     ABSOLUTE     
            CODE    0006H     0003H     UNIT         ?PR?NODE_FULL_INIT?PROTO_USO
                    0009H     0002H                  *** GAP ***
            CODE    000BH     0003H     ABSOLUTE     
            CODE    000EH     0003H     UNIT         ?PR?CHANNEL_LIST_INIT?PROTO_USO
                    0011H     0002H                  *** GAP ***
            CODE    0013H     0003H     ABSOLUTE     
            CODE    0016H     0003H     UNIT         ?PR?CHANNEL_GET_DATA?PROTO_USO
                    0019H     0002H                  *** GAP ***
            CODE    001BH     0003H     ABSOLUTE     
            CODE    001EH     0003H     UNIT         ?PR?CHANNEL_SET_ORDER_QUERY?PROTO_USO
                    0021H     0002H                  *** GAP ***
            CODE    0023H     0003H     ABSOLUTE     
            CODE    0026H     0003H     UNIT         ?PR?CHANNEL_GET_DATA_ORDER?PROTO_USO
                    0029H     0002H                  *** GAP ***
            CODE    002BH     0003H     ABSOLUTE     
            CODE    002EH     0003H     UNIT         ?PR?CHANNEL_SET_STATE?PROTO_USO
                    0031H     0002H                  *** GAP ***
BL51 BANKED LINKER/LOCATER V6.22                                                      06/20/2014  09:02:40  PAGE 3


            CODE    0033H     0003H     ABSOLUTE     
            CODE    0036H     072FH     UNIT         ?C?LIB_CODE
            CODE    0765H     03FAH     UNIT         ?PR?CHANNEL_ALL_GET_DATA?PROTO_USO
            CODE    0B5FH     03B8H     UNIT         ?PR?OLD_CHANNEL_GET_DATA_STATE?PROTO_USO
            CODE    0F17H     038CH     UNIT         ?PR?_I2C_PROCESS?I2C
            CODE    12A3H     0343H     UNIT         ?C_INITSEG
            CODE    15E6H     0330H     UNIT         ?PR?_ULONGSORT_PROCESS?ULONGSORT
            CODE    1916H     02FAH     UNIT         ?PR?OLD_CHANNEL_GET_DATA?PROTO_USO
            CODE    1C10H     02D2H     UNIT         ?PR?TIMER2_ISR?FREQUENCY
            CODE    1EE2H     0288H     UNIT         ?PR?_FREQUENCY_MEASURE_PROCESS?FREQUENCY
            CODE    216AH     024FH     UNIT         ?PR?_PROTOPROCESS?PROTO_USO
            CODE    23B9H     020EH     UNIT         ?PR?UART_ISR?PROTO_USO
            CODE    25C7H     01E8H     UNIT         ?PR?CHANNELS_SET_DEFAULT?CHANNELS
            CODE    27AFH     0189H     UNIT         ?PR?_STORE_DEV_ADDRESS_DESC?PROTO_USO
            CODE    2938H     0173H     UNIT         ?PR?OLD_CHANNEL_GET_STATE?PROTO_USO
            CODE    2AABH     016EH     UNIT         ?PR?OLD_CHANNEL_SET_ADC_RANGE?PROTO_USO
            CODE    2C19H     0167H     UNIT         ?PR?SEND_INFO?PROTO_USO
            CODE    2D80H     0161H     UNIT         ?PR?CHANNEL_SET_PARAMETERS?PROTO_USO
            CODE    2EE1H     0151H     UNIT         ?PR?_I2C_WRITE_BUF?I2C
            CODE    3032H     0136H     UNIT         ?PR?PROTOBUFHANDLING?PROTO_USO
            CODE    3168H     0132H     UNIT         ?PR?ADC_ISR?ADC
            CODE    329AH     0110H     UNIT         ?PR?_I2C_READ_BUF?I2C
            CODE    33AAH     010DH     UNIT         ?PR?_WDT_PROCESS?WATCHDOG
            CODE    34B7H     0107H     UNIT         ?PR?_OLD_PROTO_PASTE_NULL?PROTO_USO
            CODE    35BEH     0105H     UNIT         ?PR?CHANNEL_GET_CALIBRATE_VALUE?PROTO_USO
            CODE    36C3H     0100H     UNIT         ?CO?CRC_TABLE
            CODE    37C3H     00F1H     UNIT         ?PR?RESTORE_DEV_ADDRESS_DESC?PROTO_USO
            CODE    38B4H     00E5H     UNIT         ?PR?CHANNEL_SET_CALIBRATE?PROTO_USO
            CODE    3999H     00E3H     UNIT         ?PR?_EEPROM_WRITE?EEPROM
            CODE    3A7CH     00DFH     UNIT         ?PR?_EEPROM_READ?EEPROM
            CODE    3B5BH     00C6H     UNIT         ?PR?_I2C_READ_COMPLETE?I2C
            CODE    3C21H     00C3H     UNIT         ?PR?_CALIBRATE_SET_FLAG?CALIBRATE
            CODE    3CE4H     00C0H     UNIT         ?PR?FREQUENCY_INIT?FREQUENCY
            CODE    3DA4H     00BCH     UNIT         ?PR?_GETCALIBRATEVAL?CALIBRATE
            CODE    3E60H     00AEH     UNIT         ?PR?_I2C_REPEATREAD?DEBUG
            CODE    3F0EH     00A2H     UNIT         ?PR?_CALIBRATE?CALIBRATE
            CODE    3FB0H     009DH     UNIT         ?PR?ADC_RESTORE_SETTINGS?ADC
            CODE    404DH     009DH     UNIT         ?C_C51STARTUP
            CODE    40EAH     009DH     UNIT         ?PR?RESTORECALIBRATE?CALIBRATE
            CODE    4187H     0098H     UNIT         ?PR?CHANNELSINIT?CHANNELS
            CODE    421FH     0098H     UNIT         ?PR?RESTORE_CHANNELS_DATA?CHANNELS
            CODE    42B7H     0097H     UNIT         ?PR?MAIN?DEBUG
            CODE    434EH     0078H     UNIT         ?PR?CHANNEL_SET_ADDRESS_DESC?PROTO_USO
            CODE    43C6H     0076H     UNIT         ?PR?_OLD_CRC_CHECK?PROTO_USO
            CODE    443CH     006BH     UNIT         ?PR?STORE_CHANNELS_DATA?CHANNELS
            CODE    44A7H     006BH     UNIT         ?PR?INT2_ISR?FREQUENCY
            CODE    4512H     0065H     UNIT         ?PR?INT0_ISR?FREQUENCY
            CODE    4577H     0065H     UNIT         ?PR?INT1_ISR?FREQUENCY
            CODE    45DCH     005BH     UNIT         ?PR?_REQUEST_ERROR?PROTO_USO
            CODE    4637H     0059H     UNIT         ?PR?TIMER1_INTERRUPT?DEBUG
            CODE    4690H     0058H     UNIT         ?PR?CHANNELS_GET_SETTINGS_CRC?CHANNELS
            CODE    46E8H     0058H     UNIT         ?PR?CALIBRATE_GET_CRC?CALIBRATE
            CODE    4740H     004DH     UNIT         ?PR?CALIBRATE_SET_DEFAULT?CALIBRATE
            CODE    478DH     0044H     UNIT         ?C?LDIV
            CODE    47D1H     0039H     UNIT         ?PR?_WDT_INIT?WATCHDOG
            CODE    480AH     002DH     UNIT         ?PR?ADC_INITIALIZE?ADC
            CODE    4837H     0029H     UNIT         ?PR?_I2C_REPEAT_START_READ?I2C
BL51 BANKED LINKER/LOCATER V6.22                                                      06/20/2014  09:02:40  PAGE 4


            CODE    4860H     0023H     UNIT         ?PR?PROTOCOL_INIT?PROTO_USO
            CODE    4883H     0023H     UNIT         ?PR?_CRC_CHECK?CRC_TABLE
            CODE    48A6H     0016H     UNIT         ?PR?I2C_INIT?I2C
            CODE    48BCH     0015H     UNIT         ?PR?_ADC_OUT_FREQ?ADC
            CODE    48D1H     0014H     UNIT         ?PR?TIMER2_INITIALIZE?TIMER2
            CODE    48E5H     0013H     UNIT         ?PR?CHANNEL_SET_RESET_STATE_FLAGS?PROTO_USO
            CODE    48F8H     0012H     UNIT         ?PR?UART_INIT?TIMER3
            CODE    490AH     0011H     UNIT         ?PR?TIMER0_INITIALIZE?TIMER0
            CODE    491BH     0011H     UNIT         ?PR?TIMER1_INITIALIZE?TIMER1
            CODE    492CH     000CH     UNIT         ?PR?CHANNEL_SET_ALL_DEFAULT?PROTO_USO
            CODE    4938H     000AH     UNIT         ?PR?WDT_CLEAR?WATCHDOG
            CODE    4942H     0007H     UNIT         ?PR?_ADC_SET_MODE?ADC
            CODE    4949H     0003H     UNIT         ?PR?CHANNEL_GET_DATA_ORDER_M2?PROTO_USO
            CODE    494CH     0003H     UNIT         ?PR?OLD_REINIT_BLOCK?PROTO_USO



OVERLAY MAP OF MODULE:   debug (DEBUG)


SEGMENT                                            DATA_GROUP          XDATA_GROUP
  +--> CALLED SEGMENT                            START    LENGTH     START    LENGTH
------------------------------------------------------------------------------------
?C_C51STARTUP                                    -----    -----      -----    -----
  +--> ?PR?MAIN?DEBUG
  +--> ?C_INITSEG

?PR?MAIN?DEBUG                                   -----    -----      -----    -----
  +--> ?PR?RESTORECALIBRATE?CALIBRATE
  +--> ?PR?CHANNELSINIT?CHANNELS
  +--> ?PR?PROTOCOL_INIT?PROTO_USO
  +--> ?PR?TIMER1_INITIALIZE?TIMER1
  +--> ?PR?ADC_INITIALIZE?ADC
  +--> ?PR?UART_INIT?TIMER3
  +--> ?PR?FREQUENCY_INIT?FREQUENCY
  +--> ?PR?_WDT_INIT?WATCHDOG
  +--> ?PR?I2C_INIT?I2C
  +--> ?PR?_I2C_REPEAT_START_READ?I2C
  +--> ?PR?_PROTOPROCESS?PROTO_USO
  +--> ?PR?_I2C_REPEATREAD?DEBUG
  +--> ?PR?_FREQUENCY_MEASURE_PROCESS?FREQUENCY
  +--> ?PR?_ULONGSORT_PROCESS?ULONGSORT
  +--> ?PR?_I2C_PROCESS?I2C
  +--> ?PR?_WDT_PROCESS?WATCHDOG

?PR?RESTORECALIBRATE?CALIBRATE                   -----    -----      05C5H    0009H
  +--> ?PR?_EEPROM_READ?EEPROM
  +--> ?PR?CALIBRATE_GET_CRC?CALIBRATE
  +--> ?PR?CALIBRATE_SET_DEFAULT?CALIBRATE

?PR?_EEPROM_READ?EEPROM                          -----    -----      05CEH    000AH

?PR?CALIBRATE_GET_CRC?CALIBRATE                  -----    -----      05D9H    0003H
  +--> ?CO?CRC_TABLE

?PR?CALIBRATE_SET_DEFAULT?CALIBRATE              -----    -----      05CEH    0005H
  +--> ?PR?_CALIBRATE_SET_FLAG?CALIBRATE
BL51 BANKED LINKER/LOCATER V6.22                                                      06/20/2014  09:02:40  PAGE 5


  +--> ?PR?CALIBRATE_GET_CRC?CALIBRATE
  +--> ?PR?_EEPROM_WRITE?EEPROM

?PR?_CALIBRATE_SET_FLAG?CALIBRATE                -----    -----      05D3H    0006H
  +--> ?PR?_EEPROM_WRITE?EEPROM
  +--> ?PR?CALIBRATE_GET_CRC?CALIBRATE

?PR?_EEPROM_WRITE?EEPROM                         -----    -----      05D9H    000AH

?PR?CHANNELSINIT?CHANNELS                        -----    -----      -----    -----
  +--> ?PR?RESTORE_CHANNELS_DATA?CHANNELS

?PR?RESTORE_CHANNELS_DATA?CHANNELS               -----    -----      05C5H    0009H
  +--> ?PR?_EEPROM_READ?EEPROM
  +--> ?PR?CHANNELS_GET_SETTINGS_CRC?CHANNELS
  +--> ?PR?CHANNELS_SET_DEFAULT?CHANNELS

?PR?CHANNELS_GET_SETTINGS_CRC?CHANNELS           -----    -----      05D3H    0003H
  +--> ?CO?CRC_TABLE

?PR?CHANNELS_SET_DEFAULT?CHANNELS                -----    -----      -----    -----
  +--> ?PR?STORE_CHANNELS_DATA?CHANNELS

?PR?STORE_CHANNELS_DATA?CHANNELS                 -----    -----      05CEH    0005H
  +--> ?PR?_EEPROM_WRITE?EEPROM
  +--> ?PR?CHANNELS_GET_SETTINGS_CRC?CHANNELS

?PR?PROTOCOL_INIT?PROTO_USO                      -----    -----      -----    -----
  +--> ?PR?RESTORE_DEV_ADDRESS_DESC?PROTO_USO

?PR?RESTORE_DEV_ADDRESS_DESC?PROTO_USO           -----    -----      -----    -----
  +--> ?PR?_EEPROM_READ?EEPROM

?PR?ADC_INITIALIZE?ADC                           -----    -----      -----    -----
  +--> ?PR?ADC_RESTORE_SETTINGS?ADC
  +--> ?PR?_ADC_SET_MODE?ADC
  +--> ?PR?_ADC_OUT_FREQ?ADC

?PR?ADC_RESTORE_SETTINGS?ADC                     -----    -----      05C5H    0002H

?PR?FREQUENCY_INIT?FREQUENCY                     -----    -----      05C5H    0001H
  +--> ?PR?TIMER0_INITIALIZE?TIMER0
  +--> ?PR?TIMER2_INITIALIZE?TIMER2

?PR?_I2C_REPEAT_START_READ?I2C                   -----    -----      05C9H    0009H

?PR?_PROTOPROCESS?PROTO_USO                      -----    -----      -----    -----
  +--> ?PR?_CRC_CHECK?CRC_TABLE
  +--> ?PR?_OLD_CRC_CHECK?PROTO_USO
  +--> ?PR?PROTOBUFHANDLING?PROTO_USO

?PR?_CRC_CHECK?CRC_TABLE                         -----    -----      -----    -----
  +--> ?CO?CRC_TABLE

?PR?PROTOBUFHANDLING?PROTO_USO                   -----    -----      -----    -----
  +--> ?PR?SEND_INFO?PROTO_USO
  +--> ?PR?NODE_FULL_INIT?PROTO_USO
BL51 BANKED LINKER/LOCATER V6.22                                                      06/20/2014  09:02:40  PAGE 6


  +--> ?PR?CHANNEL_LIST_INIT?PROTO_USO
  +--> ?PR?CHANNEL_GET_DATA?PROTO_USO
  +--> ?PR?CHANNEL_SET_PARAMETERS?PROTO_USO
  +--> ?PR?CHANNEL_SET_ORDER_QUERY?PROTO_USO
  +--> ?PR?CHANNEL_GET_DATA_ORDER?PROTO_USO
  +--> ?PR?CHANNEL_SET_STATE?PROTO_USO
  +--> ?PR?CHANNEL_GET_DATA_ORDER_M2?PROTO_USO
  +--> ?PR?CHANNEL_SET_RESET_STATE_FLAGS?PRO...
  +--> ?PR?CHANNEL_ALL_GET_DATA?PROTO_USO
  +--> ?PR?CHANNEL_SET_ADDRESS_DESC?PROTO_USO
  +--> ?PR?CHANNEL_SET_CALIBRATE?PROTO_USO
  +--> ?PR?CHANNEL_SET_ALL_DEFAULT?PROTO_USO
  +--> ?PR?CHANNEL_GET_CALIBRATE_VALUE?PROTO...
  +--> ?PR?_REQUEST_ERROR?PROTO_USO
  +--> ?PR?OLD_REINIT_BLOCK?PROTO_USO
  +--> ?PR?OLD_CHANNEL_SET_ADC_RANGE?PROTO_USO
  +--> ?PR?OLD_CHANNEL_GET_STATE?PROTO_USO
  +--> ?PR?OLD_CHANNEL_GET_DATA?PROTO_USO
  +--> ?PR?OLD_CHANNEL_GET_DATA_STATE?PROTO_USO

?PR?SEND_INFO?PROTO_USO                          -----    -----      -----    -----
  +--> ?PR?_CRC_CHECK?CRC_TABLE

?PR?CHANNEL_SET_PARAMETERS?PROTO_USO             -----    -----      05C5H    0001H
  +--> ?PR?_REQUEST_ERROR?PROTO_USO
  +--> ?PR?STORE_CHANNELS_DATA?CHANNELS

?PR?_REQUEST_ERROR?PROTO_USO                     -----    -----      -----    -----
  +--> ?PR?_CRC_CHECK?CRC_TABLE

?PR?CHANNEL_SET_RESET_STATE_FLAGS?PRO...         -----    -----      -----    -----
  +--> ?PR?CHANNELSINIT?CHANNELS
  +--> ?PR?_REQUEST_ERROR?PROTO_USO

?PR?CHANNEL_ALL_GET_DATA?PROTO_USO               0008H    0002H      -----    -----
  +--> ?PR?_CRC_CHECK?CRC_TABLE

?PR?CHANNEL_SET_ADDRESS_DESC?PROTO_USO           -----    -----      -----    -----
  +--> ?PR?_STORE_DEV_ADDRESS_DESC?PROTO_USO
  +--> ?PR?_REQUEST_ERROR?PROTO_USO

?PR?_STORE_DEV_ADDRESS_DESC?PROTO_USO            -----    -----      -----    -----
  +--> ?PR?_EEPROM_WRITE?EEPROM

?PR?CHANNEL_SET_CALIBRATE?PROTO_USO              -----    -----      -----    -----
  +--> ?PR?_CALIBRATE?CALIBRATE
  +--> ?PR?_CALIBRATE_SET_FLAG?CALIBRATE
  +--> ?PR?_REQUEST_ERROR?PROTO_USO

?PR?_CALIBRATE?CALIBRATE                         -----    -----      05C5H    000DH
  +--> ?PR?_EEPROM_WRITE?EEPROM
  +--> ?PR?CALIBRATE_GET_CRC?CALIBRATE

?PR?CHANNEL_SET_ALL_DEFAULT?PROTO_USO            -----    -----      -----    -----
  +--> ?PR?CHANNELS_SET_DEFAULT?CHANNELS
  +--> ?PR?CALIBRATE_SET_DEFAULT?CALIBRATE
  +--> ?PR?_REQUEST_ERROR?PROTO_USO
BL51 BANKED LINKER/LOCATER V6.22                                                      06/20/2014  09:02:40  PAGE 7



?PR?CHANNEL_GET_CALIBRATE_VALUE?PROTO...         -----    -----      -----    -----
  +--> ?PR?_REQUEST_ERROR?PROTO_USO
  +--> ?PR?_CRC_CHECK?CRC_TABLE

?PR?OLD_CHANNEL_GET_STATE?PROTO_USO              -----    -----      -----    -----
  +--> ?PR?_OLD_PROTO_PASTE_NULL?PROTO_USO
  +--> ?PR?_OLD_CRC_CHECK?PROTO_USO

?PR?OLD_CHANNEL_GET_DATA?PROTO_USO               -----    -----      -----    -----
  +--> ?PR?_OLD_PROTO_PASTE_NULL?PROTO_USO
  +--> ?PR?_OLD_CRC_CHECK?PROTO_USO

?PR?OLD_CHANNEL_GET_DATA_STATE?PROTO_USO         -----    -----      -----    -----
  +--> ?PR?_OLD_PROTO_PASTE_NULL?PROTO_USO
  +--> ?PR?_OLD_CRC_CHECK?PROTO_USO

?PR?_I2C_REPEATREAD?DEBUG                        -----    -----      05C5H    0004H
  +--> ?PR?_I2C_REPEAT_START_READ?I2C

?PR?_ULONGSORT_PROCESS?ULONGSORT                 -----    -----      05C5H    0004H
  +--> ?PR?_GETCALIBRATEVAL?CALIBRATE

?PR?_GETCALIBRATEVAL?CALIBRATE                   -----    -----      05C9H    0009H

?PR?_I2C_PROCESS?I2C                             -----    -----      05C5H    0004H
  +--> ?PR?_I2C_WRITE_BUF?I2C
  +--> ?PR?_I2C_READ_BUF?I2C
  +--> ?PR?_I2C_READ_COMPLETE?I2C

?PR?_I2C_WRITE_BUF?I2C                           -----    -----      05C9H    0008H

?PR?_I2C_READ_BUF?I2C                            -----    -----      05C9H    0008H

?PR?_I2C_READ_COMPLETE?I2C                       -----    -----      05C9H    0004H
  +--> ?PR?_CRC_CHECK?CRC_TABLE

?PR?_WDT_PROCESS?WATCHDOG                        -----    -----      05C5H    0006H
  +--> ?PR?WDT_CLEAR?WATCHDOG



SYMBOL TABLE OF MODULE:  debug (DEBUG)

  VALUE           TYPE          NAME
  ----------------------------------

  -------         MODULE        DEBUG
  C:0000H         SYMBOL        _ICE_DUMMY_
  D:0088H         PUBLIC        TCON
  D:008BH         PUBLIC        TL1
  D:008DH         PUBLIC        TH1
  D:0098H         PUBLIC        SCON
  D:00A0H         PUBLIC        P2
  D:00A8H         PUBLIC        IE
  D:00B0H         PUBLIC        P3
  D:00B8H         PUBLIC        IP
BL51 BANKED LINKER/LOCATER V6.22                                                      06/20/2014  09:02:40  PAGE 8


  D:00C0H         PUBLIC        WDCON
  D:00C8H         PUBLIC        T2CON
  D:00D0H         PUBLIC        PSW
  D:00D7H         PUBLIC        PLLCON
  D:00D8H         PUBLIC        ADCSTAT
  D:00E8H         PUBLIC        I2CCON
  D:00E8H         PUBLIC        DCON
  D:00F8H         PUBLIC        SPICON
  B:00A8H.7       PUBLIC        EA
  X:05F9H         PUBLIC        pt_i2c_read
  X:05FDH         PUBLIC        pt_freq_measure
  X:0601H         PUBLIC        pt_sort
  X:0605H         PUBLIC        pt_i2c_process
  C:3E60H         PUBLIC        _I2C_RepeatRead
  C:42B7H         PUBLIC        main
  C:4637H         PUBLIC        Timer1_Interrupt
  -------         PROC          MAIN
  C:42B7H         LINE#         34
  C:42B7H         LINE#         35
  C:42B7H         LINE#         36
  C:42B9H         LINE#         39
  C:42BCH         LINE#         41
  C:42BFH         LINE#         43
  C:42C2H         LINE#         44
  C:42C5H         LINE#         45
  C:42C8H         LINE#         46
  C:42CBH         LINE#         47
  C:42CEH         LINE#         48
  C:42D1H         LINE#         50
  C:42D6H         LINE#         51
  C:42D9H         LINE#         55
  C:42E0H         LINE#         56
  C:42E6H         LINE#         57
  C:42ECH         LINE#         58
  C:42F2H         LINE#         60
  C:42F4H         LINE#         62
  C:42F7H         LINE#         64
  C:4315H         LINE#         65
  C:4315H         LINE#         66
  C:4315H         LINE#         67
  C:431EH         LINE#         68
  C:4327H         LINE#         69
  C:4330H         LINE#         70
  C:4339H         LINE#         71
  C:4342H         LINE#         72
  C:434BH         LINE#         73
  -------         ENDPROC       MAIN
  -------         PROC          _I2C_REPEATREAD
  X:05C5H         SYMBOL        pt
  -------         DO            
  X:05C8H         SYMBOL        PT_YIELD_FLAG
  -------         ENDDO         
  C:3E60H         LINE#         78
  C:3E6BH         LINE#         79
  C:3E6BH         LINE#         80
  C:3E70H         LINE#         82
  C:3E88H         LINE#         84
BL51 BANKED LINKER/LOCATER V6.22                                                      06/20/2014  09:02:40  PAGE 9


  C:3E88H         LINE#         85
  C:3E88H         LINE#         86
  C:3EC6H         LINE#         87
  C:3EE5H         LINE#         89
  C:3EF3H         LINE#         90
  C:3EF5H         LINE#         91
  C:3F0DH         LINE#         93
  -------         ENDPROC       _I2C_REPEATREAD
  -------         PROC          TIMER1_INTERRUPT
  C:4637H         LINE#         95
  C:463DH         LINE#         98
  C:4640H         LINE#         99
  C:4643H         LINE#         100
  C:4651H         LINE#         101
  C:465FH         LINE#         102
  C:466DH         LINE#         103
  C:467BH         LINE#         104
  C:4689H         LINE#         106
  -------         ENDPROC       TIMER1_INTERRUPT
  -------         ENDMOD        DEBUG

  -------         MODULE        TIMER3
  C:0000H         SYMBOL        _ICE_DUMMY_
  D:0088H         PUBLIC        TCON
  D:0098H         PUBLIC        SCON
  D:009DH         PUBLIC        T3FD
  D:009EH         PUBLIC        T3CON
  D:00A0H         PUBLIC        P2
  D:00A8H         PUBLIC        IE
  D:00B0H         PUBLIC        P3
  D:00B8H         PUBLIC        IP
  D:00C0H         PUBLIC        WDCON
  D:00C8H         PUBLIC        T2CON
  D:00D0H         PUBLIC        PSW
  D:00D8H         PUBLIC        ADCSTAT
  D:00E8H         PUBLIC        I2CCON
  D:00E8H         PUBLIC        DCON
  D:00F8H         PUBLIC        SPICON
  B:00A8H.4       PUBLIC        ES
  B:00B8H.4       PUBLIC        PS
  B:0098H.1       PUBLIC        TI
  B:0098H.0       PUBLIC        RI
  C:48F8H         PUBLIC        UART_Init
  -------         PROC          UART_INIT
  C:48F8H         LINE#         3
  C:48F8H         LINE#         4
  C:48F8H         LINE#         6
  C:48FBH         LINE#         8
  C:48FEH         LINE#         9
  C:4901H         LINE#         10
  C:4903H         LINE#         11
  C:4905H         LINE#         12
  C:4907H         LINE#         13
  C:4909H         LINE#         15
  -------         ENDPROC       UART_INIT
  -------         ENDMOD        TIMER3

BL51 BANKED LINKER/LOCATER V6.22                                                      06/20/2014  09:02:40  PAGE 10


  -------         MODULE        ADC
  C:0000H         SYMBOL        _ICE_DUMMY_
  D:0088H         PUBLIC        TCON
  D:0098H         PUBLIC        SCON
  D:00A0H         PUBLIC        P2
  D:00A8H         PUBLIC        IE
  D:00B0H         PUBLIC        P3
  D:00B8H         PUBLIC        IP
  D:00C0H         PUBLIC        WDCON
  D:00C8H         PUBLIC        T2CON
  D:00D0H         PUBLIC        PSW
  D:00D1H         PUBLIC        ADCMODE
  D:00D2H         PUBLIC        ADC0CON1
  D:00D4H         PUBLIC        SF
  D:00D8H         PUBLIC        ADCSTAT
  D:00D9H         PUBLIC        ADC0L
  D:00DAH         PUBLIC        ADC0M
  D:00DBH         PUBLIC        ADC0H
  D:00E6H         PUBLIC        ADC0CON2
  D:00E8H         PUBLIC        I2CCON
  D:00E8H         PUBLIC        DCON
  D:00F8H         PUBLIC        SPICON
  B:00A8H.6       PUBLIC        EADC
  B:00D8H.7       PUBLIC        RDY0
  X:03D2H         PUBLIC        adc_channels
  C:480AH         PUBLIC        ADC_Initialize
  C:3168H         PUBLIC        ADC_ISR
  C:4942H         PUBLIC        _ADC_Set_Mode
  C:48BCH         PUBLIC        _ADC_Out_Freq
  C:3FB0H         PUBLIC        ADC_Restore_Settings
  -------         PROC          ADC_INITIALIZE
  C:480AH         LINE#         6
  C:480AH         LINE#         7
  C:480AH         LINE#         8
  C:480DH         LINE#         9
  C:4810H         LINE#         10
  C:4813H         LINE#         16
  C:4816H         LINE#         17
  C:4819H         LINE#         18
  C:481CH         LINE#         20
  C:481FH         LINE#         21
  C:4822H         LINE#         31
  C:4825H         LINE#         32
  C:482AH         LINE#         34
  C:4831H         LINE#         37
  C:4833H         LINE#         39
  C:4836H         LINE#         42
  -------         ENDPROC       ADC_INITIALIZE
  -------         PROC          ADC_ISR
  -------         DO            
  X:03D0H         SYMBOL        current_channel
  X:03D1H         SYMBOL        current_buf_item
  -------         ENDDO         
  C:3168H         LINE#         44
  C:3178H         LINE#         49
  C:3180H         LINE#         50
  C:3195H         LINE#         52
BL51 BANKED LINKER/LOCATER V6.22                                                      06/20/2014  09:02:40  PAGE 11


  C:31B9H         LINE#         53
  C:31D6H         LINE#         54
  C:31FBH         LINE#         55
  C:3218H         LINE#         57
  C:3231H         LINE#         58
  C:3247H         LINE#         61
  C:3253H         LINE#         62
  C:3272H         LINE#         63
  C:3287H         LINE#         66
  C:3289H         LINE#         68
  -------         ENDPROC       ADC_ISR
  -------         PROC          _ADC_SET_MODE
  D:0007H         SYMBOL        mode
  C:4942H         LINE#         70
  C:4942H         LINE#         71
  C:4942H         LINE#         72
  C:4945H         LINE#         73
  C:4948H         LINE#         75
  -------         ENDPROC       _ADC_SET_MODE
  -------         PROC          _ADC_OUT_FREQ
  D:0006H         SYMBOL        freq
  C:48BCH         LINE#         77
  C:48BCH         LINE#         78
  C:48BCH         LINE#         79
  C:48D0H         LINE#         81
  -------         ENDPROC       _ADC_OUT_FREQ
  -------         PROC          ADC_RESTORE_SETTINGS
  -------         DO            
  X:05C5H         SYMBOL        i
  X:05C6H         SYMBOL        j
  -------         ENDDO         
  C:3FB0H         LINE#         83
  C:3FB0H         LINE#         84
  C:3FB0H         LINE#         85
  C:3FB7H         LINE#         86
  C:3FC8H         LINE#         87
  C:3FC8H         LINE#         88
  C:3FD9H         LINE#         89
  C:3FEAH         LINE#         90
  C:3FFCH         LINE#         91
  C:400DH         LINE#         93
  C:401BH         LINE#         94
  C:401BH         LINE#         95
  C:403BH         LINE#         96
  C:4043H         LINE#         97
  C:404CH         LINE#         99
  -------         ENDPROC       ADC_RESTORE_SETTINGS
  -------         ENDMOD        ADC

  -------         MODULE        EEPROM
  C:0000H         SYMBOL        _ICE_DUMMY_
  D:0088H         PUBLIC        TCON
  D:0098H         PUBLIC        SCON
  D:00A0H         PUBLIC        P2
  D:00A8H         PUBLIC        IE
  D:00B0H         PUBLIC        P3
  D:00B8H         PUBLIC        IP
BL51 BANKED LINKER/LOCATER V6.22                                                      06/20/2014  09:02:40  PAGE 12


  D:00B9H         PUBLIC        ECON
  D:00BCH         PUBLIC        EDATA1
  D:00BDH         PUBLIC        EDATA2
  D:00BEH         PUBLIC        EDATA3
  D:00BFH         PUBLIC        EDATA4
  D:00C0H         PUBLIC        WDCON
  D:00C8H         PUBLIC        T2CON
  D:00D0H         PUBLIC        PSW
  D:00D8H         PUBLIC        ADCSTAT
  D:00E8H         PUBLIC        I2CCON
  D:00E8H         PUBLIC        DCON
  D:00F8H         PUBLIC        SPICON
  B:00A8H.7       PUBLIC        EA
  D:00C6H         PUBLIC        EADR
  C:3A7CH         PUBLIC        _EEPROM_Read
  C:3999H         PUBLIC        _EEPROM_Write
  -------         PROC          _EEPROM_WRITE
  D:0001H         SYMBOL        buffer
  X:05DCH         SYMBOL        len
  X:05DEH         SYMBOL        addr
  -------         DO            
  X:05E0H         SYMBOL        i
  D:0001H         SYMBOL        buf
  X:05E2H         SYMBOL        ea_temp
  -------         ENDDO         
  C:3999H         LINE#         4
  C:39A1H         LINE#         5
  C:39A1H         LINE#         7
  C:39A8H         LINE#         10
  C:39AAH         LINE#         12
  C:39C1H         LINE#         13
  C:39C5H         LINE#         15
  C:39C5H         LINE#         17
  C:39E4H         LINE#         18
  C:39E4H         LINE#         19
  C:39ECH         LINE#         20
  C:39EEH         LINE#         22
  C:3A08H         LINE#         23
  C:3A12H         LINE#         24
  C:3A2EH         LINE#         25
  C:3A3AH         LINE#         27
  C:3A46H         LINE#         29
  C:3A49H         LINE#         30
  C:3A4CH         LINE#         32
  C:3A54H         LINE#         34
  C:3A62H         LINE#         35
  C:3A73H         LINE#         37
  C:3A7BH         LINE#         38
  -------         ENDPROC       _EEPROM_WRITE
  -------         PROC          _EEPROM_READ
  D:0001H         SYMBOL        buffer
  X:05D1H         SYMBOL        len
  X:05D3H         SYMBOL        addr
  -------         DO            
  X:05D5H         SYMBOL        i
  D:0001H         SYMBOL        buf
  X:05D7H         SYMBOL        ea_temp
BL51 BANKED LINKER/LOCATER V6.22                                                      06/20/2014  09:02:40  PAGE 13


  -------         ENDDO         
  C:3A7CH         LINE#         40
  C:3A84H         LINE#         41
  C:3A84H         LINE#         44
  C:3A8BH         LINE#         47
  C:3A8DH         LINE#         49
  C:3AA4H         LINE#         50
  C:3AA8H         LINE#         52
  C:3AA8H         LINE#         54
  C:3AC7H         LINE#         55
  C:3AC7H         LINE#         56
  C:3ACFH         LINE#         57
  C:3AD1H         LINE#         59
  C:3ADDH         LINE#         60
  C:3AE0H         LINE#         62
  C:3AFCH         LINE#         63
  C:3B06H         LINE#         64
  C:3B1FH         LINE#         65
  C:3B2BH         LINE#         67
  C:3B33H         LINE#         69
  C:3B41H         LINE#         70
  C:3B52H         LINE#         72
  C:3B5AH         LINE#         73
  -------         ENDPROC       _EEPROM_READ
  -------         ENDMOD        EEPROM

  -------         MODULE        WATCHDOG
  C:0000H         SYMBOL        _ICE_DUMMY_
  D:0088H         PUBLIC        TCON
  D:0098H         PUBLIC        SCON
  D:00A0H         PUBLIC        P2
  D:00A8H         PUBLIC        IE
  D:00B0H         PUBLIC        P3
  D:00B8H         PUBLIC        IP
  D:00C0H         PUBLIC        WDCON
  D:00C8H         PUBLIC        T2CON
  D:00D0H         PUBLIC        PSW
  D:00D8H         PUBLIC        ADCSTAT
  D:00E8H         PUBLIC        I2CCON
  D:00E8H         PUBLIC        DCON
  D:00F8H         PUBLIC        SPICON
  B:00A8H.7       PUBLIC        EA
  B:00C0H.0       PUBLIC        WDWR
  X:05E3H         PUBLIC        wdt_count
  C:47D1H         PUBLIC        _WDT_Init
  C:4938H         PUBLIC        WDT_Clear
  C:33AAH         PUBLIC        _WDT_Process
  D:000AH         PUBLIC        wdt_intval
  X:05F5H         PUBLIC        pt_wdt
  -------         PROC          _WDT_INIT
  D:0007H         SYMBOL        interval
  -------         DO            
  D:0006H         SYMBOL        i
  -------         ENDDO         
  C:47D1H         LINE#         8
  C:47D1H         LINE#         9
  C:47D1H         LINE#         10
BL51 BANKED LINKER/LOCATER V6.22                                                      06/20/2014  09:02:40  PAGE 14


  C:47D3H         LINE#         12
  C:47D5H         LINE#         13
  C:47D7H         LINE#         14
  C:47DAH         LINE#         30
  C:47DAH         LINE#         31
  C:47DAH         LINE#         32
  C:47ECH         LINE#         33
  C:47FDH         LINE#         34
  C:4802H         LINE#         36
  C:4809H         LINE#         38
  -------         ENDPROC       _WDT_INIT
  -------         PROC          WDT_CLEAR
  C:4938H         LINE#         40
  C:4938H         LINE#         41
  C:4938H         LINE#         42
  C:493AH         LINE#         44
  C:493CH         LINE#         45
  C:493FH         LINE#         47
  C:4941H         LINE#         49
  -------         ENDPROC       WDT_CLEAR
  -------         PROC          _WDT_PROCESS
  X:05C5H         SYMBOL        pt
  -------         DO            
  X:05C8H         SYMBOL        i
  X:05C9H         SYMBOL        process_error
  -------         DO            
  X:05CAH         SYMBOL        PT_YIELD_FLAG
  -------         ENDDO         
  -------         ENDDO         
  C:33AAH         LINE#         51
  C:33B5H         LINE#         52
  C:33B5H         LINE#         54
  C:33BAH         LINE#         55
  C:33BEH         LINE#         57
  C:33E7H         LINE#         59
  C:33E7H         LINE#         60
  C:33E7H         LINE#         61
  C:3425H         LINE#         62
  C:342AH         LINE#         64
  C:3438H         LINE#         66
  C:343DH         LINE#         67
  C:343DH         LINE#         68
  C:3469H         LINE#         69
  C:3469H         LINE#         70
  C:346EH         LINE#         71
  C:3470H         LINE#         72
  C:3470H         LINE#         74
  C:3470H         LINE#         75
  C:3485H         LINE#         76
  C:3485H         LINE#         77
  C:348FH         LINE#         79
  C:3498H         LINE#         80
  C:3498H         LINE#         81
  C:349BH         LINE#         82
  C:349BH         LINE#         83
  C:349EH         LINE#         84
  C:34B6H         LINE#         85
BL51 BANKED LINKER/LOCATER V6.22                                                      06/20/2014  09:02:40  PAGE 15


  -------         ENDPROC       _WDT_PROCESS
  -------         ENDMOD        WATCHDOG

  -------         MODULE        PROTO_USO
  C:0000H         SYMBOL        _ICE_DUMMY_
  D:0088H         PUBLIC        TCON
  D:0098H         PUBLIC        SCON
  D:0099H         PUBLIC        SBUF
  D:00A0H         PUBLIC        P2
  D:00A8H         PUBLIC        IE
  D:00B0H         PUBLIC        P3
  D:00B8H         PUBLIC        IP
  D:00C0H         PUBLIC        WDCON
  D:00C8H         PUBLIC        T2CON
  D:00D0H         PUBLIC        PSW
  D:00D8H         PUBLIC        ADCSTAT
  D:00E8H         PUBLIC        I2CCON
  D:00E8H         PUBLIC        DCON
  D:00F8H         PUBLIC        SPICON
  B:00D0H.7       PUBLIC        CY
  B:00A8H.7       PUBLIC        EA
  B:00A8H.4       PUBLIC        ES
  B:0098H.4       PUBLIC        REN
  B:0098H.1       PUBLIC        TI
  B:0098H.0       PUBLIC        RI
  C:23B9H         PUBLIC        UART_ISR
  C:4860H         PUBLIC        Protocol_Init
  C:2C19H         PUBLIC        Send_Info
  C:0006H         PUBLIC        Node_Full_Init
  C:000EH         PUBLIC        Channel_List_Init
  C:0016H         PUBLIC        Channel_Get_Data
  C:2D80H         PUBLIC        Channel_Set_Parameters
  C:001EH         PUBLIC        Channel_Set_Order_Query
  C:0026H         PUBLIC        Channel_Get_Data_Order
  C:002EH         PUBLIC        Channel_Set_State
  C:4949H         PUBLIC        Channel_Get_Data_Order_M2
  C:48E5H         PUBLIC        Channel_Set_Reset_State_Flags
  C:0765H         PUBLIC        Channel_All_Get_Data
  C:434EH         PUBLIC        Channel_Set_Address_Desc
  C:38B4H         PUBLIC        Channel_Set_Calibrate
  C:492CH         PUBLIC        Channel_Set_All_Default
  C:35BEH         PUBLIC        Channel_Get_Calibrate_Value
  C:45DCH         PUBLIC        _Request_Error
  C:43C6H         PUBLIC        _Old_CRC_Check
  C:1916H         PUBLIC        Old_Channel_Get_Data
  C:0B5FH         PUBLIC        Old_Channel_Get_Data_State
  C:2938H         PUBLIC        Old_Channel_Get_State
  C:494CH         PUBLIC        Old_Reinit_Block
  C:2AABH         PUBLIC        Old_Channel_Set_ADC_Range
  C:34B7H         PUBLIC        _Old_Proto_Paste_Null
  C:3032H         PUBLIC        ProtoBufHandling
  C:216AH         PUBLIC        _ProtoProcess
  C:27AFH         PUBLIC        _Store_Dev_Address_Desc
  C:37C3H         PUBLIC        Restore_Dev_Address_Desc
  B:00B0H.5       PUBLIC        DE_RE
  X:0001H         PUBLIC        DEV_NAME
  X:0015H         PUBLIC        NOTICE
BL51 BANKED LINKER/LOCATER V6.22                                                      06/20/2014  09:02:40  PAGE 16


  X:003DH         PUBLIC        VERSION
  X:0045H         PUBLIC        ADRESS_DEV
  X:0046H         PUBLIC        dev_desc_len
  I:0012H         PUBLIC        RECIEVED
  X:0047H         PUBLIC        recieve_count
  X:0048H         PUBLIC        transf_count
  X:0049H         PUBLIC        buf_len
  I:0013H         PUBLIC        CUT_OUT_NULL
  X:004AH         PUBLIC        frame_len
  X:004BH         PUBLIC        RecieveBuf
  X:0159H         PUBLIC        TransferBuf
  X:0267H         PUBLIC        STATE_BYTE
  I:0014H         PUBLIC        symbol
  X:0268H         PUBLIC        protocol_type
  X:0269H         PUBLIC        pt_proto
  X:026DH         PUBLIC        sym_8_to_float
  -------         PROC          UART_ISR
  C:23B9H         LINE#         53
  C:23CAH         LINE#         55
  C:23CCH         LINE#         57
  C:23D2H         LINE#         58
  C:23D2H         LINE#         59
  C:23D4H         LINE#         61
  C:23E1H         LINE#         62
  C:23E1H         LINE#         63
  C:23EBH         LINE#         65
  C:23EBH         LINE#         68
  C:23EFH         LINE#         69
  C:23F4H         LINE#         70
  C:2408H         LINE#         71
  C:2408H         LINE#         72
  C:2408H         LINE#         73
  C:2408H         LINE#         74
  C:241BH         LINE#         75
  C:2421H         LINE#         76
  C:2424H         LINE#         77
  C:2424H         LINE#         78
  C:2427H         LINE#         80
  C:2427H         LINE#         81
  C:2427H         LINE#         82
  C:242DH         LINE#         83
  C:242DH         LINE#         84
  C:2432H         LINE#         85
  C:2436H         LINE#         86
  C:243AH         LINE#         87
  C:2440H         LINE#         88
  C:2445H         LINE#         89
  C:2447H         LINE#         91
  C:2447H         LINE#         92
  C:245AH         LINE#         93
  C:2460H         LINE#         94
  C:2460H         LINE#         95
  C:2464H         LINE#         96
  C:2464H         LINE#         97
  C:2467H         LINE#         99
  C:2467H         LINE#         100
  C:2467H         LINE#         101
BL51 BANKED LINKER/LOCATER V6.22                                                      06/20/2014  09:02:40  PAGE 17


  C:246DH         LINE#         102
  C:246DH         LINE#         103
  C:2472H         LINE#         104
  C:2476H         LINE#         105
  C:247AH         LINE#         106
  C:2480H         LINE#         107
  C:2486H         LINE#         108
  C:2488H         LINE#         110
  C:2488H         LINE#         111
  C:249BH         LINE#         112
  C:24A1H         LINE#         113
  C:24A1H         LINE#         114
  C:24A5H         LINE#         115
  C:24A5H         LINE#         116
  C:24A7H         LINE#         118
  C:24A7H         LINE#         119
  C:24A7H         LINE#         120
  C:24ADH         LINE#         121
  C:24ADH         LINE#         122
  C:24AFH         LINE#         123
  C:24B1H         LINE#         125
  C:24B1H         LINE#         126
  C:24C4H         LINE#         127
  C:24CAH         LINE#         128
  C:24CAH         LINE#         129
  C:24CAH         LINE#         130
  C:24CCH         LINE#         132
  C:24CCH         LINE#         133
  C:24CCH         LINE#         134
  C:24DFH         LINE#         135
  C:24E5H         LINE#         136
  C:24E8H         LINE#         138
  C:24E8H         LINE#         139
  C:24E8H         LINE#         141
  C:24F1H         LINE#         142
  C:24F1H         LINE#         143
  C:2505H         LINE#         144
  C:2505H         LINE#         145
  C:2509H         LINE#         146
  C:250BH         LINE#         147
  C:250DH         LINE#         148
  C:250FH         LINE#         149
  C:250FH         LINE#         150
  C:2511H         LINE#         152
  C:2511H         LINE#         153
  C:2518H         LINE#         154
  C:2518H         LINE#         156
  C:2527H         LINE#         157
  C:252EH         LINE#         158
  C:252EH         LINE#         159
  C:2535H         LINE#         160
  C:2535H         LINE#         161
  C:2535H         LINE#         162
  C:2535H         LINE#         163
  C:2535H         LINE#         165
  C:2538H         LINE#         166
  C:2538H         LINE#         167
BL51 BANKED LINKER/LOCATER V6.22                                                      06/20/2014  09:02:40  PAGE 18


  C:253AH         LINE#         169
  C:2547H         LINE#         170
  C:2547H         LINE#         171
  C:2554H         LINE#         172
  C:2554H         LINE#         173
  C:2564H         LINE#         174
  C:256AH         LINE#         175
  C:256CH         LINE#         177
  C:256CH         LINE#         178
  C:2571H         LINE#         179
  C:2571H         LINE#         180
  C:2582H         LINE#         181
  C:2582H         LINE#         182
  C:2584H         LINE#         183
  C:2584H         LINE#         184
  C:2594H         LINE#         185
  C:259AH         LINE#         186
  C:259CH         LINE#         188
  C:259CH         LINE#         189
  C:259FH         LINE#         190
  C:25A3H         LINE#         191
  C:25A3H         LINE#         192
  C:25A3H         LINE#         193
  C:25A5H         LINE#         195
  C:25A5H         LINE#         196
  C:25AAH         LINE#         197
  C:25ADH         LINE#         198
  C:25B3H         LINE#         199
  C:25B3H         LINE#         200
  C:25B3H         LINE#         201
  C:25B5H         LINE#         203
  -------         ENDPROC       UART_ISR
  -------         PROC          PROTOCOL_INIT
  C:4860H         LINE#         206
  C:4860H         LINE#         207
  C:4860H         LINE#         208
  C:4862H         LINE#         209
  C:4864H         LINE#         213
  C:4867H         LINE#         216
  C:486CH         LINE#         217
  C:486EH         LINE#         218
  C:4870H         LINE#         219
  C:4872H         LINE#         220
  C:4875H         LINE#         221
  C:487BH         LINE#         222
  C:4882H         LINE#         224
  -------         ENDPROC       PROTOCOL_INIT
  -------         PROC          SEND_INFO
  -------         DO            
  D:0007H         SYMBOL        i
  -------         ENDDO         
  C:2C19H         LINE#         226
  C:2C19H         LINE#         227
  C:2C19H         LINE#         228
  C:2C1BH         LINE#         231
  C:2C1FH         LINE#         232
  C:2C23H         LINE#         233
BL51 BANKED LINKER/LOCATER V6.22                                                      06/20/2014  09:02:40  PAGE 19


  C:2C27H         LINE#         235
  C:2C2FH         LINE#         236
  C:2C33H         LINE#         237
  C:2C3BH         LINE#         239
  C:2C3CH         LINE#         240
  C:2C3CH         LINE#         241
  C:2C42H         LINE#         242
  C:2C42H         LINE#         243
  C:2C5AH         LINE#         244
  C:2C5CH         LINE#         246
  C:2C5CH         LINE#         247
  C:2C68H         LINE#         248
  C:2C68H         LINE#         249
  C:2C6DH         LINE#         251
  C:2C6FH         LINE#         252
  C:2C6FH         LINE#         253
  C:2C75H         LINE#         254
  C:2C75H         LINE#         255
  C:2C8DH         LINE#         256
  C:2C8DH         LINE#         257
  C:2C92H         LINE#         259
  C:2C9AH         LINE#         261
  C:2CA6H         LINE#         262
  C:2CA6H         LINE#         263
  C:2CDEH         LINE#         264
  C:2CEFH         LINE#         265
  C:2CF2H         LINE#         266
  C:2CFEH         LINE#         267
  C:2CFEH         LINE#         268
  C:2D28H         LINE#         269
  C:2D2BH         LINE#         271
  C:2D3EH         LINE#         272
  C:2D73H         LINE#         274
  C:2D7FH         LINE#         275
  -------         ENDPROC       SEND_INFO
  -------         PROC          NODE_FULL_INIT
  C:0006H         LINE#         277
  C:0006H         LINE#         278
  C:0006H         LINE#         279
  C:0008H         LINE#         280
  -------         ENDPROC       NODE_FULL_INIT
  -------         PROC          CHANNEL_LIST_INIT
  C:000EH         LINE#         282
  C:000EH         LINE#         283
  C:000EH         LINE#         284
  C:0010H         LINE#         285
  -------         ENDPROC       CHANNEL_LIST_INIT
  -------         PROC          CHANNEL_GET_DATA
  C:0016H         LINE#         287
  C:0016H         LINE#         288
  C:0016H         LINE#         289
  C:0018H         LINE#         290
  -------         ENDPROC       CHANNEL_GET_DATA
  -------         PROC          CHANNEL_SET_PARAMETERS
  -------         DO            
  D:0007H         SYMBOL        index
  X:05C5H         SYMBOL        store_data
BL51 BANKED LINKER/LOCATER V6.22                                                      06/20/2014  09:02:40  PAGE 20


  -------         ENDDO         
  C:2D80H         LINE#         292
  C:2D80H         LINE#         293
  C:2D80H         LINE#         294
  C:2D86H         LINE#         296
  C:2D94H         LINE#         297
  C:2D94H         LINE#         298
  C:2DADH         LINE#         299
  C:2DADH         LINE#         300
  C:2DC1H         LINE#         301
  C:2DC1H         LINE#         302
  C:2DC1H         LINE#         303
  C:2DC1H         LINE#         304
  C:2E45H         LINE#         305
  C:2E45H         LINE#         306
  C:2E6CH         LINE#         307
  C:2E93H         LINE#         308
  C:2EBCH         LINE#         309
  C:2EC2H         LINE#         311
  C:2EC2H         LINE#         312
  C:2EC3H         LINE#         313
  C:2EC3H         LINE#         314
  C:2EC5H         LINE#         317
  C:2EC5H         LINE#         318
  C:2EC5H         LINE#         319
  C:2EC6H         LINE#         320
  C:2EC6H         LINE#         321
  C:2EC6H         LINE#         322
  C:2EC9H         LINE#         323
  C:2ECCH         LINE#         325
  C:2ECCH         LINE#         326
  C:2ED2H         LINE#         327
  C:2ED2H         LINE#         328
  C:2ED2H         LINE#         329
  C:2ED8H         LINE#         330
  C:2ED8H         LINE#         331
  C:2EDBH         LINE#         332
  C:2EDBH         LINE#         334
  C:2EE0H         LINE#         335
  -------         ENDPROC       CHANNEL_SET_PARAMETERS
  -------         PROC          CHANNEL_SET_ORDER_QUERY
  C:001EH         LINE#         337
  C:001EH         LINE#         338
  C:001EH         LINE#         339
  C:0020H         LINE#         340
  -------         ENDPROC       CHANNEL_SET_ORDER_QUERY
  -------         PROC          CHANNEL_GET_DATA_ORDER
  C:0026H         LINE#         342
  C:0026H         LINE#         343
  C:0026H         LINE#         344
  C:0028H         LINE#         345
  -------         ENDPROC       CHANNEL_GET_DATA_ORDER
  -------         PROC          CHANNEL_SET_STATE
  C:002EH         LINE#         347
  C:002EH         LINE#         348
  C:002EH         LINE#         349
  C:0030H         LINE#         350
BL51 BANKED LINKER/LOCATER V6.22                                                      06/20/2014  09:02:40  PAGE 21


  -------         ENDPROC       CHANNEL_SET_STATE
  -------         PROC          CHANNEL_GET_DATA_ORDER_M2
  C:4949H         LINE#         352
  C:4949H         LINE#         353
  C:4949H         LINE#         354
  C:494BH         LINE#         355
  -------         ENDPROC       CHANNEL_GET_DATA_ORDER_M2
  -------         PROC          CHANNEL_SET_RESET_STATE_FLAGS
  C:48E5H         LINE#         357
  C:48E5H         LINE#         358
  C:48E5H         LINE#         359
  C:48EBH         LINE#         360
  C:48EFH         LINE#         361
  C:48F2H         LINE#         362
  C:48F7H         LINE#         363
  -------         ENDPROC       CHANNEL_SET_RESET_STATE_FLAGS
  -------         PROC          CHANNEL_ALL_GET_DATA
  -------         DO            
  D:0008H         SYMBOL        index
  D:0009H         SYMBOL        i
  -------         ENDDO         
  C:0765H         LINE#         366
  C:0765H         LINE#         367
  C:0765H         LINE#         368
  C:076AH         LINE#         371
  C:0776H         LINE#         372
  C:077EH         LINE#         373
  C:0782H         LINE#         374
  C:078AH         LINE#         376
  C:078DH         LINE#         378
  C:079EH         LINE#         379
  C:079EH         LINE#         380
  C:07AFH         LINE#         381
  C:07E5H         LINE#         382
  C:0809H         LINE#         383
  C:0809H         LINE#         384
  C:0809H         LINE#         385
  C:0809H         LINE#         386
  C:0828H         LINE#         387
  C:0828H         LINE#         388
  C:0828H         LINE#         389
  C:0828H         LINE#         390
  C:0840H         LINE#         391
  C:0840H         LINE#         392
  C:085FH         LINE#         393
  C:086DH         LINE#         394
  C:086FH         LINE#         396
  C:086FH         LINE#         397
  C:088EH         LINE#         398
  C:08B0H         LINE#         399
  C:08B0H         LINE#         402
  C:08B0H         LINE#         403
  C:08B0H         LINE#         404
  C:08B0H         LINE#         405
  C:08B3H         LINE#         407
  C:08B3H         LINE#         408
  C:08B3H         LINE#         409
BL51 BANKED LINKER/LOCATER V6.22                                                      06/20/2014  09:02:40  PAGE 22


  C:08CBH         LINE#         410
  C:08CBH         LINE#         411
  C:08EAH         LINE#         412
  C:090CH         LINE#         413
  C:091AH         LINE#         414
  C:091CH         LINE#         416
  C:091CH         LINE#         417
  C:093BH         LINE#         418
  C:095DH         LINE#         419
  C:097FH         LINE#         420
  C:097FH         LINE#         422
  C:09A1H         LINE#         423
  C:09AFH         LINE#         424
  C:09AFH         LINE#         425
  C:09B2H         LINE#         426
  C:09B2H         LINE#         427
  C:09B2H         LINE#         428
  C:09B2H         LINE#         430
  C:09B2H         LINE#         431
  C:09B2H         LINE#         432
  C:09C8H         LINE#         433
  C:09C8H         LINE#         434
  C:09C8H         LINE#         435
  C:09C8H         LINE#         436
  C:09EAH         LINE#         437
  C:0A0CH         LINE#         438
  C:0A2EH         LINE#         439
  C:0A50H         LINE#         440
  C:0A5EH         LINE#         441
  C:0A5EH         LINE#         442
  C:0A61H         LINE#         443
  C:0A61H         LINE#         444
  C:0A61H         LINE#         445
  C:0A61H         LINE#         447
  C:0A61H         LINE#         448
  C:0A61H         LINE#         449
  C:0A7BH         LINE#         450
  C:0A7BH         LINE#         452
  C:0A7BH         LINE#         453
  C:0A7BH         LINE#         454
  C:0A9DH         LINE#         455
  C:0ABFH         LINE#         456
  C:0ACDH         LINE#         457
  C:0ACDH         LINE#         458
  C:0ACFH         LINE#         460
  C:0ACFH         LINE#         461
  C:0ACFH         LINE#         462
  C:0AF1H         LINE#         463
  C:0B13H         LINE#         464
  C:0B35H         LINE#         465
  C:0B35H         LINE#         466
  C:0B35H         LINE#         467
  C:0B35H         LINE#         468
  C:0B35H         LINE#         469
  C:0B35H         LINE#         470
  C:0B35H         LINE#         471
  C:0B3AH         LINE#         473
BL51 BANKED LINKER/LOCATER V6.22                                                      06/20/2014  09:02:40  PAGE 23


  C:0B42H         LINE#         474
  C:0B5AH         LINE#         475
  C:0B5EH         LINE#         476
  -------         ENDPROC       CHANNEL_ALL_GET_DATA
  -------         PROC          CHANNEL_SET_CALIBRATE
  -------         DO            
  X:0616H         SYMBOL        K
  X:061AH         SYMBOL        C
  -------         ENDDO         
  C:38B4H         LINE#         479
  C:38B4H         LINE#         480
  C:38B4H         LINE#         484
  C:38BEH         LINE#         485
  C:38C8H         LINE#         486
  C:38D2H         LINE#         487
  C:38DCH         LINE#         489
  C:38F0H         LINE#         491
  C:38FAH         LINE#         492
  C:3904H         LINE#         493
  C:390EH         LINE#         494
  C:3918H         LINE#         496
  C:392CH         LINE#         498
  C:3942H         LINE#         499
  C:3942H         LINE#         500
  C:3942H         LINE#         501
  C:3942H         LINE#         502
  C:3978H         LINE#         503
  C:3978H         LINE#         504
  C:397AH         LINE#         506
  C:397AH         LINE#         507
  C:397AH         LINE#         508
  C:3984H         LINE#         509
  C:3984H         LINE#         510
  C:3986H         LINE#         512
  C:3986H         LINE#         513
  C:3986H         LINE#         514
  C:3990H         LINE#         515
  C:3990H         LINE#         516
  C:3992H         LINE#         518
  C:3992H         LINE#         519
  C:3992H         LINE#         520
  C:3993H         LINE#         521
  C:3993H         LINE#         522
  C:3993H         LINE#         523
  C:3993H         LINE#         526
  C:3998H         LINE#         527
  -------         ENDPROC       CHANNEL_SET_CALIBRATE
  -------         PROC          CHANNEL_GET_CALIBRATE_VALUE
  -------         DO            
  D:000BH         SYMBOL        channel
  -------         ENDDO         
  C:35BEH         LINE#         529
  C:35BEH         LINE#         530
  C:35BEH         LINE#         531
  C:35C1H         LINE#         534
  C:35D2H         LINE#         535
  C:35DCH         LINE#         536
BL51 BANKED LINKER/LOCATER V6.22                                                      06/20/2014  09:02:40  PAGE 24


  C:35E2H         LINE#         537
  C:35E8H         LINE#         540
  C:35EFH         LINE#         542
  C:35FAH         LINE#         543
  C:35FAH         LINE#         544
  C:3600H         LINE#         545
  C:3600H         LINE#         547
  C:3606H         LINE#         549
  C:361EH         LINE#         551
  C:3640H         LINE#         553
  C:364AH         LINE#         554
  C:3654H         LINE#         555
  C:365EH         LINE#         556
  C:3668H         LINE#         558
  C:368AH         LINE#         560
  C:3694H         LINE#         561
  C:369EH         LINE#         562
  C:36A8H         LINE#         563
  C:36B2H         LINE#         565
  C:36C0H         LINE#         566
  C:36C2H         LINE#         567
  -------         ENDPROC       CHANNEL_GET_CALIBRATE_VALUE
  -------         PROC          CHANNEL_SET_ADDRESS_DESC
  -------         DO            
  X:0639H         SYMBOL        desc_len
  -------         ENDDO         
  C:434EH         LINE#         569
  C:434EH         LINE#         570
  C:434EH         LINE#         571
  C:4353H         LINE#         572
  C:4361H         LINE#         574
  C:4369H         LINE#         575
  C:4369H         LINE#         576
  C:43B5H         LINE#         577
  C:43BBH         LINE#         578
  C:43BDH         LINE#         580
  C:43BDH         LINE#         581
  C:43C3H         LINE#         582
  C:43C3H         LINE#         583
  C:43C5H         LINE#         584
  -------         ENDPROC       CHANNEL_SET_ADDRESS_DESC
  -------         PROC          CHANNEL_SET_ALL_DEFAULT
  C:492CH         LINE#         586
  C:492CH         LINE#         587
  C:492CH         LINE#         588
  C:492FH         LINE#         589
  C:4932H         LINE#         590
  C:4937H         LINE#         591
  -------         ENDPROC       CHANNEL_SET_ALL_DEFAULT
  -------         PROC          _REQUEST_ERROR
  X:063AH         SYMBOL        error_code
  C:45DCH         LINE#         593
  C:45E1H         LINE#         594
  C:45E1H         LINE#         595
  C:45F2H         LINE#         596
  C:45FCH         LINE#         597
  C:4606H         LINE#         598
BL51 BANKED LINKER/LOCATER V6.22                                                      06/20/2014  09:02:40  PAGE 25


  C:460CH         LINE#         600
  C:4616H         LINE#         601
  C:4620H         LINE#         602
  C:4626H         LINE#         603
  C:4634H         LINE#         604
  C:4636H         LINE#         605
  -------         ENDPROC       _REQUEST_ERROR
  -------         PROC          _OLD_CRC_CHECK
  X:0624H         SYMBOL        Spool_pr
  X:0626H         SYMBOL        Count_pr
  -------         DO            
  X:0627H         SYMBOL        crc
  X:0628H         SYMBOL        i
  -------         ENDDO         
  C:43C6H         LINE#         608
  C:43D3H         LINE#         609
  C:43D3H         LINE#         610
  C:43D8H         LINE#         611
  C:43DDH         LINE#         613
  C:43F1H         LINE#         614
  C:43F1H         LINE#         615
  C:43F3H         LINE#         616
  C:4416H         LINE#         617
  C:4419H         LINE#         618
  C:4419H         LINE#         619
  C:441FH         LINE#         620
  C:441FH         LINE#         621
  C:4427H         LINE#         622
  C:4436H         LINE#         624
  C:443BH         LINE#         625
  -------         ENDPROC       _OLD_CRC_CHECK
  -------         PROC          OLD_CHANNEL_GET_DATA
  -------         DO            
  X:0631H         SYMBOL        channel
  X:0632H         SYMBOL        len
  -------         ENDDO         
  C:1916H         LINE#         627
  C:1916H         LINE#         628
  C:1916H         LINE#         629
  C:191BH         LINE#         630
  C:1920H         LINE#         631
  C:1935H         LINE#         632
  C:1943H         LINE#         633
  C:1943H         LINE#         634
  C:1954H         LINE#         635
  C:1959H         LINE#         636
  C:1963H         LINE#         637
  C:1969H         LINE#         639
  C:1990H         LINE#         640
  C:1990H         LINE#         641
  C:1990H         LINE#         642
  C:1990H         LINE#         643
  C:19B4H         LINE#         644
  C:19B4H         LINE#         645
  C:19B4H         LINE#         646
  C:19B4H         LINE#         647
  C:19CEH         LINE#         648
BL51 BANKED LINKER/LOCATER V6.22                                                      06/20/2014  09:02:40  PAGE 26


  C:19CEH         LINE#         649
  C:19E9H         LINE#         650
  C:1A04H         LINE#         651
  C:1A07H         LINE#         653
  C:1A07H         LINE#         654
  C:1A22H         LINE#         655
  C:1A3DH         LINE#         656
  C:1A3DH         LINE#         657
  C:1A3DH         LINE#         658
  C:1A40H         LINE#         660
  C:1A40H         LINE#         661
  C:1A40H         LINE#         662
  C:1A5BH         LINE#         663
  C:1A5BH         LINE#         664
  C:1A82H         LINE#         665
  C:1AA9H         LINE#         666
  C:1AACH         LINE#         668
  C:1AACH         LINE#         669
  C:1AC7H         LINE#         670
  C:1AE2H         LINE#         671
  C:1AE2H         LINE#         673
  C:1AE2H         LINE#         674
  C:1AE5H         LINE#         675
  C:1AE5H         LINE#         676
  C:1AE5H         LINE#         677
  C:1AE8H         LINE#         679
  C:1AE8H         LINE#         680
  C:1AE8H         LINE#         681
  C:1B09H         LINE#         682
  C:1B09H         LINE#         683
  C:1B09H         LINE#         684
  C:1B09H         LINE#         685
  C:1B24H         LINE#         686
  C:1B3FH         LINE#         689
  C:1B3FH         LINE#         690
  C:1B42H         LINE#         691
  C:1B42H         LINE#         692
  C:1B42H         LINE#         693
  C:1B45H         LINE#         695
  C:1B45H         LINE#         696
  C:1B45H         LINE#         697
  C:1B69H         LINE#         698
  C:1B69H         LINE#         700
  C:1B69H         LINE#         701
  C:1B69H         LINE#         702
  C:1B84H         LINE#         703
  C:1B9FH         LINE#         705
  C:1B9FH         LINE#         706
  C:1BA1H         LINE#         708
  C:1BA1H         LINE#         709
  C:1BA1H         LINE#         710
  C:1BBCH         LINE#         711
  C:1BD7H         LINE#         712
  C:1BD7H         LINE#         713
  C:1BD7H         LINE#         714
  C:1BD7H         LINE#         715
  C:1BD7H         LINE#         716
BL51 BANKED LINKER/LOCATER V6.22                                                      06/20/2014  09:02:40  PAGE 27


  C:1BD7H         LINE#         717
  C:1BD7H         LINE#         719
  C:1BE7H         LINE#         721
  C:1C04H         LINE#         722
  C:1C0DH         LINE#         723
  C:1C0DH         LINE#         724
  C:1C0FH         LINE#         725
  -------         ENDPROC       OLD_CHANNEL_GET_DATA
  -------         PROC          OLD_CHANNEL_GET_DATA_STATE
  -------         DO            
  X:0633H         SYMBOL        channel
  X:0634H         SYMBOL        len
  -------         ENDDO         
  C:0B5FH         LINE#         727
  C:0B5FH         LINE#         728
  C:0B5FH         LINE#         729
  C:0B64H         LINE#         730
  C:0B69H         LINE#         731
  C:0B7EH         LINE#         732
  C:0B8CH         LINE#         733
  C:0B8CH         LINE#         734
  C:0B9DH         LINE#         735
  C:0BA2H         LINE#         736
  C:0BACH         LINE#         737
  C:0BB2H         LINE#         739
  C:0BD9H         LINE#         740
  C:0BD9H         LINE#         741
  C:0BD9H         LINE#         742
  C:0BD9H         LINE#         743
  C:0BFDH         LINE#         744
  C:0BFDH         LINE#         745
  C:0BFDH         LINE#         746
  C:0BFDH         LINE#         747
  C:0C17H         LINE#         748
  C:0C17H         LINE#         749
  C:0C32H         LINE#         750
  C:0C4DH         LINE#         751
  C:0C50H         LINE#         753
  C:0C50H         LINE#         754
  C:0C6BH         LINE#         755
  C:0C86H         LINE#         756
  C:0C86H         LINE#         757
  C:0C86H         LINE#         758
  C:0C89H         LINE#         760
  C:0C89H         LINE#         761
  C:0C89H         LINE#         762
  C:0CA4H         LINE#         763
  C:0CA4H         LINE#         764
  C:0CCBH         LINE#         765
  C:0CF2H         LINE#         766
  C:0CF4H         LINE#         768
  C:0CF4H         LINE#         769
  C:0D0FH         LINE#         770
  C:0D2AH         LINE#         771
  C:0D2AH         LINE#         773
  C:0D2AH         LINE#         774
  C:0D2AH         LINE#         775
BL51 BANKED LINKER/LOCATER V6.22                                                      06/20/2014  09:02:40  PAGE 28


  C:0D2AH         LINE#         777
  C:0D58H         LINE#         778
  C:0D58H         LINE#         779
  C:0D58H         LINE#         780
  C:0D58H         LINE#         781
  C:0D5DH         LINE#         782
  C:0D5DH         LINE#         783
  C:0D5FH         LINE#         785
  C:0D5FH         LINE#         786
  C:0D5FH         LINE#         787
  C:0D65H         LINE#         788
  C:0D65H         LINE#         789
  C:0D67H         LINE#         791
  C:0D67H         LINE#         792
  C:0D67H         LINE#         793
  C:0D6DH         LINE#         794
  C:0D6DH         LINE#         795
  C:0D6FH         LINE#         797
  C:0D6FH         LINE#         798
  C:0D6FH         LINE#         799
  C:0D75H         LINE#         800
  C:0D75H         LINE#         801
  C:0D77H         LINE#         803
  C:0D77H         LINE#         804
  C:0D77H         LINE#         805
  C:0D7CH         LINE#         806
  C:0D7CH         LINE#         807
  C:0D7CH         LINE#         808
  C:0D7CH         LINE#         810
  C:0D82H         LINE#         812
  C:0D82H         LINE#         813
  C:0D85H         LINE#         815
  C:0D85H         LINE#         816
  C:0D85H         LINE#         817
  C:0DA6H         LINE#         818
  C:0DA6H         LINE#         819
  C:0DA6H         LINE#         820
  C:0DA6H         LINE#         821
  C:0DC1H         LINE#         822
  C:0DDCH         LINE#         828
  C:0E0AH         LINE#         829
  C:0E0AH         LINE#         830
  C:0E0AH         LINE#         831
  C:0E0AH         LINE#         832
  C:0E10H         LINE#         833
  C:0E10H         LINE#         834
  C:0E12H         LINE#         836
  C:0E12H         LINE#         837
  C:0E12H         LINE#         838
  C:0E18H         LINE#         839
  C:0E18H         LINE#         840
  C:0E1AH         LINE#         842
  C:0E1AH         LINE#         843
  C:0E1AH         LINE#         844
  C:0E20H         LINE#         845
  C:0E20H         LINE#         846
  C:0E22H         LINE#         848
BL51 BANKED LINKER/LOCATER V6.22                                                      06/20/2014  09:02:40  PAGE 29


  C:0E22H         LINE#         849
  C:0E22H         LINE#         850
  C:0E28H         LINE#         851
  C:0E28H         LINE#         852
  C:0E2AH         LINE#         854
  C:0E2AH         LINE#         855
  C:0E2AH         LINE#         856
  C:0E30H         LINE#         857
  C:0E30H         LINE#         858
  C:0E30H         LINE#         859
  C:0E30H         LINE#         860
  C:0E35H         LINE#         861
  C:0E35H         LINE#         862
  C:0E38H         LINE#         863
  C:0E38H         LINE#         864
  C:0E38H         LINE#         865
  C:0E3BH         LINE#         867
  C:0E3BH         LINE#         868
  C:0E3BH         LINE#         869
  C:0E5FH         LINE#         870
  C:0E5FH         LINE#         872
  C:0E5FH         LINE#         873
  C:0E5FH         LINE#         874
  C:0E7AH         LINE#         875
  C:0E95H         LINE#         877
  C:0E95H         LINE#         878
  C:0E97H         LINE#         880
  C:0E97H         LINE#         881
  C:0E97H         LINE#         882
  C:0EB2H         LINE#         883
  C:0ECDH         LINE#         884
  C:0ECDH         LINE#         885
  C:0ECDH         LINE#         886
  C:0ECDH         LINE#         888
  C:0ED3H         LINE#         889
  C:0ED8H         LINE#         890
  C:0ED8H         LINE#         891
  C:0ED8H         LINE#         892
  C:0ED8H         LINE#         894
  C:0EDEH         LINE#         896
  C:0EEEH         LINE#         898
  C:0F0BH         LINE#         899
  C:0F14H         LINE#         900
  C:0F14H         LINE#         901
  C:0F16H         LINE#         903
  -------         ENDPROC       OLD_CHANNEL_GET_DATA_STATE
  -------         PROC          OLD_CHANNEL_GET_STATE
  -------         DO            
  X:0635H         SYMBOL        channel
  X:0636H         SYMBOL        len
  -------         ENDDO         
  C:2938H         LINE#         905
  C:2938H         LINE#         906
  C:2938H         LINE#         907
  C:293DH         LINE#         908
  C:2942H         LINE#         909
  C:2957H         LINE#         910
BL51 BANKED LINKER/LOCATER V6.22                                                      06/20/2014  09:02:40  PAGE 30


  C:2965H         LINE#         911
  C:2965H         LINE#         913
  C:2976H         LINE#         914
  C:297BH         LINE#         915
  C:2985H         LINE#         916
  C:298BH         LINE#         918
  C:29B2H         LINE#         919
  C:29B2H         LINE#         920
  C:29B2H         LINE#         921
  C:29B2H         LINE#         922
  C:29E0H         LINE#         923
  C:29E0H         LINE#         924
  C:29E0H         LINE#         925
  C:29E0H         LINE#         926
  C:29E5H         LINE#         927
  C:29E5H         LINE#         928
  C:29E7H         LINE#         930
  C:29E7H         LINE#         931
  C:29E7H         LINE#         932
  C:29EDH         LINE#         933
  C:29EDH         LINE#         934
  C:29EFH         LINE#         936
  C:29EFH         LINE#         937
  C:29EFH         LINE#         938
  C:29F5H         LINE#         939
  C:29F5H         LINE#         940
  C:29F7H         LINE#         942
  C:29F7H         LINE#         943
  C:29F7H         LINE#         944
  C:29FDH         LINE#         945
  C:29FDH         LINE#         946
  C:29FFH         LINE#         948
  C:29FFH         LINE#         949
  C:29FFH         LINE#         950
  C:2A04H         LINE#         951
  C:2A04H         LINE#         952
  C:2A04H         LINE#         953
  C:2A04H         LINE#         955
  C:2A0AH         LINE#         956
  C:2A0AH         LINE#         957
  C:2A0CH         LINE#         959
  C:2A0CH         LINE#         960
  C:2A0CH         LINE#         962
  C:2A3AH         LINE#         963
  C:2A3AH         LINE#         964
  C:2A3AH         LINE#         965
  C:2A3AH         LINE#         966
  C:2A40H         LINE#         967
  C:2A40H         LINE#         968
  C:2A42H         LINE#         970
  C:2A42H         LINE#         971
  C:2A42H         LINE#         972
  C:2A48H         LINE#         973
  C:2A48H         LINE#         974
  C:2A4AH         LINE#         976
  C:2A4AH         LINE#         977
  C:2A4AH         LINE#         978
BL51 BANKED LINKER/LOCATER V6.22                                                      06/20/2014  09:02:40  PAGE 31


  C:2A50H         LINE#         979
  C:2A50H         LINE#         980
  C:2A52H         LINE#         982
  C:2A52H         LINE#         983
  C:2A52H         LINE#         984
  C:2A58H         LINE#         985
  C:2A58H         LINE#         986
  C:2A5AH         LINE#         988
  C:2A5AH         LINE#         989
  C:2A5AH         LINE#         990
  C:2A60H         LINE#         991
  C:2A60H         LINE#         992
  C:2A60H         LINE#         994
  C:2A60H         LINE#         995
  C:2A65H         LINE#         996
  C:2A65H         LINE#         997
  C:2A67H         LINE#         999
  C:2A67H         LINE#         1000
  C:2A67H         LINE#         1002
  C:2A6DH         LINE#         1003
  C:2A72H         LINE#         1004
  C:2A72H         LINE#         1005
  C:2A72H         LINE#         1006
  C:2A72H         LINE#         1008
  C:2A82H         LINE#         1010
  C:2A9FH         LINE#         1011
  C:2AA8H         LINE#         1012
  C:2AA8H         LINE#         1013
  C:2AAAH         LINE#         1014
  -------         ENDPROC       OLD_CHANNEL_GET_STATE
  -------         PROC          OLD_REINIT_BLOCK
  C:494CH         LINE#         1016
  C:494CH         LINE#         1017
  C:494CH         LINE#         1018
  C:494EH         LINE#         1019
  -------         ENDPROC       OLD_REINIT_BLOCK
  -------         PROC          OLD_CHANNEL_SET_ADC_RANGE
  -------         DO            
  X:063BH         SYMBOL        channel
  -------         ENDDO         
  C:2AABH         LINE#         1021
  C:2AABH         LINE#         1022
  C:2AABH         LINE#         1023
  C:2AB0H         LINE#         1024
  C:2AC5H         LINE#         1025
  C:2AD3H         LINE#         1026
  C:2AD3H         LINE#         1027
  C:2AF4H         LINE#         1028
  C:2AF4H         LINE#         1029
  C:2AF4H         LINE#         1030
  C:2AF4H         LINE#         1031
  C:2B10H         LINE#         1032
  C:2B2CH         LINE#         1033
  C:2B2CH         LINE#         1034
  C:2B2FH         LINE#         1036
  C:2B2FH         LINE#         1037
  C:2B2FH         LINE#         1038
BL51 BANKED LINKER/LOCATER V6.22                                                      06/20/2014  09:02:40  PAGE 32


  C:2B4BH         LINE#         1039
  C:2B67H         LINE#         1040
  C:2B67H         LINE#         1041
  C:2B6AH         LINE#         1043
  C:2B6AH         LINE#         1044
  C:2B6AH         LINE#         1045
  C:2B86H         LINE#         1046
  C:2BA2H         LINE#         1047
  C:2BA2H         LINE#         1048
  C:2BA4H         LINE#         1050
  C:2BA4H         LINE#         1051
  C:2BA4H         LINE#         1052
  C:2BC0H         LINE#         1053
  C:2BDCH         LINE#         1054
  C:2BDCH         LINE#         1055
  C:2BDEH         LINE#         1057
  C:2BDEH         LINE#         1058
  C:2BDEH         LINE#         1059
  C:2BFAH         LINE#         1060
  C:2C16H         LINE#         1061
  C:2C16H         LINE#         1062
  C:2C16H         LINE#         1063
  C:2C16H         LINE#         1064
  C:2C16H         LINE#         1065
  C:2C18H         LINE#         1066
  -------         ENDPROC       OLD_CHANNEL_SET_ADC_RANGE
  -------         PROC          _OLD_PROTO_PASTE_NULL
  X:061EH         SYMBOL        buf
  X:0621H         SYMBOL        len
  -------         DO            
  X:0622H         SYMBOL        i
  X:0623H         SYMBOL        j
  -------         ENDDO         
  C:34B7H         LINE#         1068
  C:34C7H         LINE#         1069
  C:34C7H         LINE#         1070
  C:34D1H         LINE#         1072
  C:34E9H         LINE#         1073
  C:34E9H         LINE#         1074
  C:350AH         LINE#         1075
  C:350AH         LINE#         1076
  C:3526H         LINE#         1077
  C:3526H         LINE#         1078
  C:3563H         LINE#         1079
  C:356BH         LINE#         1080
  C:358DH         LINE#         1081
  C:35A3H         LINE#         1082
  C:35A9H         LINE#         1083
  C:35AFH         LINE#         1084
  C:35AFH         LINE#         1085
  C:35B8H         LINE#         1086
  C:35BDH         LINE#         1087
  -------         ENDPROC       _OLD_PROTO_PASTE_NULL
  -------         PROC          PROTOBUFHANDLING
  C:3032H         LINE#         1089
  C:3032H         LINE#         1090
  C:3032H         LINE#         1091
BL51 BANKED LINKER/LOCATER V6.22                                                      06/20/2014  09:02:40  PAGE 33


  C:303DH         LINE#         1092
  C:303DH         LINE#         1093
  C:3043H         LINE#         1094
  C:3049H         LINE#         1095
  C:3083H         LINE#         1096
  C:3083H         LINE#         1098
  C:3083H         LINE#         1099
  C:3083H         LINE#         1100
  C:308BH         LINE#         1101
  C:308BH         LINE#         1102
  C:308CH         LINE#         1104
  C:308CH         LINE#         1105
  C:308CH         LINE#         1106
  C:3094H         LINE#         1107
  C:3094H         LINE#         1108
  C:3095H         LINE#         1110
  C:3095H         LINE#         1111
  C:3095H         LINE#         1112
  C:309DH         LINE#         1113
  C:309DH         LINE#         1114
  C:309EH         LINE#         1116
  C:309EH         LINE#         1117
  C:309EH         LINE#         1118
  C:30A6H         LINE#         1119
  C:30A6H         LINE#         1120
  C:30A7H         LINE#         1122
  C:30A7H         LINE#         1123
  C:30A7H         LINE#         1124
  C:30AFH         LINE#         1125
  C:30AFH         LINE#         1126
  C:30B0H         LINE#         1128
  C:30B0H         LINE#         1129
  C:30B0H         LINE#         1130
  C:30B8H         LINE#         1131
  C:30B8H         LINE#         1132
  C:30B9H         LINE#         1134
  C:30B9H         LINE#         1135
  C:30B9H         LINE#         1136
  C:30C1H         LINE#         1137
  C:30C1H         LINE#         1138
  C:30C2H         LINE#         1140
  C:30C2H         LINE#         1141
  C:30C2H         LINE#         1142
  C:30CAH         LINE#         1143
  C:30CAH         LINE#         1144
  C:30CBH         LINE#         1146
  C:30CBH         LINE#         1147
  C:30CBH         LINE#         1148
  C:30D3H         LINE#         1149
  C:30D3H         LINE#         1150
  C:30D4H         LINE#         1152
  C:30D4H         LINE#         1153
  C:30D4H         LINE#         1154
  C:30DCH         LINE#         1155
  C:30DCH         LINE#         1156
  C:30DDH         LINE#         1158
  C:30DDH         LINE#         1159
BL51 BANKED LINKER/LOCATER V6.22                                                      06/20/2014  09:02:40  PAGE 34


  C:30DDH         LINE#         1160
  C:30E5H         LINE#         1161
  C:30E5H         LINE#         1162
  C:30E6H         LINE#         1164
  C:30E6H         LINE#         1165
  C:30E6H         LINE#         1166
  C:30EEH         LINE#         1167
  C:30EEH         LINE#         1168
  C:30EFH         LINE#         1170
  C:30EFH         LINE#         1171
  C:30EFH         LINE#         1172
  C:30F7H         LINE#         1173
  C:30F7H         LINE#         1174
  C:30F8H         LINE#         1176
  C:30F8H         LINE#         1177
  C:30F8H         LINE#         1178
  C:3100H         LINE#         1179
  C:3100H         LINE#         1180
  C:3101H         LINE#         1182
  C:3101H         LINE#         1183
  C:3101H         LINE#         1184
[...]
  X:05CCH         SYMBOL        buf
  X:05CFH         SYMBOL        len
  -------         DO            
  X:056DH         SYMBOL        read_byte_counter
  X:056EH         SYMBOL        bit_counter
  X:056FH         SYMBOL        recieve_byte
  -------         DO            
  X:05D0H         SYMBOL        PT_YIELD_FLAG
  -------         ENDDO         
  -------         ENDDO         
  C:329AH         LINE#         189
  C:32A5H         LINE#         190
  C:32A5H         LINE#         191
  C:32A5H         LINE#         193
  C:32CBH         LINE#         195
  C:32D0H         LINE#         197
  C:32E0H         LINE#         198
  C:32E0H         LINE#         199
  C:32E5H         LINE#         200
BL51 BANKED LINKER/LOCATER V6.22                                                      06/20/2014  09:02:40  PAGE 49


  C:32E7H         LINE#         201
  C:32E9H         LINE#         202
  C:3308H         LINE#         203
  C:330DH         LINE#         204
  C:330DH         LINE#         205
  C:330FH         LINE#         208
  C:331DH         LINE#         209
  C:331FH         LINE#         210
  C:3329H         LINE#         212
  C:3346H         LINE#         213
  C:334CH         LINE#         216
  C:334EH         LINE#         217
  C:335BH         LINE#         218
  C:335BH         LINE#         220
  C:335DH         LINE#         222
  C:335FH         LINE#         224
  C:335FH         LINE#         226
  C:3361H         LINE#         227
  C:3361H         LINE#         229
  C:3363H         LINE#         230
  C:3383H         LINE#         231
  C:3385H         LINE#         233
  C:3387H         LINE#         235
  C:338AH         LINE#         236
  C:338CH         LINE#         237
  C:3391H         LINE#         238
  C:33A9H         LINE#         239
  -------         ENDPROC       _I2C_READ_BUF
  -------         PROC          _I2C_WRITE_BUF
  X:05C9H         SYMBOL        pt
  X:05CCH         SYMBOL        buf
  X:05CFH         SYMBOL        len
  -------         DO            
  X:0570H         SYMBOL        write_byte_counter
  X:0571H         SYMBOL        bit_counter
  X:0572H         SYMBOL        write_byte
  -------         DO            
  X:05D0H         SYMBOL        PT_YIELD_FLAG
  -------         ENDDO         
  -------         ENDDO         
  C:2EE1H         LINE#         242
  C:2EECH         LINE#         243
  C:2EECH         LINE#         244
  C:2EECH         LINE#         245
  C:2F10H         LINE#         246
  C:2F12H         LINE#         247
  C:2F17H         LINE#         248
  C:2F27H         LINE#         249
  C:2F27H         LINE#         252
  C:2F42H         LINE#         253
  C:2F48H         LINE#         254
  C:2F4AH         LINE#         255
  C:2F6AH         LINE#         256
  C:2F6FH         LINE#         257
  C:2F6FH         LINE#         259
  C:2F77H         LINE#         260
  C:2F79H         LINE#         262
BL51 BANKED LINKER/LOCATER V6.22                                                      06/20/2014  09:02:40  PAGE 50


  C:2F7BH         LINE#         263
  C:2F9CH         LINE#         264
  C:2F9EH         LINE#         267
  C:2FA8H         LINE#         268
  C:2FAAH         LINE#         269
  C:2FACH         LINE#         270
  C:2FCDH         LINE#         271
  C:2FCFH         LINE#         272
  C:2FF0H         LINE#         273
  C:2FF2H         LINE#         274
  C:2FF4H         LINE#         275
  C:2FFAH         LINE#         276
  C:2FFAH         LINE#         277
  C:3000H         LINE#         278
  C:3014H         LINE#         279
  C:3014H         LINE#         280
  C:3014H         LINE#         281
  C:3019H         LINE#         282
  C:3031H         LINE#         283
  -------         ENDPROC       _I2C_WRITE_BUF
  -------         PROC          _I2C_READ_COMPLETE
  X:05C9H         SYMBOL        pt
  -------         DO            
  X:05CCH         SYMBOL        PT_YIELD_FLAG
  -------         ENDDO         
  C:3B5BH         LINE#         286
  C:3B66H         LINE#         287
  C:3B66H         LINE#         288
  C:3B7BH         LINE#         289
  C:3B8BH         LINE#         290
  C:3B8BH         LINE#         291
  C:3B9FH         LINE#         294
  C:3BA8H         LINE#         295
  C:3BA8H         LINE#         296
  C:3BA8H         LINE#         297
  C:3BA8H         LINE#         298
  C:3BB9H         LINE#         299
  C:3BBFH         LINE#         300
  C:3BC5H         LINE#         302
  C:3BC5H         LINE#         303
  C:3BC7H         LINE#         305
  C:3BC7H         LINE#         306
  C:3BC7H         LINE#         307
  C:3BD8H         LINE#         308
  C:3BE9H         LINE#         309
  C:3BEEH         LINE#         310
  C:3BF4H         LINE#         312
  C:3BF4H         LINE#         313
  C:3BF4H         LINE#         315
  C:3BF4H         LINE#         316
  C:3BF4H         LINE#         317
  C:3BF4H         LINE#         318
  C:3BF4H         LINE#         319
  C:3BF4H         LINE#         321
  C:3C04H         LINE#         322
  C:3C04H         LINE#         323
  C:3C08H         LINE#         325
BL51 BANKED LINKER/LOCATER V6.22                                                      06/20/2014  09:02:40  PAGE 51


  C:3C20H         LINE#         326
  -------         ENDPROC       _I2C_READ_COMPLETE
  -------         ENDMOD        I2C

  -------         MODULE        CALIBRATE
  C:0000H         SYMBOL        _ICE_DUMMY_
  D:0088H         PUBLIC        TCON
  D:0098H         PUBLIC        SCON
  D:00A0H         PUBLIC        P2
  D:00A8H         PUBLIC        IE
  D:00B0H         PUBLIC        P3
  D:00B8H         PUBLIC        IP
  D:00C0H         PUBLIC        WDCON
  D:00C8H         PUBLIC        T2CON
  D:00D0H         PUBLIC        PSW
  D:00D8H         PUBLIC        ADCSTAT
  D:00E8H         PUBLIC        I2CCON
  D:00E8H         PUBLIC        DCON
  D:00F8H         PUBLIC        SPICON
  C:3F0EH         PUBLIC        _Calibrate
  C:40EAH         PUBLIC        RestoreCalibrate
  C:3DA4H         PUBLIC        _GetCalibrateVal
  C:46E8H         PUBLIC        Calibrate_Get_CRC
  C:3C21H         PUBLIC        _Calibrate_Set_Flag
  C:4740H         PUBLIC        Calibrate_Set_Default
  -------         PROC          _GETCALIBRATEVAL
  X:05C9H         SYMBOL        channel_num
  X:05CAH         SYMBOL        ADC_Code
  -------         DO            
  X:05CEH         SYMBOL        result
  -------         ENDDO         
  C:3DA4H         LINE#         4
  C:3DA9H         LINE#         5
  C:3DA9H         LINE#         6
  C:3DB3H         LINE#         8
  C:3E0BH         LINE#         10
  C:3E28H         LINE#         11
  C:3E28H         LINE#         12
  C:3E30H         LINE#         13
  C:3E30H         LINE#         15
  C:3E30H         LINE#         16
  C:3E48H         LINE#         17
  C:3E48H         LINE#         18
  C:3E4EH         LINE#         19
  C:3E4EH         LINE#         21
  C:3E4EH         LINE#         22
  C:3E5FH         LINE#         23
  C:3E5FH         LINE#         24
  C:3E5FH         LINE#         25
  -------         ENDPROC       _GETCALIBRATEVAL
  -------         PROC          RESTORECALIBRATE
  -------         DO            
  X:05C5H         SYMBOL        i
  X:05C6H         SYMBOL        crc
  X:05CAH         SYMBOL        true_crc
  -------         ENDDO         
  C:40EAH         LINE#         27
BL51 BANKED LINKER/LOCATER V6.22                                                      06/20/2014  09:02:40  PAGE 52


  C:40EAH         LINE#         28
  C:40EAH         LINE#         29
  C:40EFH         LINE#         30
  C:4101H         LINE#         32
  C:4110H         LINE#         33
  C:4110H         LINE#         34
  C:4138H         LINE#         35
  C:4140H         LINE#         37
  C:414DH         LINE#         38
  C:4163H         LINE#         40
  C:4183H         LINE#         41
  C:4183H         LINE#         42
  C:4186H         LINE#         43
  C:4186H         LINE#         46
  -------         ENDPROC       RESTORECALIBRATE
  -------         PROC          _CALIBRATE
  X:05C5H         SYMBOL        channel_num
  X:05C6H         SYMBOL        K
  X:05CAH         SYMBOL        C
  -------         DO            
  X:05CEH         SYMBOL        true_crc
  -------         ENDDO         
  C:3F0EH         LINE#         48
  C:3F13H         LINE#         49
  C:3F13H         LINE#         50
  C:3F1DH         LINE#         51
  C:3F41H         LINE#         52
  C:3F61H         LINE#         53
  C:3F8CH         LINE#         55
  C:3F99H         LINE#         56
  C:3FAFH         LINE#         59
  -------         ENDPROC       _CALIBRATE
  -------         PROC          CALIBRATE_GET_CRC
  -------         DO            
  X:05D9H         SYMBOL        crc
  X:05DAH         SYMBOL        i
  X:05DBH         SYMBOL        j
  -------         ENDDO         
  C:46E8H         LINE#         61
  C:46E8H         LINE#         62
  C:46E8H         LINE#         63
  C:46EDH         LINE#         64
  C:46F1H         LINE#         66
  C:46F5H         LINE#         67
  C:46F5H         LINE#         68
  C:46FAH         LINE#         69
  C:46FAH         LINE#         70
  C:4726H         LINE#         71
  C:4730H         LINE#         72
  C:473AH         LINE#         74
  C:473FH         LINE#         75
  -------         ENDPROC       CALIBRATE_GET_CRC
  -------         PROC          _CALIBRATE_SET_FLAG
  X:05D3H         SYMBOL        channel
  X:05D4H         SYMBOL        flag
  -------         DO            
  X:05D5H         SYMBOL        true_crc
BL51 BANKED LINKER/LOCATER V6.22                                                      06/20/2014  09:02:40  PAGE 53


  -------         ENDDO         
  C:3C21H         LINE#         77
  C:3C2AH         LINE#         78
  C:3C2AH         LINE#         79
  C:3C32H         LINE#         81
  C:3C37H         LINE#         82
  C:3C37H         LINE#         83
  C:3C4DH         LINE#         84
  C:3C78H         LINE#         85
  C:3C7AH         LINE#         87
  C:3C7AH         LINE#         88
  C:3C80H         LINE#         89
  C:3C80H         LINE#         90
  C:3C95H         LINE#         91
  C:3CC0H         LINE#         92
  C:3CC0H         LINE#         93
  C:3CC0H         LINE#         95
  C:3CCDH         LINE#         96
  C:3CE3H         LINE#         97
  -------         ENDPROC       _CALIBRATE_SET_FLAG
  -------         PROC          CALIBRATE_SET_DEFAULT
  -------         DO            
  X:05CEH         SYMBOL        i
  X:05CFH         SYMBOL        true_crc
  -------         ENDDO         
  C:4740H         LINE#         99
  C:4740H         LINE#         100
  C:4740H         LINE#         101
  C:4745H         LINE#         102
  C:474DH         LINE#         104
  C:475CH         LINE#         105
  C:475CH         LINE#         106
  C:4761H         LINE#         107
  C:4769H         LINE#         109
  C:4776H         LINE#         110
  C:478CH         LINE#         111
  -------         ENDPROC       CALIBRATE_SET_DEFAULT
  -------         ENDMOD        CALIBRATE

  -------         MODULE        ULONGSORT
  C:0000H         SYMBOL        _ICE_DUMMY_
  D:0088H         PUBLIC        TCON
  D:0098H         PUBLIC        SCON
  D:00A0H         PUBLIC        P2
  D:00A8H         PUBLIC        IE
  D:00B0H         PUBLIC        P3
  D:00B8H         PUBLIC        IP
  D:00C0H         PUBLIC        WDCON
  D:00C8H         PUBLIC        T2CON
  D:00D0H         PUBLIC        PSW
  D:00D8H         PUBLIC        ADCSTAT
  D:00E8H         PUBLIC        I2CCON
  D:00E8H         PUBLIC        DCON
  D:00F8H         PUBLIC        SPICON
  C:15E6H         PUBLIC        _ulongsort_process
  X:05A0H         PUBLIC        mas_copy
  X:05C0H         PUBLIC        mid_cycle_counter
BL51 BANKED LINKER/LOCATER V6.22                                                      06/20/2014  09:02:40  PAGE 54


  X:05C1H         PUBLIC        temp
  -------         PROC          _ULONGSORT_PROCESS
  X:05C5H         SYMBOL        pt
  -------         DO            
  X:059DH         SYMBOL        counter
  X:059EH         SYMBOL        i
  X:059FH         SYMBOL        j
  -------         DO            
  X:05C8H         SYMBOL        PT_YIELD_FLAG
  -------         ENDDO         
  -------         ENDDO         
  C:15E6H         LINE#         10
  C:15F1H         LINE#         11
  C:15F1H         LINE#         13
  C:15F6H         LINE#         15
  C:1629H         LINE#         17
  C:1629H         LINE#         18
  C:1629H         LINE#         19
  C:1667H         LINE#         22
  C:167CH         LINE#         23
  C:167CH         LINE#         24
  C:1680H         LINE#         25
  C:169DH         LINE#         26
  C:169DH         LINE#         27
  C:16A5H         LINE#         28
  C:16ABH         LINE#         29
  C:16CBH         LINE#         30
  C:16CBH         LINE#         32
  C:16D2H         LINE#         33
  C:16D2H         LINE#         34
  C:16E6H         LINE#         35
  C:16E6H         LINE#         36
  C:16E6H         LINE#         39
  C:1715H         LINE#         40
  C:1735H         LINE#         42
  C:173BH         LINE#         43
  C:173BH         LINE#         44
  C:174EH         LINE#         45
  C:174EH         LINE#         46
  C:1789H         LINE#         47
  C:1789H         LINE#         48
  C:17ABH         LINE#         49
  C:17DBH         LINE#         50
  C:17FDH         LINE#         51
  C:17FDH         LINE#         52
  C:181DH         LINE#         53
  C:1826H         LINE#         54
  C:1832H         LINE#         56
  C:1872H         LINE#         58
  C:1887H         LINE#         59
  C:1887H         LINE#         60
  C:18C7H         LINE#         61
  C:18C7H         LINE#         63
  C:18DBH         LINE#         64
  C:18E9H         LINE#         65
  C:18FDH         LINE#         67
  C:18FDH         LINE#         68
BL51 BANKED LINKER/LOCATER V6.22                                                      06/20/2014  09:02:40  PAGE 55


  C:1915H         LINE#         69
  -------         ENDPROC       _ULONGSORT_PROCESS
  -------         ENDMOD        ULONGSORT

  -------         MODULE        TIMER1
  C:0000H         SYMBOL        _ICE_DUMMY_
  D:0088H         PUBLIC        TCON
  D:0089H         PUBLIC        TMOD
  D:008BH         PUBLIC        TL1
  D:008DH         PUBLIC        TH1
  D:0098H         PUBLIC        SCON
  D:00A0H         PUBLIC        P2
  D:00A8H         PUBLIC        IE
  D:00B0H         PUBLIC        P3
  D:00B8H         PUBLIC        IP
  D:00C0H         PUBLIC        WDCON
  D:00C8H         PUBLIC        T2CON
  D:00D0H         PUBLIC        PSW
  D:00D8H         PUBLIC        ADCSTAT
  D:00E8H         PUBLIC        I2CCON
  D:00E8H         PUBLIC        DCON
  D:00F8H         PUBLIC        SPICON
  B:0088H.6       PUBLIC        TR1
  B:00A8H.3       PUBLIC        ET1
  C:491BH         PUBLIC        Timer1_Initialize
  -------         PROC          TIMER1_INITIALIZE
  C:491BH         LINE#         4
  C:491BH         LINE#         5
  C:491BH         LINE#         6
  C:491EH         LINE#         7
  C:4921H         LINE#         9
  C:4924H         LINE#         10
  C:4927H         LINE#         13
  C:4929H         LINE#         14
  C:492BH         LINE#         16
  -------         ENDPROC       TIMER1_INITIALIZE
  -------         ENDMOD        TIMER1

  -------         MODULE        CRC_TABLE
  C:0000H         SYMBOL        _ICE_DUMMY_
  C:36C3H         PUBLIC        Crc8Table
  C:4883H         PUBLIC        _CRC_Check
  -------         PROC          _CRC_CHECK
  D:0006H         SYMBOL        Spool_pr
  D:0005H         SYMBOL        Count_pr
  -------         DO            
  D:0004H         SYMBOL        crc
  -------         ENDDO         
  C:4883H         LINE#         36
  C:4883H         LINE#         37
  C:4883H         LINE#         38
  C:4885H         LINE#         40
  C:488CH         LINE#         41
  C:48A2H         LINE#         43
  C:48A5H         LINE#         44
  -------         ENDPROC       _CRC_CHECK
  -------         ENDMOD        CRC_TABLE
BL51 BANKED LINKER/LOCATER V6.22                                                      06/20/2014  09:02:40  PAGE 56



  -------         MODULE        ?C?FPADD
  C:003DH         PUBLIC        ?C?FPADD
  C:0039H         PUBLIC        ?C?FPSUB
  -------         ENDMOD        ?C?FPADD

  -------         MODULE        ?C?FPMUL
  C:012EH         PUBLIC        ?C?FPMUL
  -------         ENDMOD        ?C?FPMUL

  -------         MODULE        ?C?FPCMP
  C:0236H         PUBLIC        ?C?FPCMP
  C:0234H         PUBLIC        ?C?FPCMP3
  -------         ENDMOD        ?C?FPCMP

  -------         MODULE        ?C?FCAST
  C:02ABH         PUBLIC        ?C?FCASTC
  C:02A6H         PUBLIC        ?C?FCASTI
  C:02A1H         PUBLIC        ?C?FCASTL
  -------         ENDMOD        ?C?FCAST

  -------         MODULE        ?C?CASTF
  C:02DFH         PUBLIC        ?C?CASTF
  -------         ENDMOD        ?C?CASTF

  -------         MODULE        ?C?COPY
  C:0430H         PUBLIC        ?C?COPY
  -------         ENDMOD        ?C?COPY

  -------         MODULE        ?C?CLDPTR
  C:0456H         PUBLIC        ?C?CLDPTR
  -------         ENDMOD        ?C?CLDPTR

  -------         MODULE        ?C?CLDOPTR
  C:046FH         PUBLIC        ?C?CLDOPTR
  -------         ENDMOD        ?C?CLDOPTR

  -------         MODULE        ?C?CILDOPTR
  C:049CH         PUBLIC        ?C?CILDOPTR
  -------         ENDMOD        ?C?CILDOPTR

  -------         MODULE        ?C?CSTOPTR
  C:04CFH         PUBLIC        ?C?CSTOPTR
  -------         ENDMOD        ?C?CSTOPTR

  -------         MODULE        ?C?IILDX
  C:04F1H         PUBLIC        ?C?IILDX
  -------         ENDMOD        ?C?IILDX

  -------         MODULE        ?C?ILDPTR
  C:0507H         PUBLIC        ?C?ILDPTR
  -------         ENDMOD        ?C?ILDPTR

  -------         MODULE        ?C?ILDOPTR
  C:0532H         PUBLIC        ?C?ILDOPTR
  -------         ENDMOD        ?C?ILDOPTR

BL51 BANKED LINKER/LOCATER V6.22                                                      06/20/2014  09:02:40  PAGE 57


  -------         MODULE        ?C?ISTPTR
  C:056AH         PUBLIC        ?C?ISTPTR
  -------         ENDMOD        ?C?ISTPTR

  -------         MODULE        ?C?ISTOPTR
  C:0589H         PUBLIC        ?C?ISTOPTR
  -------         ENDMOD        ?C?ISTOPTR

  -------         MODULE        ?C?ULDIV
  C:05F2H         PUBLIC        ?C?ULDIV
  -------         ENDMOD        ?C?ULDIV

  -------         MODULE        ?C?SLDIV
  C:478DH         PUBLIC        ?C?SLDIV
  -------         ENDMOD        ?C?SLDIV

  -------         MODULE        ?C?LNEG
  C:0684H         PUBLIC        ?C?LNEG
  -------         ENDMOD        ?C?LNEG

  -------         MODULE        ?C?ULCMP
  C:0692H         PUBLIC        ?C?ULCMP
  -------         ENDMOD        ?C?ULCMP

  -------         MODULE        ?C?ULSHR
  C:06A3H         PUBLIC        ?C?ULSHR
  -------         ENDMOD        ?C?ULSHR

  -------         MODULE        ?C?LSHL
  C:06B6H         PUBLIC        ?C?LSHL
  -------         ENDMOD        ?C?LSHL

  -------         MODULE        ?C?LSTXDATA
  C:06C9H         PUBLIC        ?C?LSTXDATA
  -------         ENDMOD        ?C?LSTXDATA

  -------         MODULE        ?C?LSTKXDATA
  C:06D5H         PUBLIC        ?C?LSTKXDATA
  -------         ENDMOD        ?C?LSTKXDATA

  -------         MODULE        ?C?OFFXADD
  C:0706H         PUBLIC        ?C?OFFXADD
  -------         ENDMOD        ?C?OFFXADD

  -------         MODULE        ?C?CCASE
  C:0712H         PUBLIC        ?C?CCASE
  -------         ENDMOD        ?C?CCASE

  -------         MODULE        ?C?ICASE
  C:0738H         PUBLIC        ?C?ICASE
  -------         ENDMOD        ?C?ICASE

Program Size: data=22.0 xdata=1596 code=18755
LINK/LOCATE RUN COMPLETE.  0 WARNING(S),  0 ERROR(S)
