BL51 BANKED LINKER/LOCATER V6.22                                                        06/20/2014  14:22:57  PAGE 1


BL51 BANKED LINKER/LOCATER V6.22, INVOKED BY:
C:\PROGRAM FILES\KEIL\C51\BIN\BL51.EXE debug.obj, timer3.obj, adc.obj, eeprom.obj, watchdog.obj, proto_uso.obj, channels
>> .obj, START_AD.obj, frequency.obj, timer0.obj, timer2.obj, i2c.obj, calibrate.obj, ulongsort.obj, timer1.obj, crc_tab
>> le.obj, modbus_ascii.obj TO debug RAMSIZE (256) XDATA (0X0000-0X7FFE)


MEMORY MODEL: LARGE WITH FLOATING POINT ARITHMETIC


INPUT MODULES INCLUDED:
  debug.obj (DEBUG)
  timer3.obj (TIMER3)
  adc.obj (ADC)
  eeprom.obj (EEPROM)
  watchdog.obj (WATCHDOG)
  proto_uso.obj (PROTO_USO)
  channels.obj (CHANNELS)
  START_AD.obj (?C_STARTUP)
  frequency.obj (FREQUENCY)
  timer0.obj (TIMER0)
  timer2.obj (TIMER2)
  i2c.obj (I2C)
  calibrate.obj (CALIBRATE)
  ulongsort.obj (ULONGSORT)
  timer1.obj (TIMER1)
  crc_table.obj (CRC_TABLE)
  modbus_ascii.obj (MODBUS_ASCII)
  C:\PROGRAM FILES\KEIL\C51\LIB\C51FPL.LIB (?C?FPADD)
  C:\PROGRAM FILES\KEIL\C51\LIB\C51FPL.LIB (?C?FPMUL)
  C:\PROGRAM FILES\KEIL\C51\LIB\C51FPL.LIB (?C?FPCMP)
  C:\PROGRAM FILES\KEIL\C51\LIB\C51FPL.LIB (?C?FCAST)
  C:\PROGRAM FILES\KEIL\C51\LIB\C51FPL.LIB (?C?CASTF)
  C:\PROGRAM FILES\KEIL\C51\LIB\C51FPL.LIB (?C?FPGETOPN)
  C:\PROGRAM FILES\KEIL\C51\LIB\C51L.LIB (?C_INIT)
  C:\PROGRAM FILES\KEIL\C51\LIB\C51L.LIB (?C?COPY)
  C:\PROGRAM FILES\KEIL\C51\LIB\C51L.LIB (?C?CLDPTR)
  C:\PROGRAM FILES\KEIL\C51\LIB\C51L.LIB (?C?CLDOPTR)
  C:\PROGRAM FILES\KEIL\C51\LIB\C51L.LIB (?C?CILDOPTR)
  C:\PROGRAM FILES\KEIL\C51\LIB\C51L.LIB (?C?CSTPTR)
  C:\PROGRAM FILES\KEIL\C51\LIB\C51L.LIB (?C?CSTOPTR)
  C:\PROGRAM FILES\KEIL\C51\LIB\C51L.LIB (?C?IILDX)
  C:\PROGRAM FILES\KEIL\C51\LIB\C51L.LIB (?C?ILDIX)
  C:\PROGRAM FILES\KEIL\C51\LIB\C51L.LIB (?C?ILDPTR)
  C:\PROGRAM FILES\KEIL\C51\LIB\C51L.LIB (?C?ILDOPTR)
  C:\PROGRAM FILES\KEIL\C51\LIB\C51L.LIB (?C?ISTPTR)
  C:\PROGRAM FILES\KEIL\C51\LIB\C51L.LIB (?C?ISTOPTR)
  C:\PROGRAM FILES\KEIL\C51\LIB\C51L.LIB (?C?ULDIV)
  C:\PROGRAM FILES\KEIL\C51\LIB\C51L.LIB (?C?SLDIV)
  C:\PROGRAM FILES\KEIL\C51\LIB\C51L.LIB (?C?LNEG)
  C:\PROGRAM FILES\KEIL\C51\LIB\C51L.LIB (?C?ULCMP)
  C:\PROGRAM FILES\KEIL\C51\LIB\C51L.LIB (?C?ULSHR)
  C:\PROGRAM FILES\KEIL\C51\LIB\C51L.LIB (?C?LSHL)
  C:\PROGRAM FILES\KEIL\C51\LIB\C51L.LIB (?C?LSTXDATA)
  C:\PROGRAM FILES\KEIL\C51\LIB\C51L.LIB (?C?LSTKXDATA)
  C:\PROGRAM FILES\KEIL\C51\LIB\C51L.LIB (?C?OFFXADD)
  C:\PROGRAM FILES\KEIL\C51\LIB\C51L.LIB (?C?CCASE)
  C:\PROGRAM FILES\KEIL\C51\LIB\C51L.LIB (?C?ICASE)

BL51 BANKED LINKER/LOCATER V6.22                                                      06/20/2014  14:22:57  PAGE 2



LINK MAP OF MODULE:  debug (DEBUG)


            TYPE    BASE      LENGTH    RELOCATION   SEGMENT NAME
            -----------------------------------------------------

            * * * * * * *   D A T A   M E M O R Y   * * * * * * *
            REG     0000H     0008H     ABSOLUTE     "REG BANK 0"
            DATA    0008H     0002H     UNIT         _DATA_GROUP_
            DATA    000AH     0001H     UNIT         ?DT?WATCHDOG
            DATA    000BH     0001H     UNIT         ?DT?PROTO_USO
            IDATA   000CH     0006H     UNIT         ?ID?I2C
            IDATA   0012H     0003H     UNIT         ?ID?PROTO_USO
            IDATA   0015H     0001H     UNIT         ?STACK

            * * * * * * *  X D A T A   M E M O R Y  * * * * * * *
            XDATA   0000H     0272H     UNIT         ?XD?PROTO_USO
            XDATA   0272H     015FH     UNIT         ?XD?CHANNELS
            XDATA   03D1H     0132H     UNIT         ?XD?ADC
            XDATA   0503H     006BH     UNIT         ?XD?FREQUENCY
            XDATA   056EH     0030H     UNIT         ?XD?I2C
            XDATA   059EH     0028H     UNIT         ?XD?ULONGSORT
            XDATA   05C6H     001EH     UNIT         _XDATA_GROUP_
            XDATA   05E4H     0016H     UNIT         ?XD?WATCHDOG
            XDATA   05FAH     0010H     UNIT         ?XD?DEBUG
            XDATA   060AH     000DH     UNIT         ?XD?_STORE_DEV_ADDRESS_DESC?PROTO_USO
            XDATA   0617H     0008H     UNIT         ?XD?CHANNEL_SET_CALIBRATE?PROTO_USO
            XDATA   061FH     0007H     UNIT         ?XD?MODBUS_ASCII
            XDATA   0626H     0006H     UNIT         ?XD?_OLD_PROTO_PASTE_NULL?PROTO_USO
            XDATA   062CH     0005H     UNIT         ?XD?_OLD_CRC_CHECK?PROTO_USO
            XDATA   0631H     0004H     UNIT         ?XD?_PROTOPROCESS?PROTO_USO
            XDATA   0635H     0004H     UNIT         ?XD?_FREQUENCY_MEASURE_PROCESS?FREQUENCY
            XDATA   0639H     0004H     UNIT         ?XD?_SYM_8_TO_LONG?MODBUS_ASCII
            XDATA   063DH     0002H     UNIT         ?XD?OLD_CHANNEL_GET_DATA?PROTO_USO
            XDATA   063FH     0002H     UNIT         ?XD?OLD_CHANNEL_GET_DATA_STATE?PROTO_USO
            XDATA   0641H     0002H     UNIT         ?XD?OLD_CHANNEL_GET_STATE?PROTO_USO
            XDATA   0643H     0002H     UNIT         ?XD?RESTORE_DEV_ADDRESS_DESC?PROTO_USO
            XDATA   0645H     0002H     UNIT         ?XD?_INT_TO_SYM_4?MODBUS_ASCII
            XDATA   0647H     0001H     UNIT         ?XD?CHANNEL_SET_ADDRESS_DESC?PROTO_USO
            XDATA   0648H     0001H     UNIT         ?XD?_REQUEST_ERROR?PROTO_USO
            XDATA   0649H     0001H     UNIT         ?XD?OLD_CHANNEL_SET_ADC_RANGE?PROTO_USO

            * * * * * * *   C O D E   M E M O R Y   * * * * * * *
            CODE    0000H     0003H     ABSOLUTE     
            CODE    0003H     0003H     ABSOLUTE     
            CODE    0006H     0003H     UNIT         ?PR?NODE_FULL_INIT?PROTO_USO
                    0009H     0002H                  *** GAP ***
            CODE    000BH     0003H     ABSOLUTE     
            CODE    000EH     0003H     UNIT         ?PR?CHANNEL_LIST_INIT?PROTO_USO
                    0011H     0002H                  *** GAP ***
            CODE    0013H     0003H     ABSOLUTE     
            CODE    0016H     0003H     UNIT         ?PR?CHANNEL_GET_DATA?PROTO_USO
                    0019H     0002H                  *** GAP ***
            CODE    001BH     0003H     ABSOLUTE     
            CODE    001EH     0003H     UNIT         ?PR?CHANNEL_SET_ORDER_QUERY?PROTO_USO
                    0021H     0002H                  *** GAP ***
BL51 BANKED LINKER/LOCATER V6.22                                                      06/20/2014  14:22:57  PAGE 3


            CODE    0023H     0003H     ABSOLUTE     
            CODE    0026H     0003H     UNIT         ?PR?CHANNEL_GET_DATA_ORDER?PROTO_USO
                    0029H     0002H                  *** GAP ***
            CODE    002BH     0003H     ABSOLUTE     
            CODE    002EH     0003H     UNIT         ?PR?CHANNEL_SET_STATE?PROTO_USO
                    0031H     0002H                  *** GAP ***
            CODE    0033H     0003H     ABSOLUTE     
            CODE    0036H     0757H     UNIT         ?C?LIB_CODE
            CODE    078DH     03FAH     UNIT         ?PR?CHANNEL_ALL_GET_DATA?PROTO_USO
            CODE    0B87H     03B8H     UNIT         ?PR?OLD_CHANNEL_GET_DATA_STATE?PROTO_USO
            CODE    0F3FH     038CH     UNIT         ?PR?_I2C_PROCESS?I2C
            CODE    12CBH     0353H     UNIT         ?C_INITSEG
            CODE    161EH     0330H     UNIT         ?PR?_ULONGSORT_PROCESS?ULONGSORT
            CODE    194EH     0328H     UNIT         ?PR?_PROTOPROCESS?PROTO_USO
            CODE    1C76H     02FAH     UNIT         ?PR?OLD_CHANNEL_GET_DATA?PROTO_USO
            CODE    1F70H     02D2H     UNIT         ?PR?TIMER2_ISR?FREQUENCY
            CODE    2242H     0288H     UNIT         ?PR?_FREQUENCY_MEASURE_PROCESS?FREQUENCY
            CODE    24CAH     020EH     UNIT         ?PR?UART_ISR?PROTO_USO
            CODE    26D8H     01E8H     UNIT         ?PR?CHANNELS_SET_DEFAULT?CHANNELS
            CODE    28C0H     0189H     UNIT         ?PR?_STORE_DEV_ADDRESS_DESC?PROTO_USO
            CODE    2A49H     017DH     UNIT         ?PR?PROTOBUFHANDLING?PROTO_USO
            CODE    2BC6H     0173H     UNIT         ?PR?OLD_CHANNEL_GET_STATE?PROTO_USO
            CODE    2D39H     016EH     UNIT         ?PR?OLD_CHANNEL_SET_ADC_RANGE?PROTO_USO
            CODE    2EA7H     0167H     UNIT         ?PR?SEND_INFO?PROTO_USO
            CODE    300EH     0161H     UNIT         ?PR?CHANNEL_SET_PARAMETERS?PROTO_USO
            CODE    316FH     015EH     UNIT         ?PR?READHOLDINGREG?MODBUS_ASCII
            CODE    32CDH     0151H     UNIT         ?PR?_I2C_WRITE_BUF?I2C
            CODE    341EH     0132H     UNIT         ?PR?ADC_ISR?ADC
            CODE    3550H     0110H     UNIT         ?PR?_I2C_READ_BUF?I2C
            CODE    3660H     010DH     UNIT         ?PR?_WDT_PROCESS?WATCHDOG
            CODE    376DH     0107H     UNIT         ?PR?_OLD_PROTO_PASTE_NULL?PROTO_USO
            CODE    3874H     0105H     UNIT         ?PR?CHANNEL_GET_CALIBRATE_VALUE?PROTO_USO
            CODE    3979H     0100H     UNIT         ?CO?CRC_TABLE
            CODE    3A79H     00F1H     UNIT         ?PR?RESTORE_DEV_ADDRESS_DESC?PROTO_USO
            CODE    3B6AH     00E5H     UNIT         ?PR?CHANNEL_SET_CALIBRATE?PROTO_USO
            CODE    3C4FH     00E3H     UNIT         ?PR?_EEPROM_WRITE?EEPROM
            CODE    3D32H     00DFH     UNIT         ?PR?_EEPROM_READ?EEPROM
            CODE    3E11H     00C6H     UNIT         ?PR?_I2C_READ_COMPLETE?I2C
            CODE    3ED7H     00C3H     UNIT         ?PR?_CALIBRATE_SET_FLAG?CALIBRATE
            CODE    3F9AH     00C0H     UNIT         ?PR?FREQUENCY_INIT?FREQUENCY
            CODE    405AH     00BCH     UNIT         ?PR?_GETCALIBRATEVAL?CALIBRATE
            CODE    4116H     00AEH     UNIT         ?PR?_I2C_REPEATREAD?DEBUG
            CODE    41C4H     00A2H     UNIT         ?PR?_CALIBRATE?CALIBRATE
            CODE    4266H     009DH     UNIT         ?PR?ADC_RESTORE_SETTINGS?ADC
            CODE    4303H     009DH     UNIT         ?C_C51STARTUP
            CODE    43A0H     009DH     UNIT         ?PR?RESTORECALIBRATE?CALIBRATE
            CODE    443DH     0098H     UNIT         ?PR?CHANNELSINIT?CHANNELS
            CODE    44D5H     0098H     UNIT         ?PR?RESTORE_CHANNELS_DATA?CHANNELS
            CODE    456DH     0097H     UNIT         ?PR?MAIN?DEBUG
            CODE    4604H     0089H     UNIT         ?PR?_SYM_8_TO_LONG?MODBUS_ASCII
            CODE    468DH     0079H     UNIT         ?PR?_LRC_CHECK?MODBUS_ASCII
            CODE    4706H     0078H     UNIT         ?PR?CHANNEL_SET_ADDRESS_DESC?PROTO_USO
            CODE    477EH     0076H     UNIT         ?PR?_OLD_CRC_CHECK?PROTO_USO
            CODE    47F4H     006BH     UNIT         ?PR?STORE_CHANNELS_DATA?CHANNELS
            CODE    485FH     006BH     UNIT         ?PR?INT2_ISR?FREQUENCY
            CODE    48CAH     006BH     UNIT         ?PR?_LONG_TO_SYM_8?MODBUS_ASCII
            CODE    4935H     0065H     UNIT         ?PR?INT0_ISR?FREQUENCY
BL51 BANKED LINKER/LOCATER V6.22                                                      06/20/2014  14:22:57  PAGE 4


            CODE    499AH     0065H     UNIT         ?PR?INT1_ISR?FREQUENCY
            CODE    49FFH     005BH     UNIT         ?PR?_REQUEST_ERROR?PROTO_USO
            CODE    4A5AH     0059H     UNIT         ?PR?TIMER1_INTERRUPT?DEBUG
            CODE    4AB3H     0058H     UNIT         ?PR?CHANNELS_GET_SETTINGS_CRC?CHANNELS
            CODE    4B0BH     0058H     UNIT         ?PR?CALIBRATE_GET_CRC?CALIBRATE
            CODE    4B63H     004EH     UNIT         ?PR?_INT_TO_SYM_4?MODBUS_ASCII
            CODE    4BB1H     004DH     UNIT         ?PR?CALIBRATE_SET_DEFAULT?CALIBRATE
            CODE    4BFEH     0045H     UNIT         ?PR?_SYM_4_TO_INT?MODBUS_ASCII
            CODE    4C43H     0044H     UNIT         ?C?LDIV
            CODE    4C87H     0039H     UNIT         ?PR?_WDT_INIT?WATCHDOG
            CODE    4CC0H     002DH     UNIT         ?PR?ADC_INITIALIZE?ADC
            CODE    4CEDH     0029H     UNIT         ?PR?_I2C_REPEAT_START_READ?I2C
            CODE    4D16H     0029H     UNIT         ?PR?_MBCHAR2BIN?MODBUS_ASCII
            CODE    4D3FH     0025H     UNIT         ?PR?_MBBIN2CHAR?MODBUS_ASCII
            CODE    4D64H     0023H     UNIT         ?PR?PROTOCOL_INIT?PROTO_USO
            CODE    4D87H     0023H     UNIT         ?PR?_CRC_CHECK?CRC_TABLE
            CODE    4DAAH     001EH     UNIT         ?PR?_CHAR_TO_SYM_2?MODBUS_ASCII
            CODE    4DC8H     001BH     UNIT         ?PR?_SYM_2_TO_CHAR?MODBUS_ASCII
            CODE    4DE3H     0016H     UNIT         ?PR?I2C_INIT?I2C
            CODE    4DF9H     0015H     UNIT         ?PR?_ADC_OUT_FREQ?ADC
            CODE    4E0EH     0014H     UNIT         ?PR?TIMER2_INITIALIZE?TIMER2
            CODE    4E22H     0013H     UNIT         ?PR?CHANNEL_SET_RESET_STATE_FLAGS?PROTO_USO
            CODE    4E35H     0012H     UNIT         ?PR?UART_INIT?TIMER3
            CODE    4E47H     0011H     UNIT         ?PR?TIMER0_INITIALIZE?TIMER0
            CODE    4E58H     0011H     UNIT         ?PR?TIMER1_INITIALIZE?TIMER1
            CODE    4E69H     000CH     UNIT         ?PR?CHANNEL_SET_ALL_DEFAULT?PROTO_USO
            CODE    4E75H     000AH     UNIT         ?PR?WDT_CLEAR?WATCHDOG
            CODE    4E7FH     0007H     UNIT         ?PR?_ADC_SET_MODE?ADC
            CODE    4E86H     0003H     UNIT         ?PR?CHANNEL_GET_DATA_ORDER_M2?PROTO_USO
            CODE    4E89H     0003H     UNIT         ?PR?OLD_REINIT_BLOCK?PROTO_USO



OVERLAY MAP OF MODULE:   debug (DEBUG)


SEGMENT                                            DATA_GROUP          XDATA_GROUP
  +--> CALLED SEGMENT                            START    LENGTH     START    LENGTH
------------------------------------------------------------------------------------
?C_C51STARTUP                                    -----    -----      -----    -----
  +--> ?PR?MAIN?DEBUG
  +--> ?C_INITSEG

?PR?MAIN?DEBUG                                   -----    -----      -----    -----
  +--> ?PR?RESTORECALIBRATE?CALIBRATE
  +--> ?PR?CHANNELSINIT?CHANNELS
  +--> ?PR?PROTOCOL_INIT?PROTO_USO
  +--> ?PR?TIMER1_INITIALIZE?TIMER1
  +--> ?PR?ADC_INITIALIZE?ADC
  +--> ?PR?UART_INIT?TIMER3
  +--> ?PR?FREQUENCY_INIT?FREQUENCY
  +--> ?PR?_WDT_INIT?WATCHDOG
  +--> ?PR?I2C_INIT?I2C
  +--> ?PR?_I2C_REPEAT_START_READ?I2C
  +--> ?PR?_PROTOPROCESS?PROTO_USO
  +--> ?PR?_I2C_REPEATREAD?DEBUG
  +--> ?PR?_FREQUENCY_MEASURE_PROCESS?FREQUENCY
BL51 BANKED LINKER/LOCATER V6.22                                                      06/20/2014  14:22:57  PAGE 5


  +--> ?PR?_ULONGSORT_PROCESS?ULONGSORT
  +--> ?PR?_I2C_PROCESS?I2C
  +--> ?PR?_WDT_PROCESS?WATCHDOG

?PR?RESTORECALIBRATE?CALIBRATE                   -----    -----      05C6H    0009H
  +--> ?PR?_EEPROM_READ?EEPROM
  +--> ?PR?CALIBRATE_GET_CRC?CALIBRATE
  +--> ?PR?CALIBRATE_SET_DEFAULT?CALIBRATE

?PR?_EEPROM_READ?EEPROM                          -----    -----      05CFH    000AH

?PR?CALIBRATE_GET_CRC?CALIBRATE                  -----    -----      05DAH    0003H
  +--> ?CO?CRC_TABLE

?PR?CALIBRATE_SET_DEFAULT?CALIBRATE              -----    -----      05CFH    0005H
  +--> ?PR?_CALIBRATE_SET_FLAG?CALIBRATE
  +--> ?PR?CALIBRATE_GET_CRC?CALIBRATE
  +--> ?PR?_EEPROM_WRITE?EEPROM

?PR?_CALIBRATE_SET_FLAG?CALIBRATE                -----    -----      05D4H    0006H
  +--> ?PR?_EEPROM_WRITE?EEPROM
  +--> ?PR?CALIBRATE_GET_CRC?CALIBRATE

?PR?_EEPROM_WRITE?EEPROM                         -----    -----      05DAH    000AH

?PR?CHANNELSINIT?CHANNELS                        -----    -----      -----    -----
  +--> ?PR?RESTORE_CHANNELS_DATA?CHANNELS

?PR?RESTORE_CHANNELS_DATA?CHANNELS               -----    -----      05C6H    0009H
  +--> ?PR?_EEPROM_READ?EEPROM
  +--> ?PR?CHANNELS_GET_SETTINGS_CRC?CHANNELS
  +--> ?PR?CHANNELS_SET_DEFAULT?CHANNELS

?PR?CHANNELS_GET_SETTINGS_CRC?CHANNELS           -----    -----      05D4H    0003H
  +--> ?CO?CRC_TABLE

?PR?CHANNELS_SET_DEFAULT?CHANNELS                -----    -----      -----    -----
  +--> ?PR?STORE_CHANNELS_DATA?CHANNELS

?PR?STORE_CHANNELS_DATA?CHANNELS                 -----    -----      05CFH    0005H
  +--> ?PR?_EEPROM_WRITE?EEPROM
  +--> ?PR?CHANNELS_GET_SETTINGS_CRC?CHANNELS

?PR?PROTOCOL_INIT?PROTO_USO                      -----    -----      -----    -----
  +--> ?PR?RESTORE_DEV_ADDRESS_DESC?PROTO_USO

?PR?RESTORE_DEV_ADDRESS_DESC?PROTO_USO           -----    -----      -----    -----
  +--> ?PR?_EEPROM_READ?EEPROM

?PR?ADC_INITIALIZE?ADC                           -----    -----      -----    -----
  +--> ?PR?ADC_RESTORE_SETTINGS?ADC
  +--> ?PR?_ADC_SET_MODE?ADC
  +--> ?PR?_ADC_OUT_FREQ?ADC

?PR?ADC_RESTORE_SETTINGS?ADC                     -----    -----      05C6H    0002H

?PR?FREQUENCY_INIT?FREQUENCY                     -----    -----      05C6H    0001H
BL51 BANKED LINKER/LOCATER V6.22                                                      06/20/2014  14:22:57  PAGE 6


  +--> ?PR?TIMER0_INITIALIZE?TIMER0
  +--> ?PR?TIMER2_INITIALIZE?TIMER2

?PR?_I2C_REPEAT_START_READ?I2C                   -----    -----      05CAH    0009H

?PR?_PROTOPROCESS?PROTO_USO                      -----    -----      -----    -----
  +--> ?PR?_CRC_CHECK?CRC_TABLE
  +--> ?PR?_OLD_CRC_CHECK?PROTO_USO
  +--> ?PR?_MBCHAR2BIN?MODBUS_ASCII
  +--> ?PR?_LRC_CHECK?MODBUS_ASCII
  +--> ?PR?PROTOBUFHANDLING?PROTO_USO

?PR?_CRC_CHECK?CRC_TABLE                         -----    -----      -----    -----
  +--> ?CO?CRC_TABLE

?PR?_LRC_CHECK?MODBUS_ASCII                      -----    -----      05C6H    0006H
  +--> ?PR?_MBCHAR2BIN?MODBUS_ASCII

?PR?PROTOBUFHANDLING?PROTO_USO                   -----    -----      -----    -----
  +--> ?PR?SEND_INFO?PROTO_USO
  +--> ?PR?NODE_FULL_INIT?PROTO_USO
  +--> ?PR?CHANNEL_LIST_INIT?PROTO_USO
  +--> ?PR?CHANNEL_GET_DATA?PROTO_USO
  +--> ?PR?CHANNEL_SET_PARAMETERS?PROTO_USO
  +--> ?PR?CHANNEL_SET_ORDER_QUERY?PROTO_USO
  +--> ?PR?CHANNEL_GET_DATA_ORDER?PROTO_USO
  +--> ?PR?CHANNEL_SET_STATE?PROTO_USO
  +--> ?PR?CHANNEL_GET_DATA_ORDER_M2?PROTO_USO
  +--> ?PR?CHANNEL_SET_RESET_STATE_FLAGS?PRO...
  +--> ?PR?CHANNEL_ALL_GET_DATA?PROTO_USO
  +--> ?PR?CHANNEL_SET_ADDRESS_DESC?PROTO_USO
  +--> ?PR?CHANNEL_SET_CALIBRATE?PROTO_USO
  +--> ?PR?CHANNEL_SET_ALL_DEFAULT?PROTO_USO
  +--> ?PR?CHANNEL_GET_CALIBRATE_VALUE?PROTO...
  +--> ?PR?_REQUEST_ERROR?PROTO_USO
  +--> ?PR?OLD_REINIT_BLOCK?PROTO_USO
  +--> ?PR?OLD_CHANNEL_SET_ADC_RANGE?PROTO_USO
  +--> ?PR?OLD_CHANNEL_GET_STATE?PROTO_USO
  +--> ?PR?OLD_CHANNEL_GET_DATA?PROTO_USO
  +--> ?PR?OLD_CHANNEL_GET_DATA_STATE?PROTO_USO
  +--> ?PR?_MBCHAR2BIN?MODBUS_ASCII
  +--> ?PR?READHOLDINGREG?MODBUS_ASCII

?PR?SEND_INFO?PROTO_USO                          -----    -----      -----    -----
  +--> ?PR?_CRC_CHECK?CRC_TABLE

?PR?CHANNEL_SET_PARAMETERS?PROTO_USO             -----    -----      05C6H    0001H
  +--> ?PR?_REQUEST_ERROR?PROTO_USO
  +--> ?PR?STORE_CHANNELS_DATA?CHANNELS

?PR?_REQUEST_ERROR?PROTO_USO                     -----    -----      -----    -----
  +--> ?PR?_CRC_CHECK?CRC_TABLE

?PR?CHANNEL_SET_RESET_STATE_FLAGS?PRO...         -----    -----      -----    -----
  +--> ?PR?CHANNELSINIT?CHANNELS
  +--> ?PR?_REQUEST_ERROR?PROTO_USO

BL51 BANKED LINKER/LOCATER V6.22                                                      06/20/2014  14:22:57  PAGE 7


?PR?CHANNEL_ALL_GET_DATA?PROTO_USO               0008H    0002H      -----    -----
  +--> ?PR?_CRC_CHECK?CRC_TABLE

?PR?CHANNEL_SET_ADDRESS_DESC?PROTO_USO           -----    -----      -----    -----
  +--> ?PR?_STORE_DEV_ADDRESS_DESC?PROTO_USO
  +--> ?PR?_REQUEST_ERROR?PROTO_USO

?PR?_STORE_DEV_ADDRESS_DESC?PROTO_USO            -----    -----      -----    -----
  +--> ?PR?_EEPROM_WRITE?EEPROM

?PR?CHANNEL_SET_CALIBRATE?PROTO_USO              -----    -----      -----    -----
  +--> ?PR?_CALIBRATE?CALIBRATE
  +--> ?PR?_CALIBRATE_SET_FLAG?CALIBRATE
  +--> ?PR?_REQUEST_ERROR?PROTO_USO

?PR?_CALIBRATE?CALIBRATE                         -----    -----      05C6H    000DH
  +--> ?PR?_EEPROM_WRITE?EEPROM
  +--> ?PR?CALIBRATE_GET_CRC?CALIBRATE

?PR?CHANNEL_SET_ALL_DEFAULT?PROTO_USO            -----    -----      -----    -----
  +--> ?PR?CHANNELS_SET_DEFAULT?CHANNELS
  +--> ?PR?CALIBRATE_SET_DEFAULT?CALIBRATE
  +--> ?PR?_REQUEST_ERROR?PROTO_USO

?PR?CHANNEL_GET_CALIBRATE_VALUE?PROTO...         -----    -----      -----    -----
  +--> ?PR?_REQUEST_ERROR?PROTO_USO
  +--> ?PR?_CRC_CHECK?CRC_TABLE

?PR?OLD_CHANNEL_GET_STATE?PROTO_USO              -----    -----      -----    -----
  +--> ?PR?_OLD_PROTO_PASTE_NULL?PROTO_USO
  +--> ?PR?_OLD_CRC_CHECK?PROTO_USO

?PR?OLD_CHANNEL_GET_DATA?PROTO_USO               -----    -----      -----    -----
  +--> ?PR?_OLD_PROTO_PASTE_NULL?PROTO_USO
  +--> ?PR?_OLD_CRC_CHECK?PROTO_USO

?PR?OLD_CHANNEL_GET_DATA_STATE?PROTO_USO         -----    -----      -----    -----
  +--> ?PR?_OLD_PROTO_PASTE_NULL?PROTO_USO
  +--> ?PR?_OLD_CRC_CHECK?PROTO_USO

?PR?READHOLDINGREG?MODBUS_ASCII                  -----    -----      -----    -----
  +--> ?PR?_SYM_4_TO_INT?MODBUS_ASCII
  +--> ?PR?_CHAR_TO_SYM_2?MODBUS_ASCII
  +--> ?PR?_LONG_TO_SYM_8?MODBUS_ASCII
  +--> ?PR?_LRC_CHECK?MODBUS_ASCII

?PR?_SYM_4_TO_INT?MODBUS_ASCII                   -----    -----      05C6H    0002H
  +--> ?PR?_MBCHAR2BIN?MODBUS_ASCII

?PR?_CHAR_TO_SYM_2?MODBUS_ASCII                  -----    -----      -----    -----
  +--> ?PR?_MBBIN2CHAR?MODBUS_ASCII

?PR?_LONG_TO_SYM_8?MODBUS_ASCII                  -----    -----      05C6H    0008H
  +--> ?PR?_MBBIN2CHAR?MODBUS_ASCII

?PR?_I2C_REPEATREAD?DEBUG                        -----    -----      05C6H    0004H
  +--> ?PR?_I2C_REPEAT_START_READ?I2C
BL51 BANKED LINKER/LOCATER V6.22                                                      06/20/2014  14:22:57  PAGE 8



?PR?_ULONGSORT_PROCESS?ULONGSORT                 -----    -----      05C6H    0004H
  +--> ?PR?_GETCALIBRATEVAL?CALIBRATE

?PR?_GETCALIBRATEVAL?CALIBRATE                   -----    -----      05CAH    0009H

?PR?_I2C_PROCESS?I2C                             -----    -----      05C6H    0004H
  +--> ?PR?_I2C_WRITE_BUF?I2C
  +--> ?PR?_I2C_READ_BUF?I2C
  +--> ?PR?_I2C_READ_COMPLETE?I2C

?PR?_I2C_WRITE_BUF?I2C                           -----    -----      05CAH    0008H

?PR?_I2C_READ_BUF?I2C                            -----    -----      05CAH    0008H

?PR?_I2C_READ_COMPLETE?I2C                       -----    -----      05CAH    0004H
  +--> ?PR?_CRC_CHECK?CRC_TABLE

?PR?_WDT_PROCESS?WATCHDOG                        -----    -----      05C6H    0006H
  +--> ?PR?WDT_CLEAR?WATCHDOG



SYMBOL TABLE OF MODULE:  debug (DEBUG)

  VALUE           TYPE          NAME
  ----------------------------------

  -------         MODULE        DEBUG
  C:0000H         SYMBOL        _ICE_DUMMY_
  D:0088H         PUBLIC        TCON
  D:008BH         PUBLIC        TL1
  D:008DH         PUBLIC        TH1
  D:0098H         PUBLIC        SCON
  D:00A0H         PUBLIC        P2
  D:00A8H         PUBLIC        IE
  D:00B0H         PUBLIC        P3
  D:00B8H         PUBLIC        IP
  D:00C0H         PUBLIC        WDCON
  D:00C8H         PUBLIC        T2CON
  D:00D0H         PUBLIC        PSW
  D:00D7H         PUBLIC        PLLCON
  D:00D8H         PUBLIC        ADCSTAT
  D:00E8H         PUBLIC        I2CCON
  D:00E8H         PUBLIC        DCON
  D:00F8H         PUBLIC        SPICON
  B:00A8H.7       PUBLIC        EA
  X:05FAH         PUBLIC        pt_i2c_read
  X:05FEH         PUBLIC        pt_freq_measure
  X:0602H         PUBLIC        pt_sort
  X:0606H         PUBLIC        pt_i2c_process
  C:4116H         PUBLIC        _I2C_RepeatRead
  C:456DH         PUBLIC        main
  C:4A5AH         PUBLIC        Timer1_Interrupt
  -------         PROC          MAIN
  C:456DH         LINE#         34
  C:456DH         LINE#         35
BL51 BANKED LINKER/LOCATER V6.22                                                      06/20/2014  14:22:57  PAGE 9


  C:456DH         LINE#         36
  C:456FH         LINE#         39
  C:4572H         LINE#         41
  C:4575H         LINE#         43
  C:4578H         LINE#         44
  C:457BH         LINE#         45
  C:457EH         LINE#         46
  C:4581H         LINE#         47
  C:4584H         LINE#         48
  C:4587H         LINE#         50
  C:458CH         LINE#         51
  C:458FH         LINE#         55
  C:4596H         LINE#         56
  C:459CH         LINE#         57
  C:45A2H         LINE#         58
  C:45A8H         LINE#         60
  C:45AAH         LINE#         62
  C:45ADH         LINE#         64
  C:45CBH         LINE#         65
  C:45CBH         LINE#         66
  C:45CBH         LINE#         67
  C:45D4H         LINE#         68
  C:45DDH         LINE#         69
  C:45E6H         LINE#         70
  C:45EFH         LINE#         71
  C:45F8H         LINE#         72
  C:4601H         LINE#         73
  -------         ENDPROC       MAIN
  -------         PROC          _I2C_REPEATREAD
  X:05C6H         SYMBOL        pt
  -------         DO            
  X:05C9H         SYMBOL        PT_YIELD_FLAG
  -------         ENDDO         
  C:4116H         LINE#         78
  C:4121H         LINE#         79
  C:4121H         LINE#         80
  C:4126H         LINE#         82
  C:413EH         LINE#         84
  C:413EH         LINE#         85
  C:413EH         LINE#         86
  C:417CH         LINE#         87
  C:419BH         LINE#         89
  C:41A9H         LINE#         90
  C:41ABH         LINE#         91
  C:41C3H         LINE#         93
  -------         ENDPROC       _I2C_REPEATREAD
  -------         PROC          TIMER1_INTERRUPT
  C:4A5AH         LINE#         95
  C:4A60H         LINE#         98
  C:4A63H         LINE#         99
  C:4A66H         LINE#         100
  C:4A74H         LINE#         101
  C:4A82H         LINE#         102
  C:4A90H         LINE#         103
  C:4A9EH         LINE#         104
  C:4AACH         LINE#         106
  -------         ENDPROC       TIMER1_INTERRUPT
BL51 BANKED LINKER/LOCATER V6.22                                                      06/20/2014  14:22:57  PAGE 10


  -------         ENDMOD        DEBUG

  -------         MODULE        TIMER3
  C:0000H         SYMBOL        _ICE_DUMMY_
  D:0088H         PUBLIC        TCON
  D:0098H         PUBLIC        SCON
  D:009DH         PUBLIC        T3FD
  D:009EH         PUBLIC        T3CON
  D:00A0H         PUBLIC        P2
  D:00A8H         PUBLIC        IE
  D:00B0H         PUBLIC        P3
  D:00B8H         PUBLIC        IP
  D:00C0H         PUBLIC        WDCON
  D:00C8H         PUBLIC        T2CON
  D:00D0H         PUBLIC        PSW
  D:00D8H         PUBLIC        ADCSTAT
  D:00E8H         PUBLIC        I2CCON
  D:00E8H         PUBLIC        DCON
  D:00F8H         PUBLIC        SPICON
  B:00A8H.4       PUBLIC        ES
  B:00B8H.4       PUBLIC        PS
  B:0098H.1       PUBLIC        TI
  B:0098H.0       PUBLIC        RI
  C:4E35H         PUBLIC        UART_Init
  -------         PROC          UART_INIT
  C:4E35H         LINE#         3
  C:4E35H         LINE#         4
  C:4E35H         LINE#         6
  C:4E38H         LINE#         8
  C:4E3BH         LINE#         9
  C:4E3EH         LINE#         10
  C:4E40H         LINE#         11
  C:4E42H         LINE#         12
  C:4E44H         LINE#         13
  C:4E46H         LINE#         15
  -------         ENDPROC       UART_INIT
  -------         ENDMOD        TIMER3

  -------         MODULE        ADC
  C:0000H         SYMBOL        _ICE_DUMMY_
  D:0088H         PUBLIC        TCON
  D:0098H         PUBLIC        SCON
  D:00A0H         PUBLIC        P2
  D:00A8H         PUBLIC        IE
  D:00B0H         PUBLIC        P3
  D:00B8H         PUBLIC        IP
  D:00C0H         PUBLIC        WDCON
  D:00C8H         PUBLIC        T2CON
  D:00D0H         PUBLIC        PSW
  D:00D1H         PUBLIC        ADCMODE
  D:00D2H         PUBLIC        ADC0CON1
  D:00D4H         PUBLIC        SF
  D:00D8H         PUBLIC        ADCSTAT
  D:00D9H         PUBLIC        ADC0L
  D:00DAH         PUBLIC        ADC0M
  D:00DBH         PUBLIC        ADC0H
  D:00E6H         PUBLIC        ADC0CON2
BL51 BANKED LINKER/LOCATER V6.22                                                      06/20/2014  14:22:57  PAGE 11


  D:00E8H         PUBLIC        I2CCON
  D:00E8H         PUBLIC        DCON
  D:00F8H         PUBLIC        SPICON
  B:00A8H.6       PUBLIC        EADC
  B:00D8H.7       PUBLIC        RDY0
  X:03D3H         PUBLIC        adc_channels
  C:4CC0H         PUBLIC        ADC_Initialize
  C:341EH         PUBLIC        ADC_ISR
  C:4E7FH         PUBLIC        _ADC_Set_Mode
  C:4DF9H         PUBLIC        _ADC_Out_Freq
  C:4266H         PUBLIC        ADC_Restore_Settings
  -------         PROC          ADC_INITIALIZE
  C:4CC0H         LINE#         6
  C:4CC0H         LINE#         7
  C:4CC0H         LINE#         8
  C:4CC3H         LINE#         9
  C:4CC6H         LINE#         10
  C:4CC9H         LINE#         16
  C:4CCCH         LINE#         17
  C:4CCFH         LINE#         18
  C:4CD2H         LINE#         20
  C:4CD5H         LINE#         21
  C:4CD8H         LINE#         31
  C:4CDBH         LINE#         32
  C:4CE0H         LINE#         34
  C:4CE7H         LINE#         37
  C:4CE9H         LINE#         39
  C:4CECH         LINE#         42
  -------         ENDPROC       ADC_INITIALIZE
  -------         PROC          ADC_ISR
  -------         DO            
  X:03D1H         SYMBOL        current_channel
  X:03D2H         SYMBOL        current_buf_item
  -------         ENDDO         
  C:341EH         LINE#         44
  C:342EH         LINE#         49
  C:3436H         LINE#         50
  C:344BH         LINE#         52
  C:346FH         LINE#         53
  C:348CH         LINE#         54
  C:34B1H         LINE#         55
  C:34CEH         LINE#         57
  C:34E7H         LINE#         58
  C:34FDH         LINE#         61
  C:3509H         LINE#         62
  C:3528H         LINE#         63
  C:353DH         LINE#         66
  C:353FH         LINE#         68
  -------         ENDPROC       ADC_ISR
  -------         PROC          _ADC_SET_MODE
  D:0007H         SYMBOL        mode
  C:4E7FH         LINE#         70
  C:4E7FH         LINE#         71
  C:4E7FH         LINE#         72
  C:4E82H         LINE#         73
  C:4E85H         LINE#         75
  -------         ENDPROC       _ADC_SET_MODE
BL51 BANKED LINKER/LOCATER V6.22                                                      06/20/2014  14:22:57  PAGE 12


  -------         PROC          _ADC_OUT_FREQ
  D:0006H         SYMBOL        freq
  C:4DF9H         LINE#         77
  C:4DF9H         LINE#         78
  C:4DF9H         LINE#         79
  C:4E0DH         LINE#         81
  -------         ENDPROC       _ADC_OUT_FREQ
  -------         PROC          ADC_RESTORE_SETTINGS
  -------         DO            
  X:05C6H         SYMBOL        i
  X:05C7H         SYMBOL        j
  -------         ENDDO         
  C:4266H         LINE#         83
  C:4266H         LINE#         84
  C:4266H         LINE#         85
  C:426DH         LINE#         86
  C:427EH         LINE#         87
  C:427EH         LINE#         88
  C:428FH         LINE#         89
  C:42A0H         LINE#         90
  C:42B2H         LINE#         91
  C:42C3H         LINE#         93
  C:42D1H         LINE#         94
  C:42D1H         LINE#         95
  C:42F1H         LINE#         96
  C:42F9H         LINE#         97
  C:4302H         LINE#         99
  -------         ENDPROC       ADC_RESTORE_SETTINGS
  -------         ENDMOD        ADC

  -------         MODULE        EEPROM
  C:0000H         SYMBOL        _ICE_DUMMY_
  D:0088H         PUBLIC        TCON
  D:0098H         PUBLIC        SCON
  D:00A0H         PUBLIC        P2
  D:00A8H         PUBLIC        IE
  D:00B0H         PUBLIC        P3
  D:00B8H         PUBLIC        IP
  D:00B9H         PUBLIC        ECON
  D:00BCH         PUBLIC        EDATA1
  D:00BDH         PUBLIC        EDATA2
  D:00BEH         PUBLIC        EDATA3
  D:00BFH         PUBLIC        EDATA4
  D:00C0H         PUBLIC        WDCON
  D:00C8H         PUBLIC        T2CON
  D:00D0H         PUBLIC        PSW
  D:00D8H         PUBLIC        ADCSTAT
  D:00E8H         PUBLIC        I2CCON
  D:00E8H         PUBLIC        DCON
  D:00F8H         PUBLIC        SPICON
  B:00A8H.7       PUBLIC        EA
  D:00C6H         PUBLIC        EADR
  C:3D32H         PUBLIC        _EEPROM_Read
  C:3C4FH         PUBLIC        _EEPROM_Write
  -------         PROC          _EEPROM_WRITE
  D:0001H         SYMBOL        buffer
  X:05DDH         SYMBOL        len
BL51 BANKED LINKER/LOCATER V6.22                                                      06/20/2014  14:22:57  PAGE 13


  X:05DFH         SYMBOL        addr
  -------         DO            
  X:05E1H         SYMBOL        i
  D:0001H         SYMBOL        buf
  X:05E3H         SYMBOL        ea_temp
  -------         ENDDO         
  C:3C4FH         LINE#         4
  C:3C57H         LINE#         5
  C:3C57H         LINE#         7
  C:3C5EH         LINE#         10
  C:3C60H         LINE#         12
  C:3C77H         LINE#         13
  C:3C7BH         LINE#         15
  C:3C7BH         LINE#         17
  C:3C9AH         LINE#         18
  C:3C9AH         LINE#         19
  C:3CA2H         LINE#         20
  C:3CA4H         LINE#         22
  C:3CBEH         LINE#         23
  C:3CC8H         LINE#         24
  C:3CE4H         LINE#         25
  C:3CF0H         LINE#         27
  C:3CFCH         LINE#         29
  C:3CFFH         LINE#         30
  C:3D02H         LINE#         32
  C:3D0AH         LINE#         34
  C:3D18H         LINE#         35
  C:3D29H         LINE#         37
  C:3D31H         LINE#         38
  -------         ENDPROC       _EEPROM_WRITE
  -------         PROC          _EEPROM_READ
  D:0001H         SYMBOL        buffer
  X:05D2H         SYMBOL        len
  X:05D4H         SYMBOL        addr
  -------         DO            
  X:05D6H         SYMBOL        i
  D:0001H         SYMBOL        buf
  X:05D8H         SYMBOL        ea_temp
  -------         ENDDO         
  C:3D32H         LINE#         40
  C:3D3AH         LINE#         41
  C:3D3AH         LINE#         44
  C:3D41H         LINE#         47
  C:3D43H         LINE#         49
  C:3D5AH         LINE#         50
  C:3D5EH         LINE#         52
  C:3D5EH         LINE#         54
  C:3D7DH         LINE#         55
  C:3D7DH         LINE#         56
  C:3D85H         LINE#         57
  C:3D87H         LINE#         59
  C:3D93H         LINE#         60
  C:3D96H         LINE#         62
  C:3DB2H         LINE#         63
  C:3DBCH         LINE#         64
  C:3DD5H         LINE#         65
  C:3DE1H         LINE#         67
BL51 BANKED LINKER/LOCATER V6.22                                                      06/20/2014  14:22:57  PAGE 14


  C:3DE9H         LINE#         69
  C:3DF7H         LINE#         70
  C:3E08H         LINE#         72
  C:3E10H         LINE#         73
  -------         ENDPROC       _EEPROM_READ
  -------         ENDMOD        EEPROM

  -------         MODULE        WATCHDOG
  C:0000H         SYMBOL        _ICE_DUMMY_
  D:0088H         PUBLIC        TCON
  D:0098H         PUBLIC        SCON
  D:00A0H         PUBLIC        P2
  D:00A8H         PUBLIC        IE
  D:00B0H         PUBLIC        P3
  D:00B8H         PUBLIC        IP
  D:00C0H         PUBLIC        WDCON
  D:00C8H         PUBLIC        T2CON
  D:00D0H         PUBLIC        PSW
  D:00D8H         PUBLIC        ADCSTAT
  D:00E8H         PUBLIC        I2CCON
  D:00E8H         PUBLIC        DCON
  D:00F8H         PUBLIC        SPICON
  B:00A8H.7       PUBLIC        EA
  B:00C0H.0       PUBLIC        WDWR
  X:05E4H         PUBLIC        wdt_count
  C:4C87H         PUBLIC        _WDT_Init
  C:4E75H         PUBLIC        WDT_Clear
  C:3660H         PUBLIC        _WDT_Process
  D:000AH         PUBLIC        wdt_intval
  X:05F6H         PUBLIC        pt_wdt
  -------         PROC          _WDT_INIT
  D:0007H         SYMBOL        interval
  -------         DO            
  D:0006H         SYMBOL        i
  -------         ENDDO         
  C:4C87H         LINE#         8
  C:4C87H         LINE#         9
  C:4C87H         LINE#         10
  C:4C89H         LINE#         12
  C:4C8BH         LINE#         13
  C:4C8DH         LINE#         14
  C:4C90H         LINE#         30
  C:4C90H         LINE#         31
  C:4C90H         LINE#         32
  C:4CA2H         LINE#         33
  C:4CB3H         LINE#         34
  C:4CB8H         LINE#         36
  C:4CBFH         LINE#         38
  -------         ENDPROC       _WDT_INIT
  -------         PROC          WDT_CLEAR
  C:4E75H         LINE#         40
  C:4E75H         LINE#         41
  C:4E75H         LINE#         42
  C:4E77H         LINE#         44
  C:4E79H         LINE#         45
  C:4E7CH         LINE#         47
  C:4E7EH         LINE#         49
BL51 BANKED LINKER/LOCATER V6.22                                                      06/20/2014  14:22:57  PAGE 15


  -------         ENDPROC       WDT_CLEAR
  -------         PROC          _WDT_PROCESS
  X:05C6H         SYMBOL        pt
  -------         DO            
  X:05C9H         SYMBOL        i
  X:05CAH         SYMBOL        process_error
  -------         DO            
  X:05CBH         SYMBOL        PT_YIELD_FLAG
  -------         ENDDO         
  -------         ENDDO         
  C:3660H         LINE#         51
  C:366BH         LINE#         52
  C:366BH         LINE#         54
  C:3670H         LINE#         55
  C:3674H         LINE#         57
  C:369DH         LINE#         59
  C:369DH         LINE#         60
  C:369DH         LINE#         61
  C:36DBH         LINE#         62
  C:36E0H         LINE#         64
  C:36EEH         LINE#         66
  C:36F3H         LINE#         67
  C:36F3H         LINE#         68
  C:371FH         LINE#         69
  C:371FH         LINE#         70
  C:3724H         LINE#         71
  C:3726H         LINE#         72
  C:3726H         LINE#         74
  C:3726H         LINE#         75
  C:373BH         LINE#         76
  C:373BH         LINE#         77
  C:3745H         LINE#         79
  C:374EH         LINE#         80
  C:374EH         LINE#         81
  C:3751H         LINE#         82
  C:3751H         LINE#         83
  C:3754H         LINE#         84
  C:376CH         LINE#         85
  -------         ENDPROC       _WDT_PROCESS
  -------         ENDMOD        WATCHDOG

  -------         MODULE        PROTO_USO
  C:0000H         SYMBOL        _ICE_DUMMY_
  D:0088H         PUBLIC        TCON
  D:0098H         PUBLIC        SCON
  D:0099H         PUBLIC        SBUF
  D:00A0H         PUBLIC        P2
  D:00A8H         PUBLIC        IE
  D:00B0H         PUBLIC        P3
  D:00B8H         PUBLIC        IP
  D:00C0H         PUBLIC        WDCON
  D:00C8H         PUBLIC        T2CON
  D:00D0H         PUBLIC        PSW
  D:00D8H         PUBLIC        ADCSTAT
  D:00E8H         PUBLIC        I2CCON
  D:00E8H         PUBLIC        DCON
  D:00F8H         PUBLIC        SPICON
BL51 BANKED LINKER/LOCATER V6.22                                                      06/20/2014  14:22:57  PAGE 16


  B:00D0H.7       PUBLIC        CY
  B:00A8H.7       PUBLIC        EA
  B:00A8H.4       PUBLIC        ES
  B:0098H.4       PUBLIC        REN
  B:0098H.1       PUBLIC        TI
  B:0098H.0       PUBLIC        RI
  C:24CAH         PUBLIC        UART_ISR
  C:4D64H         PUBLIC        Protocol_Init
  C:2EA7H         PUBLIC        Send_Info
  C:0006H         PUBLIC        Node_Full_Init
  C:000EH         PUBLIC        Channel_List_Init
  C:0016H         PUBLIC        Channel_Get_Data
  C:300EH         PUBLIC        Channel_Set_Parameters
  C:001EH         PUBLIC        Channel_Set_Order_Query
  C:0026H         PUBLIC        Channel_Get_Data_Order
  C:002EH         PUBLIC        Channel_Set_State
  C:4E86H         PUBLIC        Channel_Get_Data_Order_M2
  C:4E22H         PUBLIC        Channel_Set_Reset_State_Flags
  C:078DH         PUBLIC        Channel_All_Get_Data
  C:4706H         PUBLIC        Channel_Set_Address_Desc
  C:3B6AH         PUBLIC        Channel_Set_Calibrate
  C:4E69H         PUBLIC        Channel_Set_All_Default
  C:3874H         PUBLIC        Channel_Get_Calibrate_Value
  C:49FFH         PUBLIC        _Request_Error
  C:477EH         PUBLIC        _Old_CRC_Check
  C:1C76H         PUBLIC        Old_Channel_Get_Data
  C:0B87H         PUBLIC        Old_Channel_Get_Data_State
  C:2BC6H         PUBLIC        Old_Channel_Get_State
  C:4E89H         PUBLIC        Old_Reinit_Block
  C:2D39H         PUBLIC        Old_Channel_Set_ADC_Range
  C:376DH         PUBLIC        _Old_Proto_Paste_Null
  C:2A49H         PUBLIC        ProtoBufHandling
  C:194EH         PUBLIC        _ProtoProcess
  C:28C0H         PUBLIC        _Store_Dev_Address_Desc
  C:3A79H         PUBLIC        Restore_Dev_Address_Desc
  B:00B0H.5       PUBLIC        DE_RE
  X:0002H         PUBLIC        DEV_NAME
  X:0016H         PUBLIC        NOTICE
  X:003EH         PUBLIC        VERSION
  X:0046H         PUBLIC        ADRESS_DEV
  X:0047H         PUBLIC        dev_desc_len
  I:0012H         PUBLIC        RECIEVED
  X:0048H         PUBLIC        recieve_count
  X:0049H         PUBLIC        transf_count
  X:004AH         PUBLIC        buf_len
  I:0013H         PUBLIC        CUT_OUT_NULL
  X:004BH         PUBLIC        frame_len
  X:004CH         PUBLIC        RecieveBuf
  X:015AH         PUBLIC        TransferBuf
  X:0268H         PUBLIC        STATE_BYTE
  I:0014H         PUBLIC        symbol
  X:0269H         PUBLIC        protocol_type
  X:026AH         PUBLIC        pt_proto
  X:026EH         PUBLIC        sym_8_to_float
  -------         PROC          UART_ISR
  C:24CAH         LINE#         54
  C:24DBH         LINE#         56
BL51 BANKED LINKER/LOCATER V6.22                                                      06/20/2014  14:22:57  PAGE 17


  C:24DDH         LINE#         58
  C:24E3H         LINE#         59
  C:24E3H         LINE#         60
  C:24E5H         LINE#         62
  C:24F2H         LINE#         63
  C:24F2H         LINE#         64
  C:24FCH         LINE#         66
  C:24FCH         LINE#         69
  C:2500H         LINE#         70
  C:2505H         LINE#         71
  C:2519H         LINE#         72
  C:2519H         LINE#         73
  C:2519H         LINE#         74
  C:2519H         LINE#         75
  C:252CH         LINE#         76
  C:2532H         LINE#         77
  C:2535H         LINE#         78
  C:2535H         LINE#         79
  C:2538H         LINE#         81
  C:2538H         LINE#         82
  C:2538H         LINE#         83
  C:253EH         LINE#         84
  C:253EH         LINE#         85
  C:2543H         LINE#         86
  C:2547H         LINE#         87
  C:254BH         LINE#         88
  C:2551H         LINE#         89
  C:2556H         LINE#         90
  C:2558H         LINE#         92
  C:2558H         LINE#         93
  C:256BH         LINE#         94
  C:2571H         LINE#         95
  C:2571H         LINE#         96
  C:2575H         LINE#         97
  C:2575H         LINE#         98
  C:2578H         LINE#         100
  C:2578H         LINE#         101
  C:2578H         LINE#         102
  C:257EH         LINE#         103
  C:257EH         LINE#         104
  C:2583H         LINE#         105
  C:2587H         LINE#         106
  C:258BH         LINE#         107
  C:2591H         LINE#         108
  C:2597H         LINE#         109
  C:2599H         LINE#         111
  C:2599H         LINE#         112
  C:25ACH         LINE#         113
  C:25B2H         LINE#         114
  C:25B2H         LINE#         115
  C:25B6H         LINE#         116
  C:25B6H         LINE#         117
  C:25B8H         LINE#         119
  C:25B8H         LINE#         120
  C:25B8H         LINE#         121
  C:25BEH         LINE#         122
  C:25BEH         LINE#         123
BL51 BANKED LINKER/LOCATER V6.22                                                      06/20/2014  14:22:57  PAGE 18


  C:25C0H         LINE#         124
  C:25C2H         LINE#         126
  C:25C2H         LINE#         127
  C:25D5H         LINE#         128
  C:25DBH         LINE#         129
  C:25DBH         LINE#         130
  C:25DBH         LINE#         131
  C:25DDH         LINE#         133
  C:25DDH         LINE#         134
  C:25DDH         LINE#         135
  C:25F0H         LINE#         136
  C:25F6H         LINE#         137
  C:25F9H         LINE#         139
  C:25F9H         LINE#         140
  C:25F9H         LINE#         142
  C:2602H         LINE#         143
  C:2602H         LINE#         144
  C:2616H         LINE#         145
  C:2616H         LINE#         146
  C:261AH         LINE#         147
  C:261CH         LINE#         148
  C:261EH         LINE#         149
  C:2620H         LINE#         150
  C:2620H         LINE#         151
  C:2622H         LINE#         153
  C:2622H         LINE#         154
  C:2629H         LINE#         155
  C:2629H         LINE#         157
  C:2638H         LINE#         158
  C:263FH         LINE#         159
  C:263FH         LINE#         160
  C:2646H         LINE#         161
  C:2646H         LINE#         162
  C:2646H         LINE#         163
  C:2646H         LINE#         164
  C:2646H         LINE#         166
  C:2649H         LINE#         167
  C:2649H         LINE#         168
  C:264BH         LINE#         170
  C:2658H         LINE#         171
  C:2658H         LINE#         172
  C:2665H         LINE#         173
  C:2665H         LINE#         174
  C:2675H         LINE#         175
  C:267BH         LINE#         176
  C:267DH         LINE#         178
  C:267DH         LINE#         179
  C:2682H         LINE#         180
  C:2682H         LINE#         181
  C:2693H         LINE#         182
  C:2693H         LINE#         183
  C:2695H         LINE#         184
  C:2695H         LINE#         185
  C:26A5H         LINE#         186
  C:26ABH         LINE#         187
  C:26ADH         LINE#         189
  C:26ADH         LINE#         190
BL51 BANKED LINKER/LOCATER V6.22                                                      06/20/2014  14:22:57  PAGE 19


  C:26B0H         LINE#         191
  C:26B4H         LINE#         192
  C:26B4H         LINE#         193
  C:26B4H         LINE#         194
  C:26B6H         LINE#         196
  C:26B6H         LINE#         197
  C:26BBH         LINE#         198
  C:26BEH         LINE#         199
  C:26C4H         LINE#         200
  C:26C4H         LINE#         201
  C:26C4H         LINE#         202
  C:26C6H         LINE#         204
  -------         ENDPROC       UART_ISR
  -------         PROC          PROTOCOL_INIT
  C:4D64H         LINE#         207
  C:4D64H         LINE#         208
  C:4D64H         LINE#         209
  C:4D66H         LINE#         210
  C:4D68H         LINE#         214
  C:4D6BH         LINE#         217
  C:4D70H         LINE#         218
  C:4D72H         LINE#         219
  C:4D74H         LINE#         220
  C:4D76H         LINE#         221
  C:4D79H         LINE#         222
  C:4D7FH         LINE#         223
  C:4D86H         LINE#         225
  -------         ENDPROC       PROTOCOL_INIT
  -------         PROC          SEND_INFO
  -------         DO            
  D:0007H         SYMBOL        i
  -------         ENDDO         
  C:2EA7H         LINE#         227
  C:2EA7H         LINE#         228
  C:2EA7H         LINE#         229
  C:2EA9H         LINE#         232
  C:2EADH         LINE#         233
  C:2EB1H         LINE#         234
  C:2EB5H         LINE#         236
  C:2EBDH         LINE#         237
  C:2EC1H         LINE#         238
  C:2EC9H         LINE#         240
  C:2ECAH         LINE#         241
  C:2ECAH         LINE#         242
  C:2ED0H         LINE#         243
  C:2ED0H         LINE#         244
  C:2EE8H         LINE#         245
  C:2EEAH         LINE#         247
  C:2EEAH         LINE#         248
  C:2EF6H         LINE#         249
  C:2EF6H         LINE#         250
  C:2EFBH         LINE#         252
  C:2EFDH         LINE#         253
  C:2EFDH         LINE#         254
  C:2F03H         LINE#         255
  C:2F03H         LINE#         256
  C:2F1BH         LINE#         257
BL51 BANKED LINKER/LOCATER V6.22                                                      06/20/2014  14:22:57  PAGE 20


  C:2F1BH         LINE#         258
  C:2F20H         LINE#         260
  C:2F28H         LINE#         262
  C:2F34H         LINE#         263
  C:2F34H         LINE#         264
  C:2F6CH         LINE#         265
  C:2F7DH         LINE#         266
  C:2F80H         LINE#         267
  C:2F8CH         LINE#         268
  C:2F8CH         LINE#         269
  C:2FB6H         LINE#         270
  C:2FB9H         LINE#         272
  C:2FCCH         LINE#         273
  C:3001H         LINE#         275
  C:300DH         LINE#         276
  -------         ENDPROC       SEND_INFO
  -------         PROC          NODE_FULL_INIT
  C:0006H         LINE#         278
  C:0006H         LINE#         279
  C:0006H         LINE#         280
  C:0008H         LINE#         281
  -------         ENDPROC       NODE_FULL_INIT
  -------         PROC          CHANNEL_LIST_INIT
  C:000EH         LINE#         283
  C:000EH         LINE#         284
  C:000EH         LINE#         285
  C:0010H         LINE#         286
  -------         ENDPROC       CHANNEL_LIST_INIT
  -------         PROC          CHANNEL_GET_DATA
  C:0016H         LINE#         288
  C:0016H         LINE#         289
  C:0016H         LINE#         290
  C:0018H         LINE#         291
  -------         ENDPROC       CHANNEL_GET_DATA
  -------         PROC          CHANNEL_SET_PARAMETERS
  -------         DO            
  D:0007H         SYMBOL        index
  X:05C6H         SYMBOL        store_data
  -------         ENDDO         
  C:300EH         LINE#         293
  C:300EH         LINE#         294
  C:300EH         LINE#         295
  C:3014H         LINE#         297
  C:3022H         LINE#         298
  C:3022H         LINE#         299
  C:303BH         LINE#         300
  C:303BH         LINE#         301
  C:304FH         LINE#         302
  C:304FH         LINE#         303
  C:304FH         LINE#         304
  C:304FH         LINE#         305
  C:30D3H         LINE#         306
  C:30D3H         LINE#         307
  C:30FAH         LINE#         308
  C:3121H         LINE#         309
  C:314AH         LINE#         310
  C:3150H         LINE#         312
BL51 BANKED LINKER/LOCATER V6.22                                                      06/20/2014  14:22:57  PAGE 21


  C:3150H         LINE#         313
  C:3151H         LINE#         314
  C:3151H         LINE#         315
  C:3153H         LINE#         318
  C:3153H         LINE#         319
  C:3153H         LINE#         320
  C:3154H         LINE#         321
  C:3154H         LINE#         322
  C:3154H         LINE#         323
  C:3157H         LINE#         324
  C:315AH         LINE#         326
  C:315AH         LINE#         327
  C:3160H         LINE#         328
  C:3160H         LINE#         329
  C:3160H         LINE#         330
  C:3166H         LINE#         331
  C:3166H         LINE#         332
  C:3169H         LINE#         333
  C:3169H         LINE#         335
  C:316EH         LINE#         336
  -------         ENDPROC       CHANNEL_SET_PARAMETERS
  -------         PROC          CHANNEL_SET_ORDER_QUERY
  C:001EH         LINE#         338
  C:001EH         LINE#         339
  C:001EH         LINE#         340
  C:0020H         LINE#         341
  -------         ENDPROC       CHANNEL_SET_ORDER_QUERY
  -------         PROC          CHANNEL_GET_DATA_ORDER
  C:0026H         LINE#         343
  C:0026H         LINE#         344
  C:0026H         LINE#         345
  C:0028H         LINE#         346
  -------         ENDPROC       CHANNEL_GET_DATA_ORDER
  -------         PROC          CHANNEL_SET_STATE
  C:002EH         LINE#         348
  C:002EH         LINE#         349
  C:002EH         LINE#         350
  C:0030H         LINE#         351
  -------         ENDPROC       CHANNEL_SET_STATE
  -------         PROC          CHANNEL_GET_DATA_ORDER_M2
  C:4E86H         LINE#         353
  C:4E86H         LINE#         354
  C:4E86H         LINE#         355
  C:4E88H         LINE#         356
  -------         ENDPROC       CHANNEL_GET_DATA_ORDER_M2
  -------         PROC          CHANNEL_SET_RESET_STATE_FLAGS
  C:4E22H         LINE#         358
  C:4E22H         LINE#         359
  C:4E22H         LINE#         360
  C:4E28H         LINE#         361
  C:4E2CH         LINE#         362
  C:4E2FH         LINE#         363
  C:4E34H         LINE#         364
  -------         ENDPROC       CHANNEL_SET_RESET_STATE_FLAGS
  -------         PROC          CHANNEL_ALL_GET_DATA
  -------         DO            
  D:0008H         SYMBOL        index
BL51 BANKED LINKER/LOCATER V6.22                                                      06/20/2014  14:22:57  PAGE 22


  D:0009H         SYMBOL        i
  -------         ENDDO         
  C:078DH         LINE#         367
  C:078DH         LINE#         368
  C:078DH         LINE#         369
  C:0792H         LINE#         372
  C:079EH         LINE#         373
  C:07A6H         LINE#         374
  C:07AAH         LINE#         375
  C:07B2H         LINE#         377
  C:07B5H         LINE#         379
  C:07C6H         LINE#         380
  C:07C6H         LINE#         381
  C:07D7H         LINE#         382
  C:080DH         LINE#         383
  C:0831H         LINE#         384
  C:0831H         LINE#         385
  C:0831H         LINE#         386
  C:0831H         LINE#         387
  C:0850H         LINE#         388
  C:0850H         LINE#         389
  C:0850H         LINE#         390
  C:0850H         LINE#         391
  C:0868H         LINE#         392
  C:0868H         LINE#         393
  C:0887H         LINE#         394
  C:0895H         LINE#         395
  C:0897H         LINE#         397
  C:0897H         LINE#         398
  C:08B6H         LINE#         399
  C:08D8H         LINE#         400
  C:08D8H         LINE#         403
  C:08D8H         LINE#         404
  C:08D8H         LINE#         405
  C:08D8H         LINE#         406
  C:08DBH         LINE#         408
  C:08DBH         LINE#         409
  C:08DBH         LINE#         410
  C:08F3H         LINE#         411
  C:08F3H         LINE#         412
  C:0912H         LINE#         413
  C:0934H         LINE#         414
  C:0942H         LINE#         415
  C:0944H         LINE#         417
  C:0944H         LINE#         418
  C:0963H         LINE#         419
  C:0985H         LINE#         420
  C:09A7H         LINE#         421
  C:09A7H         LINE#         423
  C:09C9H         LINE#         424
  C:09D7H         LINE#         425
  C:09D7H         LINE#         426
  C:09DAH         LINE#         427
  C:09DAH         LINE#         428
  C:09DAH         LINE#         429
  C:09DAH         LINE#         431
  C:09DAH         LINE#         432
BL51 BANKED LINKER/LOCATER V6.22                                                      06/20/2014  14:22:57  PAGE 23


  C:09DAH         LINE#         433
  C:09F0H         LINE#         434
  C:09F0H         LINE#         435
  C:09F0H         LINE#         436
  C:09F0H         LINE#         437
  C:0A12H         LINE#         438
  C:0A34H         LINE#         439
  C:0A56H         LINE#         440
  C:0A78H         LINE#         441
  C:0A86H         LINE#         442
  C:0A86H         LINE#         443
  C:0A89H         LINE#         444
  C:0A89H         LINE#         445
  C:0A89H         LINE#         446
  C:0A89H         LINE#         448
  C:0A89H         LINE#         449
  C:0A89H         LINE#         450
  C:0AA3H         LINE#         451
  C:0AA3H         LINE#         453
  C:0AA3H         LINE#         454
  C:0AA3H         LINE#         455
  C:0AC5H         LINE#         456
  C:0AE7H         LINE#         457
  C:0AF5H         LINE#         458
  C:0AF5H         LINE#         459
  C:0AF7H         LINE#         461
  C:0AF7H         LINE#         462
  C:0AF7H         LINE#         463
  C:0B19H         LINE#         464
  C:0B3BH         LINE#         465
  C:0B5DH         LINE#         466
  C:0B5DH         LINE#         467
  C:0B5DH         LINE#         468
  C:0B5DH         LINE#         469
  C:0B5DH         LINE#         470
  C:0B5DH         LINE#         471
  C:0B5DH         LINE#         472
  C:0B62H         LINE#         474
  C:0B6AH         LINE#         475
  C:0B82H         LINE#         476
  C:0B86H         LINE#         477
  -------         ENDPROC       CHANNEL_ALL_GET_DATA
  -------         PROC          CHANNEL_SET_CALIBRATE
  -------         DO            
  X:0617H         SYMBOL        K
  X:061BH         SYMBOL        C
  -------         ENDDO         
  C:3B6AH         LINE#         480
  C:3B6AH         LINE#         481
  C:3B6AH         LINE#         485
  C:3B74H         LINE#         486
  C:3B7EH         LINE#         487
  C:3B88H         LINE#         488
  C:3B92H         LINE#         490
  C:3BA6H         LINE#         492
  C:3BB0H         LINE#         493
  C:3BBAH         LINE#         494
BL51 BANKED LINKER/LOCATER V6.22                                                      06/20/2014  14:22:57  PAGE 24


  C:3BC4H         LINE#         495
  C:3BCEH         LINE#         497
  C:3BE2H         LINE#         499
  C:3BF8H         LINE#         500
  C:3BF8H         LINE#         501
  C:3BF8H         LINE#         502
  C:3BF8H         LINE#         503
  C:3C2EH         LINE#         504
  C:3C2EH         LINE#         505
  C:3C30H         LINE#         507
  C:3C30H         LINE#         508
  C:3C30H         LINE#         509
  C:3C3AH         LINE#         510
  C:3C3AH         LINE#         511
  C:3C3CH         LINE#         513
  C:3C3CH         LINE#         514
  C:3C3CH         LINE#         515
  C:3C46H         LINE#         516
  C:3C46H         LINE#         517
  C:3C48H         LINE#         519
  C:3C48H         LINE#         520
  C:3C48H         LINE#         521
  C:3C49H         LINE#         522
  C:3C49H         LINE#         523
  C:3C49H         LINE#         524
  C:3C49H         LINE#         527
  C:3C4EH         LINE#         528
  -------         ENDPROC       CHANNEL_SET_CALIBRATE
  -------         PROC          CHANNEL_GET_CALIBRATE_VALUE
  -------         DO            
  D:000BH         SYMBOL        channel
  -------         ENDDO         
  C:3874H         LINE#         530
  C:3874H         LINE#         531
  C:3874H         LINE#         532
  C:3877H         LINE#         535
  C:3888H         LINE#         536
  C:3892H         LINE#         537
  C:3898H         LINE#         538
  C:389EH         LINE#         541
  C:38A5H         LINE#         543
  C:38B0H         LINE#         544
  C:38B0H         LINE#         545
  C:38B6H         LINE#         546
  C:38B6H         LINE#         548
  C:38BCH         LINE#         550
  C:38D4H         LINE#         552
  C:38F6H         LINE#         554
  C:3900H         LINE#         555
  C:390AH         LINE#         556
  C:3914H         LINE#         557
  C:391EH         LINE#         559
  C:3940H         LINE#         561
  C:394AH         LINE#         562
  C:3954H         LINE#         563
  C:395EH         LINE#         564
  C:3968H         LINE#         566
BL51 BANKED LINKER/LOCATER V6.22                                                      06/20/2014  14:22:57  PAGE 25


  C:3976H         LINE#         567
  C:3978H         LINE#         568
  -------         ENDPROC       CHANNEL_GET_CALIBRATE_VALUE
  -------         PROC          CHANNEL_SET_ADDRESS_DESC
  -------         DO            
  X:0647H         SYMBOL        desc_len
  -------         ENDDO         
  C:4706H         LINE#         570
  C:4706H         LINE#         571
  C:4706H         LINE#         572
  C:470BH         LINE#         573
  C:4719H         LINE#         575
  C:4721H         LINE#         576
  C:4721H         LINE#         577
  C:476DH         LINE#         578
  C:4773H         LINE#         579
  C:4775H         LINE#         581
  C:4775H         LINE#         582
  C:477BH         LINE#         583
  C:477BH         LINE#         584
  C:477DH         LINE#         585
  -------         ENDPROC       CHANNEL_SET_ADDRESS_DESC
  -------         PROC          CHANNEL_SET_ALL_DEFAULT
  C:4E69H         LINE#         587
  C:4E69H         LINE#         588
  C:4E69H         LINE#         589
  C:4E6CH         LINE#         590
  C:4E6FH         LINE#         591
  C:4E74H         LINE#         592
  -------         ENDPROC       CHANNEL_SET_ALL_DEFAULT
  -------         PROC          _REQUEST_ERROR
  X:0648H         SYMBOL        error_code
  C:49FFH         LINE#         594
  C:4A04H         LINE#         595
  C:4A04H         LINE#         596
  C:4A15H         LINE#         597
  C:4A1FH         LINE#         598
  C:4A29H         LINE#         599
  C:4A2FH         LINE#         601
  C:4A39H         LINE#         602
  C:4A43H         LINE#         603
  C:4A49H         LINE#         604
  C:4A57H         LINE#         605
  C:4A59H         LINE#         606
  -------         ENDPROC       _REQUEST_ERROR
  -------         PROC          _OLD_CRC_CHECK
  X:062CH         SYMBOL        Spool_pr
  X:062EH         SYMBOL        Count_pr
  -------         DO            
  X:062FH         SYMBOL        crc
  X:0630H         SYMBOL        i
  -------         ENDDO         
  C:477EH         LINE#         609
  C:478BH         LINE#         610
  C:478BH         LINE#         611
  C:4790H         LINE#         612
  C:4795H         LINE#         614
BL51 BANKED LINKER/LOCATER V6.22                                                      06/20/2014  14:22:57  PAGE 26


  C:47A9H         LINE#         615
  C:47A9H         LINE#         616
  C:47ABH         LINE#         617
  C:47CEH         LINE#         618
  C:47D1H         LINE#         619
  C:47D1H         LINE#         620
  C:47D7H         LINE#         621
  C:47D7H         LINE#         622
  C:47DFH         LINE#         623
  C:47EEH         LINE#         625
  C:47F3H         LINE#         626
  -------         ENDPROC       _OLD_CRC_CHECK
  -------         PROC          OLD_CHANNEL_GET_DATA
  -------         DO            
  X:063DH         SYMBOL        channel
  X:063EH         SYMBOL        len
  -------         ENDDO         
  C:1C76H         LINE#         628
  C:1C76H         LINE#         629
  C:1C76H         LINE#         630
  C:1C7BH         LINE#         631
  C:1C80H         LINE#         632
  C:1C95H         LINE#         633
  C:1CA3H         LINE#         634
  C:1CA3H         LINE#         635
  C:1CB4H         LINE#         636
  C:1CB9H         LINE#         637
  C:1CC3H         LINE#         638
  C:1CC9H         LINE#         640
  C:1CF0H         LINE#         641
  C:1CF0H         LINE#         642
  C:1CF0H         LINE#         643
  C:1CF0H         LINE#         644
  C:1D14H         LINE#         645
  C:1D14H         LINE#         646
  C:1D14H         LINE#         647
  C:1D14H         LINE#         648
  C:1D2EH         LINE#         649
  C:1D2EH         LINE#         650
  C:1D49H         LINE#         651
  C:1D64H         LINE#         652
  C:1D67H         LINE#         654
  C:1D67H         LINE#         655
  C:1D82H         LINE#         656
  C:1D9DH         LINE#         657
  C:1D9DH         LINE#         658
  C:1D9DH         LINE#         659
  C:1DA0H         LINE#         661
  C:1DA0H         LINE#         662
  C:1DA0H         LINE#         663
  C:1DBBH         LINE#         664
  C:1DBBH         LINE#         665
  C:1DE2H         LINE#         666
  C:1E09H         LINE#         667
  C:1E0CH         LINE#         669
  C:1E0CH         LINE#         670
  C:1E27H         LINE#         671
BL51 BANKED LINKER/LOCATER V6.22                                                      06/20/2014  14:22:57  PAGE 27


  C:1E42H         LINE#         672
  C:1E42H         LINE#         674
  C:1E42H         LINE#         675
  C:1E45H         LINE#         676
  C:1E45H         LINE#         677
  C:1E45H         LINE#         678
  C:1E48H         LINE#         680
  C:1E48H         LINE#         681
  C:1E48H         LINE#         682
  C:1E69H         LINE#         683
  C:1E69H         LINE#         684
  C:1E69H         LINE#         685
  C:1E69H         LINE#         686
  C:1E84H         LINE#         687
  C:1E9FH         LINE#         690
  C:1E9FH         LINE#         691
  C:1EA2H         LINE#         692
  C:1EA2H         LINE#         693
  C:1EA2H         LINE#         694
  C:1EA5H         LINE#         696
  C:1EA5H         LINE#         697
  C:1EA5H         LINE#         698
  C:1EC9H         LINE#         699
  C:1EC9H         LINE#         701
  C:1EC9H         LINE#         702
  C:1EC9H         LINE#         703
  C:1EE4H         LINE#         704
  C:1EFFH         LINE#         706
  C:1EFFH         LINE#         707
  C:1F01H         LINE#         709
  C:1F01H         LINE#         710
  C:1F01H         LINE#         711
  C:1F1CH         LINE#         712
  C:1F37H         LINE#         713
  C:1F37H         LINE#         714
  C:1F37H         LINE#         715
  C:1F37H         LINE#         716
  C:1F37H         LINE#         717
  C:1F37H         LINE#         718
  C:1F37H         LINE#         720
  C:1F47H         LINE#         722
  C:1F64H         LINE#         723
  C:1F6DH         LINE#         724
  C:1F6DH         LINE#         725
  C:1F6FH         LINE#         726
  -------         ENDPROC       OLD_CHANNEL_GET_DATA
  -------         PROC          OLD_CHANNEL_GET_DATA_STATE
  -------         DO            
  X:063FH         SYMBOL        channel
  X:0640H         SYMBOL        len
  -------         ENDDO         
  C:0B87H         LINE#         728
  C:0B87H         LINE#         729
  C:0B87H         LINE#         730
  C:0B8CH         LINE#         731
  C:0B91H         LINE#         732
  C:0BA6H         LINE#         733
BL51 BANKED LINKER/LOCATER V6.22                                                      06/20/2014  14:22:57  PAGE 28


  C:0BB4H         LINE#         734
  C:0BB4H         LINE#         735
  C:0BC5H         LINE#         736
  C:0BCAH         LINE#         737
  C:0BD4H         LINE#         738
  C:0BDAH         LINE#         740
  C:0C01H         LINE#         741
  C:0C01H         LINE#         742
  C:0C01H         LINE#         743
  C:0C01H         LINE#         744
  C:0C25H         LINE#         745
  C:0C25H         LINE#         746
  C:0C25H         LINE#         747
  C:0C25H         LINE#         748
  C:0C3FH         LINE#         749
  C:0C3FH         LINE#         750
  C:0C5AH         LINE#         751
  C:0C75H         LINE#         752
  C:0C78H         LINE#         754
  C:0C78H         LINE#         755
  C:0C93H         LINE#         756
  C:0CAEH         LINE#         757
  C:0CAEH         LINE#         758
  C:0CAEH         LINE#         759
  C:0CB1H         LINE#         761
  C:0CB1H         LINE#         762
  C:0CB1H         LINE#         763
  C:0CCCH         LINE#         764
  C:0CCCH         LINE#         765
  C:0CF3H         LINE#         766
  C:0D1AH         LINE#         767
  C:0D1CH         LINE#         769
  C:0D1CH         LINE#         770
  C:0D37H         LINE#         771
  C:0D52H         LINE#         772
  C:0D52H         LINE#         774
  C:0D52H         LINE#         775
  C:0D52H         LINE#         776
  C:0D52H         LINE#         778
  C:0D80H         LINE#         779
  C:0D80H         LINE#         780
  C:0D80H         LINE#         781
  C:0D80H         LINE#         782
  C:0D85H         LINE#         783
  C:0D85H         LINE#         784
  C:0D87H         LINE#         786
  C:0D87H         LINE#         787
  C:0D87H         LINE#         788
  C:0D8DH         LINE#         789
  C:0D8DH         LINE#         790
  C:0D8FH         LINE#         792
  C:0D8FH         LINE#         793
  C:0D8FH         LINE#         794
  C:0D95H         LINE#         795
  C:0D95H         LINE#         796
  C:0D97H         LINE#         798
  C:0D97H         LINE#         799
BL51 BANKED LINKER/LOCATER V6.22                                                      06/20/2014  14:22:57  PAGE 29


  C:0D97H         LINE#         800
  C:0D9DH         LINE#         801
  C:0D9DH         LINE#         802
  C:0D9FH         LINE#         804
  C:0D9FH         LINE#         805
  C:0D9FH         LINE#         806
  C:0DA4H         LINE#         807
  C:0DA4H         LINE#         808
  C:0DA4H         LINE#         809
  C:0DA4H         LINE#         811
  C:0DAAH         LINE#         813
  C:0DAAH         LINE#         814
  C:0DADH         LINE#         816
  C:0DADH         LINE#         817
  C:0DADH         LINE#         818
  C:0DCEH         LINE#         819
  C:0DCEH         LINE#         820
  C:0DCEH         LINE#         821
  C:0DCEH         LINE#         822
  C:0DE9H         LINE#         823
  C:0E04H         LINE#         829
  C:0E32H         LINE#         830
  C:0E32H         LINE#         831
  C:0E32H         LINE#         832
  C:0E32H         LINE#         833
  C:0E38H         LINE#         834
  C:0E38H         LINE#         835
  C:0E3AH         LINE#         837
  C:0E3AH         LINE#         838
  C:0E3AH         LINE#         839
  C:0E40H         LINE#         840
  C:0E40H         LINE#         841
  C:0E42H         LINE#         843
  C:0E42H         LINE#         844
  C:0E42H         LINE#         845
  C:0E48H         LINE#         846
  C:0E48H         LINE#         847
  C:0E4AH         LINE#         849
  C:0E4AH         LINE#         850
  C:0E4AH         LINE#         851
  C:0E50H         LINE#         852
  C:0E50H         LINE#         853
  C:0E52H         LINE#         855
  C:0E52H         LINE#         856
  C:0E52H         LINE#         857
  C:0E58H         LINE#         858
  C:0E58H         LINE#         859
  C:0E58H         LINE#         860
  C:0E58H         LINE#         861
  C:0E5DH         LINE#         862
  C:0E5DH         LINE#         863
  C:0E60H         LINE#         864
  C:0E60H         LINE#         865
  C:0E60H         LINE#         866
  C:0E63H         LINE#         868
  C:0E63H         LINE#         869
  C:0E63H         LINE#         870
BL51 BANKED LINKER/LOCATER V6.22                                                      06/20/2014  14:22:57  PAGE 30


  C:0E87H         LINE#         871
  C:0E87H         LINE#         873
  C:0E87H         LINE#         874
  C:0E87H         LINE#         875
  C:0EA2H         LINE#         876
  C:0EBDH         LINE#         878
  C:0EBDH         LINE#         879
  C:0EBFH         LINE#         881
  C:0EBFH         LINE#         882
  C:0EBFH         LINE#         883
  C:0EDAH         LINE#         884
  C:0EF5H         LINE#         885
  C:0EF5H         LINE#         886
  C:0EF5H         LINE#         887
  C:0EF5H         LINE#         889
  C:0EFBH         LINE#         890
  C:0F00H         LINE#         891
  C:0F00H         LINE#         892
  C:0F00H         LINE#         893
  C:0F00H         LINE#         895
  C:0F06H         LINE#         897
  C:0F16H         LINE#         899
  C:0F33H         LINE#         900
  C:0F3CH         LINE#         901
  C:0F3CH         LINE#         902
  C:0F3EH         LINE#         904
  -------         ENDPROC       OLD_CHANNEL_GET_DATA_STATE
  -------         PROC          OLD_CHANNEL_GET_STATE
  -------         DO            
  X:0641H         SYMBOL        channel
  X:0642H         SYMBOL        len
  -------         ENDDO         
  C:2BC6H         LINE#         906
  C:2BC6H         LINE#         907
  C:2BC6H         LINE#         908
  C:2BCBH         LINE#         909
  C:2BD0H         LINE#         910
  C:2BE5H         LINE#         911
  C:2BF3H         LINE#         912
  C:2BF3H         LINE#         914
  C:2C04H         LINE#         915
  C:2C09H         LINE#         916
  C:2C13H         LINE#         917
  C:2C19H         LINE#         919
  C:2C40H         LINE#         920
  C:2C40H         LINE#         921
  C:2C40H         LINE#         922
  C:2C40H         LINE#         923
  C:2C6EH         LINE#         924
  C:2C6EH         LINE#         925
  C:2C6EH         LINE#         926
  C:2C6EH         LINE#         927
  C:2C73H         LINE#         928
  C:2C73H         LINE#         929
  C:2C75H         LINE#         931
  C:2C75H         LINE#         932
  C:2C75H         LINE#         933
BL51 BANKED LINKER/LOCATER V6.22                                                      06/20/2014  14:22:57  PAGE 31


  C:2C7BH         LINE#         934
  C:2C7BH         LINE#         935
  C:2C7DH         LINE#         937
  C:2C7DH         LINE#         938
  C:2C7DH         LINE#         939
  C:2C83H         LINE#         940
  C:2C83H         LINE#         941
  C:2C85H         LINE#         943
  C:2C85H         LINE#         944
  C:2C85H         LINE#         945
  C:2C8BH         LINE#         946
  C:2C8BH         LINE#         947
  C:2C8DH         LINE#         949
  C:2C8DH         LINE#         950
  C:2C8DH         LINE#         951
  C:2C92H         LINE#         952
  C:2C92H         LINE#         953
  C:2C92H         LINE#         954
  C:2C92H         LINE#         956
  C:2C98H         LINE#         957
  C:2C98H         LINE#         958
  C:2C9AH         LINE#         960
  C:2C9AH         LINE#         961
  C:2C9AH         LINE#         963
  C:2CC8H         LINE#         964
  C:2CC8H         LINE#         965
  C:2CC8H         LINE#         966
  C:2CC8H         LINE#         967
  C:2CCEH         LINE#         968
  C:2CCEH         LINE#         969
  C:2CD0H         LINE#         971
  C:2CD0H         LINE#         972
  C:2CD0H         LINE#         973
  C:2CD6H         LINE#         974
  C:2CD6H         LINE#         975
  C:2CD8H         LINE#         977
  C:2CD8H         LINE#         978
  C:2CD8H         LINE#         979
  C:2CDEH         LINE#         980
  C:2CDEH         LINE#         981
  C:2CE0H         LINE#         983
  C:2CE0H         LINE#         984
  C:2CE0H         LINE#         985
  C:2CE6H         LINE#         986
  C:2CE6H         LINE#         987
  C:2CE8H         LINE#         989
  C:2CE8H         LINE#         990
  C:2CE8H         LINE#         991
  C:2CEEH         LINE#         992
  C:2CEEH         LINE#         993
  C:2CEEH         LINE#         995
  C:2CEEH         LINE#         996
  C:2CF3H         LINE#         997
  C:2CF3H         LINE#         998
  C:2CF5H         LINE#         1000
  C:2CF5H         LINE#         1001
  C:2CF5H         LINE#         1003
BL51 BANKED LINKER/LOCATER V6.22                                                      06/20/2014  14:22:57  PAGE 32


  C:2CFBH         LINE#         1004
  C:2D00H         LINE#         1005
  C:2D00H         LINE#         1006
  C:2D00H         LINE#         1007
  C:2D00H         LINE#         1009
  C:2D10H         LINE#         1011
  C:2D2DH         LINE#         1012
  C:2D36H         LINE#         1013
  C:2D36H         LINE#         1014
  C:2D38H         LINE#         1015
  -------         ENDPROC       OLD_CHANNEL_GET_STATE
  -------         PROC          OLD_REINIT_BLOCK
  C:4E89H         LINE#         1017
  C:4E89H         LINE#         1018
  C:4E89H         LINE#         1019
  C:4E8BH         LINE#         1020
  -------         ENDPROC       OLD_REINIT_BLOCK
  -------         PROC          OLD_CHANNEL_SET_ADC_RANGE
  -------         DO            
  X:0649H         SYMBOL        channel
  -------         ENDDO         
  C:2D39H         LINE#         1022
  C:2D39H         LINE#         1023
  C:2D39H         LINE#         1024
  C:2D3EH         LINE#         1025
  C:2D53H         LINE#         1026
  C:2D61H         LINE#         1027
  C:2D61H         LINE#         1028
  C:2D82H         LINE#         1029
  C:2D82H         LINE#         1030
  C:2D82H         LINE#         1031
  C:2D82H         LINE#         1032
  C:2D9EH         LINE#         1033
  C:2DBAH         LINE#         1034
  C:2DBAH         LINE#         1035
  C:2DBDH         LINE#         1037
  C:2DBDH         LINE#         1038
  C:2DBDH         LINE#         1039
  C:2DD9H         LINE#         1040
  C:2DF5H         LINE#         1041
  C:2DF5H         LINE#         1042
  C:2DF8H         LINE#         1044
  C:2DF8H         LINE#         1045
  C:2DF8H         LINE#         1046
  C:2E14H         LINE#         1047
  C:2E30H         LINE#         1048
  C:2E30H         LINE#         1049
  C:2E32H         LINE#         1051
  C:2E32H         LINE#         1052
  C:2E32H         LINE#         1053
  C:2E4EH         LINE#         1054
  C:2E6AH         LINE#         1055
  C:2E6AH         LINE#         1056
  C:2E6CH         LINE#         1058
  C:2E6CH         LINE#         1059
  C:2E6CH         LINE#         1060
  C:2E88H         LINE#         1061
BL51 BANKED LINKER/LOCATER V6.22                                                      06/20/2014  14:22:57  PAGE 33


  C:2EA4H         LINE#         1062
  C:2EA4H         LINE#         1063
  C:2EA4H         LINE#         1064
  C:2EA4H         LINE#         1065
  C:2EA4H         LINE#         1066
  C:2EA6H         LINE#         1067
  -------         ENDPROC       OLD_CHANNEL_SET_ADC_RANGE
  -------         PROC          _OLD_PROTO_PASTE_NULL
  X:0626H         SYMBOL        buf
  X:0629H         SYMBOL        len
  -------         DO            
  X:062AH         SYMBOL        i
  X:062BH         SYMBOL        j
  -------         ENDDO         
  C:376DH         LINE#         1069
  C:377DH         LINE#         1070
  C:377DH         LINE#         1071
  C:3787H         LINE#         1073
  C:379FH         LINE#         1074
  C:379FH         LINE#         1075
  C:37C0H         LINE#         1076
  C:37C0H         LINE#         1077
  C:37DCH         LINE#         1078
  C:37DCH         LINE#         1079
  C:3819H         LINE#         1080
  C:3821H         LINE#         1081
  C:3843H         LINE#         1082
  C:3859H         LINE#         1083
  C:385FH         LINE#         1084
  C:3865H         LINE#         1085
  C:3865H         LINE#         1086
  C:386EH         LINE#         1087
  C:3873H         LINE#         1088
  -------         ENDPROC       _OLD_PROTO_PASTE_NULL
  -------         PROC          PROTOBUFHANDLING
  C:2A49H         LINE#         1090
  C:2A49H         LINE#         1091
  C:2A49H         LINE#         1092
  C:2A5FH         LINE#         1093
  C:2A5FH         LINE#         1094
  C:2A5FH         LINE#         1095
  C:2A5FH         LINE#         1096
  C:2A65H         LINE#         1097
  C:2A6BH         LINE#         1098
  C:2AA5H         LINE#         1099
  C:2AA5H         LINE#         1101
  C:2AA5H         LINE#         1102
  C:2AA5H         LINE#         1103
  C:2AADH         LINE#         1104
  C:2AADH         LINE#         1105
  C:2AAEH         LINE#         1107
  C:2AAEH         LINE#         1108
  C:2AAEH         LINE#         1109
  C:2AB6H         LINE#         1110
  C:2AB6H         LINE#         1111
  C:2AB7H         LINE#         1113
  C:2AB7H         LINE#         1114
BL51 BANKED LINKER/LOCATER V6.22                                                      06/20/2014  14:22:57  PAGE 34


  C:2AB7H         LINE#         1115
  C:2ABFH         LINE#         1116
[...]
  C:424FH         LINE#         56
  C:4265H         LINE#         59
  -------         ENDPROC       _CALIBRATE
  -------         PROC          CALIBRATE_GET_CRC
BL51 BANKED LINKER/LOCATER V6.22                                                      06/20/2014  14:22:57  PAGE 54


  -------         DO            
  X:05DAH         SYMBOL        crc
  X:05DBH         SYMBOL        i
  X:05DCH         SYMBOL        j
  -------         ENDDO         
  C:4B0BH         LINE#         61
  C:4B0BH         LINE#         62
  C:4B0BH         LINE#         63
  C:4B10H         LINE#         64
  C:4B14H         LINE#         66
  C:4B18H         LINE#         67
  C:4B18H         LINE#         68
  C:4B1DH         LINE#         69
  C:4B1DH         LINE#         70
  C:4B49H         LINE#         71
  C:4B53H         LINE#         72
  C:4B5DH         LINE#         74
  C:4B62H         LINE#         75
  -------         ENDPROC       CALIBRATE_GET_CRC
  -------         PROC          _CALIBRATE_SET_FLAG
  X:05D4H         SYMBOL        channel
  X:05D5H         SYMBOL        flag
  -------         DO            
  X:05D6H         SYMBOL        true_crc
  -------         ENDDO         
  C:3ED7H         LINE#         77
  C:3EE0H         LINE#         78
  C:3EE0H         LINE#         79
  C:3EE8H         LINE#         81
  C:3EEDH         LINE#         82
  C:3EEDH         LINE#         83
  C:3F03H         LINE#         84
  C:3F2EH         LINE#         85
  C:3F30H         LINE#         87
  C:3F30H         LINE#         88
  C:3F36H         LINE#         89
  C:3F36H         LINE#         90
  C:3F4BH         LINE#         91
  C:3F76H         LINE#         92
  C:3F76H         LINE#         93
  C:3F76H         LINE#         95
  C:3F83H         LINE#         96
  C:3F99H         LINE#         97
  -------         ENDPROC       _CALIBRATE_SET_FLAG
  -------         PROC          CALIBRATE_SET_DEFAULT
  -------         DO            
  X:05CFH         SYMBOL        i
  X:05D0H         SYMBOL        true_crc
  -------         ENDDO         
  C:4BB1H         LINE#         99
  C:4BB1H         LINE#         100
  C:4BB1H         LINE#         101
  C:4BB6H         LINE#         102
  C:4BBEH         LINE#         104
  C:4BCDH         LINE#         105
  C:4BCDH         LINE#         106
  C:4BD2H         LINE#         107
BL51 BANKED LINKER/LOCATER V6.22                                                      06/20/2014  14:22:57  PAGE 55


  C:4BDAH         LINE#         109
  C:4BE7H         LINE#         110
  C:4BFDH         LINE#         111
  -------         ENDPROC       CALIBRATE_SET_DEFAULT
  -------         ENDMOD        CALIBRATE

  -------         MODULE        ULONGSORT
  C:0000H         SYMBOL        _ICE_DUMMY_
  D:0088H         PUBLIC        TCON
  D:0098H         PUBLIC        SCON
  D:00A0H         PUBLIC        P2
  D:00A8H         PUBLIC        IE
  D:00B0H         PUBLIC        P3
  D:00B8H         PUBLIC        IP
  D:00C0H         PUBLIC        WDCON
  D:00C8H         PUBLIC        T2CON
  D:00D0H         PUBLIC        PSW
  D:00D8H         PUBLIC        ADCSTAT
  D:00E8H         PUBLIC        I2CCON
  D:00E8H         PUBLIC        DCON
  D:00F8H         PUBLIC        SPICON
  C:161EH         PUBLIC        _ulongsort_process
  X:05A1H         PUBLIC        mas_copy
  X:05C1H         PUBLIC        mid_cycle_counter
  X:05C2H         PUBLIC        temp
  -------         PROC          _ULONGSORT_PROCESS
  X:05C6H         SYMBOL        pt
  -------         DO            
  X:059EH         SYMBOL        counter
  X:059FH         SYMBOL        i
  X:05A0H         SYMBOL        j
  -------         DO            
  X:05C9H         SYMBOL        PT_YIELD_FLAG
  -------         ENDDO         
  -------         ENDDO         
  C:161EH         LINE#         10
  C:1629H         LINE#         11
  C:1629H         LINE#         13
  C:162EH         LINE#         15
  C:1661H         LINE#         17
  C:1661H         LINE#         18
  C:1661H         LINE#         19
  C:169FH         LINE#         22
  C:16B4H         LINE#         23
  C:16B4H         LINE#         24
  C:16B8H         LINE#         25
  C:16D5H         LINE#         26
  C:16D5H         LINE#         27
  C:16DDH         LINE#         28
  C:16E3H         LINE#         29
  C:1703H         LINE#         30
  C:1703H         LINE#         32
  C:170AH         LINE#         33
  C:170AH         LINE#         34
  C:171EH         LINE#         35
  C:171EH         LINE#         36
  C:171EH         LINE#         39
BL51 BANKED LINKER/LOCATER V6.22                                                      06/20/2014  14:22:57  PAGE 56


  C:174DH         LINE#         40
  C:176DH         LINE#         42
  C:1773H         LINE#         43
  C:1773H         LINE#         44
  C:1786H         LINE#         45
  C:1786H         LINE#         46
  C:17C1H         LINE#         47
  C:17C1H         LINE#         48
  C:17E3H         LINE#         49
  C:1813H         LINE#         50
  C:1835H         LINE#         51
  C:1835H         LINE#         52
  C:1855H         LINE#         53
  C:185EH         LINE#         54
  C:186AH         LINE#         56
  C:18AAH         LINE#         58
  C:18BFH         LINE#         59
  C:18BFH         LINE#         60
  C:18FFH         LINE#         61
  C:18FFH         LINE#         63
  C:1913H         LINE#         64
  C:1921H         LINE#         65
  C:1935H         LINE#         67
  C:1935H         LINE#         68
  C:194DH         LINE#         69
  -------         ENDPROC       _ULONGSORT_PROCESS
  -------         ENDMOD        ULONGSORT

  -------         MODULE        TIMER1
  C:0000H         SYMBOL        _ICE_DUMMY_
  D:0088H         PUBLIC        TCON
  D:0089H         PUBLIC        TMOD
  D:008BH         PUBLIC        TL1
  D:008DH         PUBLIC        TH1
  D:0098H         PUBLIC        SCON
  D:00A0H         PUBLIC        P2
  D:00A8H         PUBLIC        IE
  D:00B0H         PUBLIC        P3
  D:00B8H         PUBLIC        IP
  D:00C0H         PUBLIC        WDCON
  D:00C8H         PUBLIC        T2CON
  D:00D0H         PUBLIC        PSW
  D:00D8H         PUBLIC        ADCSTAT
  D:00E8H         PUBLIC        I2CCON
  D:00E8H         PUBLIC        DCON
  D:00F8H         PUBLIC        SPICON
  B:0088H.6       PUBLIC        TR1
  B:00A8H.3       PUBLIC        ET1
  C:4E58H         PUBLIC        Timer1_Initialize
  -------         PROC          TIMER1_INITIALIZE
  C:4E58H         LINE#         4
  C:4E58H         LINE#         5
  C:4E58H         LINE#         6
  C:4E5BH         LINE#         7
  C:4E5EH         LINE#         9
  C:4E61H         LINE#         10
  C:4E64H         LINE#         13
BL51 BANKED LINKER/LOCATER V6.22                                                      06/20/2014  14:22:57  PAGE 57


  C:4E66H         LINE#         14
  C:4E68H         LINE#         16
  -------         ENDPROC       TIMER1_INITIALIZE
  -------         ENDMOD        TIMER1

  -------         MODULE        CRC_TABLE
  C:0000H         SYMBOL        _ICE_DUMMY_
  C:3979H         PUBLIC        Crc8Table
  C:4D87H         PUBLIC        _CRC_Check
  -------         PROC          _CRC_CHECK
  D:0006H         SYMBOL        Spool_pr
  D:0005H         SYMBOL        Count_pr
  -------         DO            
  D:0004H         SYMBOL        crc
  -------         ENDDO         
  C:4D87H         LINE#         36
  C:4D87H         LINE#         37
  C:4D87H         LINE#         38
  C:4D89H         LINE#         40
  C:4D90H         LINE#         41
  C:4DA6H         LINE#         43
  C:4DA9H         LINE#         44
  -------         ENDPROC       _CRC_CHECK
  -------         ENDMOD        CRC_TABLE

  -------         MODULE        MODBUS_ASCII
  C:0000H         SYMBOL        _ICE_DUMMY_
  D:0088H         PUBLIC        TCON
  D:0098H         PUBLIC        SCON
  D:00A0H         PUBLIC        P2
  D:00A8H         PUBLIC        IE
  D:00B0H         PUBLIC        P3
  D:00B8H         PUBLIC        IP
  D:00C0H         PUBLIC        WDCON
  D:00C8H         PUBLIC        T2CON
  D:00D0H         PUBLIC        PSW
  D:00D8H         PUBLIC        ADCSTAT
  D:00E8H         PUBLIC        I2CCON
  D:00E8H         PUBLIC        DCON
  D:00F8H         PUBLIC        SPICON
  C:316FH         PUBLIC        ReadHoldingReg
  C:4D16H         PUBLIC        _MBCHAR2BIN
  C:4D3FH         PUBLIC        _MBBIN2CHAR
  C:468DH         PUBLIC        _LRC_Check
  C:4BFEH         PUBLIC        _Sym_4_To_Int
  C:4DC8H         PUBLIC        _Sym_2_To_Char
  C:4B63H         PUBLIC        _Int_To_Sym_4
  C:4DAAH         PUBLIC        _Char_To_Sym_2
  C:4604H         PUBLIC        _Sym_8_To_Long
  C:48CAH         PUBLIC        _Long_To_Sym_8
  -------         PROC          _LRC_CHECK
  X:05C6H         SYMBOL        pucFrame
  X:05C9H         SYMBOL        usLen
  -------         DO            
  X:05CBH         SYMBOL        ucLRC
  -------         ENDDO         
  C:468DH         LINE#         12
BL51 BANKED LINKER/LOCATER V6.22                                                      06/20/2014  14:22:57  PAGE 58


  C:469EH         LINE#         13
  C:469EH         LINE#         14
  C:46A1H         LINE#         16
  C:46ABH         LINE#         17
  C:46ABH         LINE#         18
  C:46EBH         LINE#         19
  C:46EDH         LINE#         20
  C:46FBH         LINE#         21
  C:46FDH         LINE#         23
  C:4705H         LINE#         25
  C:4705H         LINE#         26
  -------         ENDPROC       _LRC_CHECK
  -------         PROC          _MBCHAR2BIN
  D:0006H         SYMBOL        ucCharacter
  C:4D16H         LINE#         28
  C:4D19H         LINE#         29
  C:4D19H         LINE#         30
  C:4D25H         LINE#         31
  C:4D25H         LINE#         32
  C:4D2BH         LINE#         33
  C:4D2BH         LINE#         34
  C:4D37H         LINE#         35
  C:4D37H         LINE#         36
  C:4D3CH         LINE#         37
  C:4D3CH         LINE#         39
  C:4D3CH         LINE#         40
  C:4D3EH         LINE#         41
  C:4D3EH         LINE#         42
  -------         ENDPROC       _MBCHAR2BIN
  -------         PROC          _MBBIN2CHAR
  D:0006H         SYMBOL        ucByte
  C:4D3FH         LINE#         44
  C:4D42H         LINE#         45
  C:4D42H         LINE#         46
  C:4D48H         LINE#         47
  C:4D48H         LINE#         48
  C:4D4DH         LINE#         49
  C:4D4DH         LINE#         50
  C:4D59H         LINE#         51
  C:4D59H         LINE#         52
  C:4D5EH         LINE#         53
  C:4D5EH         LINE#         55
  C:4D5EH         LINE#         56
  C:4D61H         LINE#         57
  C:4D61H         LINE#         58
  C:4D63H         LINE#         59
  -------         ENDPROC       _MBBIN2CHAR
  -------         PROC          _SYM_4_TO_INT
  D:0001H         SYMBOL        pucFrame
  -------         DO            
  X:05C6H         SYMBOL        sym_4_to_int
  -------         ENDDO         
  C:4BFEH         LINE#         61
  C:4BFEH         LINE#         62
  C:4BFEH         LINE#         69
  C:4C1BH         LINE#         70
  C:4C3AH         LINE#         72
BL51 BANKED LINKER/LOCATER V6.22                                                      06/20/2014  14:22:57  PAGE 59


  C:4C42H         LINE#         73
  -------         ENDPROC       _SYM_4_TO_INT
  -------         PROC          _SYM_2_TO_CHAR
  D:0001H         SYMBOL        pucFrame
  -------         DO            
  D:0007H         SYMBOL        result_char
  -------         ENDDO         
  C:4DC8H         LINE#         75
  C:4DC8H         LINE#         76
  C:4DC8H         LINE#         79
  C:4DE2H         LINE#         80
  C:4DE2H         LINE#         81
  -------         ENDPROC       _SYM_2_TO_CHAR
  -------         PROC          _INT_TO_SYM_4
  D:0006H         SYMBOL        val
  D:0001H         SYMBOL        buf
  -------         DO            
  X:0645H         SYMBOL        int_to_sym_4
  -------         ENDDO         
  C:4B63H         LINE#         83
  C:4B63H         LINE#         84
  C:4B63H         LINE#         92
  C:4B6BH         LINE#         94
  C:4B7CH         LINE#         95
  C:4B8CH         LINE#         96
  C:4B9DH         LINE#         97
  C:4BB0H         LINE#         100
  -------         ENDPROC       _INT_TO_SYM_4
  -------         PROC          _CHAR_TO_SYM_2
  D:0005H         SYMBOL        val
  D:0001H         SYMBOL        buf
  C:4DAAH         LINE#         102
  C:4DADH         LINE#         103
  C:4DADH         LINE#         104
  C:4DB9H         LINE#         105
  C:4DC7H         LINE#         106
  -------         ENDPROC       _CHAR_TO_SYM_2
  -------         PROC          _SYM_8_TO_LONG
  D:0001H         SYMBOL        pucFrame
  -------         DO            
  X:0639H         SYMBOL        sym_8_to_long
  -------         ENDDO         
  C:4604H         LINE#         108
  C:4604H         LINE#         109
  C:4604H         LINE#         117
  C:4621H         LINE#         118
  C:4640H         LINE#         119
  C:465FH         LINE#         120
  C:467EH         LINE#         122
  C:468CH         LINE#         123
  -------         ENDPROC       _SYM_8_TO_LONG
  -------         PROC          _LONG_TO_SYM_8
  X:05C6H         SYMBOL        val
  X:05CAH         SYMBOL        buf
  -------         DO            
  X:05CDH         SYMBOL        i
  -------         ENDDO         
BL51 BANKED LINKER/LOCATER V6.22                                                      06/20/2014  14:22:57  PAGE 60


  C:48CAH         LINE#         125
  C:48DBH         LINE#         126
  C:48DBH         LINE#         129
  C:48DEH         LINE#         130
  C:48DEH         LINE#         131
  C:490FH         LINE#         132
  C:4928H         LINE#         133
  C:4934H         LINE#         134
  -------         ENDPROC       _LONG_TO_SYM_8
  -------         PROC          READHOLDINGREG
  -------         DO            
  X:061FH         SYMBOL        i
  X:0620H         SYMBOL        count
  X:0621H         SYMBOL        LRC
  X:0622H         SYMBOL        addr
  X:0624H         SYMBOL        len
  -------         ENDDO         
  C:316FH         LINE#         165
  C:316FH         LINE#         166
  C:316FH         LINE#         175
  C:3174H         LINE#         177
  C:3185H         LINE#         178
  C:3194H         LINE#         180
  C:31C2H         LINE#         181
  C:31C2H         LINE#         182
  C:31C8H         LINE#         183
  C:31CEH         LINE#         185
  C:31DAH         LINE#         186
  C:31E1H         LINE#         188
  C:31EAH         LINE#         189
  C:31F1H         LINE#         192
  C:31F5H         LINE#         195
  C:3223H         LINE#         196
  C:3223H         LINE#         197
  C:324FH         LINE#         198
  C:3256H         LINE#         199
  C:325EH         LINE#         201
  C:326EH         LINE#         203
  C:3285H         LINE#         205
  C:3299H         LINE#         206
  C:32A0H         LINE#         208
  C:32AEH         LINE#         209
  C:32BBH         LINE#         210
  C:32C2H         LINE#         211
  C:32C4H         LINE#         213
  C:32C4H         LINE#         214
  C:32C7H         LINE#         215
  C:32C7H         LINE#         217
  C:32CCH         LINE#         218
  -------         ENDPROC       READHOLDINGREG
  -------         ENDMOD        MODBUS_ASCII

  -------         MODULE        ?C?FPADD
  C:003DH         PUBLIC        ?C?FPADD
  C:0039H         PUBLIC        ?C?FPSUB
  -------         ENDMOD        ?C?FPADD

BL51 BANKED LINKER/LOCATER V6.22                                                      06/20/2014  14:22:57  PAGE 61


  -------         MODULE        ?C?FPMUL
  C:012EH         PUBLIC        ?C?FPMUL
  -------         ENDMOD        ?C?FPMUL

  -------         MODULE        ?C?FPCMP
  C:0236H         PUBLIC        ?C?FPCMP
  C:0234H         PUBLIC        ?C?FPCMP3
  -------         ENDMOD        ?C?FPCMP

  -------         MODULE        ?C?FCAST
  C:02ABH         PUBLIC        ?C?FCASTC
  C:02A6H         PUBLIC        ?C?FCASTI
  C:02A1H         PUBLIC        ?C?FCASTL
  -------         ENDMOD        ?C?FCAST

  -------         MODULE        ?C?CASTF
  C:02DFH         PUBLIC        ?C?CASTF
  -------         ENDMOD        ?C?CASTF

  -------         MODULE        ?C?COPY
  C:0430H         PUBLIC        ?C?COPY
  -------         ENDMOD        ?C?COPY

  -------         MODULE        ?C?CLDPTR
  C:0456H         PUBLIC        ?C?CLDPTR
  -------         ENDMOD        ?C?CLDPTR

  -------         MODULE        ?C?CLDOPTR
  C:046FH         PUBLIC        ?C?CLDOPTR
  -------         ENDMOD        ?C?CLDOPTR

  -------         MODULE        ?C?CILDOPTR
  C:049CH         PUBLIC        ?C?CILDOPTR
  -------         ENDMOD        ?C?CILDOPTR

  -------         MODULE        ?C?CSTPTR
  C:04CFH         PUBLIC        ?C?CSTPTR
  -------         ENDMOD        ?C?CSTPTR

  -------         MODULE        ?C?CSTOPTR
  C:04E1H         PUBLIC        ?C?CSTOPTR
  -------         ENDMOD        ?C?CSTOPTR

  -------         MODULE        ?C?IILDX
  C:0503H         PUBLIC        ?C?IILDX
  -------         ENDMOD        ?C?IILDX

  -------         MODULE        ?C?ILDIX
  C:0519H         PUBLIC        ?C?ILDIX
  -------         ENDMOD        ?C?ILDIX

  -------         MODULE        ?C?ILDPTR
  C:052FH         PUBLIC        ?C?ILDPTR
  -------         ENDMOD        ?C?ILDPTR

  -------         MODULE        ?C?ILDOPTR
  C:055AH         PUBLIC        ?C?ILDOPTR
BL51 BANKED LINKER/LOCATER V6.22                                                      06/20/2014  14:22:57  PAGE 62


  -------         ENDMOD        ?C?ILDOPTR

  -------         MODULE        ?C?ISTPTR
  C:0592H         PUBLIC        ?C?ISTPTR
  -------         ENDMOD        ?C?ISTPTR

  -------         MODULE        ?C?ISTOPTR
  C:05B1H         PUBLIC        ?C?ISTOPTR
  -------         ENDMOD        ?C?ISTOPTR

  -------         MODULE        ?C?ULDIV
  C:061AH         PUBLIC        ?C?ULDIV
  -------         ENDMOD        ?C?ULDIV

  -------         MODULE        ?C?SLDIV
  C:4C43H         PUBLIC        ?C?SLDIV
  -------         ENDMOD        ?C?SLDIV

  -------         MODULE        ?C?LNEG
  C:06ACH         PUBLIC        ?C?LNEG
  -------         ENDMOD        ?C?LNEG

  -------         MODULE        ?C?ULCMP
  C:06BAH         PUBLIC        ?C?ULCMP
  -------         ENDMOD        ?C?ULCMP

  -------         MODULE        ?C?ULSHR
  C:06CBH         PUBLIC        ?C?ULSHR
  -------         ENDMOD        ?C?ULSHR

  -------         MODULE        ?C?LSHL
  C:06DEH         PUBLIC        ?C?LSHL
  -------         ENDMOD        ?C?LSHL

  -------         MODULE        ?C?LSTXDATA
  C:06F1H         PUBLIC        ?C?LSTXDATA
  -------         ENDMOD        ?C?LSTXDATA

  -------         MODULE        ?C?LSTKXDATA
  C:06FDH         PUBLIC        ?C?LSTKXDATA
  -------         ENDMOD        ?C?LSTKXDATA

  -------         MODULE        ?C?OFFXADD
  C:072EH         PUBLIC        ?C?OFFXADD
  -------         ENDMOD        ?C?OFFXADD

  -------         MODULE        ?C?CCASE
  C:073AH         PUBLIC        ?C?CCASE
  -------         ENDMOD        ?C?CCASE

  -------         MODULE        ?C?ICASE
  C:0760H         PUBLIC        ?C?ICASE
  -------         ENDMOD        ?C?ICASE

*** WARNING L16: UNCALLED SEGMENT, IGNORED FOR OVERLAY PROCESS
    SEGMENT: ?PR?_SYM_2_TO_CHAR?MODBUS_ASCII

BL51 BANKED LINKER/LOCATER V6.22                                                      06/20/2014  14:22:57  PAGE 63


*** WARNING L16: UNCALLED SEGMENT, IGNORED FOR OVERLAY PROCESS
    SEGMENT: ?PR?_INT_TO_SYM_4?MODBUS_ASCII

*** WARNING L16: UNCALLED SEGMENT, IGNORED FOR OVERLAY PROCESS
    SEGMENT: ?PR?_SYM_8_TO_LONG?MODBUS_ASCII

Program Size: data=22.0 xdata=1610 code=20096
LINK/LOCATE RUN COMPLETE.  3 WARNING(S),  0 ERROR(S)
