BL51 BANKED LINKER/LOCATER V6.22                                                        09/02/2014  11:13:18  PAGE 1


BL51 BANKED LINKER/LOCATER V6.22, INVOKED BY:
C:\PROGRAM FILES\KEIL\C51\BIN\BL51.EXE debug.obj, timer3.obj, adc.obj, eeprom.obj, watchdog.obj, proto_uso.obj, channels
>> .obj, START_AD.obj, frequency.obj, timer0.obj, timer2.obj, i2c.obj, calibrate.obj, ulongsort.obj, timer1.obj TO debug
>>  RAMSIZE (256) XDATA (0X0000-0X07FF)


MEMORY MODEL: LARGE WITH FLOATING POINT ARITHMETIC


INPUT MODULES INCLUDED:
  debug.obj (DEBUG)
  timer3.obj (TIMER3)
  adc.obj (ADC)
  eeprom.obj (EEPROM)
  watchdog.obj (WATCHDOG)
  proto_uso.obj (PROTO_USO)
  channels.obj (CHANNELS)
  START_AD.obj (?C_STARTUP)
  frequency.obj (FREQUENCY)
  timer0.obj (TIMER0)
  timer2.obj (TIMER2)
  i2c.obj (I2C)
  calibrate.obj (CALIBRATE)
  ulongsort.obj (ULONGSORT)
  timer1.obj (TIMER1)
  C:\PROGRAM FILES\KEIL\C51\LIB\C51FPL.LIB (?C?FPADD)
  C:\PROGRAM FILES\KEIL\C51\LIB\C51FPL.LIB (?C?FPMUL)
  C:\PROGRAM FILES\KEIL\C51\LIB\C51FPL.LIB (?C?FCAST)
  C:\PROGRAM FILES\KEIL\C51\LIB\C51FPL.LIB (?C?CASTF)
  C:\PROGRAM FILES\KEIL\C51\LIB\C51FPL.LIB (?C?FPGETOPN)
  C:\PROGRAM FILES\KEIL\C51\LIB\C51L.LIB (?C_INIT)
  C:\PROGRAM FILES\KEIL\C51\LIB\C51L.LIB (?C?CLDOPTR)
  C:\PROGRAM FILES\KEIL\C51\LIB\C51L.LIB (?C?CSTOPTR)
  C:\PROGRAM FILES\KEIL\C51\LIB\C51L.LIB (?C?IILDX)
  C:\PROGRAM FILES\KEIL\C51\LIB\C51L.LIB (?C?ILDPTR)
  C:\PROGRAM FILES\KEIL\C51\LIB\C51L.LIB (?C?ILDOPTR)
  C:\PROGRAM FILES\KEIL\C51\LIB\C51L.LIB (?C?ISTPTR)
  C:\PROGRAM FILES\KEIL\C51\LIB\C51L.LIB (?C?ISTOPTR)
  C:\PROGRAM FILES\KEIL\C51\LIB\C51L.LIB (?C?ULDIV)
  C:\PROGRAM FILES\KEIL\C51\LIB\C51L.LIB (?C?SLDIV)
  C:\PROGRAM FILES\KEIL\C51\LIB\C51L.LIB (?C?LNEG)
  C:\PROGRAM FILES\KEIL\C51\LIB\C51L.LIB (?C?ULCMP)
  C:\PROGRAM FILES\KEIL\C51\LIB\C51L.LIB (?C?ULSHR)
  C:\PROGRAM FILES\KEIL\C51\LIB\C51L.LIB (?C?LSHL)
  C:\PROGRAM FILES\KEIL\C51\LIB\C51L.LIB (?C?LSTXDATA)
  C:\PROGRAM FILES\KEIL\C51\LIB\C51L.LIB (?C?LSTKXDATA)
  C:\PROGRAM FILES\KEIL\C51\LIB\C51L.LIB (?C?OFFXADD)
  C:\PROGRAM FILES\KEIL\C51\LIB\C51L.LIB (?C?CCASE)
  C:\PROGRAM FILES\KEIL\C51\LIB\C51L.LIB (?C?ICASE)
  C:\PROGRAM FILES\KEIL\C51\LIB\C51L.LIB (?C?COPYAB2)


LINK MAP OF MODULE:  debug (DEBUG)


            TYPE    BASE      LENGTH    RELOCATION   SEGMENT NAME
            -----------------------------------------------------

BL51 BANKED LINKER/LOCATER V6.22                                                      09/02/2014  11:13:18  PAGE 2


            * * * * * * *   D A T A   M E M O R Y   * * * * * * *
            REG     0000H     0008H     ABSOLUTE     "REG BANK 0"
            DATA    0008H     0002H     UNIT         _DATA_GROUP_
            DATA    000AH     0001H     UNIT         ?DT?WATCHDOG
            IDATA   000BH     0006H     UNIT         ?ID?I2C
            IDATA   0011H     0001H     UNIT         ?ID?FREQUENCY
            IDATA   0012H     0001H     UNIT         ?STACK

            * * * * * * *  X D A T A   M E M O R Y  * * * * * * *
            XDATA   0000H     0274H     UNIT         ?XD?PROTO_USO
            XDATA   0274H     015EH     UNIT         ?XD?CHANNELS
            XDATA   03D2H     0130H     UNIT         ?XD?ADC
            XDATA   0502H     006BH     UNIT         ?XD?FREQUENCY
            XDATA   056DH     002FH     UNIT         ?XD?I2C
            XDATA   059CH     0028H     UNIT         ?XD?ULONGSORT
            XDATA   05C4H     001EH     UNIT         _XDATA_GROUP_
            XDATA   05E2H     0010H     UNIT         ?XD?DEBUG

            * * * * * * *   C O D E   M E M O R Y   * * * * * * *
            CODE    0000H     0003H     ABSOLUTE     
            CODE    0003H     0003H     ABSOLUTE     
            CODE    0006H     0003H     UNIT         ?PR?NODE_FULL_INIT?PROTO_USO
                    0009H     0002H                  *** GAP ***
            CODE    000BH     0003H     ABSOLUTE     
            CODE    000EH     0003H     UNIT         ?PR?CHANNEL_LIST_INIT?PROTO_USO
                    0011H     0002H                  *** GAP ***
            CODE    0013H     0003H     ABSOLUTE     
            CODE    0016H     0003H     UNIT         ?PR?CHANNEL_GET_DATA?PROTO_USO
                    0019H     0002H                  *** GAP ***
            CODE    001BH     0003H     ABSOLUTE     
            CODE    001EH     0003H     UNIT         ?PR?CHANNEL_SET_ORDER_QUERY?PROTO_USO
                    0021H     0002H                  *** GAP ***
            CODE    0023H     0003H     ABSOLUTE     
            CODE    0026H     0003H     UNIT         ?PR?CHANNEL_GET_DATA_ORDER?PROTO_USO
                    0029H     0002H                  *** GAP ***
            CODE    002BH     0003H     ABSOLUTE     
            CODE    002EH     0003H     UNIT         ?PR?CHANNEL_SET_STATE?PROTO_USO
                    0031H     0002H                  *** GAP ***
            CODE    0033H     0003H     ABSOLUTE     
            CODE    0036H     0666H     UNIT         ?C?LIB_CODE
            CODE    069CH     040BH     UNIT         ?PR?CHANNEL_ALL_GET_DATA?PROTO_USO
            CODE    0AA7H     02ACH     UNIT         ?PR?TIMER2_ISR?FREQUENCY
            CODE    0D53H     0215H     UNIT         ?PR?_I2C_PROCESS?I2C
            CODE    0F68H     01EDH     UNIT         ?PR?_ULONGSORT_PROCESS?ULONGSORT
            CODE    1155H     01E3H     UNIT         ?PR?SEND_INFO?PROTO_USO
            CODE    1338H     01DFH     UNIT         ?PR?CHANNELSINIT?CHANNELS
            CODE    1517H     01C8H     UNIT         ?C_INITSEG
            CODE    16DFH     01B2H     UNIT         ?PR?UART_ISR?PROTO_USO
            CODE    1891H     01AFH     UNIT         ?PR?_FREQUENCY_MEASURE_PROCESS?FREQUENCY
            CODE    1A40H     0148H     UNIT         ?PR?_PROTOPROCESS?PROTO_USO
            CODE    1B88H     0147H     UNIT         ?PR?CHANNEL_SET_PARAMETERS?PROTO_USO
            CODE    1CCFH     012AH     UNIT         ?PR?_STORE_DEV_ADDRESS_DESC?PROTO_USO
            CODE    1DF9H     010FH     UNIT         ?PR?ADC_ISR?ADC
            CODE    1F08H     0109H     UNIT         ?PR?CHANNEL_SET_CALIBRATE?PROTO_USO
            CODE    2011H     0100H     UNIT         ?CO?PROTO_USO
            CODE    2111H     00FDH     UNIT         ?PR?_I2C_WRITE_BUF?I2C
            CODE    220EH     00D7H     UNIT         ?PR?RESTORE_DEV_ADDRESS_DESC?PROTO_USO
BL51 BANKED LINKER/LOCATER V6.22                                                      09/02/2014  11:13:18  PAGE 3


            CODE    22E5H     00CCH     UNIT         ?PR?_I2C_READ_BUF?I2C
            CODE    23B1H     00C2H     UNIT         ?PR?_EEPROM_READ?EEPROM
            CODE    2473H     00C0H     UNIT         ?PR?_EEPROM_WRITE?EEPROM
            CODE    2533H     008FH     UNIT         ?C_C51STARTUP
            CODE    25C2H     007EH     UNIT         ?PR?PROTOBUFHANDLING?PROTO_USO
            CODE    2640H     0079H     UNIT         ?PR?MAIN?DEBUG
            CODE    26B9H     0079H     UNIT         ?PR?_I2C_READ_COMPLETE?I2C
            CODE    2732H     0078H     UNIT         ?PR?FREQUENCY
            CODE    27AAH     0077H     UNIT         ?PR?_GETCALIBRATEVAL?CALIBRATE
            CODE    2821H     0070H     UNIT         ?PR?_CALIBRATE?CALIBRATE
            CODE    2891H     006DH     UNIT         ?PR?I2C
            CODE    28FEH     006BH     UNIT         ?PR?_I2C_REPEATREAD?DEBUG
            CODE    2969H     0062H     UNIT         ?PR?ULONGSORT
            CODE    29CBH     005EH     UNIT         ?PR?TIMER1_INTERRUPT?DEBUG
            CODE    2A29H     005EH     UNIT         ?PR?PROTOCOL_INIT?PROTO_USO
            CODE    2A87H     005DH     UNIT         ?PR?INT2_ISR?FREQUENCY
            CODE    2AE4H     0057H     UNIT         ?PR?INT0_ISR?FREQUENCY
            CODE    2B3BH     0057H     UNIT         ?PR?INT1_ISR?FREQUENCY
            CODE    2B92H     0047H     UNIT         ?PR?_REQUEST_ERROR?PROTO_USO
            CODE    2BD9H     0044H     UNIT         ?PR?CHANNELS
            CODE    2C1DH     0044H     UNIT         ?C?LDIV
            CODE    2C61H     0041H     UNIT         ?PR?RESTORECALIBRATE?CALIBRATE
            CODE    2CA2H     003FH     UNIT         ?PR?ADC
            CODE    2CE1H     003BH     UNIT         ?PR?CHANNEL_SET_ADDRESS_DESC?PROTO_USO
            CODE    2D1CH     0033H     UNIT         ?PR?ADC_RESTORE_SETTINGS?ADC
            CODE    2D4FH     002DH     UNIT         ?PR?ADC_INITIALIZE?ADC
            CODE    2D7CH     002AH     UNIT         ?PR?STORE_CHANNELS_DATA?CHANNELS
            CODE    2DA6H     002AH     UNIT         ?PR?RESTORE_CHANNELS_DATA?CHANNELS
            CODE    2DD0H     0027H     UNIT         ?PR?DEBUG
            CODE    2DF7H     0024H     UNIT         ?PR?_I2C_REPEAT_START_READ?I2C
            CODE    2E1BH     0023H     UNIT         ?PR?_CRC_CHECK?PROTO_USO
            CODE    2E3EH     0016H     UNIT         ?PR?FREQUENCY_INIT?FREQUENCY
            CODE    2E54H     0016H     UNIT         ?PR?I2C_INIT?I2C
            CODE    2E6AH     0015H     UNIT         ?PR?_ADC_OUT_FREQ?ADC
            CODE    2E7FH     0014H     UNIT         ?PR?TIMER2_INITIALIZE?TIMER2
            CODE    2E93H     0012H     UNIT         ?PR?UART_INIT?TIMER3
            CODE    2EA5H     0011H     UNIT         ?PR?TIMER0_INITIALIZE?TIMER0
            CODE    2EB6H     0011H     UNIT         ?PR?TIMER1_INITIALIZE?TIMER1
            CODE    2EC7H     0010H     UNIT         ?PR?CHANNEL_SET_RESET_STATE_FLAGS?PROTO_USO
            CODE    2ED7H     000AH     UNIT         ?PR?EEPROM
            CODE    2EE1H     000AH     UNIT         ?PR?WDT_CLEAR?WATCHDOG
            CODE    2EEBH     0008H     UNIT         ?PR?_WDT_INIT?WATCHDOG
            CODE    2EF3H     0007H     UNIT         ?PR?_ADC_SET_MODE?ADC
            CODE    2EFAH     0003H     UNIT         ?PR?CHANNEL_GET_DATA_ORDER_M2?PROTO_USO



OVERLAY MAP OF MODULE:   debug (DEBUG)


SEGMENT                                            DATA_GROUP          XDATA_GROUP
  +--> CALLED SEGMENT                            START    LENGTH     START    LENGTH
------------------------------------------------------------------------------------
?PR?ADC_ISR?ADC                                  -----    -----      -----    -----
  +--> ?PR?ADC

*** NEW ROOT ***************************************************
BL51 BANKED LINKER/LOCATER V6.22                                                      09/02/2014  11:13:18  PAGE 4



?C_C51STARTUP                                    -----    -----      -----    -----
  +--> ?PR?MAIN?DEBUG
  +--> ?C_INITSEG

?PR?MAIN?DEBUG                                   -----    -----      -----    -----
  +--> ?PR?CHANNELSINIT?CHANNELS
  +--> ?PR?PROTOCOL_INIT?PROTO_USO
  +--> ?PR?TIMER1_INITIALIZE?TIMER1
  +--> ?PR?ADC_INITIALIZE?ADC
  +--> ?PR?UART_INIT?TIMER3
  +--> ?PR?FREQUENCY_INIT?FREQUENCY
  +--> ?PR?_WDT_INIT?WATCHDOG
  +--> ?PR?I2C_INIT?I2C
  +--> ?PR?RESTORECALIBRATE?CALIBRATE
  +--> ?PR?DEBUG
  +--> ?PR?_I2C_REPEAT_START_READ?I2C
  +--> ?PR?_PROTOPROCESS?PROTO_USO
  +--> ?PR?_I2C_REPEATREAD?DEBUG
  +--> ?PR?_FREQUENCY_MEASURE_PROCESS?FREQUENCY
  +--> ?PR?_ULONGSORT_PROCESS?ULONGSORT
  +--> ?PR?_I2C_PROCESS?I2C
  +--> ?PR?WDT_CLEAR?WATCHDOG

?PR?CHANNELSINIT?CHANNELS                        -----    -----      -----    -----
  +--> ?PR?RESTORE_CHANNELS_DATA?CHANNELS
  +--> ?PR?CHANNELS

?PR?RESTORE_CHANNELS_DATA?CHANNELS               -----    -----      05C4H    0001H
  +--> ?PR?CHANNELS
  +--> ?PR?_EEPROM_READ?EEPROM

?PR?_EEPROM_READ?EEPROM                          -----    -----      05C6H    0009H
  +--> ?PR?EEPROM

?PR?PROTOCOL_INIT?PROTO_USO                      -----    -----      -----    -----
  +--> ?PR?RESTORE_DEV_ADDRESS_DESC?PROTO_USO

?PR?RESTORE_DEV_ADDRESS_DESC?PROTO_USO           -----    -----      05C4H    0002H
  +--> ?PR?_EEPROM_READ?EEPROM

?PR?ADC_INITIALIZE?ADC                           -----    -----      -----    -----
  +--> ?PR?ADC_RESTORE_SETTINGS?ADC
  +--> ?PR?_ADC_SET_MODE?ADC
  +--> ?PR?_ADC_OUT_FREQ?ADC

?PR?ADC_RESTORE_SETTINGS?ADC                     -----    -----      -----    -----
  +--> ?PR?ADC

?PR?FREQUENCY_INIT?FREQUENCY                     -----    -----      -----    -----
  +--> ?PR?TIMER0_INITIALIZE?TIMER0
  +--> ?PR?TIMER2_INITIALIZE?TIMER2

?PR?RESTORECALIBRATE?CALIBRATE                   -----    -----      05C4H    0001H
  +--> ?PR?_EEPROM_READ?EEPROM

?PR?_I2C_REPEAT_START_READ?I2C                   -----    -----      05C8H    0009H
BL51 BANKED LINKER/LOCATER V6.22                                                      09/02/2014  11:13:18  PAGE 5


  +--> ?PR?I2C

?PR?_PROTOPROCESS?PROTO_USO                      -----    -----      05C4H    0004H
  +--> ?PR?_CRC_CHECK?PROTO_USO
  +--> ?PR?PROTOBUFHANDLING?PROTO_USO

?PR?_CRC_CHECK?PROTO_USO                         -----    -----      -----    -----
  +--> ?CO?PROTO_USO

?PR?PROTOBUFHANDLING?PROTO_USO                   -----    -----      -----    -----
  +--> ?PR?SEND_INFO?PROTO_USO
  +--> ?PR?NODE_FULL_INIT?PROTO_USO
  +--> ?PR?CHANNEL_LIST_INIT?PROTO_USO
  +--> ?PR?CHANNEL_GET_DATA?PROTO_USO
  +--> ?PR?CHANNEL_SET_PARAMETERS?PROTO_USO
  +--> ?PR?CHANNEL_SET_ORDER_QUERY?PROTO_USO
  +--> ?PR?CHANNEL_GET_DATA_ORDER?PROTO_USO
  +--> ?PR?CHANNEL_SET_STATE?PROTO_USO
  +--> ?PR?CHANNEL_GET_DATA_ORDER_M2?PROTO_USO
  +--> ?PR?CHANNEL_SET_RESET_STATE_FLAGS?PRO...
  +--> ?PR?CHANNEL_ALL_GET_DATA?PROTO_USO
  +--> ?PR?CHANNEL_SET_ADDRESS_DESC?PROTO_USO
  +--> ?PR?CHANNEL_SET_CALIBRATE?PROTO_USO
  +--> ?PR?_REQUEST_ERROR?PROTO_USO

?PR?SEND_INFO?PROTO_USO                          -----    -----      05C8H    0001H
  +--> ?PR?_CRC_CHECK?PROTO_USO

?PR?CHANNEL_SET_PARAMETERS?PROTO_USO             -----    -----      05C8H    0001H
  +--> ?PR?STORE_CHANNELS_DATA?CHANNELS
  +--> ?PR?_REQUEST_ERROR?PROTO_USO

?PR?STORE_CHANNELS_DATA?CHANNELS                 -----    -----      05C9H    0001H
  +--> ?PR?CHANNELS
  +--> ?PR?_EEPROM_WRITE?EEPROM

?PR?_EEPROM_WRITE?EEPROM                         -----    -----      05D9H    0009H
  +--> ?PR?EEPROM

?PR?_REQUEST_ERROR?PROTO_USO                     -----    -----      -----    -----
  +--> ?PR?_CRC_CHECK?PROTO_USO

?PR?CHANNEL_SET_RESET_STATE_FLAGS?PRO...         -----    -----      -----    -----
  +--> ?PR?_REQUEST_ERROR?PROTO_USO

?PR?CHANNEL_ALL_GET_DATA?PROTO_USO               0008H    0002H      -----    -----
  +--> ?PR?_CRC_CHECK?PROTO_USO

?PR?CHANNEL_SET_ADDRESS_DESC?PROTO_USO           -----    -----      -----    -----
  +--> ?PR?_STORE_DEV_ADDRESS_DESC?PROTO_USO
  +--> ?PR?_REQUEST_ERROR?PROTO_USO

?PR?_STORE_DEV_ADDRESS_DESC?PROTO_USO            -----    -----      05C8H    000DH
  +--> ?PR?_EEPROM_WRITE?EEPROM

?PR?CHANNEL_SET_CALIBRATE?PROTO_USO              -----    -----      05C8H    0008H
  +--> ?PR?_CALIBRATE?CALIBRATE
BL51 BANKED LINKER/LOCATER V6.22                                                      09/02/2014  11:13:18  PAGE 6


  +--> ?PR?_EEPROM_WRITE?EEPROM
  +--> ?PR?_REQUEST_ERROR?PROTO_USO

?PR?_CALIBRATE?CALIBRATE                         -----    -----      05D0H    0009H
  +--> ?PR?_EEPROM_WRITE?EEPROM

?PR?_I2C_REPEATREAD?DEBUG                        -----    -----      05C4H    0004H
  +--> ?PR?DEBUG
  +--> ?PR?_I2C_REPEAT_START_READ?I2C

?PR?_FREQUENCY_MEASURE_PROCESS?FREQUENCY         -----    -----      05C4H    0004H
  +--> ?PR?FREQUENCY

?PR?_ULONGSORT_PROCESS?ULONGSORT                 -----    -----      05C4H    0004H
  +--> ?PR?ULONGSORT
  +--> ?PR?_GETCALIBRATEVAL?CALIBRATE

?PR?_GETCALIBRATEVAL?CALIBRATE                   -----    -----      05C8H    0005H

?PR?_I2C_PROCESS?I2C                             -----    -----      05C4H    0004H
  +--> ?PR?I2C
  +--> ?PR?_I2C_WRITE_BUF?I2C
  +--> ?PR?_I2C_READ_BUF?I2C
  +--> ?PR?_I2C_READ_COMPLETE?I2C

?PR?_I2C_WRITE_BUF?I2C                           -----    -----      05C8H    0008H
  +--> ?PR?I2C

?PR?_I2C_READ_BUF?I2C                            -----    -----      05C8H    0008H
  +--> ?PR?I2C

?PR?_I2C_READ_COMPLETE?I2C                       -----    -----      05C8H    0004H
  +--> ?PR?I2C
  +--> ?PR?_CRC_CHECK?PROTO_USO

*** NEW ROOT ***************************************************

?PR?INT0_ISR?FREQUENCY                           -----    -----      -----    -----
  +--> ?PR?FREQUENCY

*** NEW ROOT ***************************************************

?PR?INT1_ISR?FREQUENCY                           -----    -----      -----    -----
  +--> ?PR?FREQUENCY

*** NEW ROOT ***************************************************

?PR?INT2_ISR?FREQUENCY                           -----    -----      -----    -----
  +--> ?PR?FREQUENCY

*** NEW ROOT ***************************************************

?PR?TIMER2_ISR?FREQUENCY                         -----    -----      -----    -----
  +--> ?PR?FREQUENCY



BL51 BANKED LINKER/LOCATER V6.22                                                      09/02/2014  11:13:18  PAGE 7


SYMBOL TABLE OF MODULE:  debug (DEBUG)

  VALUE           TYPE          NAME
  ----------------------------------

  -------         MODULE        DEBUG
  C:0000H         SYMBOL        _ICE_DUMMY_
  D:0088H         PUBLIC        TCON
  D:008BH         PUBLIC        TL1
  D:008DH         PUBLIC        TH1
  D:0098H         PUBLIC        SCON
  D:00A0H         PUBLIC        P2
  D:00A8H         PUBLIC        IE
  D:00B0H         PUBLIC        P3
  D:00B8H         PUBLIC        IP
  D:00C0H         PUBLIC        WDCON
  D:00C8H         PUBLIC        T2CON
  D:00D0H         PUBLIC        PSW
  D:00D7H         PUBLIC        PLLCON
  D:00D8H         PUBLIC        ADCSTAT
  D:00E8H         PUBLIC        I2CCON
  D:00E8H         PUBLIC        DCON
  D:00F8H         PUBLIC        SPICON
  B:00A8H.7       PUBLIC        EA
  X:05E2H         PUBLIC        pt_i2c_read
  X:05E6H         PUBLIC        pt_freq_measure
  X:05EAH         PUBLIC        pt_sort
  X:05EEH         PUBLIC        pt_i2c_process
  C:28FEH         PUBLIC        _I2C_RepeatRead
  C:2640H         PUBLIC        main
  C:29CBH         PUBLIC        Timer1_Interrupt
  C:2DD0H         SYMBOL        Com0015
  C:2DD0H         SYMBOL        L?0022
  C:2DEBH         SYMBOL        L?0023
  C:2DEBH         SYMBOL        L?0024
  -------         PROC          COM0015
  -------         ENDPROC       COM0015
  -------         PROC          MAIN
  C:2640H         LINE#         33
  C:2640H         LINE#         34
  C:2640H         LINE#         35
  C:2642H         LINE#         39
  C:2645H         LINE#         41
  C:2648H         LINE#         42
  C:264BH         LINE#         43
  C:264EH         LINE#         44
  C:2651H         LINE#         45
  C:2654H         LINE#         46
  C:2657H         LINE#         48
  C:265CH         LINE#         49
  C:265FH         LINE#         52
  C:2662H         LINE#         54
  C:2669H         LINE#         55
  C:266FH         LINE#         56
  C:2675H         LINE#         57
  C:267BH         LINE#         59
  C:267DH         LINE#         61
BL51 BANKED LINKER/LOCATER V6.22                                                      09/02/2014  11:13:18  PAGE 8


  C:2680H         LINE#         63
  C:2687H         LINE#         64
  C:2687H         LINE#         65
  C:2687H         LINE#         66
  C:2690H         LINE#         67
  C:2699H         LINE#         68
  C:26A2H         LINE#         69
  C:26ABH         LINE#         70
  C:26B4H         LINE#         71
  C:26B7H         LINE#         72
  -------         ENDPROC       MAIN
  -------         PROC          _I2C_REPEATREAD
  X:05C4H         SYMBOL        pt
  -------         DO            
  X:05C7H         SYMBOL        PT_YIELD_FLAG
  -------         ENDDO         
  C:28FEH         LINE#         75
  C:2909H         LINE#         76
  C:2909H         LINE#         77
  C:2920H         LINE#         79
  C:2920H         LINE#         80
  C:2920H         LINE#         81
  C:294EH         LINE#         82
  C:2956H         LINE#         83
  C:2958H         LINE#         84
  C:2968H         LINE#         86
  -------         ENDPROC       _I2C_REPEATREAD
  -------         PROC          TIMER1_INTERRUPT
  C:29CBH         LINE#         88
  C:29DCH         LINE#         91
  C:29DFH         LINE#         92
  C:29E2H         LINE#         93
  C:29F0H         LINE#         94
  C:29FEH         LINE#         95
  C:2A0CH         LINE#         96
  C:2A1AH         LINE#         98
  -------         ENDPROC       TIMER1_INTERRUPT
  -------         ENDMOD        DEBUG

  -------         MODULE        TIMER3
  C:0000H         SYMBOL        _ICE_DUMMY_
  D:0088H         PUBLIC        TCON
  D:0098H         PUBLIC        SCON
  D:009DH         PUBLIC        T3FD
  D:009EH         PUBLIC        T3CON
  D:00A0H         PUBLIC        P2
  D:00A8H         PUBLIC        IE
  D:00B0H         PUBLIC        P3
  D:00B8H         PUBLIC        IP
  D:00C0H         PUBLIC        WDCON
  D:00C8H         PUBLIC        T2CON
  D:00D0H         PUBLIC        PSW
  D:00D8H         PUBLIC        ADCSTAT
  D:00E8H         PUBLIC        I2CCON
  D:00E8H         PUBLIC        DCON
  D:00F8H         PUBLIC        SPICON
  B:00A8H.4       PUBLIC        ES
BL51 BANKED LINKER/LOCATER V6.22                                                      09/02/2014  11:13:18  PAGE 9


  B:00B8H.4       PUBLIC        PS
  B:0098H.1       PUBLIC        TI
  B:0098H.0       PUBLIC        RI
  C:2E93H         PUBLIC        UART_Init
  -------         PROC          UART_INIT
  C:2E93H         LINE#         3
  C:2E93H         LINE#         4
  C:2E93H         LINE#         6
  C:2E96H         LINE#         8
  C:2E99H         LINE#         9
  C:2E9CH         LINE#         10
  C:2E9EH         LINE#         11
  C:2EA0H         LINE#         12
  C:2EA2H         LINE#         13
  C:2EA4H         LINE#         15
  -------         ENDPROC       UART_INIT
  -------         ENDMOD        TIMER3

  -------         MODULE        ADC
  C:0000H         SYMBOL        _ICE_DUMMY_
  D:0088H         PUBLIC        TCON
  D:0098H         PUBLIC        SCON
  D:00A0H         PUBLIC        P2
  D:00A8H         PUBLIC        IE
  D:00B0H         PUBLIC        P3
  D:00B8H         PUBLIC        IP
  D:00C0H         PUBLIC        WDCON
  D:00C8H         PUBLIC        T2CON
  D:00D0H         PUBLIC        PSW
  D:00D1H         PUBLIC        ADCMODE
  D:00D2H         PUBLIC        ADC0CON1
  D:00D4H         PUBLIC        SF
  D:00D8H         PUBLIC        ADCSTAT
  D:00D9H         PUBLIC        ADC0L
  D:00DAH         PUBLIC        ADC0M
  D:00DBH         PUBLIC        ADC0H
  D:00E6H         PUBLIC        ADC0CON2
  D:00E8H         PUBLIC        I2CCON
  D:00E8H         PUBLIC        DCON
  D:00F8H         PUBLIC        SPICON
  B:00A8H.6       PUBLIC        EADC
  B:00D8H.7       PUBLIC        RDY0
  X:03D2H         PUBLIC        adc_channels
  C:2D4FH         PUBLIC        ADC_Initialize
  C:1DF9H         PUBLIC        ADC_ISR
  C:2EF3H         PUBLIC        _ADC_Set_Mode
  C:2E6AH         PUBLIC        _ADC_Out_Freq
  C:2D1CH         PUBLIC        ADC_Restore_Settings
  C:2CA2H         SYMBOL        Com000C
  C:2CA2H         SYMBOL        L?0013
  C:2CA2H         SYMBOL        L?0014
  C:2CA9H         SYMBOL        L?0015
  C:2CB5H         SYMBOL        L?0016
  C:2CB5H         SYMBOL        L?0017
  C:2CB6H         SYMBOL        L?0018
  C:2CBFH         SYMBOL        L?0019
  C:2CBFH         SYMBOL        L?0020
BL51 BANKED LINKER/LOCATER V6.22                                                      09/02/2014  11:13:18  PAGE 10


  C:2CC8H         SYMBOL        L?0021
  C:2CC8H         SYMBOL        L?0022
  C:2CCEH         SYMBOL        L?0023
  C:2CD9H         SYMBOL        L?0024
  C:2CDAH         SYMBOL        L?0025
  -------         PROC          COM000C
  -------         ENDPROC       COM000C
  -------         PROC          ADC_INITIALIZE
  C:2D4FH         LINE#         5
  C:2D4FH         LINE#         6
  C:2D4FH         LINE#         7
  C:2D52H         LINE#         8
  C:2D55H         LINE#         9
  C:2D58H         LINE#         15
  C:2D5BH         LINE#         16
  C:2D5EH         LINE#         17
  C:2D61H         LINE#         20
  C:2D64H         LINE#         21
  C:2D69H         LINE#         23
  C:2D70H         LINE#         25
  C:2D73H         LINE#         26
  C:2D76H         LINE#         27
  C:2D78H         LINE#         29
  C:2D7BH         LINE#         32
  -------         ENDPROC       ADC_INITIALIZE
  -------         PROC          ADC_ISR
  C:1DF9H         LINE#         34
  C:1E11H         LINE#         36
  C:1E2EH         LINE#         37
  C:1E4CH         LINE#         38
  C:1E6AH         LINE#         39
  C:1E89H         LINE#         41
  C:1E95H         LINE#         42
  C:1E9EH         LINE#         44
  C:1EA1H         LINE#         46
  C:1EA3H         LINE#         48
  C:1EB4H         LINE#         49
  C:1EB4H         LINE#         50
  C:1EC1H         LINE#         51
  C:1EC3H         LINE#         53
  C:1EDDH         LINE#         54
  C:1EEDH         LINE#         55
  C:1EF0H         LINE#         57
  C:1EF2H         LINE#         59
  -------         ENDPROC       ADC_ISR
  -------         PROC          _ADC_SET_MODE
  D:0007H         SYMBOL        mode
  C:2EF3H         LINE#         61
  C:2EF3H         LINE#         62
  C:2EF3H         LINE#         63
  C:2EF6H         LINE#         64
  C:2EF9H         LINE#         66
  -------         ENDPROC       _ADC_SET_MODE
  -------         PROC          _ADC_OUT_FREQ
  D:0006H         SYMBOL        freq
  C:2E6AH         LINE#         68
  C:2E6AH         LINE#         69
BL51 BANKED LINKER/LOCATER V6.22                                                      09/02/2014  11:13:18  PAGE 11


  C:2E6AH         LINE#         70
  C:2E7EH         LINE#         72
  -------         ENDPROC       _ADC_OUT_FREQ
  -------         PROC          ADC_RESTORE_SETTINGS
  -------         DO            
  D:0007H         SYMBOL        i
  -------         ENDDO         
  C:2D1CH         LINE#         74
  C:2D1CH         LINE#         75
  C:2D1CH         LINE#         76
  C:2D1EH         LINE#         77
  C:2D1EH         LINE#         78
  C:2D1EH         LINE#         79
  C:2D25H         LINE#         80
  C:2D32H         LINE#         81
  C:2D41H         LINE#         82
  C:2D49H         LINE#         83
  C:2D4EH         LINE#         85
  -------         ENDPROC       ADC_RESTORE_SETTINGS
  -------         ENDMOD        ADC

  -------         MODULE        EEPROM
  C:0000H         SYMBOL        _ICE_DUMMY_
  D:0088H         PUBLIC        TCON
  D:0098H         PUBLIC        SCON
  D:00A0H         PUBLIC        P2
  D:00A8H         PUBLIC        IE
  D:00B0H         PUBLIC        P3
  D:00B8H         PUBLIC        IP
  D:00B9H         PUBLIC        ECON
  D:00BCH         PUBLIC        EDATA1
  D:00BDH         PUBLIC        EDATA2
  D:00BEH         PUBLIC        EDATA3
  D:00BFH         PUBLIC        EDATA4
  D:00C0H         PUBLIC        WDCON
  D:00C8H         PUBLIC        T2CON
  D:00D0H         PUBLIC        PSW
  D:00D8H         PUBLIC        ADCSTAT
  D:00E8H         PUBLIC        I2CCON
  D:00E8H         PUBLIC        DCON
  D:00F8H         PUBLIC        SPICON
  D:00C6H         PUBLIC        EADR
  C:23B1H         PUBLIC        _EEPROM_Read
  C:2473H         PUBLIC        _EEPROM_Write
  C:2ED7H         SYMBOL        Com0013
  C:2ED7H         SYMBOL        L?0020
  -------         PROC          COM0013
  -------         ENDPROC       COM0013
  -------         PROC          _EEPROM_WRITE
  D:0001H         SYMBOL        buffer
  X:05DCH         SYMBOL        len
  X:05DEH         SYMBOL        addr
  -------         DO            
  X:05E0H         SYMBOL        i
  D:0001H         SYMBOL        buf
  -------         ENDDO         
  C:2473H         LINE#         4
BL51 BANKED LINKER/LOCATER V6.22                                                      09/02/2014  11:13:18  PAGE 12


  C:247BH         LINE#         5
  C:247BH         LINE#         7
  C:2482H         LINE#         10
  C:2499H         LINE#         11
  C:249DH         LINE#         13
  C:249DH         LINE#         15
  C:24B9H         LINE#         16
  C:24B9H         LINE#         17
  C:24D0H         LINE#         18
  C:24DAH         LINE#         19
  C:24F6H         LINE#         20
  C:2502H         LINE#         22
  C:2508H         LINE#         24
  C:250BH         LINE#         25
  C:250EH         LINE#         27
  C:2519H         LINE#         28
  C:252AH         LINE#         30
  C:2532H         LINE#         31
  -------         ENDPROC       _EEPROM_WRITE
  -------         PROC          _EEPROM_READ
  D:0001H         SYMBOL        buffer
  X:05C9H         SYMBOL        len
  X:05CBH         SYMBOL        addr
  -------         DO            
  X:05CDH         SYMBOL        i
  D:0001H         SYMBOL        buf
  -------         ENDDO         
  C:23B1H         LINE#         33
  C:23B9H         LINE#         34
  C:23B9H         LINE#         37
  C:23C0H         LINE#         40
  C:23D7H         LINE#         41
  C:23DBH         LINE#         43
  C:23DBH         LINE#         45
  C:23F7H         LINE#         46
  C:23F7H         LINE#         47
  C:23FDH         LINE#         48
  C:2400H         LINE#         50
  C:241CH         LINE#         51
  C:2426H         LINE#         52
  C:243FH         LINE#         53
  C:244BH         LINE#         54
  C:2459H         LINE#         55
  C:246AH         LINE#         57
  C:2472H         LINE#         58
  -------         ENDPROC       _EEPROM_READ
  -------         ENDMOD        EEPROM

  -------         MODULE        WATCHDOG
  C:0000H         SYMBOL        _ICE_DUMMY_
  D:0088H         PUBLIC        TCON
  D:0098H         PUBLIC        SCON
  D:00A0H         PUBLIC        P2
  D:00A8H         PUBLIC        IE
  D:00B0H         PUBLIC        P3
  D:00B8H         PUBLIC        IP
  D:00C0H         PUBLIC        WDCON
BL51 BANKED LINKER/LOCATER V6.22                                                      09/02/2014  11:13:18  PAGE 13


  D:00C8H         PUBLIC        T2CON
  D:00D0H         PUBLIC        PSW
  D:00D8H         PUBLIC        ADCSTAT
  D:00E8H         PUBLIC        I2CCON
  D:00E8H         PUBLIC        DCON
  D:00F8H         PUBLIC        SPICON
  B:00A8H.7       PUBLIC        EA
  B:00C0H.0       PUBLIC        WDWR
  C:2EEBH         PUBLIC        _WDT_Init
  C:2EE1H         PUBLIC        WDT_Clear
  D:000AH         PUBLIC        wdt_intval
  -------         PROC          _WDT_INIT
  D:0007H         SYMBOL        interval
  C:2EEBH         LINE#         5
  C:2EEBH         LINE#         6
  C:2EEBH         LINE#         7
  C:2EEDH         LINE#         8
  C:2EEFH         LINE#         9
  C:2EF2H         LINE#         11
  -------         ENDPROC       _WDT_INIT
  -------         PROC          WDT_CLEAR
  C:2EE1H         LINE#         13
  C:2EE1H         LINE#         14
  C:2EE1H         LINE#         15
  C:2EE3H         LINE#         17
  C:2EE5H         LINE#         18
  C:2EE8H         LINE#         20
  C:2EEAH         LINE#         22
  -------         ENDPROC       WDT_CLEAR
  -------         ENDMOD        WATCHDOG

  -------         MODULE        PROTO_USO
  C:0000H         SYMBOL        _ICE_DUMMY_
  D:0088H         PUBLIC        TCON
  D:0098H         PUBLIC        SCON
  D:0099H         PUBLIC        SBUF
  D:00A0H         PUBLIC        P2
  D:00A8H         PUBLIC        IE
  D:00B0H         PUBLIC        P3
  D:00B8H         PUBLIC        IP
  D:00C0H         PUBLIC        WDCON
  D:00C8H         PUBLIC        T2CON
  D:00D0H         PUBLIC        PSW
  D:00D8H         PUBLIC        ADCSTAT
  D:00E8H         PUBLIC        I2CCON
  D:00E8H         PUBLIC        DCON
  D:00F8H         PUBLIC        SPICON
  B:00A8H.7       PUBLIC        EA
  B:00A8H.4       PUBLIC        ES
  B:0098H.4       PUBLIC        REN
  B:0098H.1       PUBLIC        TI
  B:0098H.0       PUBLIC        RI
  C:16DFH         PUBLIC        UART_ISR
  C:2A29H         PUBLIC        Protocol_Init
  C:1155H         PUBLIC        Send_Info
  C:0006H         PUBLIC        Node_Full_Init
  C:000EH         PUBLIC        Channel_List_Init
BL51 BANKED LINKER/LOCATER V6.22                                                      09/02/2014  11:13:18  PAGE 14


  C:0016H         PUBLIC        Channel_Get_Data
  C:1B88H         PUBLIC        Channel_Set_Parameters
  C:001EH         PUBLIC        Channel_Set_Order_Query
  C:0026H         PUBLIC        Channel_Get_Data_Order
  C:002EH         PUBLIC        Channel_Set_State
  C:2EFAH         PUBLIC        Channel_Get_Data_Order_M2
  C:2EC7H         PUBLIC        Channel_Set_Reset_State_Flags
  C:069CH         PUBLIC        Channel_All_Get_Data
  C:2CE1H         PUBLIC        Channel_Set_Address_Desc
  C:1F08H         PUBLIC        Channel_Set_Calibrate
  C:2B92H         PUBLIC        _Request_Error
  C:25C2H         PUBLIC        ProtoBufHandling
  C:1A40H         PUBLIC        _ProtoProcess
  C:2E1BH         SYMBOL        _CRC_Check
  C:1CCFH         PUBLIC        _Store_Dev_Address_Desc
  C:220EH         PUBLIC        Restore_Dev_Address_Desc
  C:2011H         PUBLIC        Crc8Table
  B:00B0H.5       PUBLIC        DE_RE
  X:0001H         PUBLIC        DEV_NAME
  X:0015H         PUBLIC        NOTICE
  X:003DH         PUBLIC        VERSION
  X:0045H         PUBLIC        ADRESS_DEV
  X:0046H         PUBLIC        dev_desc_len
  X:0047H         PUBLIC        RECIEVED
  X:0048H         PUBLIC        recieve_count
  X:0049H         PUBLIC        transf_count
  X:004AH         PUBLIC        buf_len
  X:004BH         PUBLIC        CUT_OUT_NULL
  X:004CH         PUBLIC        frame_len
  X:004DH         PUBLIC        RecieveBuf
  X:015BH         PUBLIC        TransferBuf
  X:0269H         PUBLIC        STATE_BYTE
  X:026AH         PUBLIC        symbol
  X:026BH         PUBLIC        avaible_channels
  X:026CH         PUBLIC        pt_proto
  X:0270H         PUBLIC        sym_8_to_float
  -------         PROC          UART_ISR
  C:16DFH         LINE#         77
  C:16F8H         LINE#         79
  C:16FAH         LINE#         81
  C:1700H         LINE#         82
  C:1700H         LINE#         83
  C:1702H         LINE#         85
  C:170FH         LINE#         86
  C:170FH         LINE#         87
  C:1719H         LINE#         89
  C:1719H         LINE#         92
  C:171FH         LINE#         93
  C:172DH         LINE#         94
  C:172DH         LINE#         95
  C:172DH         LINE#         96
  C:172DH         LINE#         97
  C:1741H         LINE#         98
  C:1747H         LINE#         99
  C:174DH         LINE#         100
  C:174DH         LINE#         101
  C:174FH         LINE#         103
BL51 BANKED LINKER/LOCATER V6.22                                                      09/02/2014  11:13:18  PAGE 15


  C:174FH         LINE#         104
  C:174FH         LINE#         105
  C:1756H         LINE#         106
  C:1756H         LINE#         107
  C:175BH         LINE#         108
  C:175FH         LINE#         109
  C:1763H         LINE#         110
  C:1769H         LINE#         111
  C:176BH         LINE#         113
  C:176BH         LINE#         114
  C:177FH         LINE#         115
  C:1785H         LINE#         116
  C:1785H         LINE#         117
  C:1785H         LINE#         118
  C:1785H         LINE#         119
  C:1787H         LINE#         121
  C:1787H         LINE#         122
  C:1787H         LINE#         123
  C:178EH         LINE#         124
  C:178EH         LINE#         125
  C:1790H         LINE#         126
  C:1792H         LINE#         128
  C:1792H         LINE#         129
  C:17A6H         LINE#         130
  C:17ACH         LINE#         131
  C:17ACH         LINE#         132
  C:17ACH         LINE#         133
  C:17AEH         LINE#         135
  C:17AEH         LINE#         136
  C:17AEH         LINE#         137
  C:17C2H         LINE#         138
  C:17C8H         LINE#         139
  C:17CDH         LINE#         141
  C:17CDH         LINE#         142
  C:17CDH         LINE#         144
  C:17D6H         LINE#         145
  C:17D6H         LINE#         146
  C:17EAH         LINE#         147
  C:17EAH         LINE#         148
  C:17EFH         LINE#         149
  C:17F1H         LINE#         150
  C:17F3H         LINE#         151
  C:17F8H         LINE#         152
  C:17F8H         LINE#         153
  C:17FAH         LINE#         155
  C:17FAH         LINE#         156
  C:1801H         LINE#         157
  C:1801H         LINE#         158
  C:1810H         LINE#         159
  C:1810H         LINE#         160
  C:1810H         LINE#         161
  C:1810H         LINE#         163
  C:1813H         LINE#         164
  C:1813H         LINE#         165
  C:1815H         LINE#         167
  C:1822H         LINE#         168
  C:1822H         LINE#         169
BL51 BANKED LINKER/LOCATER V6.22                                                      09/02/2014  11:13:18  PAGE 16


  C:1828H         LINE#         170
  C:1828H         LINE#         171
  C:1828H         LINE#         172
  C:1828H         LINE#         173
  C:182AH         LINE#         175
  C:182AH         LINE#         176
  C:1830H         LINE#         177
  C:1830H         LINE#         178
  C:1841H         LINE#         179
  C:1841H         LINE#         180
  C:1847H         LINE#         181
  C:1847H         LINE#         182
  C:1857H         LINE#         183
  C:185DH         LINE#         184
  C:185FH         LINE#         186
  C:185FH         LINE#         187
  C:1862H         LINE#         188
  C:1867H         LINE#         189
  C:1867H         LINE#         190
  C:1867H         LINE#         191
  C:1869H         LINE#         193
  C:1869H         LINE#         194
  C:186EH         LINE#         195
  C:1872H         LINE#         196
  C:1878H         LINE#         197
  C:1878H         LINE#         198
  C:1878H         LINE#         199
  C:187AH         LINE#         201
  -------         ENDPROC       UART_ISR
  -------         PROC          PROTOCOL_INIT
  -------         DO            
  D:0007H         SYMBOL        i
  -------         ENDDO         
  C:2A29H         LINE#         203
  C:2A29H         LINE#         204
  C:2A29H         LINE#         205
  C:2A2BH         LINE#         207
  C:2A2DH         LINE#         208
  C:2A2FH         LINE#         212
  C:2A32H         LINE#         215
  C:2A37H         LINE#         216
  C:2A39H         LINE#         217
  C:2A3BH         LINE#         218
  C:2A3DH         LINE#         219
  C:2A3FH         LINE#         220
  C:2A45H         LINE#         222
  C:2A4AH         LINE#         223
  C:2A4BH         LINE#         224
  C:2A4BH         LINE#         225
  C:2A5EH         LINE#         226
  C:2A5EH         LINE#         227
  C:2A74H         LINE#         228
  C:2A7AH         LINE#         229
  C:2A7AH         LINE#         230
  C:2A7FH         LINE#         233
  C:2A86H         LINE#         235
  -------         ENDPROC       PROTOCOL_INIT
BL51 BANKED LINKER/LOCATER V6.22                                                      09/02/2014  11:13:18  PAGE 17


  -------         PROC          SEND_INFO
  -------         DO            
  X:05C8H         SYMBOL        i
  -------         ENDDO         
  C:1155H         LINE#         237
  C:1155H         LINE#         238
  C:1155H         LINE#         239
  C:115AH         LINE#         242
  C:115EH         LINE#         243
  C:1162H         LINE#         244
  C:1166H         LINE#         246
  C:116EH         LINE#         247
  C:1172H         LINE#         248
  C:117AH         LINE#         250
  C:117FH         LINE#         251
  C:117FH         LINE#         252
  C:1188H         LINE#         253
  C:1188H         LINE#         254
  C:11A3H         LINE#         255
  C:11A5H         LINE#         257
  C:11A5H         LINE#         258
  C:11B4H         LINE#         259
  C:11B4H         LINE#         260
  C:11BEH         LINE#         262
  C:11C3H         LINE#         263
  C:11C3H         LINE#         264
  C:11CCH         LINE#         265
  C:11CCH         LINE#         266
  C:11E7H         LINE#         267
  C:11E7H         LINE#         268
  C:11F1H         LINE#         270
  C:11F9H         LINE#         272
  C:11FEH         LINE#         273
  C:11FEH         LINE#         274
  C:1214H         LINE#         275
  C:1214H         LINE#         276
  C:1263H         LINE#         277
  C:1286H         LINE#         278
  C:1286H         LINE#         279
  C:1294H         LINE#         281
  C:12A6H         LINE#         282
  C:12A6H         LINE#         283
  C:12D5H         LINE#         284
  C:12DDH         LINE#         286
  C:12EFH         LINE#         287
  C:1328H         LINE#         289
  C:1337H         LINE#         290
  -------         ENDPROC       SEND_INFO
  -------         PROC          NODE_FULL_INIT
  C:0006H         LINE#         292
  C:0006H         LINE#         293
  C:0006H         LINE#         294
  C:0008H         LINE#         295
  -------         ENDPROC       NODE_FULL_INIT
  -------         PROC          CHANNEL_LIST_INIT
  C:000EH         LINE#         297
  C:000EH         LINE#         298
BL51 BANKED LINKER/LOCATER V6.22                                                      09/02/2014  11:13:18  PAGE 18


  C:000EH         LINE#         299
  C:0010H         LINE#         300
  -------         ENDPROC       CHANNEL_LIST_INIT
  -------         PROC          CHANNEL_GET_DATA
  C:0016H         LINE#         302
  C:0016H         LINE#         303
  C:0016H         LINE#         304
  C:0018H         LINE#         305
  -------         ENDPROC       CHANNEL_GET_DATA
  -------         PROC          CHANNEL_SET_PARAMETERS
  -------         DO            
  D:0007H         SYMBOL        index
  X:05C8H         SYMBOL        store_data
  D:0006H         SYMBOL        i
  D:0005H         SYMBOL        chn_index
  -------         ENDDO         
  C:1B88H         LINE#         307
  C:1B88H         LINE#         308
  C:1B88H         LINE#         309
  C:1B90H         LINE#         311
  C:1B9EH         LINE#         312
  C:1B9EH         LINE#         313
  C:1BB7H         LINE#         314
  C:1BB7H         LINE#         315
  C:1BCBH         LINE#         316
  C:1BCBH         LINE#         317
  C:1BCBH         LINE#         318
  C:1BCBH         LINE#         320
  C:1BCDH         LINE#         321
  C:1BCDH         LINE#         322
  C:1BECH         LINE#         323
  C:1BECH         LINE#         324
  C:1BEFH         LINE#         325
  C:1BF1H         LINE#         326
  C:1BF1H         LINE#         327
  C:1BF6H         LINE#         329
  C:1C53H         LINE#         330
  C:1C53H         LINE#         331
  C:1C70H         LINE#         332
  C:1C8DH         LINE#         333
  C:1CACH         LINE#         334
  C:1CB2H         LINE#         336
  C:1CB2H         LINE#         337
  C:1CB3H         LINE#         338
  C:1CB3H         LINE#         339
  C:1CB5H         LINE#         342
  C:1CB5H         LINE#         343
  C:1CB5H         LINE#         344
  C:1CB6H         LINE#         345
  C:1CB6H         LINE#         346
  C:1CB6H         LINE#         347
  C:1CB9H         LINE#         348
  C:1CBCH         LINE#         350
  C:1CBCH         LINE#         351
  C:1CC0H         LINE#         352
  C:1CC0H         LINE#         353
  C:1CC0H         LINE#         354
BL51 BANKED LINKER/LOCATER V6.22                                                      09/02/2014  11:13:18  PAGE 19


  C:1CC6H         LINE#         355
  C:1CC6H         LINE#         356
  C:1CC9H         LINE#         357
  C:1CC9H         LINE#         359
  C:1CCEH         LINE#         360
  -------         ENDPROC       CHANNEL_SET_PARAMETERS
  -------         PROC          CHANNEL_SET_ORDER_QUERY
  C:001EH         LINE#         362
  C:001EH         LINE#         363
  C:001EH         LINE#         364
  C:0020H         LINE#         365
  -------         ENDPROC       CHANNEL_SET_ORDER_QUERY
  -------         PROC          CHANNEL_GET_DATA_ORDER
  C:0026H         LINE#         367
  C:0026H         LINE#         368
  C:0026H         LINE#         369
  C:0028H         LINE#         370
  -------         ENDPROC       CHANNEL_GET_DATA_ORDER
  -------         PROC          CHANNEL_SET_STATE
  C:002EH         LINE#         372
  C:002EH         LINE#         373
  C:002EH         LINE#         374
  C:0030H         LINE#         375
  -------         ENDPROC       CHANNEL_SET_STATE
  -------         PROC          CHANNEL_GET_DATA_ORDER_M2
  C:2EFAH         LINE#         377
  C:2EFAH         LINE#         378
  C:2EFAH         LINE#         379
  C:2EFCH         LINE#         380
  -------         ENDPROC       CHANNEL_GET_DATA_ORDER_M2
  -------         PROC          CHANNEL_SET_RESET_STATE_FLAGS
  C:2EC7H         LINE#         382
  C:2EC7H         LINE#         383
  C:2EC7H         LINE#         384
  C:2ECDH         LINE#         385
  C:2ED1H         LINE#         386
  C:2ED6H         LINE#         387
  -------         ENDPROC       CHANNEL_SET_RESET_STATE_FLAGS
  -------         PROC          CHANNEL_ALL_GET_DATA
  -------         DO            
  D:0008H         SYMBOL        index
  D:0009H         SYMBOL        i
  -------         ENDDO         
  C:069CH         LINE#         390
  C:069CH         LINE#         391
  C:069CH         LINE#         392
  C:06A1H         LINE#         395
  C:06ADH         LINE#         396
  C:06B5H         LINE#         397
  C:06B9H         LINE#         398
  C:06C1H         LINE#         400
  C:06C4H         LINE#         402
  C:06C7H         LINE#         403
  C:06C7H         LINE#         405
  C:06DFH         LINE#         406
  C:06DFH         LINE#         407
  C:06DFH         LINE#         408
BL51 BANKED LINKER/LOCATER V6.22                                                      09/02/2014  11:13:18  PAGE 20


  C:06DFH         LINE#         410
  C:06EFH         LINE#         411
  C:0727H         LINE#         413
  C:074BH         LINE#         414
  C:074BH         LINE#         415
  C:074BH         LINE#         416
  C:074BH         LINE#         417
  C:076AH         LINE#         418
  C:076AH         LINE#         419
  C:076AH         LINE#         420
  C:076AH         LINE#         421
  C:0782H         LINE#         422
  C:0782H         LINE#         423
  C:07A1H         LINE#         424
  C:07AFH         LINE#         425
  C:07B1H         LINE#         427
  C:07B1H         LINE#         428
  C:07D0H         LINE#         429
  C:07F2H         LINE#         430
  C:07F2H         LINE#         433
  C:07F2H         LINE#         434
  C:07F2H         LINE#         435
  C:07F2H         LINE#         436
  C:07F5H         LINE#         438
  C:07F5H         LINE#         439
  C:07F5H         LINE#         440
  C:080DH         LINE#         441
  C:080DH         LINE#         442
  C:082CH         LINE#         443
  C:084EH         LINE#         444
  C:085CH         LINE#         445
  C:085EH         LINE#         447
  C:085EH         LINE#         448
  C:087DH         LINE#         449
  C:089FH         LINE#         450
  C:08C1H         LINE#         451
  C:08C1H         LINE#         453
  C:08E3H         LINE#         454
  C:08F1H         LINE#         455
  C:08F1H         LINE#         456
  C:08F4H         LINE#         457
  C:08F4H         LINE#         458
  C:08F4H         LINE#         459
  C:08F4H         LINE#         461
  C:08F4H         LINE#         462
  C:08F4H         LINE#         463
  C:090AH         LINE#         464
  C:090AH         LINE#         465
  C:090AH         LINE#         466
  C:090AH         LINE#         467
  C:092CH         LINE#         468
  C:094EH         LINE#         469
  C:0970H         LINE#         470
  C:0992H         LINE#         471
  C:09A0H         LINE#         472
  C:09A0H         LINE#         473
  C:09A3H         LINE#         474
BL51 BANKED LINKER/LOCATER V6.22                                                      09/02/2014  11:13:18  PAGE 21


  C:09A3H         LINE#         475
  C:09A3H         LINE#         476
  C:09A3H         LINE#         478
  C:09A3H         LINE#         479
  C:09A3H         LINE#         480
  C:09BDH         LINE#         481
  C:09BDH         LINE#         483
  C:09BDH         LINE#         484
  C:09BDH         LINE#         485
  C:09DFH         LINE#         486
  C:0A01H         LINE#         487
  C:0A0FH         LINE#         488
  C:0A0FH         LINE#         489
  C:0A11H         LINE#         491
  C:0A11H         LINE#         492
  C:0A11H         LINE#         493
  C:0A33H         LINE#         494
  C:0A55H         LINE#         495
  C:0A77H         LINE#         496
  C:0A77H         LINE#         497
  C:0A77H         LINE#         498
  C:0A77H         LINE#         499
  C:0A77H         LINE#         500
  C:0A77H         LINE#         501
  C:0A77H         LINE#         502
  C:0A82H         LINE#         504
  C:0A8AH         LINE#         505
  C:0AA2H         LINE#         506
  C:0AA6H         LINE#         507
  -------         ENDPROC       CHANNEL_ALL_GET_DATA
  -------         PROC          CHANNEL_SET_CALIBRATE
  -------         DO            
  X:05C8H         SYMBOL        K
  X:05CCH         SYMBOL        C
  -------         ENDDO         
  C:1F08H         LINE#         509
  C:1F08H         LINE#         510
  C:1F08H         LINE#         514
  C:1F10H         LINE#         515
  C:1F18H         LINE#         516
  C:1F20H         LINE#         517
  C:1F28H         LINE#         519
  C:1F3CH         LINE#         521
  C:1F44H         LINE#         522
  C:1F4CH         LINE#         523
  C:1F54H         LINE#         524
  C:1F5CH         LINE#         526
  C:1F70H         LINE#         528
  C:1F81H         LINE#         529
  C:1F81H         LINE#         530
  C:1F81H         LINE#         531
  C:1F81H         LINE#         532
  C:1FB1H         LINE#         533
  C:1FB1H         LINE#         534
  C:1FB3H         LINE#         536
  C:1FB3H         LINE#         537
  C:1FB3H         LINE#         538
BL51 BANKED LINKER/LOCATER V6.22                                                      09/02/2014  11:13:18  PAGE 22


  C:1FC6H         LINE#         539
  C:1FC6H         LINE#         540
  C:1FC6H         LINE#         541
  C:1FC8H         LINE#         543
  C:1FC8H         LINE#         544
  C:1FC8H         LINE#         545
  C:1FDDH         LINE#         546
  C:2008H         LINE#         547
  C:2008H         LINE#         548
  C:200AH         LINE#         550
  C:200AH         LINE#         551
  C:200AH         LINE#         552
  C:200BH         LINE#         553
  C:200BH         LINE#         554
  C:200BH         LINE#         555
  C:200BH         LINE#         558
  C:2010H         LINE#         559
  -------         ENDPROC       CHANNEL_SET_CALIBRATE
  -------         PROC          CHANNEL_SET_ADDRESS_DESC
  -------         DO            
  D:0006H         SYMBOL        desc_len
  -------         ENDDO         
  C:2CE1H         LINE#         561
  C:2CE1H         LINE#         562
  C:2CE1H         LINE#         563
  C:2CE1H         LINE#         564
  C:2CE8H         LINE#         566
  C:2CEAH         LINE#         567
  C:2CEAH         LINE#         568
  C:2D13H         LINE#         569
  C:2D17H         LINE#         570
  C:2D17H         LINE#         572
  C:2D17H         LINE#         573
  -------         ENDPROC       CHANNEL_SET_ADDRESS_DESC
  -------         PROC          _REQUEST_ERROR
  D:0007H         SYMBOL        error_code
  C:2B92H         LINE#         578
  C:2B92H         LINE#         579
  C:2B92H         LINE#         580
  C:2B9FH         LINE#         581
  C:2BA7H         LINE#         582
  C:2BAFH         LINE#         583
  C:2BB5H         LINE#         585
  C:2BBDH         LINE#         586
  C:2BC2H         LINE#         587
  C:2BC8H         LINE#         588
  C:2BD6H         LINE#         589
  C:2BD8H         LINE#         590
  -------         ENDPROC       _REQUEST_ERROR
  -------         PROC          PROTOBUFHANDLING
  C:25C2H         LINE#         592
  C:25C2H         LINE#         593
  C:25C2H         LINE#         594
  C:25F4H         LINE#         595
  C:25F4H         LINE#         597
  C:25F4H         LINE#         598
  C:25F4H         LINE#         599
BL51 BANKED LINKER/LOCATER V6.22                                                      09/02/2014  11:13:18  PAGE 23


  C:25F7H         LINE#         600
  C:25F7H         LINE#         601
  C:25F9H         LINE#         603
  C:25F9H         LINE#         604
  C:25F9H         LINE#         605
  C:25FCH         LINE#         606
  C:25FCH         LINE#         607
  C:25FEH         LINE#         609
  C:25FEH         LINE#         610
  C:25FEH         LINE#         611
  C:2601H         LINE#         612
  C:2601H         LINE#         613
  C:2603H         LINE#         615
  C:2603H         LINE#         616
  C:2603H         LINE#         617
  C:2606H         LINE#         618
  C:2606H         LINE#         619
  C:2608H         LINE#         621
  C:2608H         LINE#         622
  C:2608H         LINE#         623
  C:260BH         LINE#         624
  C:260BH         LINE#         625
  C:260DH         LINE#         627
  C:260DH         LINE#         628
  C:260DH         LINE#         629
  C:2610H         LINE#         630
  C:2610H         LINE#         631
  C:2612H         LINE#         633
  C:2612H         LINE#         634
  C:2612H         LINE#         635
  C:2615H         LINE#         636
  C:2615H         LINE#         637
  C:2617H         LINE#         639
  C:2617H         LINE#         640
  C:2617H         LINE#         641
  C:261AH         LINE#         642
  C:261AH         LINE#         643
  C:261CH         LINE#         645
  C:261CH         LINE#         646
  C:261CH         LINE#         647
  C:261FH         LINE#         648
  C:261FH         LINE#         649
  C:2621H         LINE#         651
  C:2621H         LINE#         652
  C:2621H         LINE#         653
  C:2624H         LINE#         654
  C:2624H         LINE#         655
  C:2626H         LINE#         657
  C:2626H         LINE#         658
  C:2626H         LINE#         659
  C:2629H         LINE#         660
  C:2629H         LINE#         661
  C:262BH         LINE#         663
  C:262BH         LINE#         664
  C:262BH         LINE#         665
  C:262EH         LINE#         666
  C:262EH         LINE#         667
BL51 BANKED LINKER/LOCATER V6.22                                                      09/02/2014  11:13:18  PAGE 24


  C:2630H         LINE#         669
  C:2630H         LINE#         670
  C:2630H         LINE#         671
  C:2633H         LINE#         672
  C:2633H         LINE#         673
  C:2635H         LINE#         675
  C:2635H         LINE#         676
  C:2635H         LINE#         677
  C:263FH         LINE#         678
  C:263FH         LINE#         679
  C:263FH         LINE#         682
  -------         ENDPROC       PROTOBUFHANDLING
  -------         PROC          _PROTOPROCESS
  X:05C4H         SYMBOL        pt
  -------         DO            
  X:0000H         SYMBOL        CRC
  -------         DO            
  X:05C7H         SYMBOL        PT_YIELD_FLAG
  -------         ENDDO         
  -------         ENDDO         
  C:1A40H         LINE#         686
  C:1A4BH         LINE#         687
  C:1A4BH         LINE#         688
  C:1A4BH         LINE#         689
  C:1A69H         LINE#         691
  C:1A69H         LINE#         692
  C:1A69H         LINE#         694
  C:1A6EH         LINE#         695
  C:1A70H         LINE#         696
  C:1A72H         LINE#         697
  C:1A74H         LINE#         699
  C:1A8FH         LINE#         700
  C:1A94H         LINE#         702
  C:1AA0H         LINE#         703
  C:1AA0H         LINE#         704
  C:1AA2H         LINE#         705
  C:1AA2H         LINE#         707
  C:1AB4H         LINE#         709
  C:1AC8H         LINE#         710
  C:1AC8H         LINE#         711
  C:1ACAH         LINE#         712
  C:1ACAH         LINE#         713
  C:1AEBH         LINE#         715
  C:1AEEH         LINE#         716
  C:1AF4H         LINE#         717
  C:1AF4H         LINE#         718
  C:1B08H         LINE#         719
  C:1B08H         LINE#         721
  C:1B08H         LINE#         722
  C:1B0AH         LINE#         724
  C:1B0CH         LINE#         725
  C:1B11H         LINE#         726
  C:1B15H         LINE#         727
  C:1B25H         LINE#         728
  C:1B2BH         LINE#         729
  C:1B2DH         LINE#         731
  C:1B6FH         LINE#         732
BL51 BANKED LINKER/LOCATER V6.22                                                      09/02/2014  11:13:18  PAGE 25


  C:1B6FH         LINE#         734
  C:1B6FH         LINE#         736
  C:1B87H         LINE#         737
  -------         ENDPROC       _PROTOPROCESS
  -------         PROC          _CRC_CHECK
  D:0006H         SYMBOL        Spool_pr
  D:0005H         SYMBOL        Count_pr
  -------         DO            
  D:0004H         SYMBOL        crc
  -------         ENDDO         
  C:2E1BH         LINE#         740
  C:2E1BH         LINE#         741
  C:2E1BH         LINE#         742
  C:2E1DH         LINE#         744
  C:2E24H         LINE#         745
  C:2E3AH         LINE#         747
  C:2E3DH         LINE#         748
  -------         ENDPROC       _CRC_CHECK
  -------         PROC          _STORE_DEV_ADDRESS_DESC
  X:05C8H         SYMBOL        addr
  X:05C9H         SYMBOL        name
  X:05CCH         SYMBOL        ver
  X:05CFH         SYMBOL        desc
  X:05D2H         SYMBOL        desc_len
  -------         DO            
  X:05D3H         SYMBOL        blocks
  -------         ENDDO         
  C:1CCFH         LINE#         750
  C:1CDDH         LINE#         751
  C:1CDDH         LINE#         754
  C:1CE4H         LINE#         756
  C:1CF9H         LINE#         757
  C:1D14H         LINE#         758
  C:1D30H         LINE#         760
  C:1D4BH         LINE#         761
  C:1D67H         LINE#         763
  C:1D77H         LINE#         764
  C:1D7CH         LINE#         765
  C:1D87H         LINE#         767
  C:1D96H         LINE#         768
  C:1D9CH         LINE#         770
  C:1DBBH         LINE#         771
  C:1DC3H         LINE#         772
  C:1DD9H         LINE#         774
  C:1DF8H         LINE#         777
  -------         ENDPROC       _STORE_DEV_ADDRESS_DESC
  -------         PROC          RESTORE_DEV_ADDRESS_DESC
  -------         DO            
  X:05C4H         SYMBOL        blocks
  -------         ENDDO         
  C:220EH         LINE#         779
  C:220EH         LINE#         780
  C:220EH         LINE#         781
  C:2215H         LINE#         783
  C:222AH         LINE#         785
  C:2239H         LINE#         786
  C:223FH         LINE#         788
BL51 BANKED LINKER/LOCATER V6.22                                                      09/02/2014  11:13:18  PAGE 26


  C:2255H         LINE#         789
  C:226BH         LINE#         791
  C:2281H         LINE#         793
  C:228AH         LINE#         794
  C:228DH         LINE#         796
  C:229FH         LINE#         797
  C:22A7H         LINE#         798
  C:22B5H         LINE#         800
  C:22C4H         LINE#         801
  C:22CAH         LINE#         803
  C:22E4H         LINE#         805
  -------         ENDPROC       RESTORE_DEV_ADDRESS_DESC
  -------         ENDMOD        PROTO_USO

  -------         MODULE        CHANNELS
  C:0000H         SYMBOL        _ICE_DUMMY_
  D:0088H         PUBLIC        TCON
  D:0098H         PUBLIC        SCON
  D:00A0H         PUBLIC        P2
  D:00A8H         PUBLIC        IE
  D:00B0H         PUBLIC        P3
  D:00B8H         PUBLIC        IP
  D:00C0H         PUBLIC        WDCON
  D:00C8H         PUBLIC        T2CON
  D:00D0H         PUBLIC        PSW
  D:00D8H         PUBLIC        ADCSTAT
  D:00E8H         PUBLIC        I2CCON
  D:00E8H         PUBLIC        DCON
  D:00F8H         PUBLIC        SPICON
  C:1338H         PUBLIC        ChannelsInit
  C:2D7CH         PUBLIC        Store_Channels_Data
  C:2DA6H         PUBLIC        Restore_Channels_Data
  X:0274H         PUBLIC        channels
  C:2BD9H         SYMBOL        Com000C
  C:2BD9H         SYMBOL        L?0013
  C:2BD9H         SYMBOL        L?0014
  C:2BE3H         SYMBOL        L?0015
  C:2BE3H         SYMBOL        L?0016
  C:2BEBH         SYMBOL        L?0017
  C:2C01H         SYMBOL        L?0018
  C:2C01H         SYMBOL        L?0019
  C:2C0CH         SYMBOL        L?0020
  C:2C0CH         SYMBOL        L?0021
  C:2C13H         SYMBOL        L?0022
  -------         PROC          COM000C
  -------         ENDPROC       COM000C
  -------         PROC          CHANNELSINIT
  C:1338H         LINE#         7
  C:1338H         LINE#         8
  C:1338H         LINE#         9
  C:133BH         LINE#         11
  C:134AH         LINE#         12
  C:134AH         LINE#         13
  C:134EH         LINE#         14
  C:134EH         LINE#         15
  C:1351H         LINE#         16
  C:135BH         LINE#         17
BL51 BANKED LINKER/LOCATER V6.22                                                      09/02/2014  11:13:18  PAGE 27


  C:1360H         LINE#         19
  C:1363H         LINE#         20
  C:1363H         LINE#         21
  C:1366H         LINE#         22
  C:1370H         LINE#         23
  C:1375H         LINE#         25
  C:1378H         LINE#         26
  C:1378H         LINE#         27
  C:137BH         LINE#         28
  C:1385H         LINE#         29
  C:138AH         LINE#         31
  C:138DH         LINE#         32
  C:138DH         LINE#         33
  C:1390H         LINE#         34
  C:139AH         LINE#         35
  C:139FH         LINE#         37
  C:13A2H         LINE#         38
  C:13A2H         LINE#         39
  C:13A5H         LINE#         40
  C:13AFH         LINE#         41
  C:13B4H         LINE#         43
  C:13B7H         LINE#         44
  C:13B7H         LINE#         45
  C:13BAH         LINE#         46
  C:13C4H         LINE#         47
  C:13C9H         LINE#         49
  C:13CCH         LINE#         50
  C:13CCH         LINE#         51
  C:13CFH         LINE#         52
  C:13D9H         LINE#         53
  C:13DEH         LINE#         55
  C:13E1H         LINE#         56
  C:13E1H         LINE#         57
  C:13E4H         LINE#         58
  C:13EEH         LINE#         59
  C:13F3H         LINE#         61
  C:13F6H         LINE#         62
  C:13F9H         LINE#         63
  C:13FEH         LINE#         65
  C:1401H         LINE#         66
  C:1404H         LINE#         67
  C:1409H         LINE#         69
  C:140CH         LINE#         70
  C:140FH         LINE#         71
  C:1414H         LINE#         73
  C:1417H         LINE#         74
  C:141AH         LINE#         75
  C:141FH         LINE#         77
  C:1422H         LINE#         78
  C:1425H         LINE#         80
  C:1428H         LINE#         81
  C:142BH         LINE#         82
  C:142BH         LINE#         85
  C:1430H         LINE#         86
  C:1432H         LINE#         87
  C:143CH         LINE#         89
  C:1441H         LINE#         90
BL51 BANKED LINKER/LOCATER V6.22                                                      09/02/2014  11:13:18  PAGE 28


  C:1443H         LINE#         91
  C:144DH         LINE#         93
  C:1452H         LINE#         94
  C:1454H         LINE#         95
  C:145EH         LINE#         97
  C:1463H         LINE#         98
  C:1465H         LINE#         99
  C:146FH         LINE#         101
  C:1472H         LINE#         102
  C:1475H         LINE#         103
  C:147FH         LINE#         105
  C:1482H         LINE#         106
  C:1485H         LINE#         107
  C:148FH         LINE#         109
  C:1492H         LINE#         110
  C:1495H         LINE#         111
  C:149FH         LINE#         113
  C:14A2H         LINE#         114
  C:14A5H         LINE#         115
  C:14AFH         LINE#         117
  C:14B2H         LINE#         118
  C:14B2H         LINE#         119
  C:14B5H         LINE#         120
  C:14BFH         LINE#         122
  C:14C2H         LINE#         123
  C:14C2H         LINE#         124
  C:14C5H         LINE#         125
  C:14CFH         LINE#         127
  C:14D2H         LINE#         128
  C:14D2H         LINE#         129
  C:14D5H         LINE#         130
  C:14DFH         LINE#         132
  C:14E5H         LINE#         133
  C:14E9H         LINE#         134
  C:14ECH         LINE#         135
  C:14F6H         LINE#         137
  C:14F9H         LINE#         138
  C:14F9H         LINE#         139
  C:14FCH         LINE#         140
  C:1506H         LINE#         142
  C:1509H         LINE#         143
  C:1509H         LINE#         144
  C:150CH         LINE#         145
  C:1516H         LINE#         148
  -------         ENDPROC       CHANNELSINIT
  -------         PROC          STORE_CHANNELS_DATA
  -------         DO            
  X:05C9H         SYMBOL        i
  -------         ENDDO         
  C:2D7CH         LINE#         150
  C:2D7CH         LINE#         151
  C:2D7CH         LINE#         152
  C:2D81H         LINE#         153
  C:2D8CH         LINE#         154
  C:2D8CH         LINE#         155
  C:2D9DH         LINE#         156
  C:2DA5H         LINE#         158
BL51 BANKED LINKER/LOCATER V6.22                                                      09/02/2014  11:13:18  PAGE 29


  -------         ENDPROC       STORE_CHANNELS_DATA
  -------         PROC          RESTORE_CHANNELS_DATA
  -------         DO            
  X:05C4H         SYMBOL        i
  -------         ENDDO         
  C:2DA6H         LINE#         160
  C:2DA6H         LINE#         161
  C:2DA6H         LINE#         162
  C:2DABH         LINE#         163
  C:2DB6H         LINE#         164
  C:2DB6H         LINE#         165
  C:2DC7H         LINE#         166
  C:2DCFH         LINE#         168
  -------         ENDPROC       RESTORE_CHANNELS_DATA
  -------         ENDMOD        CHANNELS

  -------         MODULE        ?C_STARTUP
  C:2533H         SEGMENT       ?C_C51STARTUP
  I:0012H         SEGMENT       ?STACK
  C:0000H         PUBLIC        ?C_STARTUP
  D:00AFH         SYMBOL        CFG8XX
  N:0000H         SYMBOL        EXSP
  N:0000H         SYMBOL        IBPSTACK
  N:0100H         SYMBOL        IBPSTACKTOP
  N:0080H         SYMBOL        IDATALEN
  C:2539H         SYMBOL        IDATALOOP
  D:00A0H         SYMBOL        P2
  N:0000H         SYMBOL        PBPSTACK
  N:0000H         SYMBOL        PBPSTACKTOP
  N:0000H         SYMBOL        PDATALEN
  N:0000H         SYMBOL        PDATASTART
  N:0000H         SYMBOL        PPAGE
  N:0000H         SYMBOL        PPAGEENABLE
  D:0081H         SYMBOL        SP
  D:00B7H         SYMBOL        SPH
  N:0200H         SYMBOL        STACKSIZE
  C:2533H         SYMBOL        STARTUP1
  N:0000H         SYMBOL        XBPSTACK
  N:0000H         SYMBOL        XBPSTACKTOP
  N:0000H         SYMBOL        XDATALEN
  N:0000H         SYMBOL        XDATASTART
  N:0001H         SYMBOL        XRAMEN
  N:0600H         SYMBOL        XSTACKSTART
  N:0001H         SYMBOL        _CFG8XX
  C:0000H         LINE#         167
  C:2533H         LINE#         176
  C:2536H         LINE#         180
  C:2538H         LINE#         181
  C:2539H         LINE#         182
  C:253AH         LINE#         183
  C:253CH         LINE#         236
  C:253FH         LINE#         248
  -------         ENDMOD        ?C_STARTUP

  -------         MODULE        FREQUENCY
  C:0000H         SYMBOL        _ICE_DUMMY_
  D:0088H         PUBLIC        TCON
BL51 BANKED LINKER/LOCATER V6.22                                                      09/02/2014  11:13:18  PAGE 30


  D:008AH         PUBLIC        TL0
  D:008CH         PUBLIC        TH0
  D:0098H         PUBLIC        SCON
  D:00A0H         PUBLIC        P2
  D:00A8H         PUBLIC        IE
  D:00B0H         PUBLIC        P3
  D:00B8H         PUBLIC        IP
  D:00C0H         PUBLIC        WDCON
  D:00C8H         PUBLIC        T2CON
  D:00D0H         PUBLIC        PSW
  D:00D8H         PUBLIC        ADCSTAT
  D:00E8H         PUBLIC        I2CCON
  D:00E8H         PUBLIC        DCON
  D:00F8H         PUBLIC        SPICON
  B:0088H.2       PUBLIC        IT1
  B:0088H.0       PUBLIC        IT0
  B:00A8H.2       PUBLIC        EX1
  B:00A8H.0       PUBLIC        EX0
  B:00C8H.7       PUBLIC        TF2
  C:2E3EH         PUBLIC        Frequency_Init
  C:1891H         PUBLIC        _Frequency_Measure_Process
  C:2AE4H         PUBLIC        INT0_ISR
  C:2B3BH         PUBLIC        INT1_ISR
  C:2A87H         PUBLIC        INT2_ISR
  C:0AA7H         PUBLIC        Timer2_ISR
  I:0011H         PUBLIC        measure_state
  X:0507H         PUBLIC        frequency
  C:2732H         SYMBOL        Com0023
  C:2732H         SYMBOL        L?0036
  C:2732H         SYMBOL        L?0037
  C:2741H         SYMBOL        L?0038
  C:2749H         SYMBOL        L?0039
  C:274EH         SYMBOL        L?0040
  C:275AH         SYMBOL        L?0041
  C:275AH         SYMBOL        L?0042
  C:2761H         SYMBOL        L?0043
  C:2764H         SYMBOL        L?0044
  C:2770H         SYMBOL        L?0045
  C:2770H         SYMBOL        L?0046
  C:277EH         SYMBOL        L?0047
  C:277FH         SYMBOL        L?0048
  C:2788H         SYMBOL        L?0049
  C:279BH         SYMBOL        L?0050
  C:279BH         SYMBOL        L?0051
  C:27A2H         SYMBOL        L?0052
  C:27A2H         SYMBOL        L?0053
  -------         PROC          COM0023
  -------         ENDPROC       COM0023
  -------         PROC          FREQUENCY_INIT
  C:2E3EH         LINE#         27
  C:2E3EH         LINE#         28
  C:2E3EH         LINE#         29
  C:2E41H         LINE#         30
  C:2E44H         LINE#         31
  C:2E46H         LINE#         32
  C:2E48H         LINE#         33
  C:2E4AH         LINE#         34
BL51 BANKED LINKER/LOCATER V6.22                                                      09/02/2014  11:13:18  PAGE 31


  C:2E4CH         LINE#         35
  C:2E53H         LINE#         37
  -------         ENDPROC       FREQUENCY_INIT
  -------         PROC          INT0_ISR
  -------         DO            
  D:0007H         SYMBOL        cnt
  -------         ENDDO         
  C:2AE4H         LINE#         39
  C:2B05H         LINE#         42
  C:2B05H         LINE#         43
  C:2B0FH         LINE#         44
  C:2B1CH         LINE#         46
  -------         ENDPROC       INT0_ISR
  -------         PROC          INT1_ISR
  -------         DO            
  D:0007H         SYMBOL        cnt
  -------         ENDDO         
  C:2B3BH         LINE#         48
  C:2B5CH         LINE#         51
  C:2B5CH         LINE#         52
  C:2B66H         LINE#         53
  C:2B73H         LINE#         55
  -------         ENDPROC       INT1_ISR
  -------         PROC          INT2_ISR
  -------         DO            
  D:0007H         SYMBOL        cnt
  -------         ENDDO         
  C:2A87H         LINE#         57
  C:2AA8H         LINE#         61
  C:2AABH         LINE#         62
  C:2AAEH         LINE#         64
  C:2AAEH         LINE#         66
  C:2AB8H         LINE#         67
  C:2AC5H         LINE#         69
  -------         ENDPROC       INT2_ISR
  -------         PROC          TIMER2_ISR
  C:0AA7H         LINE#         71
  C:0ACBH         LINE#         73
  C:0ACDH         LINE#         79
  C:0AEDH         LINE#         80
  C:0AEDH         LINE#         81
  C:0AEDH         LINE#         82
  C:0AEDH         LINE#         83
  C:0B05H         LINE#         84
  C:0B14H         LINE#         87
  C:0B1BH         LINE#         89
  C:0B33H         LINE#         90
  C:0B42H         LINE#         93
  C:0B49H         LINE#         96
  C:0B64H         LINE#         97
  C:0B73H         LINE#         100
  C:0B76H         LINE#         102
  C:0B76H         LINE#         103
  C:0B79H         LINE#         105
  C:0B79H         LINE#         106
  C:0B79H         LINE#         107
  C:0B91H         LINE#         108
BL51 BANKED LINKER/LOCATER V6.22                                                      09/02/2014  11:13:18  PAGE 32


  C:0BA0H         LINE#         110
  C:0BA7H         LINE#         112
  C:0BBFH         LINE#         113
  C:0BCEH         LINE#         115
  C:0BD5H         LINE#         117
  C:0BEDH         LINE#         118
  C:0BFCH         LINE#         120
  C:0BFFH         LINE#         121
  C:0BFFH         LINE#         122
  C:0C02H         LINE#         124
  C:0C02H         LINE#         125
  C:0C02H         LINE#         126
  C:0C1AH         LINE#         127
  C:0C29H         LINE#         129
  C:0C30H         LINE#         131
  C:0C48H         LINE#         132
  C:0C57H         LINE#         134
  C:0C5EH         LINE#         136
  C:0C76H         LINE#         137
  C:0C85H         LINE#         139
  C:0C89H         LINE#         140
  C:0C89H         LINE#         141
  C:0C8CH         LINE#         143
  C:0C8CH         LINE#         144
  C:0C8CH         LINE#         145
  C:0CA4H         LINE#         146
  C:0CB3H         LINE#         148
  C:0CBAH         LINE#         150
  C:0CD2H         LINE#         151
  C:0CE1H         LINE#         153
  C:0CE8H         LINE#         155
  C:0D00H         LINE#         156
  C:0D0FH         LINE#         158
  C:0D16H         LINE#         160
  C:0D1CH         LINE#         161
  C:0D1CH         LINE#         162
  C:0D1CH         LINE#         163
  C:0D1CH         LINE#         165
  C:0D2AH         LINE#         166
  C:0D31H         LINE#         169
  -------         ENDPROC       TIMER2_ISR
  -------         PROC          _FREQUENCY_MEASURE_PROCESS
  X:05C4H         SYMBOL        pt
  -------         DO            
  X:0502H         SYMBOL        frq_chnl
  X:0503H         SYMBOL        temp_freq
  -------         DO            
  X:05C7H         SYMBOL        PT_YIELD_FLAG
  -------         ENDDO         
  -------         ENDDO         
  C:1891H         LINE#         171
  C:189CH         LINE#         172
  C:189CH         LINE#         173
  C:189CH         LINE#         175
  C:18BEH         LINE#         177
  C:18BEH         LINE#         178
  C:18BEH         LINE#         179
BL51 BANKED LINKER/LOCATER V6.22                                                      09/02/2014  11:13:18  PAGE 33


  C:18ECH         LINE#         180
  C:19D2H         LINE#         182
  C:19E5H         LINE#         183
  C:1A00H         LINE#         184
  C:1A00H         LINE#         185
  C:1A14H         LINE#         186
  C:1A16H         LINE#         188
  C:1A16H         LINE#         189
  C:1A20H         LINE#         190
  C:1A20H         LINE#         193
  C:1A26H         LINE#         194
  C:1A2FH         LINE#         195
  C:1A2FH         LINE#         196
  C:1A31H         LINE#         197
  C:1A31H         LINE#         199
  C:1A34H         LINE#         200
  C:1A3FH         LINE#         202
  -------         ENDPROC       _FREQUENCY_MEASURE_PROCESS
  -------         ENDMOD        FREQUENCY

  -------         MODULE        TIMER0
  C:0000H         SYMBOL        _ICE_DUMMY_
  D:0088H         PUBLIC        TCON
  D:0089H         PUBLIC        TMOD
  D:008AH         PUBLIC        TL0
  D:008CH         PUBLIC        TH0
  D:0098H         PUBLIC        SCON
  D:00A0H         PUBLIC        P2
  D:00A8H         PUBLIC        IE
  D:00B0H         PUBLIC        P3
  D:00B8H         PUBLIC        IP
  D:00C0H         PUBLIC        WDCON
  D:00C8H         PUBLIC        T2CON
  D:00D0H         PUBLIC        PSW
  D:00D8H         PUBLIC        ADCSTAT
  D:00E8H         PUBLIC        I2CCON
  D:00E8H         PUBLIC        DCON
  D:00F8H         PUBLIC        SPICON
  B:0088H.4       PUBLIC        TR0
  B:00A8H.1       PUBLIC        ET0
  C:2EA5H         PUBLIC        Timer0_Initialize
  -------         PROC          TIMER0_INITIALIZE
  C:2EA5H         LINE#         4
  C:2EA5H         LINE#         5
  C:2EA5H         LINE#         6
  C:2EA8H         LINE#         7
  C:2EABH         LINE#         9
  C:2EAEH         LINE#         10
  C:2EB1H         LINE#         13
  C:2EB3H         LINE#         14
  C:2EB5H         LINE#         16
  -------         ENDPROC       TIMER0_INITIALIZE
  -------         ENDMOD        TIMER0

  -------         MODULE        TIMER2
  C:0000H         SYMBOL        _ICE_DUMMY_
  D:0088H         PUBLIC        TCON
BL51 BANKED LINKER/LOCATER V6.22                                                      09/02/2014  11:13:18  PAGE 34


  D:0098H         PUBLIC        SCON
  D:00A0H         PUBLIC        P2
  D:00A8H         PUBLIC        IE
  D:00B0H         PUBLIC        P3
  D:00B8H         PUBLIC        IP
  D:00C0H         PUBLIC        WDCON
  D:00C8H         PUBLIC        T2CON
  D:00CAH         PUBLIC        RCAP2L
  D:00CBH         PUBLIC        RCAP2H
  D:00CCH         PUBLIC        TL2
  D:00CDH         PUBLIC        TH2
  D:00D0H         PUBLIC        PSW
  D:00D8H         PUBLIC        ADCSTAT
  D:00E8H         PUBLIC        I2CCON
  D:00E8H         PUBLIC        DCON
  D:00F8H         PUBLIC        SPICON
  B:00A8H.5       PUBLIC        ET2
  B:00C8H.2       PUBLIC        TR2
  C:2E7FH         PUBLIC        Timer2_Initialize
  -------         PROC          TIMER2_INITIALIZE
  C:2E7FH         LINE#         3
  C:2E7FH         LINE#         4
  C:2E7FH         LINE#         5
  C:2E81H         LINE#         6
  C:2E84H         LINE#         7
  C:2E87H         LINE#         8
  C:2E8AH         LINE#         9
  C:2E8DH         LINE#         10
  C:2E90H         LINE#         11
  C:2E92H         LINE#         13
  -------         ENDPROC       TIMER2_INITIALIZE
  -------         ENDMOD        TIMER2

  -------         MODULE        I2C
  C:0000H         SYMBOL        _ICE_DUMMY_
  D:0088H         PUBLIC        TCON
  D:0098H         PUBLIC        SCON
  D:00A0H         PUBLIC        P2
  D:00A8H         PUBLIC        IE
  D:00B0H         PUBLIC        P3
  D:00B8H         PUBLIC        IP
  D:00C0H         PUBLIC        WDCON
  D:00C8H         PUBLIC        T2CON
  D:00D0H         PUBLIC        PSW
  D:00D8H         PUBLIC        ADCSTAT
  D:00E8H         PUBLIC        I2CCON
  D:00E8H         PUBLIC        DCON
  D:00F8H         PUBLIC        SPICON
  B:00D0H.7       PUBLIC        CY
  B:00E8H.7       PUBLIC        MDO
  B:00E8H.6       PUBLIC        MDE
  B:00E8H.5       PUBLIC        MCO
  B:00E8H.4       PUBLIC        MDI
  B:00E8H.3       PUBLIC        I2CM
  C:2E54H         PUBLIC        I2C_Init
  C:0D53H         PUBLIC        _I2C_Process
  C:2DF7H         PUBLIC        _I2C_Repeat_Start_Read
BL51 BANKED LINKER/LOCATER V6.22                                                      09/02/2014  11:13:18  PAGE 35


  X:0573H         PUBLIC        DEV_ADDR
  X:0574H         PUBLIC        byte_num_write
  X:0575H         PUBLIC        byte_num_read
  X:0576H         PUBLIC        i2c_buf
  X:0579H         PUBLIC        temp_val
  X:057AH         PUBLIC        i2c_mas
  X:0584H         PUBLIC        i2c_channels
  I:000BH         PUBLIC        i2c_buffer
  X:058EH         PUBLIC        START_I2C
  X:058FH         PUBLIC        ERROR_I2C
  X:0590H         PUBLIC        pt_i2c_read_buf
[...]
  C:2891H         SYMBOL        L?0175
  C:2895H         SYMBOL        L?0176
  C:2897H         SYMBOL        L?0177
  C:2898H         SYMBOL        L?0178
  C:289BH         SYMBOL        L?0179
  C:289CH         SYMBOL        L?0180
  C:289FH         SYMBOL        L?0181
  C:28A9H         SYMBOL        L?0183
  C:28B1H         SYMBOL        L?0184
  C:28BAH         SYMBOL        L?0185
  C:28BAH         SYMBOL        L?0186
  C:28C3H         SYMBOL        L?0187
  C:28C3H         SYMBOL        L?0188
  C:28CBH         SYMBOL        L?0189
  C:28CCH         SYMBOL        L?0190
  C:28D2H         SYMBOL        L?0191
  C:28D2H         SYMBOL        L?0192
  C:28DBH         SYMBOL        L?0193
  C:28DCH         SYMBOL        L?0194
  C:28E4H         SYMBOL        L?0195
  C:28F0H         SYMBOL        L?0196
  C:28F0H         SYMBOL        L?0197
  C:28F7H         SYMBOL        L?0198
  C:28F7H         SYMBOL        L?0199
  -------         PROC          COM00AD
  -------         ENDPROC       COM00AD
  -------         PROC          I2C_INIT
  C:2E54H         LINE#         37
  C:2E54H         LINE#         38
  C:2E54H         LINE#         39
  C:2E56H         LINE#         40
  C:2E5DH         LINE#         41
  C:2E63H         LINE#         42
  C:2E69H         LINE#         45
  -------         ENDPROC       I2C_INIT
  -------         PROC          _I2C_REPEAT_START_READ
  D:0007H         SYMBOL        addr
  D:0001H         SYMBOL        par_buf
  X:05CCH         SYMBOL        par_buf_len
BL51 BANKED LINKER/LOCATER V6.22                                                      09/02/2014  11:13:18  PAGE 36


  X:05CDH         SYMBOL        buf
  X:05D0H         SYMBOL        buf_len
  C:2DF7H         LINE#         47
  C:2DF7H         LINE#         48
  C:2DF7H         LINE#         49
  C:2E00H         LINE#         51
  C:2E08H         LINE#         52
  C:2E10H         LINE#         54
  C:2E14H         LINE#         56
  C:2E1AH         LINE#         59
  -------         ENDPROC       _I2C_REPEAT_START_READ
  C:0F47H         SYMBOL        L?0182
  -------         PROC          _I2C_PROCESS
  X:05C4H         SYMBOL        pt
  -------         DO            
  X:05C7H         SYMBOL        PT_YIELD_FLAG
  -------         ENDDO         
  C:0D53H         LINE#         61
  C:0D59H         LINE#         62
  C:0D59H         LINE#         63
  C:0D98H         LINE#         65
  C:0D98H         LINE#         66
  C:0D98H         LINE#         68
  C:0DA9H         LINE#         69
  C:0DAEH         LINE#         72
  C:0DB0H         LINE#         76
  C:0DB2H         LINE#         77
  C:0DB4H         LINE#         78
  C:0DB6H         LINE#         79
  C:0DC8H         LINE#         80
  C:0DCAH         LINE#         85
  C:0DE3H         LINE#         88
  C:0DE9H         LINE#         89
  C:0DE9H         LINE#         91
  C:0DE9H         LINE#         92
  C:0DE9H         LINE#         93
  C:0DE9H         LINE#         94
  C:0DFBH         LINE#         99
  C:0DFBH         LINE#         105
  C:0E32H         LINE#         106
  C:0E38H         LINE#         107
  C:0E38H         LINE#         109
  C:0E38H         LINE#         110
  C:0E38H         LINE#         111
  C:0E38H         LINE#         112
  C:0E4AH         LINE#         113
  C:0E4AH         LINE#         115
  C:0E4AH         LINE#         116
  C:0E4DH         LINE#         117
  C:0E4DH         LINE#         122
  C:0E4FH         LINE#         123
  C:0E51H         LINE#         124
  C:0E51H         LINE#         125
  C:0E63H         LINE#         126
  C:0E65H         LINE#         128
  C:0E6CH         LINE#         131
  C:0E85H         LINE#         133
BL51 BANKED LINKER/LOCATER V6.22                                                      09/02/2014  11:13:18  PAGE 37


  C:0E8BH         LINE#         134
  C:0E8BH         LINE#         136
  C:0E8BH         LINE#         137
  C:0E8BH         LINE#         138
  C:0E8BH         LINE#         139
  C:0E9DH         LINE#         140
  C:0E9DH         LINE#         142
  C:0E9DH         LINE#         143
  C:0E9FH         LINE#         144
  C:0E9FH         LINE#         147
  C:0EDAH         LINE#         148
  C:0EE0H         LINE#         149
  C:0EE0H         LINE#         151
  C:0EE0H         LINE#         152
  C:0EE0H         LINE#         153
  C:0EE0H         LINE#         154
  C:0EF2H         LINE#         155
  C:0EF4H         LINE#         157
  C:0EF9H         LINE#         158
  C:0F04H         LINE#         159
  C:0F04H         LINE#         163
  C:0F04H         LINE#         164
  C:0F04H         LINE#         165
  C:0F04H         LINE#         166
  C:0F16H         LINE#         167
  C:0F18H         LINE#         171
  C:0F40H         LINE#         174
  C:0F40H         LINE#         175
  C:0F46H         LINE#         177
  -------         ENDPROC       _I2C_PROCESS
  -------         PROC          _I2C_READ_BUF
  X:05C8H         SYMBOL        pt
  X:05CBH         SYMBOL        buf
  X:05CEH         SYMBOL        len
  -------         DO            
  X:056DH         SYMBOL        read_byte_counter
  X:056EH         SYMBOL        bit_counter
  X:056FH         SYMBOL        recieve_byte
  -------         DO            
  X:05CFH         SYMBOL        PT_YIELD_FLAG
  -------         ENDDO         
  -------         ENDDO         
  C:22E5H         LINE#         179
  C:22EBH         LINE#         180
  C:22EBH         LINE#         181
  C:22EBH         LINE#         183
  C:230CH         LINE#         185
  C:2311H         LINE#         187
  C:2319H         LINE#         188
  C:2319H         LINE#         189
  C:231EH         LINE#         190
  C:2320H         LINE#         191
  C:2322H         LINE#         192
  C:2337H         LINE#         193
  C:233CH         LINE#         194
  C:233CH         LINE#         195
  C:233EH         LINE#         198
BL51 BANKED LINKER/LOCATER V6.22                                                      09/02/2014  11:13:18  PAGE 38


  C:234BH         LINE#         199
  C:234DH         LINE#         200
  C:2357H         LINE#         202
  C:236FH         LINE#         203
  C:2375H         LINE#         206
  C:2377H         LINE#         207
  C:237CH         LINE#         208
  C:237CH         LINE#         210
  C:237EH         LINE#         212
  C:2380H         LINE#         214
  C:2380H         LINE#         216
  C:2382H         LINE#         217
  C:2382H         LINE#         219
  C:2384H         LINE#         220
  C:2399H         LINE#         221
  C:239BH         LINE#         223
  C:239DH         LINE#         225
  C:23A0H         LINE#         226
  C:23A2H         LINE#         227
  C:23A7H         LINE#         228
  C:23B0H         LINE#         229
  -------         ENDPROC       _I2C_READ_BUF
  -------         PROC          _I2C_WRITE_BUF
  X:05C8H         SYMBOL        pt
  X:05CBH         SYMBOL        buf
  X:05CEH         SYMBOL        len
  -------         DO            
  X:0570H         SYMBOL        write_byte_counter
  X:0571H         SYMBOL        bit_counter
  X:0572H         SYMBOL        write_byte
  -------         DO            
  X:05CFH         SYMBOL        PT_YIELD_FLAG
  -------         ENDDO         
  -------         ENDDO         
  C:2111H         LINE#         231
  C:2117H         LINE#         232
  C:2117H         LINE#         233
  C:2117H         LINE#         234
  C:2138H         LINE#         235
  C:213AH         LINE#         236
  C:213FH         LINE#         237
  C:214FH         LINE#         238
  C:214FH         LINE#         241
  C:2165H         LINE#         242
  C:216BH         LINE#         243
  C:216DH         LINE#         244
  C:2182H         LINE#         245
  C:2187H         LINE#         246
  C:2187H         LINE#         248
  C:218EH         LINE#         249
  C:2190H         LINE#         251
  C:2192H         LINE#         252
  C:21A7H         LINE#         253
  C:21A9H         LINE#         256
  C:21B3H         LINE#         257
  C:21B5H         LINE#         258
  C:21B7H         LINE#         259
BL51 BANKED LINKER/LOCATER V6.22                                                      09/02/2014  11:13:18  PAGE 39


  C:21CBH         LINE#         260
  C:21CDH         LINE#         261
  C:21E1H         LINE#         262
  C:21E3H         LINE#         263
  C:21E5H         LINE#         264
  C:21EBH         LINE#         265
  C:21EBH         LINE#         266
  C:21F1H         LINE#         267
  C:21FFH         LINE#         268
  C:21FFH         LINE#         269
  C:21FFH         LINE#         270
  C:2204H         LINE#         271
  C:220DH         LINE#         272
  -------         ENDPROC       _I2C_WRITE_BUF
  -------         PROC          _I2C_READ_COMPLETE
  X:05C8H         SYMBOL        pt
  -------         DO            
  X:05CBH         SYMBOL        PT_YIELD_FLAG
  -------         ENDDO         
  C:26B9H         LINE#         274
  C:26BFH         LINE#         275
  C:26BFH         LINE#         276
  C:26C9H         LINE#         277
  C:26D9H         LINE#         278
  C:26D9H         LINE#         279
  C:26EDH         LINE#         280
  C:26FEH         LINE#         281
  C:270FH         LINE#         282
  C:271FH         LINE#         283
  C:271FH         LINE#         284
  C:2723H         LINE#         286
  C:2731H         LINE#         287
  -------         ENDPROC       _I2C_READ_COMPLETE
  -------         ENDMOD        I2C

  -------         MODULE        CALIBRATE
  C:0000H         SYMBOL        _ICE_DUMMY_
  D:0088H         PUBLIC        TCON
  D:0098H         PUBLIC        SCON
  D:00A0H         PUBLIC        P2
  D:00A8H         PUBLIC        IE
  D:00B0H         PUBLIC        P3
  D:00B8H         PUBLIC        IP
  D:00C0H         PUBLIC        WDCON
  D:00C8H         PUBLIC        T2CON
  D:00D0H         PUBLIC        PSW
  D:00D8H         PUBLIC        ADCSTAT
  D:00E8H         PUBLIC        I2CCON
  D:00E8H         PUBLIC        DCON
  D:00F8H         PUBLIC        SPICON
  C:2821H         PUBLIC        _Calibrate
  C:2C61H         PUBLIC        RestoreCalibrate
  C:27AAH         PUBLIC        _GetCalibrateVal
  -------         PROC          _GETCALIBRATEVAL
  X:05C8H         SYMBOL        channel_num
  X:05C9H         SYMBOL        ADC_Code
  C:27AAH         LINE#         4
BL51 BANKED LINKER/LOCATER V6.22                                                      09/02/2014  11:13:18  PAGE 40


  C:27AFH         LINE#         5
  C:27AFH         LINE#         6
  C:27C6H         LINE#         7
  C:27CBH         LINE#         9
  C:2820H         LINE#         10
  -------         ENDPROC       _GETCALIBRATEVAL
  -------         PROC          RESTORECALIBRATE
  -------         DO            
  X:05C4H         SYMBOL        i
  -------         ENDDO         
  C:2C61H         LINE#         12
  C:2C61H         LINE#         13
  C:2C61H         LINE#         14
  C:2C66H         LINE#         15
  C:2C71H         LINE#         16
  C:2C71H         LINE#         17
  C:2C99H         LINE#         18
  C:2CA1H         LINE#         21
  -------         ENDPROC       RESTORECALIBRATE
  -------         PROC          _CALIBRATE
  X:05D0H         SYMBOL        channel_num
  X:05D1H         SYMBOL        K
  X:05D5H         SYMBOL        C
  C:2821H         LINE#         23
  C:2827H         LINE#         24
  C:2827H         LINE#         25
  C:2845H         LINE#         26
  C:2865H         LINE#         27
  C:2890H         LINE#         29
  -------         ENDPROC       _CALIBRATE
  -------         ENDMOD        CALIBRATE

  -------         MODULE        ULONGSORT
  C:0000H         SYMBOL        _ICE_DUMMY_
  D:0088H         PUBLIC        TCON
  D:0098H         PUBLIC        SCON
  D:00A0H         PUBLIC        P2
  D:00A8H         PUBLIC        IE
  D:00B0H         PUBLIC        P3
  D:00B8H         PUBLIC        IP
  D:00C0H         PUBLIC        WDCON
  D:00C8H         PUBLIC        T2CON
  D:00D0H         PUBLIC        PSW
  D:00D8H         PUBLIC        ADCSTAT
  D:00E8H         PUBLIC        I2CCON
  D:00E8H         PUBLIC        DCON
  D:00F8H         PUBLIC        SPICON
  C:0F68H         PUBLIC        _ulongsort_process
  X:059FH         PUBLIC        mas_copy
  X:05BFH         PUBLIC        mid_cycle_counter
  X:05C0H         PUBLIC        temp
  C:2969H         SYMBOL        Com002F
  C:2969H         SYMBOL        L?0048
  C:2969H         SYMBOL        L?0049
  C:296EH         SYMBOL        L?0050
  C:297AH         SYMBOL        L?0051
  C:2986H         SYMBOL        L?0052
BL51 BANKED LINKER/LOCATER V6.22                                                      09/02/2014  11:13:18  PAGE 41


  C:2988H         SYMBOL        L?0053
  C:2994H         SYMBOL        L?0054
  C:2994H         SYMBOL        L?0055
  C:29A7H         SYMBOL        L?0056
  C:29A7H         SYMBOL        L?0057
  C:29B7H         SYMBOL        L?0058
  C:29B7H         SYMBOL        L?0059
  C:29C0H         SYMBOL        L?0060
  -------         PROC          COM002F
  -------         ENDPROC       COM002F
  -------         PROC          _ULONGSORT_PROCESS
  X:05C4H         SYMBOL        pt
  -------         DO            
  X:059CH         SYMBOL        counter
  X:059DH         SYMBOL        i
  X:059EH         SYMBOL        j
  -------         DO            
  X:05C7H         SYMBOL        PT_YIELD_FLAG
  -------         ENDDO         
  -------         ENDDO         
  C:0F68H         LINE#         8
  C:0F73H         LINE#         9
  C:0F73H         LINE#         10
  C:0F73H         LINE#         12
  C:0FA0H         LINE#         14
  C:0FA0H         LINE#         15
  C:0FA0H         LINE#         16
  C:0FCEH         LINE#         19
  C:0FD4H         LINE#         20
  C:0FD4H         LINE#         21
  C:0FD8H         LINE#         22
  C:0FE6H         LINE#         23
  C:0FE6H         LINE#         24
  C:0FEEH         LINE#         25
  C:0FF4H         LINE#         26
  C:1007H         LINE#         27
  C:1007H         LINE#         29
  C:100EH         LINE#         30
  C:100EH         LINE#         31
  C:1011H         LINE#         32
  C:1011H         LINE#         33
  C:1011H         LINE#         36
  C:103CH         LINE#         37
  C:104FH         LINE#         39
  C:1055H         LINE#         40
  C:1055H         LINE#         41
  C:1065H         LINE#         42
  C:1065H         LINE#         43
  C:1077H         LINE#         44
  C:1077H         LINE#         45
  C:1083H         LINE#         46
  C:1091H         LINE#         47
  C:10ABH         LINE#         48
  C:10ABH         LINE#         49
  C:10BEH         LINE#         50
  C:10C7H         LINE#         51
  C:10D0H         LINE#         53
BL51 BANKED LINKER/LOCATER V6.22                                                      09/02/2014  11:13:18  PAGE 42


  C:10FCH         LINE#         55
  C:110CH         LINE#         56
  C:110CH         LINE#         57
  C:1138H         LINE#         58
  C:1138H         LINE#         60
  C:113DH         LINE#         61
  C:1149H         LINE#         63
  C:1149H         LINE#         64
  C:1154H         LINE#         65
  -------         ENDPROC       _ULONGSORT_PROCESS
  -------         ENDMOD        ULONGSORT

  -------         MODULE        TIMER1
  C:0000H         SYMBOL        _ICE_DUMMY_
  D:0088H         PUBLIC        TCON
  D:0089H         PUBLIC        TMOD
  D:008BH         PUBLIC        TL1
  D:008DH         PUBLIC        TH1
  D:0098H         PUBLIC        SCON
  D:00A0H         PUBLIC        P2
  D:00A8H         PUBLIC        IE
  D:00B0H         PUBLIC        P3
  D:00B8H         PUBLIC        IP
  D:00C0H         PUBLIC        WDCON
  D:00C8H         PUBLIC        T2CON
  D:00D0H         PUBLIC        PSW
  D:00D8H         PUBLIC        ADCSTAT
  D:00E8H         PUBLIC        I2CCON
  D:00E8H         PUBLIC        DCON
  D:00F8H         PUBLIC        SPICON
  B:0088H.6       PUBLIC        TR1
  B:00A8H.3       PUBLIC        ET1
  C:2EB6H         PUBLIC        Timer1_Initialize
  -------         PROC          TIMER1_INITIALIZE
  C:2EB6H         LINE#         4
  C:2EB6H         LINE#         5
  C:2EB6H         LINE#         6
  C:2EB9H         LINE#         7
  C:2EBCH         LINE#         9
  C:2EBFH         LINE#         10
  C:2EC2H         LINE#         13
  C:2EC4H         LINE#         14
  C:2EC6H         LINE#         16
  -------         ENDPROC       TIMER1_INITIALIZE
  -------         ENDMOD        TIMER1

  -------         MODULE        ?C?FPADD
  C:003DH         PUBLIC        ?C?FPADD
  C:0039H         PUBLIC        ?C?FPSUB
  -------         ENDMOD        ?C?FPADD

  -------         MODULE        ?C?FPMUL
  C:012EH         PUBLIC        ?C?FPMUL
  -------         ENDMOD        ?C?FPMUL

  -------         MODULE        ?C?FCAST
  C:023EH         PUBLIC        ?C?FCASTC
BL51 BANKED LINKER/LOCATER V6.22                                                      09/02/2014  11:13:18  PAGE 43


  C:0239H         PUBLIC        ?C?FCASTI
  C:0234H         PUBLIC        ?C?FCASTL
  -------         ENDMOD        ?C?FCAST

  -------         MODULE        ?C?CASTF
  C:0272H         PUBLIC        ?C?CASTF
  -------         ENDMOD        ?C?CASTF

  -------         MODULE        ?C?CLDOPTR
  C:02F3H         PUBLIC        ?C?CLDOPTR
  -------         ENDMOD        ?C?CLDOPTR

  -------         MODULE        ?C?CSTOPTR
  C:0320H         PUBLIC        ?C?CSTOPTR
  -------         ENDMOD        ?C?CSTOPTR

  -------         MODULE        ?C?IILDX
  C:0342H         PUBLIC        ?C?IILDX
  -------         ENDMOD        ?C?IILDX

  -------         MODULE        ?C?ILDPTR
  C:0358H         PUBLIC        ?C?ILDPTR
  -------         ENDMOD        ?C?ILDPTR

  -------         MODULE        ?C?ILDOPTR
  C:0383H         PUBLIC        ?C?ILDOPTR
  -------         ENDMOD        ?C?ILDOPTR

  -------         MODULE        ?C?ISTPTR
  C:03BBH         PUBLIC        ?C?ISTPTR
  -------         ENDMOD        ?C?ISTPTR

  -------         MODULE        ?C?ISTOPTR
  C:03DAH         PUBLIC        ?C?ISTOPTR
  -------         ENDMOD        ?C?ISTOPTR

  -------         MODULE        ?C?ULDIV
  C:0443H         PUBLIC        ?C?ULDIV
  -------         ENDMOD        ?C?ULDIV

  -------         MODULE        ?C?SLDIV
  C:2C1DH         PUBLIC        ?C?SLDIV
  -------         ENDMOD        ?C?SLDIV

  -------         MODULE        ?C?LNEG
  C:04D5H         PUBLIC        ?C?LNEG
  -------         ENDMOD        ?C?LNEG

  -------         MODULE        ?C?ULCMP
  C:04E3H         PUBLIC        ?C?ULCMP
  -------         ENDMOD        ?C?ULCMP

  -------         MODULE        ?C?ULSHR
  C:04F4H         PUBLIC        ?C?ULSHR
  -------         ENDMOD        ?C?ULSHR

  -------         MODULE        ?C?LSHL
BL51 BANKED LINKER/LOCATER V6.22                                                      09/02/2014  11:13:18  PAGE 44


  C:0507H         PUBLIC        ?C?LSHL
  -------         ENDMOD        ?C?LSHL

  -------         MODULE        ?C?LSTXDATA
  C:051AH         PUBLIC        ?C?LSTXDATA
  -------         ENDMOD        ?C?LSTXDATA

  -------         MODULE        ?C?LSTKXDATA
  C:0526H         PUBLIC        ?C?LSTKXDATA
  -------         ENDMOD        ?C?LSTKXDATA

  -------         MODULE        ?C?OFFXADD
  C:0557H         PUBLIC        ?C?OFFXADD
  -------         ENDMOD        ?C?OFFXADD

  -------         MODULE        ?C?CCASE
  C:0563H         PUBLIC        ?C?CCASE
  -------         ENDMOD        ?C?CCASE

  -------         MODULE        ?C?ICASE
  C:0589H         PUBLIC        ?C?ICASE
  -------         ENDMOD        ?C?ICASE

  -------         MODULE        ?C?COPYAB2
  C:0676H         PUBLIC        ?C?COPYAB2
  -------         ENDMOD        ?C?COPYAB2

Program Size: data=19.0 xdata=1522 code=12017
LINK/LOCATE RUN COMPLETE.  0 WARNING(S),  0 ERROR(S)
