BL51 BANKED LINKER/LOCATER V6.22                                                        06/24/2014  09:28:36  PAGE 1


BL51 BANKED LINKER/LOCATER V6.22, INVOKED BY:
C:\PROGRAM FILES\KEIL\C51\BIN\BL51.EXE debug.obj, timer3.obj, adc.obj, eeprom.obj, watchdog.obj, proto_uso.obj, channels
>> .obj, START_AD.obj, frequency.obj, timer0.obj, timer2.obj, i2c.obj, calibrate.obj, ulongsort.obj, timer1.obj, crc_tab
>> le.obj, modbus_ascii.obj TO debug RAMSIZE (256) XDATA (0X0000-0X7FFE)


MEMORY MODEL: LARGE WITH FLOATING POINT ARITHMETIC


INPUT MODULES INCLUDED:
  debug.obj (DEBUG)
  timer3.obj (TIMER3)
  adc.obj (ADC)
  eeprom.obj (EEPROM)
  watchdog.obj (WATCHDOG)
  proto_uso.obj (PROTO_USO)
  channels.obj (CHANNELS)
  START_AD.obj (?C_STARTUP)
  frequency.obj (FREQUENCY)
  timer0.obj (TIMER0)
  timer2.obj (TIMER2)
  i2c.obj (I2C)
  calibrate.obj (CALIBRATE)
  ulongsort.obj (ULONGSORT)
  timer1.obj (TIMER1)
  crc_table.obj (CRC_TABLE)
  modbus_ascii.obj (MODBUS_ASCII)
  C:\PROGRAM FILES\KEIL\C51\LIB\C51FPL.LIB (?C?FPADD)
  C:\PROGRAM FILES\KEIL\C51\LIB\C51FPL.LIB (?C?FPMUL)
  C:\PROGRAM FILES\KEIL\C51\LIB\C51FPL.LIB (?C?FPCMP)
  C:\PROGRAM FILES\KEIL\C51\LIB\C51FPL.LIB (?C?FCAST)
  C:\PROGRAM FILES\KEIL\C51\LIB\C51FPL.LIB (?C?CASTF)
  C:\PROGRAM FILES\KEIL\C51\LIB\C51FPL.LIB (?C?FPGETOPN)
  C:\PROGRAM FILES\KEIL\C51\LIB\C51L.LIB (?C_INIT)
  C:\PROGRAM FILES\KEIL\C51\LIB\C51L.LIB (?C?COPY)
  C:\PROGRAM FILES\KEIL\C51\LIB\C51L.LIB (?C?CLDPTR)
  C:\PROGRAM FILES\KEIL\C51\LIB\C51L.LIB (?C?CLDOPTR)
  C:\PROGRAM FILES\KEIL\C51\LIB\C51L.LIB (?C?CILDOPTR)
  C:\PROGRAM FILES\KEIL\C51\LIB\C51L.LIB (?C?CSTPTR)
  C:\PROGRAM FILES\KEIL\C51\LIB\C51L.LIB (?C?CSTOPTR)
  C:\PROGRAM FILES\KEIL\C51\LIB\C51L.LIB (?C?IILDX)
  C:\PROGRAM FILES\KEIL\C51\LIB\C51L.LIB (?C?ILDIX)
  C:\PROGRAM FILES\KEIL\C51\LIB\C51L.LIB (?C?ILDPTR)
  C:\PROGRAM FILES\KEIL\C51\LIB\C51L.LIB (?C?ILDOPTR)
  C:\PROGRAM FILES\KEIL\C51\LIB\C51L.LIB (?C?ISTPTR)
  C:\PROGRAM FILES\KEIL\C51\LIB\C51L.LIB (?C?ISTOPTR)
  C:\PROGRAM FILES\KEIL\C51\LIB\C51L.LIB (?C?ULDIV)
  C:\PROGRAM FILES\KEIL\C51\LIB\C51L.LIB (?C?SLDIV)
  C:\PROGRAM FILES\KEIL\C51\LIB\C51L.LIB (?C?LNEG)
  C:\PROGRAM FILES\KEIL\C51\LIB\C51L.LIB (?C?ULCMP)
  C:\PROGRAM FILES\KEIL\C51\LIB\C51L.LIB (?C?ULSHR)
  C:\PROGRAM FILES\KEIL\C51\LIB\C51L.LIB (?C?LSHL)
  C:\PROGRAM FILES\KEIL\C51\LIB\C51L.LIB (?C?LSTXDATA)
  C:\PROGRAM FILES\KEIL\C51\LIB\C51L.LIB (?C?LSTKXDATA)
  C:\PROGRAM FILES\KEIL\C51\LIB\C51L.LIB (?C?OFFXADD)
  C:\PROGRAM FILES\KEIL\C51\LIB\C51L.LIB (?C?CCASE)
  C:\PROGRAM FILES\KEIL\C51\LIB\C51L.LIB (?C?ICASE)

BL51 BANKED LINKER/LOCATER V6.22                                                      06/24/2014  09:28:36  PAGE 2



LINK MAP OF MODULE:  debug (DEBUG)


            TYPE    BASE      LENGTH    RELOCATION   SEGMENT NAME
            -----------------------------------------------------

            * * * * * * *   D A T A   M E M O R Y   * * * * * * *
            REG     0000H     0008H     ABSOLUTE     "REG BANK 0"
            DATA    0008H     0002H     UNIT         _DATA_GROUP_
            DATA    000AH     0001H     UNIT         ?DT?WATCHDOG
            DATA    000BH     0001H     UNIT         ?DT?PROTO_USO
            IDATA   000CH     0006H     UNIT         ?ID?I2C
            IDATA   0012H     0001H     UNIT         ?STACK

            * * * * * * *  X D A T A   M E M O R Y  * * * * * * *
            XDATA   0000H     037FH     UNIT         ?XD?PROTO_USO
            XDATA   037FH     015FH     UNIT         ?XD?CHANNELS
            XDATA   04DEH     0132H     UNIT         ?XD?ADC
            XDATA   0610H     006BH     UNIT         ?XD?FREQUENCY
            XDATA   067BH     0030H     UNIT         ?XD?I2C
            XDATA   06ABH     0028H     UNIT         ?XD?ULONGSORT
            XDATA   06D3H     001EH     UNIT         _XDATA_GROUP_
            XDATA   06F1H     0019H     UNIT         ?XD?WATCHDOG
            XDATA   070AH     0010H     UNIT         ?XD?DEBUG
            XDATA   071AH     000DH     UNIT         ?XD?_STORE_DEV_ADDRESS_DESC?PROTO_USO
            XDATA   0727H     0008H     UNIT         ?XD?CHANNEL_SET_CALIBRATE?PROTO_USO
            XDATA   072FH     0007H     UNIT         ?XD?MODBUS_ASCII
            XDATA   0736H     0006H     UNIT         ?XD?_PROTO_PASTE_NULL?PROTO_USO
            XDATA   073CH     0005H     UNIT         ?XD?_OLD_CRC_CHECK?PROTO_USO
            XDATA   0741H     0004H     UNIT         ?XD?_PROTOPROCESS?PROTO_USO
            XDATA   0745H     0004H     UNIT         ?XD?_RINGBUFHANDLING?PROTO_USO
            XDATA   0749H     0004H     UNIT         ?XD?_FREQUENCY_MEASURE_PROCESS?FREQUENCY
            XDATA   074DH     0004H     UNIT         ?XD?_SYM_8_TO_LONG?MODBUS_ASCII
            XDATA   0751H     0002H     UNIT         ?XD?OLD_CHANNEL_GET_DATA?PROTO_USO
            XDATA   0753H     0002H     UNIT         ?XD?OLD_CHANNEL_GET_DATA_STATE?PROTO_USO
            XDATA   0755H     0002H     UNIT         ?XD?OLD_CHANNEL_GET_STATE?PROTO_USO
            XDATA   0757H     0002H     UNIT         ?XD?RESTORE_DEV_ADDRESS_DESC?PROTO_USO
            XDATA   0759H     0002H     UNIT         ?XD?_INT_TO_SYM_4?MODBUS_ASCII
            XDATA   075BH     0001H     UNIT         ?XD?CHANNEL_SET_ADDRESS_DESC?PROTO_USO
            XDATA   075CH     0001H     UNIT         ?XD?_REQUEST_ERROR?PROTO_USO
            XDATA   075DH     0001H     UNIT         ?XD?OLD_CHANNEL_SET_ADC_RANGE?PROTO_USO

            * * * * * * *   C O D E   M E M O R Y   * * * * * * *
            CODE    0000H     0003H     ABSOLUTE     
            CODE    0003H     0003H     ABSOLUTE     
            CODE    0006H     0003H     UNIT         ?PR?NODE_FULL_INIT?PROTO_USO
                    0009H     0002H                  *** GAP ***
            CODE    000BH     0003H     ABSOLUTE     
            CODE    000EH     0003H     UNIT         ?PR?CHANNEL_LIST_INIT?PROTO_USO
                    0011H     0002H                  *** GAP ***
            CODE    0013H     0003H     ABSOLUTE     
            CODE    0016H     0003H     UNIT         ?PR?CHANNEL_GET_DATA?PROTO_USO
                    0019H     0002H                  *** GAP ***
            CODE    001BH     0003H     ABSOLUTE     
            CODE    001EH     0003H     UNIT         ?PR?CHANNEL_SET_ORDER_QUERY?PROTO_USO
                    0021H     0002H                  *** GAP ***
BL51 BANKED LINKER/LOCATER V6.22                                                      06/24/2014  09:28:36  PAGE 3


            CODE    0023H     0003H     ABSOLUTE     
            CODE    0026H     0003H     UNIT         ?PR?CHANNEL_GET_DATA_ORDER?PROTO_USO
                    0029H     0002H                  *** GAP ***
            CODE    002BH     0003H     ABSOLUTE     
            CODE    002EH     0003H     UNIT         ?PR?CHANNEL_SET_STATE?PROTO_USO
                    0031H     0002H                  *** GAP ***
            CODE    0033H     0003H     ABSOLUTE     
            CODE    0036H     0757H     UNIT         ?C?LIB_CODE
            CODE    078DH     03FAH     UNIT         ?PR?CHANNEL_ALL_GET_DATA?PROTO_USO
            CODE    0B87H     03BBH     UNIT         ?PR?_RINGBUFHANDLING?PROTO_USO
            CODE    0F42H     03B8H     UNIT         ?PR?OLD_CHANNEL_GET_DATA_STATE?PROTO_USO
            CODE    12FAH     038CH     UNIT         ?PR?_I2C_PROCESS?I2C
            CODE    1686H     0361H     UNIT         ?C_INITSEG
            CODE    19E7H     035CH     UNIT         ?PR?_PROTOPROCESS?PROTO_USO
            CODE    1D43H     0330H     UNIT         ?PR?_ULONGSORT_PROCESS?ULONGSORT
            CODE    2073H     02FAH     UNIT         ?PR?OLD_CHANNEL_GET_DATA?PROTO_USO
            CODE    236DH     02D2H     UNIT         ?PR?TIMER2_ISR?FREQUENCY
            CODE    263FH     0288H     UNIT         ?PR?_FREQUENCY_MEASURE_PROCESS?FREQUENCY
            CODE    28C7H     01E8H     UNIT         ?PR?CHANNELS_SET_DEFAULT?CHANNELS
            CODE    2AAFH     0189H     UNIT         ?PR?_STORE_DEV_ADDRESS_DESC?PROTO_USO
            CODE    2C38H     017DH     UNIT         ?PR?PROTOBUFHANDLING?PROTO_USO
            CODE    2DB5H     0173H     UNIT         ?PR?OLD_CHANNEL_GET_STATE?PROTO_USO
            CODE    2F28H     016EH     UNIT         ?PR?OLD_CHANNEL_SET_ADC_RANGE?PROTO_USO
            CODE    3096H     0162H     UNIT         ?PR?SEND_INFO?PROTO_USO
            CODE    31F8H     015EH     UNIT         ?PR?READHOLDINGREG?MODBUS_ASCII
            CODE    3356H     0151H     UNIT         ?PR?_I2C_WRITE_BUF?I2C
            CODE    34A7H     0140H     UNIT         ?PR?CHANNEL_SET_PARAMETERS?PROTO_USO
            CODE    35E7H     0132H     UNIT         ?PR?ADC_ISR?ADC
            CODE    3719H     0110H     UNIT         ?PR?_PROTO_PASTE_NULL?PROTO_USO
            CODE    3829H     0110H     UNIT         ?PR?_I2C_READ_BUF?I2C
            CODE    3939H     010DH     UNIT         ?PR?_WDT_PROCESS?WATCHDOG
            CODE    3A46H     0105H     UNIT         ?PR?CHANNEL_GET_CALIBRATE_VALUE?PROTO_USO
            CODE    3B4BH     0100H     UNIT         ?CO?CRC_TABLE
            CODE    3C4BH     00F1H     UNIT         ?PR?RESTORE_DEV_ADDRESS_DESC?PROTO_USO
            CODE    3D3CH     00E5H     UNIT         ?PR?CHANNEL_SET_CALIBRATE?PROTO_USO
            CODE    3E21H     00E3H     UNIT         ?PR?_EEPROM_WRITE?EEPROM
            CODE    3F04H     00DFH     UNIT         ?PR?_EEPROM_READ?EEPROM
            CODE    3FE3H     00C6H     UNIT         ?PR?_I2C_READ_COMPLETE?I2C
            CODE    40A9H     00C3H     UNIT         ?PR?_CALIBRATE_SET_FLAG?CALIBRATE
            CODE    416CH     00C0H     UNIT         ?PR?FREQUENCY_INIT?FREQUENCY
            CODE    422CH     00BCH     UNIT         ?PR?_GETCALIBRATEVAL?CALIBRATE
            CODE    42E8H     00AEH     UNIT         ?PR?_I2C_REPEATREAD?DEBUG
            CODE    4396H     00A2H     UNIT         ?PR?_CALIBRATE?CALIBRATE
            CODE    4438H     00A1H     UNIT         ?PR?MAIN?DEBUG
            CODE    44D9H     009DH     UNIT         ?PR?ADC_RESTORE_SETTINGS?ADC
            CODE    4576H     009DH     UNIT         ?C_C51STARTUP
            CODE    4613H     009DH     UNIT         ?PR?RESTORECALIBRATE?CALIBRATE
            CODE    46B0H     0098H     UNIT         ?PR?CHANNELSINIT?CHANNELS
            CODE    4748H     0098H     UNIT         ?PR?RESTORE_CHANNELS_DATA?CHANNELS
            CODE    47E0H     0089H     UNIT         ?PR?_SYM_8_TO_LONG?MODBUS_ASCII
            CODE    4869H     0079H     UNIT         ?PR?_LRC_CHECK?MODBUS_ASCII
            CODE    48E2H     0078H     UNIT         ?PR?CHANNEL_SET_ADDRESS_DESC?PROTO_USO
            CODE    495AH     0076H     UNIT         ?PR?_OLD_CRC_CHECK?PROTO_USO
            CODE    49D0H     0075H     UNIT         ?PR?UART_ISR?PROTO_USO
            CODE    4A45H     006BH     UNIT         ?PR?STORE_CHANNELS_DATA?CHANNELS
            CODE    4AB0H     006BH     UNIT         ?PR?INT2_ISR?FREQUENCY
            CODE    4B1BH     006BH     UNIT         ?PR?_LONG_TO_SYM_8?MODBUS_ASCII
BL51 BANKED LINKER/LOCATER V6.22                                                      06/24/2014  09:28:36  PAGE 4


            CODE    4B86H     0067H     UNIT         ?PR?TIMER1_INTERRUPT?DEBUG
            CODE    4BEDH     0065H     UNIT         ?PR?INT0_ISR?FREQUENCY
            CODE    4C52H     0065H     UNIT         ?PR?INT1_ISR?FREQUENCY
            CODE    4CB7H     005BH     UNIT         ?PR?_REQUEST_ERROR?PROTO_USO
            CODE    4D12H     0058H     UNIT         ?PR?CHANNELS_GET_SETTINGS_CRC?CHANNELS
            CODE    4D6AH     0058H     UNIT         ?PR?CALIBRATE_GET_CRC?CALIBRATE
            CODE    4DC2H     004EH     UNIT         ?PR?_INT_TO_SYM_4?MODBUS_ASCII
            CODE    4E10H     004DH     UNIT         ?PR?CALIBRATE_SET_DEFAULT?CALIBRATE
            CODE    4E5DH     0045H     UNIT         ?PR?_SYM_4_TO_INT?MODBUS_ASCII
            CODE    4EA2H     0044H     UNIT         ?C?LDIV
            CODE    4EE6H     0039H     UNIT         ?PR?_WDT_INIT?WATCHDOG
            CODE    4F1FH     0030H     UNIT         ?PR?PROTOCOL_INIT?PROTO_USO
            CODE    4F4FH     002DH     UNIT         ?PR?ADC_INITIALIZE?ADC
            CODE    4F7CH     0029H     UNIT         ?PR?_I2C_REPEAT_START_READ?I2C
            CODE    4FA5H     0029H     UNIT         ?PR?_MBCHAR2BIN?MODBUS_ASCII
            CODE    4FCEH     0025H     UNIT         ?PR?_MBBIN2CHAR?MODBUS_ASCII
            CODE    4FF3H     0023H     UNIT         ?PR?_CRC_CHECK?CRC_TABLE
            CODE    5016H     001EH     UNIT         ?PR?_CHAR_TO_SYM_2?MODBUS_ASCII
            CODE    5034H     001BH     UNIT         ?PR?_SYM_2_TO_CHAR?MODBUS_ASCII
            CODE    504FH     0016H     UNIT         ?PR?I2C_INIT?I2C
            CODE    5065H     0015H     UNIT         ?PR?_ADC_OUT_FREQ?ADC
            CODE    507AH     0014H     UNIT         ?PR?TIMER2_INITIALIZE?TIMER2
            CODE    508EH     0013H     UNIT         ?PR?CHANNEL_SET_RESET_STATE_FLAGS?PROTO_USO
            CODE    50A1H     0012H     UNIT         ?PR?UART_INIT?TIMER3
            CODE    50B3H     0011H     UNIT         ?PR?TIMER0_INITIALIZE?TIMER0
            CODE    50C4H     0011H     UNIT         ?PR?TIMER1_INITIALIZE?TIMER1
            CODE    50D5H     000CH     UNIT         ?PR?CHANNEL_SET_ALL_DEFAULT?PROTO_USO
            CODE    50E1H     000AH     UNIT         ?PR?WDT_CLEAR?WATCHDOG
            CODE    50EBH     0007H     UNIT         ?PR?_ADC_SET_MODE?ADC
            CODE    50F2H     0003H     UNIT         ?PR?CHANNEL_GET_DATA_ORDER_M2?PROTO_USO
            CODE    50F5H     0003H     UNIT         ?PR?OLD_REINIT_BLOCK?PROTO_USO



OVERLAY MAP OF MODULE:   debug (DEBUG)


SEGMENT                                            DATA_GROUP          XDATA_GROUP
  +--> CALLED SEGMENT                            START    LENGTH     START    LENGTH
------------------------------------------------------------------------------------
?C_C51STARTUP                                    -----    -----      -----    -----
  +--> ?PR?MAIN?DEBUG
  +--> ?C_INITSEG

?PR?MAIN?DEBUG                                   -----    -----      -----    -----
  +--> ?PR?RESTORECALIBRATE?CALIBRATE
  +--> ?PR?CHANNELSINIT?CHANNELS
  +--> ?PR?PROTOCOL_INIT?PROTO_USO
  +--> ?PR?TIMER1_INITIALIZE?TIMER1
  +--> ?PR?ADC_INITIALIZE?ADC
  +--> ?PR?UART_INIT?TIMER3
  +--> ?PR?FREQUENCY_INIT?FREQUENCY
  +--> ?PR?_WDT_INIT?WATCHDOG
  +--> ?PR?I2C_INIT?I2C
  +--> ?PR?_I2C_REPEAT_START_READ?I2C
  +--> ?PR?_PROTOPROCESS?PROTO_USO
  +--> ?PR?_I2C_REPEATREAD?DEBUG
BL51 BANKED LINKER/LOCATER V6.22                                                      06/24/2014  09:28:36  PAGE 5


  +--> ?PR?_FREQUENCY_MEASURE_PROCESS?FREQUENCY
  +--> ?PR?_ULONGSORT_PROCESS?ULONGSORT
  +--> ?PR?_I2C_PROCESS?I2C
  +--> ?PR?_WDT_PROCESS?WATCHDOG
  +--> ?PR?_RINGBUFHANDLING?PROTO_USO

?PR?RESTORECALIBRATE?CALIBRATE                   -----    -----      06D3H    0009H
  +--> ?PR?_EEPROM_READ?EEPROM
  +--> ?PR?CALIBRATE_GET_CRC?CALIBRATE
  +--> ?PR?CALIBRATE_SET_DEFAULT?CALIBRATE

?PR?_EEPROM_READ?EEPROM                          -----    -----      06DCH    000AH

?PR?CALIBRATE_GET_CRC?CALIBRATE                  -----    -----      06E7H    0003H
  +--> ?CO?CRC_TABLE

?PR?CALIBRATE_SET_DEFAULT?CALIBRATE              -----    -----      06DCH    0005H
  +--> ?PR?_CALIBRATE_SET_FLAG?CALIBRATE
  +--> ?PR?CALIBRATE_GET_CRC?CALIBRATE
  +--> ?PR?_EEPROM_WRITE?EEPROM

?PR?_CALIBRATE_SET_FLAG?CALIBRATE                -----    -----      06E1H    0006H
  +--> ?PR?_EEPROM_WRITE?EEPROM
  +--> ?PR?CALIBRATE_GET_CRC?CALIBRATE

?PR?_EEPROM_WRITE?EEPROM                         -----    -----      06E7H    000AH

?PR?CHANNELSINIT?CHANNELS                        -----    -----      -----    -----
  +--> ?PR?RESTORE_CHANNELS_DATA?CHANNELS

?PR?RESTORE_CHANNELS_DATA?CHANNELS               -----    -----      06D3H    0009H
  +--> ?PR?_EEPROM_READ?EEPROM
  +--> ?PR?CHANNELS_GET_SETTINGS_CRC?CHANNELS
  +--> ?PR?CHANNELS_SET_DEFAULT?CHANNELS

?PR?CHANNELS_GET_SETTINGS_CRC?CHANNELS           -----    -----      06E1H    0003H
  +--> ?CO?CRC_TABLE

?PR?CHANNELS_SET_DEFAULT?CHANNELS                -----    -----      -----    -----
  +--> ?PR?STORE_CHANNELS_DATA?CHANNELS

?PR?STORE_CHANNELS_DATA?CHANNELS                 -----    -----      06DCH    0005H
  +--> ?PR?_EEPROM_WRITE?EEPROM
  +--> ?PR?CHANNELS_GET_SETTINGS_CRC?CHANNELS

?PR?PROTOCOL_INIT?PROTO_USO                      -----    -----      -----    -----
  +--> ?PR?RESTORE_DEV_ADDRESS_DESC?PROTO_USO

?PR?RESTORE_DEV_ADDRESS_DESC?PROTO_USO           -----    -----      -----    -----
  +--> ?PR?_EEPROM_READ?EEPROM

?PR?ADC_INITIALIZE?ADC                           -----    -----      -----    -----
  +--> ?PR?ADC_RESTORE_SETTINGS?ADC
  +--> ?PR?_ADC_SET_MODE?ADC
  +--> ?PR?_ADC_OUT_FREQ?ADC

?PR?ADC_RESTORE_SETTINGS?ADC                     -----    -----      06D3H    0002H
BL51 BANKED LINKER/LOCATER V6.22                                                      06/24/2014  09:28:36  PAGE 6



?PR?FREQUENCY_INIT?FREQUENCY                     -----    -----      06D3H    0001H
  +--> ?PR?TIMER0_INITIALIZE?TIMER0
  +--> ?PR?TIMER2_INITIALIZE?TIMER2

?PR?_I2C_REPEAT_START_READ?I2C                   -----    -----      06D7H    0009H

?PR?_PROTOPROCESS?PROTO_USO                      -----    -----      -----    -----
  +--> ?PR?_CRC_CHECK?CRC_TABLE
  +--> ?PR?_OLD_CRC_CHECK?PROTO_USO
  +--> ?PR?_MBCHAR2BIN?MODBUS_ASCII
  +--> ?PR?_LRC_CHECK?MODBUS_ASCII
  +--> ?PR?PROTOBUFHANDLING?PROTO_USO
  +--> ?PR?_PROTO_PASTE_NULL?PROTO_USO

?PR?_CRC_CHECK?CRC_TABLE                         -----    -----      -----    -----
  +--> ?CO?CRC_TABLE

?PR?_LRC_CHECK?MODBUS_ASCII                      -----    -----      06D3H    0006H
  +--> ?PR?_MBCHAR2BIN?MODBUS_ASCII

?PR?PROTOBUFHANDLING?PROTO_USO                   -----    -----      -----    -----
  +--> ?PR?SEND_INFO?PROTO_USO
  +--> ?PR?NODE_FULL_INIT?PROTO_USO
  +--> ?PR?CHANNEL_LIST_INIT?PROTO_USO
  +--> ?PR?CHANNEL_GET_DATA?PROTO_USO
  +--> ?PR?CHANNEL_SET_PARAMETERS?PROTO_USO
  +--> ?PR?CHANNEL_SET_ORDER_QUERY?PROTO_USO
  +--> ?PR?CHANNEL_GET_DATA_ORDER?PROTO_USO
  +--> ?PR?CHANNEL_SET_STATE?PROTO_USO
  +--> ?PR?CHANNEL_GET_DATA_ORDER_M2?PROTO_USO
  +--> ?PR?CHANNEL_SET_RESET_STATE_FLAGS?PRO...
  +--> ?PR?CHANNEL_ALL_GET_DATA?PROTO_USO
  +--> ?PR?CHANNEL_SET_ADDRESS_DESC?PROTO_USO
  +--> ?PR?CHANNEL_SET_CALIBRATE?PROTO_USO
  +--> ?PR?CHANNEL_SET_ALL_DEFAULT?PROTO_USO
  +--> ?PR?CHANNEL_GET_CALIBRATE_VALUE?PROTO...
  +--> ?PR?_REQUEST_ERROR?PROTO_USO
  +--> ?PR?OLD_REINIT_BLOCK?PROTO_USO
  +--> ?PR?OLD_CHANNEL_SET_ADC_RANGE?PROTO_USO
  +--> ?PR?OLD_CHANNEL_GET_STATE?PROTO_USO
  +--> ?PR?OLD_CHANNEL_GET_DATA?PROTO_USO
  +--> ?PR?OLD_CHANNEL_GET_DATA_STATE?PROTO_USO
  +--> ?PR?_MBCHAR2BIN?MODBUS_ASCII
  +--> ?PR?READHOLDINGREG?MODBUS_ASCII

?PR?SEND_INFO?PROTO_USO                          -----    -----      -----    -----
  +--> ?PR?_CRC_CHECK?CRC_TABLE

?PR?CHANNEL_SET_PARAMETERS?PROTO_USO             -----    -----      06D3H    0001H
  +--> ?PR?_REQUEST_ERROR?PROTO_USO
  +--> ?PR?STORE_CHANNELS_DATA?CHANNELS

?PR?_REQUEST_ERROR?PROTO_USO                     -----    -----      -----    -----
  +--> ?PR?_CRC_CHECK?CRC_TABLE

?PR?CHANNEL_SET_RESET_STATE_FLAGS?PRO...         -----    -----      -----    -----
BL51 BANKED LINKER/LOCATER V6.22                                                      06/24/2014  09:28:36  PAGE 7


  +--> ?PR?CHANNELSINIT?CHANNELS
  +--> ?PR?_REQUEST_ERROR?PROTO_USO

?PR?CHANNEL_ALL_GET_DATA?PROTO_USO               0008H    0002H      -----    -----
  +--> ?PR?_CRC_CHECK?CRC_TABLE

?PR?CHANNEL_SET_ADDRESS_DESC?PROTO_USO           -----    -----      -----    -----
  +--> ?PR?_STORE_DEV_ADDRESS_DESC?PROTO_USO
  +--> ?PR?_REQUEST_ERROR?PROTO_USO

?PR?_STORE_DEV_ADDRESS_DESC?PROTO_USO            -----    -----      -----    -----
  +--> ?PR?_EEPROM_WRITE?EEPROM

?PR?CHANNEL_SET_CALIBRATE?PROTO_USO              -----    -----      -----    -----
  +--> ?PR?_CALIBRATE?CALIBRATE
  +--> ?PR?_CALIBRATE_SET_FLAG?CALIBRATE
  +--> ?PR?_REQUEST_ERROR?PROTO_USO

?PR?_CALIBRATE?CALIBRATE                         -----    -----      06D3H    000DH
  +--> ?PR?_EEPROM_WRITE?EEPROM
  +--> ?PR?CALIBRATE_GET_CRC?CALIBRATE

?PR?CHANNEL_SET_ALL_DEFAULT?PROTO_USO            -----    -----      -----    -----
  +--> ?PR?CHANNELS_SET_DEFAULT?CHANNELS
  +--> ?PR?CALIBRATE_SET_DEFAULT?CALIBRATE
  +--> ?PR?_REQUEST_ERROR?PROTO_USO

?PR?CHANNEL_GET_CALIBRATE_VALUE?PROTO...         -----    -----      -----    -----
  +--> ?PR?_REQUEST_ERROR?PROTO_USO
  +--> ?PR?_CRC_CHECK?CRC_TABLE

?PR?OLD_CHANNEL_GET_STATE?PROTO_USO              -----    -----      -----    -----
  +--> ?PR?_PROTO_PASTE_NULL?PROTO_USO
  +--> ?PR?_OLD_CRC_CHECK?PROTO_USO

?PR?OLD_CHANNEL_GET_DATA?PROTO_USO               -----    -----      -----    -----
  +--> ?PR?_PROTO_PASTE_NULL?PROTO_USO
  +--> ?PR?_OLD_CRC_CHECK?PROTO_USO

?PR?OLD_CHANNEL_GET_DATA_STATE?PROTO_USO         -----    -----      -----    -----
  +--> ?PR?_PROTO_PASTE_NULL?PROTO_USO
  +--> ?PR?_OLD_CRC_CHECK?PROTO_USO

?PR?READHOLDINGREG?MODBUS_ASCII                  -----    -----      -----    -----
  +--> ?PR?_SYM_4_TO_INT?MODBUS_ASCII
  +--> ?PR?_CHAR_TO_SYM_2?MODBUS_ASCII
  +--> ?PR?_LONG_TO_SYM_8?MODBUS_ASCII
  +--> ?PR?_LRC_CHECK?MODBUS_ASCII

?PR?_SYM_4_TO_INT?MODBUS_ASCII                   -----    -----      06D3H    0002H
  +--> ?PR?_MBCHAR2BIN?MODBUS_ASCII

?PR?_CHAR_TO_SYM_2?MODBUS_ASCII                  -----    -----      -----    -----
  +--> ?PR?_MBBIN2CHAR?MODBUS_ASCII

?PR?_LONG_TO_SYM_8?MODBUS_ASCII                  -----    -----      06D3H    0008H
  +--> ?PR?_MBBIN2CHAR?MODBUS_ASCII
BL51 BANKED LINKER/LOCATER V6.22                                                      06/24/2014  09:28:36  PAGE 8



?PR?_I2C_REPEATREAD?DEBUG                        -----    -----      06D3H    0004H
  +--> ?PR?_I2C_REPEAT_START_READ?I2C

?PR?_ULONGSORT_PROCESS?ULONGSORT                 -----    -----      06D3H    0004H
  +--> ?PR?_GETCALIBRATEVAL?CALIBRATE

?PR?_GETCALIBRATEVAL?CALIBRATE                   -----    -----      06D7H    0009H

?PR?_I2C_PROCESS?I2C                             -----    -----      06D3H    0004H
  +--> ?PR?_I2C_WRITE_BUF?I2C
  +--> ?PR?_I2C_READ_BUF?I2C
  +--> ?PR?_I2C_READ_COMPLETE?I2C

?PR?_I2C_WRITE_BUF?I2C                           -----    -----      06D7H    0008H

?PR?_I2C_READ_BUF?I2C                            -----    -----      06D7H    0008H

?PR?_I2C_READ_COMPLETE?I2C                       -----    -----      06D7H    0004H
  +--> ?PR?_CRC_CHECK?CRC_TABLE

?PR?_WDT_PROCESS?WATCHDOG                        -----    -----      06D3H    0006H
  +--> ?PR?WDT_CLEAR?WATCHDOG



SYMBOL TABLE OF MODULE:  debug (DEBUG)

  VALUE           TYPE          NAME
  ----------------------------------

  -------         MODULE        DEBUG
  C:0000H         SYMBOL        _ICE_DUMMY_
  D:0088H         PUBLIC        TCON
  D:008BH         PUBLIC        TL1
  D:008DH         PUBLIC        TH1
  D:0098H         PUBLIC        SCON
  D:00A0H         PUBLIC        P2
  D:00A8H         PUBLIC        IE
  D:00B0H         PUBLIC        P3
  D:00B8H         PUBLIC        IP
  D:00C0H         PUBLIC        WDCON
  D:00C8H         PUBLIC        T2CON
  D:00D0H         PUBLIC        PSW
  D:00D7H         PUBLIC        PLLCON
  D:00D8H         PUBLIC        ADCSTAT
  D:00E8H         PUBLIC        I2CCON
  D:00E8H         PUBLIC        DCON
  D:00F8H         PUBLIC        SPICON
  B:00A8H.7       PUBLIC        EA
  X:070AH         PUBLIC        pt_i2c_read
  X:070EH         PUBLIC        pt_freq_measure
  X:0712H         PUBLIC        pt_sort
  X:0716H         PUBLIC        pt_i2c_process
  C:42E8H         PUBLIC        _I2C_RepeatRead
  C:4438H         PUBLIC        main
  C:4B86H         PUBLIC        Timer1_Interrupt
BL51 BANKED LINKER/LOCATER V6.22                                                      06/24/2014  09:28:36  PAGE 9


  -------         PROC          MAIN
  C:4438H         LINE#         34
  C:4438H         LINE#         35
  C:4438H         LINE#         36
  C:443AH         LINE#         39
  C:443DH         LINE#         41
  C:4440H         LINE#         43
  C:4443H         LINE#         44
  C:4446H         LINE#         45
  C:4449H         LINE#         46
  C:444CH         LINE#         47
  C:444FH         LINE#         48
  C:4452H         LINE#         50
  C:4457H         LINE#         51
  C:445AH         LINE#         55
  C:4461H         LINE#         56
  C:4467H         LINE#         57
  C:446DH         LINE#         58
  C:4473H         LINE#         60
  C:4475H         LINE#         62
  C:4479H         LINE#         64
  C:4497H         LINE#         65
  C:4497H         LINE#         66
  C:4497H         LINE#         67
  C:44A0H         LINE#         68
  C:44A9H         LINE#         69
  C:44B2H         LINE#         70
  C:44BBH         LINE#         71
  C:44C4H         LINE#         72
  C:44CDH         LINE#         73
  C:44D6H         LINE#         74
  -------         ENDPROC       MAIN
  -------         PROC          _I2C_REPEATREAD
  X:06D3H         SYMBOL        pt
  -------         DO            
  X:06D6H         SYMBOL        PT_YIELD_FLAG
  -------         ENDDO         
  C:42E8H         LINE#         79
  C:42F3H         LINE#         80
  C:42F3H         LINE#         81
  C:42F8H         LINE#         83
  C:4310H         LINE#         85
  C:4310H         LINE#         86
  C:4310H         LINE#         87
  C:434EH         LINE#         88
  C:436DH         LINE#         89
  C:437BH         LINE#         90
  C:437DH         LINE#         91
  C:4395H         LINE#         93
  -------         ENDPROC       _I2C_REPEATREAD
  -------         PROC          TIMER1_INTERRUPT
  C:4B86H         LINE#         95
  C:4B8CH         LINE#         98
  C:4B8FH         LINE#         99
  C:4B92H         LINE#         100
  C:4BA0H         LINE#         101
  C:4BAEH         LINE#         102
BL51 BANKED LINKER/LOCATER V6.22                                                      06/24/2014  09:28:36  PAGE 10


  C:4BBCH         LINE#         103
  C:4BCAH         LINE#         104
  C:4BD8H         LINE#         105
  C:4BE6H         LINE#         107
  -------         ENDPROC       TIMER1_INTERRUPT
  -------         ENDMOD        DEBUG

  -------         MODULE        TIMER3
  C:0000H         SYMBOL        _ICE_DUMMY_
  D:0088H         PUBLIC        TCON
  D:0098H         PUBLIC        SCON
  D:009DH         PUBLIC        T3FD
  D:009EH         PUBLIC        T3CON
  D:00A0H         PUBLIC        P2
  D:00A8H         PUBLIC        IE
  D:00B0H         PUBLIC        P3
  D:00B8H         PUBLIC        IP
  D:00C0H         PUBLIC        WDCON
  D:00C8H         PUBLIC        T2CON
  D:00D0H         PUBLIC        PSW
  D:00D8H         PUBLIC        ADCSTAT
  D:00E8H         PUBLIC        I2CCON
  D:00E8H         PUBLIC        DCON
  D:00F8H         PUBLIC        SPICON
  B:00A8H.4       PUBLIC        ES
  B:00B8H.4       PUBLIC        PS
  B:0098H.1       PUBLIC        TI
  B:0098H.0       PUBLIC        RI
  C:50A1H         PUBLIC        UART_Init
  -------         PROC          UART_INIT
  C:50A1H         LINE#         3
  C:50A1H         LINE#         4
  C:50A1H         LINE#         6
  C:50A4H         LINE#         8
  C:50A7H         LINE#         9
  C:50AAH         LINE#         10
  C:50ACH         LINE#         11
  C:50AEH         LINE#         12
  C:50B0H         LINE#         13
  C:50B2H         LINE#         15
  -------         ENDPROC       UART_INIT
  -------         ENDMOD        TIMER3

  -------         MODULE        ADC
  C:0000H         SYMBOL        _ICE_DUMMY_
  D:0088H         PUBLIC        TCON
  D:0098H         PUBLIC        SCON
  D:00A0H         PUBLIC        P2
  D:00A8H         PUBLIC        IE
  D:00B0H         PUBLIC        P3
  D:00B8H         PUBLIC        IP
  D:00C0H         PUBLIC        WDCON
  D:00C8H         PUBLIC        T2CON
  D:00D0H         PUBLIC        PSW
  D:00D1H         PUBLIC        ADCMODE
  D:00D2H         PUBLIC        ADC0CON1
  D:00D4H         PUBLIC        SF
BL51 BANKED LINKER/LOCATER V6.22                                                      06/24/2014  09:28:36  PAGE 11


  D:00D8H         PUBLIC        ADCSTAT
  D:00D9H         PUBLIC        ADC0L
  D:00DAH         PUBLIC        ADC0M
  D:00DBH         PUBLIC        ADC0H
  D:00E6H         PUBLIC        ADC0CON2
  D:00E8H         PUBLIC        I2CCON
  D:00E8H         PUBLIC        DCON
  D:00F8H         PUBLIC        SPICON
  B:00A8H.6       PUBLIC        EADC
  B:00D8H.7       PUBLIC        RDY0
  X:04E0H         PUBLIC        adc_channels
  C:4F4FH         PUBLIC        ADC_Initialize
  C:35E7H         PUBLIC        ADC_ISR
  C:50EBH         PUBLIC        _ADC_Set_Mode
  C:5065H         PUBLIC        _ADC_Out_Freq
  C:44D9H         PUBLIC        ADC_Restore_Settings
  -------         PROC          ADC_INITIALIZE
  C:4F4FH         LINE#         6
  C:4F4FH         LINE#         7
  C:4F4FH         LINE#         8
  C:4F52H         LINE#         9
  C:4F55H         LINE#         10
  C:4F58H         LINE#         16
  C:4F5BH         LINE#         17
  C:4F5EH         LINE#         18
  C:4F61H         LINE#         20
  C:4F64H         LINE#         21
  C:4F67H         LINE#         31
  C:4F6AH         LINE#         32
  C:4F6FH         LINE#         34
  C:4F76H         LINE#         37
  C:4F78H         LINE#         39
  C:4F7BH         LINE#         42
  -------         ENDPROC       ADC_INITIALIZE
  -------         PROC          ADC_ISR
  -------         DO            
  X:04DEH         SYMBOL        current_channel
  X:04DFH         SYMBOL        current_buf_item
  -------         ENDDO         
  C:35E7H         LINE#         44
  C:35F7H         LINE#         49
  C:35FFH         LINE#         50
  C:3614H         LINE#         52
  C:3638H         LINE#         53
  C:3655H         LINE#         54
  C:367AH         LINE#         55
  C:3697H         LINE#         57
  C:36B0H         LINE#         58
  C:36C6H         LINE#         61
  C:36D2H         LINE#         62
  C:36F1H         LINE#         63
  C:3706H         LINE#         66
  C:3708H         LINE#         68
  -------         ENDPROC       ADC_ISR
  -------         PROC          _ADC_SET_MODE
  D:0007H         SYMBOL        mode
  C:50EBH         LINE#         70
BL51 BANKED LINKER/LOCATER V6.22                                                      06/24/2014  09:28:36  PAGE 12


  C:50EBH         LINE#         71
  C:50EBH         LINE#         72
  C:50EEH         LINE#         73
  C:50F1H         LINE#         75
  -------         ENDPROC       _ADC_SET_MODE
  -------         PROC          _ADC_OUT_FREQ
  D:0006H         SYMBOL        freq
  C:5065H         LINE#         77
  C:5065H         LINE#         78
  C:5065H         LINE#         79
  C:5079H         LINE#         81
  -------         ENDPROC       _ADC_OUT_FREQ
  -------         PROC          ADC_RESTORE_SETTINGS
  -------         DO            
  X:06D3H         SYMBOL        i
  X:06D4H         SYMBOL        j
  -------         ENDDO         
  C:44D9H         LINE#         83
  C:44D9H         LINE#         84
  C:44D9H         LINE#         85
  C:44E0H         LINE#         86
  C:44F1H         LINE#         87
  C:44F1H         LINE#         88
  C:4502H         LINE#         89
  C:4513H         LINE#         90
  C:4525H         LINE#         91
  C:4536H         LINE#         93
  C:4544H         LINE#         94
  C:4544H         LINE#         95
  C:4564H         LINE#         96
  C:456CH         LINE#         97
  C:4575H         LINE#         99
  -------         ENDPROC       ADC_RESTORE_SETTINGS
  -------         ENDMOD        ADC

  -------         MODULE        EEPROM
  C:0000H         SYMBOL        _ICE_DUMMY_
  D:0088H         PUBLIC        TCON
  D:0098H         PUBLIC        SCON
  D:00A0H         PUBLIC        P2
  D:00A8H         PUBLIC        IE
  D:00B0H         PUBLIC        P3
  D:00B8H         PUBLIC        IP
  D:00B9H         PUBLIC        ECON
  D:00BCH         PUBLIC        EDATA1
  D:00BDH         PUBLIC        EDATA2
  D:00BEH         PUBLIC        EDATA3
  D:00BFH         PUBLIC        EDATA4
  D:00C0H         PUBLIC        WDCON
  D:00C8H         PUBLIC        T2CON
  D:00D0H         PUBLIC        PSW
  D:00D8H         PUBLIC        ADCSTAT
  D:00E8H         PUBLIC        I2CCON
  D:00E8H         PUBLIC        DCON
  D:00F8H         PUBLIC        SPICON
  B:00A8H.7       PUBLIC        EA
  D:00C6H         PUBLIC        EADR
BL51 BANKED LINKER/LOCATER V6.22                                                      06/24/2014  09:28:36  PAGE 13


  C:3F04H         PUBLIC        _EEPROM_Read
  C:3E21H         PUBLIC        _EEPROM_Write
  -------         PROC          _EEPROM_WRITE
  D:0001H         SYMBOL        buffer
  X:06EAH         SYMBOL        len
  X:06ECH         SYMBOL        addr
  -------         DO            
  X:06EEH         SYMBOL        i
  D:0001H         SYMBOL        buf
  X:06F0H         SYMBOL        ea_temp
  -------         ENDDO         
  C:3E21H         LINE#         4
  C:3E29H         LINE#         5
  C:3E29H         LINE#         7
  C:3E30H         LINE#         10
  C:3E32H         LINE#         12
  C:3E49H         LINE#         13
  C:3E4DH         LINE#         15
  C:3E4DH         LINE#         17
  C:3E6CH         LINE#         18
  C:3E6CH         LINE#         19
  C:3E74H         LINE#         20
  C:3E76H         LINE#         22
  C:3E90H         LINE#         23
  C:3E9AH         LINE#         24
  C:3EB6H         LINE#         25
  C:3EC2H         LINE#         27
  C:3ECEH         LINE#         29
  C:3ED1H         LINE#         30
  C:3ED4H         LINE#         32
  C:3EDCH         LINE#         34
  C:3EEAH         LINE#         35
  C:3EFBH         LINE#         37
  C:3F03H         LINE#         38
  -------         ENDPROC       _EEPROM_WRITE
  -------         PROC          _EEPROM_READ
  D:0001H         SYMBOL        buffer
  X:06DFH         SYMBOL        len
  X:06E1H         SYMBOL        addr
  -------         DO            
  X:06E3H         SYMBOL        i
  D:0001H         SYMBOL        buf
  X:06E5H         SYMBOL        ea_temp
  -------         ENDDO         
  C:3F04H         LINE#         40
  C:3F0CH         LINE#         41
  C:3F0CH         LINE#         44
  C:3F13H         LINE#         47
  C:3F15H         LINE#         49
  C:3F2CH         LINE#         50
  C:3F30H         LINE#         52
  C:3F30H         LINE#         54
  C:3F4FH         LINE#         55
  C:3F4FH         LINE#         56
  C:3F57H         LINE#         57
  C:3F59H         LINE#         59
  C:3F65H         LINE#         60
BL51 BANKED LINKER/LOCATER V6.22                                                      06/24/2014  09:28:36  PAGE 14


  C:3F68H         LINE#         62
  C:3F84H         LINE#         63
  C:3F8EH         LINE#         64
  C:3FA7H         LINE#         65
  C:3FB3H         LINE#         67
  C:3FBBH         LINE#         69
  C:3FC9H         LINE#         70
  C:3FDAH         LINE#         72
  C:3FE2H         LINE#         73
  -------         ENDPROC       _EEPROM_READ
  -------         ENDMOD        EEPROM

  -------         MODULE        WATCHDOG
  C:0000H         SYMBOL        _ICE_DUMMY_
  D:0088H         PUBLIC        TCON
  D:0098H         PUBLIC        SCON
  D:00A0H         PUBLIC        P2
  D:00A8H         PUBLIC        IE
  D:00B0H         PUBLIC        P3
  D:00B8H         PUBLIC        IP
  D:00C0H         PUBLIC        WDCON
  D:00C8H         PUBLIC        T2CON
  D:00D0H         PUBLIC        PSW
  D:00D8H         PUBLIC        ADCSTAT
  D:00E8H         PUBLIC        I2CCON
  D:00E8H         PUBLIC        DCON
  D:00F8H         PUBLIC        SPICON
  B:00A8H.7       PUBLIC        EA
  B:00C0H.0       PUBLIC        WDWR
  X:06F1H         PUBLIC        wdt_count
  C:4EE6H         PUBLIC        _WDT_Init
  C:50E1H         PUBLIC        WDT_Clear
  C:3939H         PUBLIC        _WDT_Process
  D:000AH         PUBLIC        wdt_intval
  X:0706H         PUBLIC        pt_wdt
  -------         PROC          _WDT_INIT
  D:0007H         SYMBOL        interval
  -------         DO            
  D:0006H         SYMBOL        i
  -------         ENDDO         
  C:4EE6H         LINE#         8
  C:4EE6H         LINE#         9
  C:4EE6H         LINE#         10
  C:4EE8H         LINE#         12
  C:4EEAH         LINE#         13
  C:4EECH         LINE#         14
  C:4EEFH         LINE#         30
  C:4EEFH         LINE#         31
  C:4EEFH         LINE#         32
  C:4F01H         LINE#         33
  C:4F12H         LINE#         34
  C:4F17H         LINE#         36
  C:4F1EH         LINE#         38
  -------         ENDPROC       _WDT_INIT
  -------         PROC          WDT_CLEAR
  C:50E1H         LINE#         40
  C:50E1H         LINE#         41
BL51 BANKED LINKER/LOCATER V6.22                                                      06/24/2014  09:28:36  PAGE 15


  C:50E1H         LINE#         42
  C:50E3H         LINE#         44
  C:50E5H         LINE#         45
  C:50E8H         LINE#         47
  C:50EAH         LINE#         49
  -------         ENDPROC       WDT_CLEAR
  -------         PROC          _WDT_PROCESS
  X:06D3H         SYMBOL        pt
  -------         DO            
  X:06D6H         SYMBOL        i
  X:06D7H         SYMBOL        process_error
  -------         DO            
  X:06D8H         SYMBOL        PT_YIELD_FLAG
  -------         ENDDO         
  -------         ENDDO         
  C:3939H         LINE#         51
  C:3944H         LINE#         52
  C:3944H         LINE#         54
  C:3949H         LINE#         55
  C:394DH         LINE#         57
  C:3976H         LINE#         59
  C:3976H         LINE#         60
  C:3976H         LINE#         61
  C:39B4H         LINE#         62
  C:39B9H         LINE#         64
  C:39C7H         LINE#         66
  C:39CCH         LINE#         67
  C:39CCH         LINE#         68
  C:39F8H         LINE#         69
  C:39F8H         LINE#         70
  C:39FDH         LINE#         71
  C:39FFH         LINE#         72
  C:39FFH         LINE#         74
  C:39FFH         LINE#         75
  C:3A14H         LINE#         76
  C:3A14H         LINE#         77
  C:3A1EH         LINE#         79
  C:3A27H         LINE#         80
  C:3A27H         LINE#         81
  C:3A2AH         LINE#         82
  C:3A2AH         LINE#         83
  C:3A2DH         LINE#         84
  C:3A45H         LINE#         85
  -------         ENDPROC       _WDT_PROCESS
  -------         ENDMOD        WATCHDOG

  -------         MODULE        PROTO_USO
  C:0000H         SYMBOL        _ICE_DUMMY_
  D:0088H         PUBLIC        TCON
  D:0098H         PUBLIC        SCON
  D:0099H         PUBLIC        SBUF
  D:00A0H         PUBLIC        P2
  D:00A8H         PUBLIC        IE
  D:00B0H         PUBLIC        P3
  D:00B8H         PUBLIC        IP
  D:00C0H         PUBLIC        WDCON
  D:00C8H         PUBLIC        T2CON
BL51 BANKED LINKER/LOCATER V6.22                                                      06/24/2014  09:28:36  PAGE 16


  D:00D0H         PUBLIC        PSW
  D:00D8H         PUBLIC        ADCSTAT
  D:00E8H         PUBLIC        I2CCON
  D:00E8H         PUBLIC        DCON
  D:00F8H         PUBLIC        SPICON
  B:00D0H.7       PUBLIC        CY
  B:00A8H.7       PUBLIC        EA
  B:00A8H.4       PUBLIC        ES
  B:0098H.4       PUBLIC        REN
  B:0098H.1       PUBLIC        TI
  B:0098H.0       PUBLIC        RI
  C:49D0H         PUBLIC        UART_ISR
  C:4F1FH         PUBLIC        Protocol_Init
  C:3096H         PUBLIC        Send_Info
  C:0006H         PUBLIC        Node_Full_Init
  C:000EH         PUBLIC        Channel_List_Init
  C:0016H         PUBLIC        Channel_Get_Data
  C:34A7H         PUBLIC        Channel_Set_Parameters
  C:001EH         PUBLIC        Channel_Set_Order_Query
  C:0026H         PUBLIC        Channel_Get_Data_Order
  C:002EH         PUBLIC        Channel_Set_State
  C:50F2H         PUBLIC        Channel_Get_Data_Order_M2
  C:508EH         PUBLIC        Channel_Set_Reset_State_Flags
  C:078DH         PUBLIC        Channel_All_Get_Data
  C:48E2H         PUBLIC        Channel_Set_Address_Desc
  C:3D3CH         PUBLIC        Channel_Set_Calibrate
  C:50D5H         PUBLIC        Channel_Set_All_Default
  C:3A46H         PUBLIC        Channel_Get_Calibrate_Value
  C:4CB7H         PUBLIC        _Request_Error
  C:495AH         PUBLIC        _Old_CRC_Check
  C:2073H         PUBLIC        Old_Channel_Get_Data
  C:0F42H         PUBLIC        Old_Channel_Get_Data_State
  C:2DB5H         PUBLIC        Old_Channel_Get_State
  C:50F5H         PUBLIC        Old_Reinit_Block
  C:2F28H         PUBLIC        Old_Channel_Set_ADC_Range
  C:3719H         PUBLIC        _Proto_Paste_Null
  C:2C38H         PUBLIC        ProtoBufHandling
  C:19E7H         PUBLIC        _ProtoProcess
  C:0B87H         PUBLIC        _RingBufHandling
  C:2AAFH         PUBLIC        _Store_Dev_Address_Desc
  C:3C4BH         PUBLIC        Restore_Dev_Address_Desc
  B:00B0H.5       PUBLIC        DE_RE
  X:0006H         PUBLIC        DEV_NAME
  X:001AH         PUBLIC        NOTICE
  X:0042H         PUBLIC        VERSION
  X:004AH         PUBLIC        ADRESS_DEV
  X:004BH         PUBLIC        dev_desc_len
  X:004CH         PUBLIC        RECIEVED
  X:004DH         PUBLIC        recieve_count
  X:004FH         PUBLIC        transf_count
  X:0050H         PUBLIC        buf_len
  X:0051H         PUBLIC        frame_len
  X:0052H         PUBLIC        RecieveBuf
  X:0160H         PUBLIC        TransferBuf
  X:026EH         PUBLIC        STATE_BYTE
  X:026FH         PUBLIC        protocol_type
  X:0270H         PUBLIC        pt_proto
BL51 BANKED LINKER/LOCATER V6.22                                                      06/24/2014  09:28:36  PAGE 17


  X:0274H         PUBLIC        pt_buf_handle
  X:0278H         PUBLIC        rngbuf
  X:037BH         PUBLIC        sym_8_to_float
  -------         PROC          UART_ISR
  C:49D0H         LINE#         54
  C:49DEH         LINE#         56
  C:49E0H         LINE#         58
  C:49E3H         LINE#         59
  C:49E3H         LINE#         60
  C:49E5H         LINE#         61
  C:49F5H         LINE#         62
  C:49FBH         LINE#         63
  C:4A01H         LINE#         64
  C:4A01H         LINE#         66
  C:4A04H         LINE#         67
  C:4A04H         LINE#         68
  C:4A06H         LINE#         70
  C:4A14H         LINE#         71
  C:4A14H         LINE#         73
  C:4A21H         LINE#         74
  C:4A27H         LINE#         75
  C:4A29H         LINE#         77
  C:4A29H         LINE#         78
  C:4A2EH         LINE#         79
  C:4A34H         LINE#         80
  C:4A34H         LINE#         81
  C:4A34H         LINE#         82
  C:4A36H         LINE#         84
  -------         ENDPROC       UART_ISR
  -------         PROC          PROTOCOL_INIT
  C:4F1FH         LINE#         87
  C:4F1FH         LINE#         88
  C:4F1FH         LINE#         89
  C:4F21H         LINE#         90
  C:4F23H         LINE#         93
  C:4F26H         LINE#         95
  C:4F2BH         LINE#         96
  C:4F2DH         LINE#         97
  C:4F2FH         LINE#         99
  C:4F35H         LINE#         100
  C:4F37H         LINE#         101
  C:4F39H         LINE#         102
  C:4F3BH         LINE#         104
  C:4F41H         LINE#         105
  C:4F48H         LINE#         106
  C:4F4EH         LINE#         108
  -------         ENDPROC       PROTOCOL_INIT
  -------         PROC          SEND_INFO
  -------         DO            
  D:0007H         SYMBOL        i
  -------         ENDDO         
  C:3096H         LINE#         110
  C:3096H         LINE#         111
  C:3096H         LINE#         112
  C:3098H         LINE#         115
  C:309CH         LINE#         116
  C:30A0H         LINE#         117
BL51 BANKED LINKER/LOCATER V6.22                                                      06/24/2014  09:28:36  PAGE 18


  C:30A4H         LINE#         119
  C:30ACH         LINE#         120
  C:30B0H         LINE#         121
  C:30B8H         LINE#         123
  C:30B9H         LINE#         124
  C:30B9H         LINE#         125
  C:30BFH         LINE#         126
  C:30BFH         LINE#         127
  C:30D7H         LINE#         128
  C:30D9H         LINE#         130
  C:30D9H         LINE#         131
  C:30E5H         LINE#         132
  C:30E5H         LINE#         133
  C:30EAH         LINE#         135
  C:30ECH         LINE#         136
  C:30ECH         LINE#         137
  C:30F2H         LINE#         138
  C:30F2H         LINE#         139
  C:310AH         LINE#         140
  C:310AH         LINE#         141
  C:310FH         LINE#         143
  C:3117H         LINE#         145
  C:3123H         LINE#         146
  C:3123H         LINE#         147
  C:315BH         LINE#         148
  C:316CH         LINE#         149
  C:316FH         LINE#         150
  C:317BH         LINE#         151
  C:317BH         LINE#         152
  C:31A5H         LINE#         153
  C:31A8H         LINE#         155
  C:31BCH         LINE#         156
  C:31EEH         LINE#         158
  C:31F7H         LINE#         159
  -------         ENDPROC       SEND_INFO
  -------         PROC          NODE_FULL_INIT
  C:0006H         LINE#         161
  C:0006H         LINE#         162
  C:0006H         LINE#         163
  C:0008H         LINE#         164
  -------         ENDPROC       NODE_FULL_INIT
  -------         PROC          CHANNEL_LIST_INIT
  C:000EH         LINE#         166
  C:000EH         LINE#         167
  C:000EH         LINE#         168
  C:0010H         LINE#         169
  -------         ENDPROC       CHANNEL_LIST_INIT
  -------         PROC          CHANNEL_GET_DATA
  C:0016H         LINE#         171
  C:0016H         LINE#         172
  C:0016H         LINE#         173
  C:0018H         LINE#         174
  -------         ENDPROC       CHANNEL_GET_DATA
  -------         PROC          CHANNEL_SET_PARAMETERS
  -------         DO            
  D:0007H         SYMBOL        index
  X:06D3H         SYMBOL        store_data
BL51 BANKED LINKER/LOCATER V6.22                                                      06/24/2014  09:28:36  PAGE 19


  -------         ENDDO         
  C:34A7H         LINE#         176
  C:34A7H         LINE#         177
  C:34A7H         LINE#         178
  C:34ADH         LINE#         180
  C:34BBH         LINE#         181
  C:34BBH         LINE#         182
  C:34D4H         LINE#         183
  C:34D4H         LINE#         184
  C:34E8H         LINE#         185
  C:34E8H         LINE#         186
  C:34E8H         LINE#         187
  C:34E8H         LINE#         188
  C:354BH         LINE#         189
  C:354BH         LINE#         190
  C:3572H         LINE#         191
  C:3599H         LINE#         192
  C:35C2H         LINE#         193
  C:35C8H         LINE#         195
  C:35C8H         LINE#         196
  C:35C9H         LINE#         197
  C:35C9H         LINE#         198
  C:35CBH         LINE#         201
  C:35CBH         LINE#         202
  C:35CBH         LINE#         203
  C:35CCH         LINE#         204
  C:35CCH         LINE#         205
  C:35CCH         LINE#         206
  C:35CFH         LINE#         207
  C:35D2H         LINE#         209
  C:35D2H         LINE#         210
  C:35D8H         LINE#         211
  C:35D8H         LINE#         212
  C:35D8H         LINE#         213
  C:35DEH         LINE#         214
  C:35DEH         LINE#         215
  C:35E1H         LINE#         216
  C:35E1H         LINE#         218
  C:35E6H         LINE#         219
  -------         ENDPROC       CHANNEL_SET_PARAMETERS
  -------         PROC          CHANNEL_SET_ORDER_QUERY
  C:001EH         LINE#         221
  C:001EH         LINE#         222
  C:001EH         LINE#         223
  C:0020H         LINE#         224
  -------         ENDPROC       CHANNEL_SET_ORDER_QUERY
  -------         PROC          CHANNEL_GET_DATA_ORDER
  C:0026H         LINE#         226
  C:0026H         LINE#         227
  C:0026H         LINE#         228
  C:0028H         LINE#         229
  -------         ENDPROC       CHANNEL_GET_DATA_ORDER
  -------         PROC          CHANNEL_SET_STATE
  C:002EH         LINE#         231
  C:002EH         LINE#         232
  C:002EH         LINE#         233
  C:0030H         LINE#         234
BL51 BANKED LINKER/LOCATER V6.22                                                      06/24/2014  09:28:36  PAGE 20


  -------         ENDPROC       CHANNEL_SET_STATE
  -------         PROC          CHANNEL_GET_DATA_ORDER_M2
  C:50F2H         LINE#         236
  C:50F2H         LINE#         237
  C:50F2H         LINE#         238
  C:50F4H         LINE#         239
  -------         ENDPROC       CHANNEL_GET_DATA_ORDER_M2
  -------         PROC          CHANNEL_SET_RESET_STATE_FLAGS
  C:508EH         LINE#         241
  C:508EH         LINE#         242
  C:508EH         LINE#         243
  C:5094H         LINE#         244
  C:5098H         LINE#         245
  C:509BH         LINE#         246
  C:50A0H         LINE#         247
  -------         ENDPROC       CHANNEL_SET_RESET_STATE_FLAGS
  -------         PROC          CHANNEL_ALL_GET_DATA
  -------         DO            
  D:0008H         SYMBOL        index
  D:0009H         SYMBOL        i
  -------         ENDDO         
  C:078DH         LINE#         250
  C:078DH         LINE#         251
  C:078DH         LINE#         252
  C:0792H         LINE#         255
  C:079EH         LINE#         256
  C:07A6H         LINE#         257
  C:07AAH         LINE#         258
  C:07B2H         LINE#         260
  C:07B5H         LINE#         262
  C:07C6H         LINE#         263
  C:07C6H         LINE#         264
  C:07D7H         LINE#         265
  C:080DH         LINE#         266
  C:0831H         LINE#         267
  C:0831H         LINE#         268
  C:0831H         LINE#         269
  C:0831H         LINE#         270
  C:0850H         LINE#         271
  C:0850H         LINE#         272
  C:0850H         LINE#         273
  C:0850H         LINE#         274
  C:0868H         LINE#         275
  C:0868H         LINE#         276
  C:0887H         LINE#         277
  C:0895H         LINE#         278
  C:0897H         LINE#         280
  C:0897H         LINE#         281
  C:08B6H         LINE#         282
  C:08D8H         LINE#         283
  C:08D8H         LINE#         286
  C:08D8H         LINE#         287
  C:08D8H         LINE#         288
  C:08D8H         LINE#         289
  C:08DBH         LINE#         291
  C:08DBH         LINE#         292
  C:08DBH         LINE#         293
BL51 BANKED LINKER/LOCATER V6.22                                                      06/24/2014  09:28:36  PAGE 21


  C:08F3H         LINE#         294
  C:08F3H         LINE#         295
  C:0912H         LINE#         296
  C:0934H         LINE#         297
  C:0942H         LINE#         298
  C:0944H         LINE#         300
  C:0944H         LINE#         301
  C:0963H         LINE#         302
  C:0985H         LINE#         303
  C:09A7H         LINE#         304
  C:09A7H         LINE#         306
  C:09C9H         LINE#         307
  C:09D7H         LINE#         308
  C:09D7H         LINE#         309
  C:09DAH         LINE#         310
  C:09DAH         LINE#         311
  C:09DAH         LINE#         312
  C:09DAH         LINE#         314
  C:09DAH         LINE#         315
  C:09DAH         LINE#         316
  C:09F0H         LINE#         317
  C:09F0H         LINE#         318
  C:09F0H         LINE#         319
  C:09F0H         LINE#         320
  C:0A12H         LINE#         321
  C:0A34H         LINE#         322
  C:0A56H         LINE#         323
  C:0A78H         LINE#         324
  C:0A86H         LINE#         325
  C:0A86H         LINE#         326
  C:0A89H         LINE#         327
  C:0A89H         LINE#         328
  C:0A89H         LINE#         329
  C:0A89H         LINE#         331
  C:0A89H         LINE#         332
  C:0A89H         LINE#         333
  C:0AA3H         LINE#         334
  C:0AA3H         LINE#         336
  C:0AA3H         LINE#         337
  C:0AA3H         LINE#         338
  C:0AC5H         LINE#         339
  C:0AE7H         LINE#         340
  C:0AF5H         LINE#         341
  C:0AF5H         LINE#         342
  C:0AF7H         LINE#         344
  C:0AF7H         LINE#         345
  C:0AF7H         LINE#         346
  C:0B19H         LINE#         347
  C:0B3BH         LINE#         348
  C:0B5DH         LINE#         349
  C:0B5DH         LINE#         350
  C:0B5DH         LINE#         351
  C:0B5DH         LINE#         352
  C:0B5DH         LINE#         353
  C:0B5DH         LINE#         354
  C:0B5DH         LINE#         355
  C:0B62H         LINE#         357
BL51 BANKED LINKER/LOCATER V6.22                                                      06/24/2014  09:28:36  PAGE 22


  C:0B6AH         LINE#         358
  C:0B82H         LINE#         359
  C:0B86H         LINE#         360
  -------         ENDPROC       CHANNEL_ALL_GET_DATA
  -------         PROC          CHANNEL_SET_CALIBRATE
  -------         DO            
  X:0727H         SYMBOL        K
  X:072BH         SYMBOL        C
  -------         ENDDO         
  C:3D3CH         LINE#         363
  C:3D3CH         LINE#         364
  C:3D3CH         LINE#         368
  C:3D46H         LINE#         369
  C:3D50H         LINE#         370
  C:3D5AH         LINE#         371
  C:3D64H         LINE#         373
  C:3D78H         LINE#         375
  C:3D82H         LINE#         376
  C:3D8CH         LINE#         377
  C:3D96H         LINE#         378
  C:3DA0H         LINE#         380
  C:3DB4H         LINE#         382
  C:3DCAH         LINE#         383
  C:3DCAH         LINE#         384
  C:3DCAH         LINE#         385
  C:3DCAH         LINE#         386
  C:3E00H         LINE#         387
  C:3E00H         LINE#         388
  C:3E02H         LINE#         390
  C:3E02H         LINE#         391
  C:3E02H         LINE#         392
  C:3E0CH         LINE#         393
  C:3E0CH         LINE#         394
  C:3E0EH         LINE#         396
  C:3E0EH         LINE#         397
  C:3E0EH         LINE#         398
  C:3E18H         LINE#         399
  C:3E18H         LINE#         400
  C:3E1AH         LINE#         402
  C:3E1AH         LINE#         403
  C:3E1AH         LINE#         404
  C:3E1BH         LINE#         405
  C:3E1BH         LINE#         406
  C:3E1BH         LINE#         407
  C:3E1BH         LINE#         410
  C:3E20H         LINE#         411
  -------         ENDPROC       CHANNEL_SET_CALIBRATE
  -------         PROC          CHANNEL_GET_CALIBRATE_VALUE
  -------         DO            
  D:000BH         SYMBOL        channel
  -------         ENDDO         
  C:3A46H         LINE#         413
  C:3A46H         LINE#         414
  C:3A46H         LINE#         415
  C:3A49H         LINE#         418
  C:3A5AH         LINE#         419
  C:3A64H         LINE#         420
BL51 BANKED LINKER/LOCATER V6.22                                                      06/24/2014  09:28:36  PAGE 23


  C:3A6AH         LINE#         421
  C:3A70H         LINE#         424
  C:3A77H         LINE#         426
  C:3A82H         LINE#         427
  C:3A82H         LINE#         428
  C:3A88H         LINE#         429
  C:3A88H         LINE#         431
  C:3A8EH         LINE#         433
  C:3AA6H         LINE#         435
  C:3AC8H         LINE#         437
  C:3AD2H         LINE#         438
  C:3ADCH         LINE#         439
  C:3AE6H         LINE#         440
  C:3AF0H         LINE#         442
  C:3B12H         LINE#         444
  C:3B1CH         LINE#         445
  C:3B26H         LINE#         446
  C:3B30H         LINE#         447
  C:3B3AH         LINE#         449
  C:3B48H         LINE#         450
  C:3B4AH         LINE#         451
  -------         ENDPROC       CHANNEL_GET_CALIBRATE_VALUE
  -------         PROC          CHANNEL_SET_ADDRESS_DESC
  -------         DO            
  X:075BH         SYMBOL        desc_len
  -------         ENDDO         
  C:48E2H         LINE#         453
  C:48E2H         LINE#         454
  C:48E2H         LINE#         455
  C:48E7H         LINE#         456
  C:48F5H         LINE#         458
  C:48FDH         LINE#         459
  C:48FDH         LINE#         460
  C:4949H         LINE#         461
  C:494FH         LINE#         462
  C:4951H         LINE#         464
  C:4951H         LINE#         465
  C:4957H         LINE#         466
  C:4957H         LINE#         467
  C:4959H         LINE#         468
  -------         ENDPROC       CHANNEL_SET_ADDRESS_DESC
  -------         PROC          CHANNEL_SET_ALL_DEFAULT
  C:50D5H         LINE#         470
  C:50D5H         LINE#         471
  C:50D5H         LINE#         472
  C:50D8H         LINE#         473
  C:50DBH         LINE#         474
  C:50E0H         LINE#         475
  -------         ENDPROC       CHANNEL_SET_ALL_DEFAULT
  -------         PROC          _REQUEST_ERROR
  X:075CH         SYMBOL        error_code
  C:4CB7H         LINE#         477
  C:4CBCH         LINE#         478
  C:4CBCH         LINE#         479
  C:4CCDH         LINE#         480
  C:4CD7H         LINE#         481
  C:4CE1H         LINE#         482
BL51 BANKED LINKER/LOCATER V6.22                                                      06/24/2014  09:28:36  PAGE 24


  C:4CE7H         LINE#         484
  C:4CF1H         LINE#         485
  C:4CFBH         LINE#         486
  C:4D01H         LINE#         487
  C:4D0FH         LINE#         488
  C:4D11H         LINE#         489
  -------         ENDPROC       _REQUEST_ERROR
  -------         PROC          _OLD_CRC_CHECK
  X:073CH         SYMBOL        Spool_pr
  X:073EH         SYMBOL        Count_pr
  -------         DO            
  X:073FH         SYMBOL        crc
  X:0740H         SYMBOL        i
  -------         ENDDO         
  C:495AH         LINE#         492
  C:4967H         LINE#         493
  C:4967H         LINE#         494
  C:496CH         LINE#         495
  C:4971H         LINE#         497
  C:4985H         LINE#         498
  C:4985H         LINE#         499
  C:4987H         LINE#         500
  C:49AAH         LINE#         501
  C:49ADH         LINE#         502
  C:49ADH         LINE#         503
  C:49B3H         LINE#         504
  C:49B3H         LINE#         505
  C:49BBH         LINE#         506
  C:49CAH         LINE#         508
  C:49CFH         LINE#         509
  -------         ENDPROC       _OLD_CRC_CHECK
  -------         PROC          OLD_CHANNEL_GET_DATA
  -------         DO            
  X:0751H         SYMBOL        channel
  X:0752H         SYMBOL        len
  -------         ENDDO         
  C:2073H         LINE#         511
  C:2073H         LINE#         512
  C:2073H         LINE#         513
  C:2078H         LINE#         514
  C:207DH         LINE#         515
  C:2092H         LINE#         516
  C:20A0H         LINE#         517
  C:20A0H         LINE#         518
  C:20B1H         LINE#         519
  C:20B6H         LINE#         520
  C:20C0H         LINE#         521
  C:20C6H         LINE#         523
  C:20EDH         LINE#         524
  C:20EDH         LINE#         525
  C:20EDH         LINE#         526
  C:20EDH         LINE#         527
  C:2111H         LINE#         528
  C:2111H         LINE#         529
  C:2111H         LINE#         530
  C:2111H         LINE#         531
  C:212BH         LINE#         532
BL51 BANKED LINKER/LOCATER V6.22                                                      06/24/2014  09:28:36  PAGE 25


  C:212BH         LINE#         533
  C:2146H         LINE#         534
  C:2161H         LINE#         535
  C:2164H         LINE#         537
  C:2164H         LINE#         538
  C:217FH         LINE#         539
  C:219AH         LINE#         540
  C:219AH         LINE#         541
  C:219AH         LINE#         542
  C:219DH         LINE#         544
  C:219DH         LINE#         545
  C:219DH         LINE#         546
  C:21B8H         LINE#         547
  C:21B8H         LINE#         548
  C:21DFH         LINE#         549
  C:2206H         LINE#         550
  C:2209H         LINE#         552
  C:2209H         LINE#         553
  C:2224H         LINE#         554
  C:223FH         LINE#         555
  C:223FH         LINE#         557
  C:223FH         LINE#         558
  C:2242H         LINE#         559
  C:2242H         LINE#         560
  C:2242H         LINE#         561
  C:2245H         LINE#         563
  C:2245H         LINE#         564
  C:2245H         LINE#         565
  C:2266H         LINE#         566
  C:2266H         LINE#         567
  C:2266H         LINE#         568
  C:2266H         LINE#         569
  C:2281H         LINE#         570
  C:229CH         LINE#         573
  C:229CH         LINE#         574
  C:229FH         LINE#         575
  C:229FH         LINE#         576
  C:229FH         LINE#         577
  C:22A2H         LINE#         579
  C:22A2H         LINE#         580
  C:22A2H         LINE#         581
  C:22C6H         LINE#         582
  C:22C6H         LINE#         584
  C:22C6H         LINE#         585
  C:22C6H         LINE#         586
  C:22E1H         LINE#         587
  C:22FCH         LINE#         589
  C:22FCH         LINE#         590
  C:22FEH         LINE#         592
  C:22FEH         LINE#         593
  C:22FEH         LINE#         594
  C:2319H         LINE#         595
  C:2334H         LINE#         596
  C:2334H         LINE#         597
  C:2334H         LINE#         598
  C:2334H         LINE#         599
  C:2334H         LINE#         600
BL51 BANKED LINKER/LOCATER V6.22                                                      06/24/2014  09:28:36  PAGE 26


  C:2334H         LINE#         601
  C:2334H         LINE#         603
  C:2344H         LINE#         605
  C:2361H         LINE#         606
  C:236AH         LINE#         607
  C:236AH         LINE#         608
  C:236CH         LINE#         609
  -------         ENDPROC       OLD_CHANNEL_GET_DATA
  -------         PROC          OLD_CHANNEL_GET_DATA_STATE
  -------         DO            
  X:0753H         SYMBOL        channel
  X:0754H         SYMBOL        len
  -------         ENDDO         
  C:0F42H         LINE#         611
  C:0F42H         LINE#         612
  C:0F42H         LINE#         613
  C:0F47H         LINE#         614
  C:0F4CH         LINE#         615
  C:0F61H         LINE#         616
  C:0F6FH         LINE#         617
  C:0F6FH         LINE#         618
  C:0F80H         LINE#         619
  C:0F85H         LINE#         620
  C:0F8FH         LINE#         621
  C:0F95H         LINE#         623
  C:0FBCH         LINE#         624
  C:0FBCH         LINE#         625
  C:0FBCH         LINE#         626
  C:0FBCH         LINE#         627
  C:0FE0H         LINE#         628
  C:0FE0H         LINE#         629
  C:0FE0H         LINE#         630
  C:0FE0H         LINE#         631
  C:0FFAH         LINE#         632
  C:0FFAH         LINE#         633
  C:1015H         LINE#         634
  C:1030H         LINE#         635
  C:1033H         LINE#         637
  C:1033H         LINE#         638
  C:104EH         LINE#         639
  C:1069H         LINE#         640
  C:1069H         LINE#         641
  C:1069H         LINE#         642
  C:106CH         LINE#         644
  C:106CH         LINE#         645
  C:106CH         LINE#         646
  C:1087H         LINE#         647
  C:1087H         LINE#         648
  C:10AEH         LINE#         649
  C:10D5H         LINE#         650
  C:10D7H         LINE#         652
  C:10D7H         LINE#         653
  C:10F2H         LINE#         654
  C:110DH         LINE#         655
  C:110DH         LINE#         657
  C:110DH         LINE#         658
  C:110DH         LINE#         659
BL51 BANKED LINKER/LOCATER V6.22                                                      06/24/2014  09:28:36  PAGE 27


  C:110DH         LINE#         661
  C:113BH         LINE#         662
  C:113BH         LINE#         663
  C:113BH         LINE#         664
  C:113BH         LINE#         665
  C:1140H         LINE#         666
  C:1140H         LINE#         667
  C:1142H         LINE#         669
  C:1142H         LINE#         670
  C:1142H         LINE#         671
  C:1148H         LINE#         672
  C:1148H         LINE#         673
  C:114AH         LINE#         675
  C:114AH         LINE#         676
  C:114AH         LINE#         677
  C:1150H         LINE#         678
  C:1150H         LINE#         679
  C:1152H         LINE#         681
  C:1152H         LINE#         682
  C:1152H         LINE#         683
  C:1158H         LINE#         684
  C:1158H         LINE#         685
  C:115AH         LINE#         687
  C:115AH         LINE#         688
  C:115AH         LINE#         689
  C:115FH         LINE#         690
  C:115FH         LINE#         691
  C:115FH         LINE#         692
  C:115FH         LINE#         694
  C:1165H         LINE#         696
  C:1165H         LINE#         697
  C:1168H         LINE#         699
  C:1168H         LINE#         700
  C:1168H         LINE#         701
  C:1189H         LINE#         702
  C:1189H         LINE#         703
  C:1189H         LINE#         704
  C:1189H         LINE#         705
  C:11A4H         LINE#         706
  C:11BFH         LINE#         712
  C:11EDH         LINE#         713
  C:11EDH         LINE#         714
  C:11EDH         LINE#         715
  C:11EDH         LINE#         716
  C:11F3H         LINE#         717
  C:11F3H         LINE#         718
  C:11F5H         LINE#         720
  C:11F5H         LINE#         721
  C:11F5H         LINE#         722
  C:11FBH         LINE#         723
  C:11FBH         LINE#         724
  C:11FDH         LINE#         726
  C:11FDH         LINE#         727
  C:11FDH         LINE#         728
  C:1203H         LINE#         729
  C:1203H         LINE#         730
  C:1205H         LINE#         732
BL51 BANKED LINKER/LOCATER V6.22                                                      06/24/2014  09:28:36  PAGE 28


  C:1205H         LINE#         733
  C:1205H         LINE#         734
  C:120BH         LINE#         735
  C:120BH         LINE#         736
  C:120DH         LINE#         738
  C:120DH         LINE#         739
  C:120DH         LINE#         740
  C:1213H         LINE#         741
  C:1213H         LINE#         742
  C:1213H         LINE#         743
  C:1213H         LINE#         744
  C:1218H         LINE#         745
  C:1218H         LINE#         746
  C:121BH         LINE#         747
  C:121BH         LINE#         748
  C:121BH         LINE#         749
  C:121EH         LINE#         751
  C:121EH         LINE#         752
  C:121EH         LINE#         753
  C:1242H         LINE#         754
  C:1242H         LINE#         756
  C:1242H         LINE#         757
  C:1242H         LINE#         758
  C:125DH         LINE#         759
  C:1278H         LINE#         761
  C:1278H         LINE#         762
  C:127AH         LINE#         764
  C:127AH         LINE#         765
  C:127AH         LINE#         766
  C:1295H         LINE#         767
  C:12B0H         LINE#         768
  C:12B0H         LINE#         769
  C:12B0H         LINE#         770
  C:12B0H         LINE#         772
  C:12B6H         LINE#         773
  C:12BBH         LINE#         774
  C:12BBH         LINE#         775
  C:12BBH         LINE#         776
  C:12BBH         LINE#         778
  C:12C1H         LINE#         780
  C:12D1H         LINE#         782
  C:12EEH         LINE#         783
  C:12F7H         LINE#         784
  C:12F7H         LINE#         785
  C:12F9H         LINE#         787
  -------         ENDPROC       OLD_CHANNEL_GET_DATA_STATE
  -------         PROC          OLD_CHANNEL_GET_STATE
  -------         DO            
  X:0755H         SYMBOL        channel
  X:0756H         SYMBOL        len
  -------         ENDDO         
  C:2DB5H         LINE#         789
  C:2DB5H         LINE#         790
  C:2DB5H         LINE#         791
  C:2DBAH         LINE#         792
  C:2DBFH         LINE#         793
  C:2DD4H         LINE#         794
BL51 BANKED LINKER/LOCATER V6.22                                                      06/24/2014  09:28:36  PAGE 29


  C:2DE2H         LINE#         795
  C:2DE2H         LINE#         797
  C:2DF3H         LINE#         798
  C:2DF8H         LINE#         799
  C:2E02H         LINE#         800
  C:2E08H         LINE#         802
  C:2E2FH         LINE#         803
  C:2E2FH         LINE#         804
  C:2E2FH         LINE#         805
  C:2E2FH         LINE#         806
  C:2E5DH         LINE#         807
  C:2E5DH         LINE#         808
  C:2E5DH         LINE#         809
  C:2E5DH         LINE#         810
  C:2E62H         LINE#         811
  C:2E62H         LINE#         812
  C:2E64H         LINE#         814
  C:2E64H         LINE#         815
  C:2E64H         LINE#         816
  C:2E6AH         LINE#         817
  C:2E6AH         LINE#         818
  C:2E6CH         LINE#         820
  C:2E6CH         LINE#         821
  C:2E6CH         LINE#         822
  C:2E72H         LINE#         823
  C:2E72H         LINE#         824
  C:2E74H         LINE#         826
  C:2E74H         LINE#         827
  C:2E74H         LINE#         828
  C:2E7AH         LINE#         829
  C:2E7AH         LINE#         830
  C:2E7CH         LINE#         832
  C:2E7CH         LINE#         833
  C:2E7CH         LINE#         834
  C:2E81H         LINE#         835
  C:2E81H         LINE#         836
  C:2E81H         LINE#         837
  C:2E81H         LINE#         839
  C:2E87H         LINE#         840
  C:2E87H         LINE#         841
  C:2E89H         LINE#         843
  C:2E89H         LINE#         844
  C:2E89H         LINE#         846
  C:2EB7H         LINE#         847
  C:2EB7H         LINE#         848
  C:2EB7H         LINE#         849
  C:2EB7H         LINE#         850
  C:2EBDH         LINE#         851
  C:2EBDH         LINE#         852
  C:2EBFH         LINE#         854
  C:2EBFH         LINE#         855
  C:2EBFH         LINE#         856
  C:2EC5H         LINE#         857
  C:2EC5H         LINE#         858
  C:2EC7H         LINE#         860
  C:2EC7H         LINE#         861
  C:2EC7H         LINE#         862
BL51 BANKED LINKER/LOCATER V6.22                                                      06/24/2014  09:28:36  PAGE 30


  C:2ECDH         LINE#         863
  C:2ECDH         LINE#         864
  C:2ECFH         LINE#         866
  C:2ECFH         LINE#         867
  C:2ECFH         LINE#         868
  C:2ED5H         LINE#         869
  C:2ED5H         LINE#         870
  C:2ED7H         LINE#         872
  C:2ED7H         LINE#         873
  C:2ED7H         LINE#         874
  C:2EDDH         LINE#         875
  C:2EDDH         LINE#         876
  C:2EDDH         LINE#         878
  C:2EDDH         LINE#         879
  C:2EE2H         LINE#         880
  C:2EE2H         LINE#         881
  C:2EE4H         LINE#         883
  C:2EE4H         LINE#         884
  C:2EE4H         LINE#         886
  C:2EEAH         LINE#         887
  C:2EEFH         LINE#         888
  C:2EEFH         LINE#         889
  C:2EEFH         LINE#         890
  C:2EEFH         LINE#         892
  C:2EFFH         LINE#         894
  C:2F1CH         LINE#         895
  C:2F25H         LINE#         896
  C:2F25H         LINE#         897
  C:2F27H         LINE#         898
  -------         ENDPROC       OLD_CHANNEL_GET_STATE
  -------         PROC          OLD_REINIT_BLOCK
  C:50F5H         LINE#         900
  C:50F5H         LINE#         901
  C:50F5H         LINE#         902
  C:50F7H         LINE#         903
  -------         ENDPROC       OLD_REINIT_BLOCK
  -------         PROC          OLD_CHANNEL_SET_ADC_RANGE
  -------         DO            
  X:075DH         SYMBOL        channel
  -------         ENDDO         
  C:2F28H         LINE#         905
  C:2F28H         LINE#         906
  C:2F28H         LINE#         907
  C:2F2DH         LINE#         908
  C:2F42H         LINE#         909
  C:2F50H         LINE#         910
  C:2F50H         LINE#         911
  C:2F71H         LINE#         912
  C:2F71H         LINE#         913
  C:2F71H         LINE#         914
  C:2F71H         LINE#         915
  C:2F8DH         LINE#         916
  C:2FA9H         LINE#         917
  C:2FA9H         LINE#         918
  C:2FACH         LINE#         920
  C:2FACH         LINE#         921
  C:2FACH         LINE#         922
BL51 BANKED LINKER/LOCATER V6.22                                                      06/24/2014  09:28:36  PAGE 31


  C:2FC8H         LINE#         923
  C:2FE4H         LINE#         924
  C:2FE4H         LINE#         925
  C:2FE7H         LINE#         927
  C:2FE7H         LINE#         928
  C:2FE7H         LINE#         929
  C:3003H         LINE#         930
  C:301FH         LINE#         931
  C:301FH         LINE#         932
  C:3021H         LINE#         934
  C:3021H         LINE#         935
  C:3021H         LINE#         936
  C:303DH         LINE#         937
  C:3059H         LINE#         938
  C:3059H         LINE#         939
  C:305BH         LINE#         941
  C:305BH         LINE#         942
  C:305BH         LINE#         943
  C:3077H         LINE#         944
  C:3093H         LINE#         945
  C:3093H         LINE#         946
  C:3093H         LINE#         947
  C:3093H         LINE#         948
  C:3093H         LINE#         949
  C:3095H         LINE#         950
  -------         ENDPROC       OLD_CHANNEL_SET_ADC_RANGE
  -------         PROC          _PROTO_PASTE_NULL
  X:0736H         SYMBOL        buf
  X:0739H         SYMBOL        len
  -------         DO            
  X:073AH         SYMBOL        i
  X:073BH         SYMBOL        j
  -------         ENDDO         
  C:3719H         LINE#         952
  C:3729H         LINE#         953
  C:3729H         LINE#         954
  C:3733H         LINE#         956
  C:374BH         LINE#         957
  C:374BH         LINE#         958
  C:376CH         LINE#         959
  C:376CH         LINE#         960
  C:3788H         LINE#         961
  C:3788H         LINE#         962
  C:37C5H         LINE#         963
  C:37CDH         LINE#         964
  C:37EFH         LINE#         966
  C:37F8H         LINE#         967
  C:37F8H         LINE#         968
  C:380EH         LINE#         969
  C:380EH         LINE#         971
  C:3814H         LINE#         972
  C:381AH         LINE#         973
  C:381AH         LINE#         974
  C:3823H         LINE#         975
  C:3828H         LINE#         976
  -------         ENDPROC       _PROTO_PASTE_NULL
  -------         PROC          PROTOBUFHANDLING
BL51 BANKED LINKER/LOCATER V6.22                                                      06/24/2014  09:28:36  PAGE 32


  C:2C38H         LINE#         978
  C:2C38H         LINE#         979
  C:2C38H         LINE#         980
  C:2C4EH         LINE#         981
  C:2C4EH         LINE#         982
  C:2C4EH         LINE#         983
  C:2C4EH         LINE#         984
  C:2C54H         LINE#         985
  C:2C5AH         LINE#         986
  C:2C94H         LINE#         987
  C:2C94H         LINE#         989
  C:2C94H         LINE#         990
  C:2C94H         LINE#         991
  C:2C9CH         LINE#         992
  C:2C9CH         LINE#         993
  C:2C9DH         LINE#         995
  C:2C9DH         LINE#         996
  C:2C9DH         LINE#         997
  C:2CA5H         LINE#         998
  C:2CA5H         LINE#         999
  C:2CA6H         LINE#         1001
  C:2CA6H         LINE#         1002
  C:2CA6H         LINE#         1003
  C:2CAEH         LINE#         1004
  C:2CAEH         LINE#         1005
  C:2CAFH         LINE#         1007
  C:2CAFH         LINE#         1008
  C:2CAFH         LINE#         1009
  C:2CB7H         LINE#         1010
  C:2CB7H         LINE#         1011
  C:2CB8H         LINE#         1013
  C:2CB8H         LINE#         1014
  C:2CB8H         LINE#         1015
  C:2CC0H         LINE#         1016
  C:2CC0H         LINE#         1017
  C:2CC1H         LINE#         1019
  C:2CC1H         LINE#         1020
  C:2CC1H         LINE#         1021
  C:2CC9H         LINE#         1022
  C:2CC9H         LINE#         1023
  C:2CCAH         LINE#         1025
  C:2CCAH         LINE#         1026
  C:2CCAH         LINE#         1027
  C:2CD2H         LINE#         1028
  C:2CD2H         LINE#         1029
  C:2CD3H         LINE#         1031
  C:2CD3H         LINE#         1032
  C:2CD3H         LINE#         1033
  C:2CDBH         LINE#         1034
  C:2CDBH         LINE#         1035
  C:2CDCH         LINE#         1037
  C:2CDCH         LINE#         1038
  C:2CDCH         LINE#         1039
  C:2CE4H         LINE#         1040
  C:2CE4H         LINE#         1041
  C:2CE5H         LINE#         1043
  C:2CE5H         LINE#         1044
BL51 BANKED LINKER/LOCATER V6.22                                                      06/24/2014  09:28:36  PAGE 33


  C:2CE5H         LINE#         1045
  C:2CEDH         LINE#         1046
  C:2CEDH         LINE#         1047
  C:2CEEH         LINE#         1049
  C:2CEEH         LINE#         1050
  C:2CEEH         LINE#         1051
  C:2CF6H         LINE#         1052
  C:2CF6H         LINE#         1053
  C:2CF7H         LINE#         1055
  C:2CF7H         LINE#         1056
  C:2CF7H         LINE#         1057
  C:2CFFH         LINE#         1058
  C:2CFFH         LINE#         1059
  C:2D00H         LINE#         1061
  C:2D00H         LINE#         1062
  C:2D00H         LINE#         1063
  C:2D08H         LINE#         1064
  C:2D08H         LINE#         1065
  C:2D09H         LINE#         1067
  C:2D09H         LINE#         1068
  C:2D09H         LINE#         1069
  C:2D11H         LINE#         1070
  C:2D11H         LINE#         1071
  C:2D12H         LINE#         1073
  C:2D12H         LINE#         1074
  C:2D12H         LINE#         1075
  C:2D1AH         LINE#         1076
  C:2D1AH         LINE#         1077
  C:2D1BH         LINE#         1079
  C:2D1BH         LINE#         1080
  C:2D1BH         LINE#         1081
  C:2D25H         LINE#         1082
  C:2D25H         LINE#         1083
  C:2D25H         LINE#         1084
  C:2D25H         LINE#         1085
  C:2D26H         LINE#         1087
  C:2D26H         LINE#         1088
  C:2D26H         LINE#         1089
  C:2D4CH         LINE#         1090
  C:2D4CH         LINE#         1092
  C:2D4CH         LINE#         1093
  C:2D4CH         LINE#         1094
  C:2D54H         LINE#         1095
  C:2D54H         LINE#         1096
  C:2D55H         LINE#         1098
  C:2D55H         LINE#         1099
  C:2D55H         LINE#         1100
  C:2D5DH         LINE#         1101
  C:2D5DH         LINE#         1102
  C:2D5EH         LINE#         1104
  C:2D5EH         LINE#         1105
  C:2D5EH         LINE#         1106
  C:2D66H         LINE#         1107
  C:2D66H         LINE#         1108
  C:2D67H         LINE#         1110
  C:2D67H         LINE#         1111
  C:2D67H         LINE#         1112
BL51 BANKED LINKER/LOCATER V6.22                                                      06/24/2014  09:28:36  PAGE 34


  C:2D6FH         LINE#         1113
[...]
  C:4421H         LINE#         56
  C:4437H         LINE#         59
  -------         ENDPROC       _CALIBRATE
  -------         PROC          CALIBRATE_GET_CRC
  -------         DO            
  X:06E7H         SYMBOL        crc
  X:06E8H         SYMBOL        i
BL51 BANKED LINKER/LOCATER V6.22                                                      06/24/2014  09:28:36  PAGE 55


  X:06E9H         SYMBOL        j
  -------         ENDDO         
  C:4D6AH         LINE#         61
  C:4D6AH         LINE#         62
  C:4D6AH         LINE#         63
  C:4D6FH         LINE#         64
  C:4D73H         LINE#         66
  C:4D77H         LINE#         67
  C:4D77H         LINE#         68
  C:4D7CH         LINE#         69
  C:4D7CH         LINE#         70
  C:4DA8H         LINE#         71
  C:4DB2H         LINE#         72
  C:4DBCH         LINE#         74
  C:4DC1H         LINE#         75
  -------         ENDPROC       CALIBRATE_GET_CRC
  -------         PROC          _CALIBRATE_SET_FLAG
  X:06E1H         SYMBOL        channel
  X:06E2H         SYMBOL        flag
  -------         DO            
  X:06E3H         SYMBOL        true_crc
  -------         ENDDO         
  C:40A9H         LINE#         77
  C:40B2H         LINE#         78
  C:40B2H         LINE#         79
  C:40BAH         LINE#         81
  C:40BFH         LINE#         82
  C:40BFH         LINE#         83
  C:40D5H         LINE#         84
  C:4100H         LINE#         85
  C:4102H         LINE#         87
  C:4102H         LINE#         88
  C:4108H         LINE#         89
  C:4108H         LINE#         90
  C:411DH         LINE#         91
  C:4148H         LINE#         92
  C:4148H         LINE#         93
  C:4148H         LINE#         95
  C:4155H         LINE#         96
  C:416BH         LINE#         97
  -------         ENDPROC       _CALIBRATE_SET_FLAG
  -------         PROC          CALIBRATE_SET_DEFAULT
  -------         DO            
  X:06DCH         SYMBOL        i
  X:06DDH         SYMBOL        true_crc
  -------         ENDDO         
  C:4E10H         LINE#         99
  C:4E10H         LINE#         100
  C:4E10H         LINE#         101
  C:4E15H         LINE#         102
  C:4E1DH         LINE#         104
  C:4E2CH         LINE#         105
  C:4E2CH         LINE#         106
  C:4E31H         LINE#         107
  C:4E39H         LINE#         109
  C:4E46H         LINE#         110
  C:4E5CH         LINE#         111
BL51 BANKED LINKER/LOCATER V6.22                                                      06/24/2014  09:28:36  PAGE 56


  -------         ENDPROC       CALIBRATE_SET_DEFAULT
  -------         ENDMOD        CALIBRATE

  -------         MODULE        ULONGSORT
  C:0000H         SYMBOL        _ICE_DUMMY_
  D:0088H         PUBLIC        TCON
  D:0098H         PUBLIC        SCON
  D:00A0H         PUBLIC        P2
  D:00A8H         PUBLIC        IE
  D:00B0H         PUBLIC        P3
  D:00B8H         PUBLIC        IP
  D:00C0H         PUBLIC        WDCON
  D:00C8H         PUBLIC        T2CON
  D:00D0H         PUBLIC        PSW
  D:00D8H         PUBLIC        ADCSTAT
  D:00E8H         PUBLIC        I2CCON
  D:00E8H         PUBLIC        DCON
  D:00F8H         PUBLIC        SPICON
  C:1D43H         PUBLIC        _ulongsort_process
  X:06AEH         PUBLIC        mas_copy
  X:06CEH         PUBLIC        mid_cycle_counter
  X:06CFH         PUBLIC        temp
  -------         PROC          _ULONGSORT_PROCESS
  X:06D3H         SYMBOL        pt
  -------         DO            
  X:06ABH         SYMBOL        counter
  X:06ACH         SYMBOL        i
  X:06ADH         SYMBOL        j
  -------         DO            
  X:06D6H         SYMBOL        PT_YIELD_FLAG
  -------         ENDDO         
  -------         ENDDO         
  C:1D43H         LINE#         10
  C:1D4EH         LINE#         11
  C:1D4EH         LINE#         13
  C:1D53H         LINE#         15
  C:1D86H         LINE#         17
  C:1D86H         LINE#         18
  C:1D86H         LINE#         19
  C:1DC4H         LINE#         22
  C:1DD9H         LINE#         23
  C:1DD9H         LINE#         24
  C:1DDDH         LINE#         25
  C:1DFAH         LINE#         26
  C:1DFAH         LINE#         27
  C:1E02H         LINE#         28
  C:1E08H         LINE#         29
  C:1E28H         LINE#         30
  C:1E28H         LINE#         32
  C:1E2FH         LINE#         33
  C:1E2FH         LINE#         34
  C:1E43H         LINE#         35
  C:1E43H         LINE#         36
  C:1E43H         LINE#         39
  C:1E72H         LINE#         40
  C:1E92H         LINE#         42
  C:1E98H         LINE#         43
BL51 BANKED LINKER/LOCATER V6.22                                                      06/24/2014  09:28:36  PAGE 57


  C:1E98H         LINE#         44
  C:1EABH         LINE#         45
  C:1EABH         LINE#         46
  C:1EE6H         LINE#         47
  C:1EE6H         LINE#         48
  C:1F08H         LINE#         49
  C:1F38H         LINE#         50
  C:1F5AH         LINE#         51
  C:1F5AH         LINE#         52
  C:1F7AH         LINE#         53
  C:1F83H         LINE#         54
  C:1F8FH         LINE#         56
  C:1FCFH         LINE#         58
  C:1FE4H         LINE#         59
  C:1FE4H         LINE#         60
  C:2024H         LINE#         61
  C:2024H         LINE#         63
  C:2038H         LINE#         64
  C:2046H         LINE#         65
  C:205AH         LINE#         67
  C:205AH         LINE#         68
  C:2072H         LINE#         69
  -------         ENDPROC       _ULONGSORT_PROCESS
  -------         ENDMOD        ULONGSORT

  -------         MODULE        TIMER1
  C:0000H         SYMBOL        _ICE_DUMMY_
  D:0088H         PUBLIC        TCON
  D:0089H         PUBLIC        TMOD
  D:008BH         PUBLIC        TL1
  D:008DH         PUBLIC        TH1
  D:0098H         PUBLIC        SCON
  D:00A0H         PUBLIC        P2
  D:00A8H         PUBLIC        IE
  D:00B0H         PUBLIC        P3
  D:00B8H         PUBLIC        IP
  D:00C0H         PUBLIC        WDCON
  D:00C8H         PUBLIC        T2CON
  D:00D0H         PUBLIC        PSW
  D:00D8H         PUBLIC        ADCSTAT
  D:00E8H         PUBLIC        I2CCON
  D:00E8H         PUBLIC        DCON
  D:00F8H         PUBLIC        SPICON
  B:0088H.6       PUBLIC        TR1
  B:00A8H.3       PUBLIC        ET1
  C:50C4H         PUBLIC        Timer1_Initialize
  -------         PROC          TIMER1_INITIALIZE
  C:50C4H         LINE#         4
  C:50C4H         LINE#         5
  C:50C4H         LINE#         6
  C:50C7H         LINE#         7
  C:50CAH         LINE#         9
  C:50CDH         LINE#         10
  C:50D0H         LINE#         13
  C:50D2H         LINE#         14
  C:50D4H         LINE#         16
  -------         ENDPROC       TIMER1_INITIALIZE
BL51 BANKED LINKER/LOCATER V6.22                                                      06/24/2014  09:28:36  PAGE 58


  -------         ENDMOD        TIMER1

  -------         MODULE        CRC_TABLE
  C:0000H         SYMBOL        _ICE_DUMMY_
  C:3B4BH         PUBLIC        Crc8Table
  C:4FF3H         PUBLIC        _CRC_Check
  -------         PROC          _CRC_CHECK
  D:0006H         SYMBOL        Spool_pr
  D:0005H         SYMBOL        Count_pr
  -------         DO            
  D:0004H         SYMBOL        crc
  -------         ENDDO         
  C:4FF3H         LINE#         36
  C:4FF3H         LINE#         37
  C:4FF3H         LINE#         38
  C:4FF5H         LINE#         40
  C:4FFCH         LINE#         41
  C:5012H         LINE#         43
  C:5015H         LINE#         44
  -------         ENDPROC       _CRC_CHECK
  -------         ENDMOD        CRC_TABLE

  -------         MODULE        MODBUS_ASCII
  C:0000H         SYMBOL        _ICE_DUMMY_
  D:0088H         PUBLIC        TCON
  D:0098H         PUBLIC        SCON
  D:00A0H         PUBLIC        P2
  D:00A8H         PUBLIC        IE
  D:00B0H         PUBLIC        P3
  D:00B8H         PUBLIC        IP
  D:00C0H         PUBLIC        WDCON
  D:00C8H         PUBLIC        T2CON
  D:00D0H         PUBLIC        PSW
  D:00D8H         PUBLIC        ADCSTAT
  D:00E8H         PUBLIC        I2CCON
  D:00E8H         PUBLIC        DCON
  D:00F8H         PUBLIC        SPICON
  C:31F8H         PUBLIC        ReadHoldingReg
  C:4FA5H         PUBLIC        _MBCHAR2BIN
  C:4FCEH         PUBLIC        _MBBIN2CHAR
  C:4869H         PUBLIC        _LRC_Check
  C:4E5DH         PUBLIC        _Sym_4_To_Int
  C:5034H         PUBLIC        _Sym_2_To_Char
  C:4DC2H         PUBLIC        _Int_To_Sym_4
  C:5016H         PUBLIC        _Char_To_Sym_2
  C:47E0H         PUBLIC        _Sym_8_To_Long
  C:4B1BH         PUBLIC        _Long_To_Sym_8
  -------         PROC          _LRC_CHECK
  X:06D3H         SYMBOL        pucFrame
  X:06D6H         SYMBOL        usLen
  -------         DO            
  X:06D8H         SYMBOL        ucLRC
  -------         ENDDO         
  C:4869H         LINE#         12
  C:487AH         LINE#         13
  C:487AH         LINE#         14
  C:487DH         LINE#         16
BL51 BANKED LINKER/LOCATER V6.22                                                      06/24/2014  09:28:36  PAGE 59


  C:4887H         LINE#         17
  C:4887H         LINE#         18
  C:48C7H         LINE#         19
  C:48C9H         LINE#         20
  C:48D7H         LINE#         21
  C:48D9H         LINE#         23
  C:48E1H         LINE#         25
  C:48E1H         LINE#         26
  -------         ENDPROC       _LRC_CHECK
  -------         PROC          _MBCHAR2BIN
  D:0006H         SYMBOL        ucCharacter
  C:4FA5H         LINE#         28
  C:4FA8H         LINE#         29
  C:4FA8H         LINE#         30
  C:4FB4H         LINE#         31
  C:4FB4H         LINE#         32
  C:4FBAH         LINE#         33
  C:4FBAH         LINE#         34
  C:4FC6H         LINE#         35
  C:4FC6H         LINE#         36
  C:4FCBH         LINE#         37
  C:4FCBH         LINE#         39
  C:4FCBH         LINE#         40
  C:4FCDH         LINE#         41
  C:4FCDH         LINE#         42
  -------         ENDPROC       _MBCHAR2BIN
  -------         PROC          _MBBIN2CHAR
  D:0006H         SYMBOL        ucByte
  C:4FCEH         LINE#         44
  C:4FD1H         LINE#         45
  C:4FD1H         LINE#         46
  C:4FD7H         LINE#         47
  C:4FD7H         LINE#         48
  C:4FDCH         LINE#         49
  C:4FDCH         LINE#         50
  C:4FE8H         LINE#         51
  C:4FE8H         LINE#         52
  C:4FEDH         LINE#         53
  C:4FEDH         LINE#         55
  C:4FEDH         LINE#         56
  C:4FF0H         LINE#         57
  C:4FF0H         LINE#         58
  C:4FF2H         LINE#         59
  -------         ENDPROC       _MBBIN2CHAR
  -------         PROC          _SYM_4_TO_INT
  D:0001H         SYMBOL        pucFrame
  -------         DO            
  X:06D3H         SYMBOL        sym_4_to_int
  -------         ENDDO         
  C:4E5DH         LINE#         61
  C:4E5DH         LINE#         62
  C:4E5DH         LINE#         69
  C:4E7AH         LINE#         70
  C:4E99H         LINE#         72
  C:4EA1H         LINE#         73
  -------         ENDPROC       _SYM_4_TO_INT
  -------         PROC          _SYM_2_TO_CHAR
BL51 BANKED LINKER/LOCATER V6.22                                                      06/24/2014  09:28:36  PAGE 60


  D:0001H         SYMBOL        pucFrame
  -------         DO            
  D:0007H         SYMBOL        result_char
  -------         ENDDO         
  C:5034H         LINE#         75
  C:5034H         LINE#         76
  C:5034H         LINE#         79
  C:504EH         LINE#         80
  C:504EH         LINE#         81
  -------         ENDPROC       _SYM_2_TO_CHAR
  -------         PROC          _INT_TO_SYM_4
  D:0006H         SYMBOL        val
  D:0001H         SYMBOL        buf
  -------         DO            
  X:0759H         SYMBOL        int_to_sym_4
  -------         ENDDO         
  C:4DC2H         LINE#         83
  C:4DC2H         LINE#         84
  C:4DC2H         LINE#         92
  C:4DCAH         LINE#         94
  C:4DDBH         LINE#         95
  C:4DEBH         LINE#         96
  C:4DFCH         LINE#         97
  C:4E0FH         LINE#         100
  -------         ENDPROC       _INT_TO_SYM_4
  -------         PROC          _CHAR_TO_SYM_2
  D:0005H         SYMBOL        val
  D:0001H         SYMBOL        buf
  C:5016H         LINE#         102
  C:5019H         LINE#         103
  C:5019H         LINE#         104
  C:5025H         LINE#         105
  C:5033H         LINE#         106
  -------         ENDPROC       _CHAR_TO_SYM_2
  -------         PROC          _SYM_8_TO_LONG
  D:0001H         SYMBOL        pucFrame
  -------         DO            
  X:074DH         SYMBOL        sym_8_to_long
  -------         ENDDO         
  C:47E0H         LINE#         108
  C:47E0H         LINE#         109
  C:47E0H         LINE#         117
  C:47FDH         LINE#         118
  C:481CH         LINE#         119
  C:483BH         LINE#         120
  C:485AH         LINE#         122
  C:4868H         LINE#         123
  -------         ENDPROC       _SYM_8_TO_LONG
  -------         PROC          _LONG_TO_SYM_8
  X:06D3H         SYMBOL        val
  X:06D7H         SYMBOL        buf
  -------         DO            
  X:06DAH         SYMBOL        i
  -------         ENDDO         
  C:4B1BH         LINE#         125
  C:4B2CH         LINE#         126
  C:4B2CH         LINE#         129
BL51 BANKED LINKER/LOCATER V6.22                                                      06/24/2014  09:28:36  PAGE 61


  C:4B2FH         LINE#         130
  C:4B2FH         LINE#         131
  C:4B60H         LINE#         132
  C:4B79H         LINE#         133
  C:4B85H         LINE#         134
  -------         ENDPROC       _LONG_TO_SYM_8
  -------         PROC          READHOLDINGREG
  -------         DO            
  X:072FH         SYMBOL        i
  X:0730H         SYMBOL        count
  X:0731H         SYMBOL        LRC
  X:0732H         SYMBOL        addr
  X:0734H         SYMBOL        len
  -------         ENDDO         
  C:31F8H         LINE#         165
  C:31F8H         LINE#         166
  C:31F8H         LINE#         175
  C:31FDH         LINE#         177
  C:320EH         LINE#         178
  C:321DH         LINE#         180
  C:324BH         LINE#         181
  C:324BH         LINE#         182
  C:3251H         LINE#         183
  C:3257H         LINE#         185
  C:3263H         LINE#         186
  C:326AH         LINE#         188
  C:3273H         LINE#         189
  C:327AH         LINE#         192
  C:327EH         LINE#         195
  C:32ACH         LINE#         196
  C:32ACH         LINE#         197
  C:32D8H         LINE#         198
  C:32DFH         LINE#         199
  C:32E7H         LINE#         201
  C:32F7H         LINE#         203
  C:330EH         LINE#         205
  C:3322H         LINE#         206
  C:3329H         LINE#         208
  C:3337H         LINE#         209
  C:3344H         LINE#         210
  C:334BH         LINE#         211
  C:334DH         LINE#         213
  C:334DH         LINE#         214
  C:3350H         LINE#         215
  C:3350H         LINE#         217
  C:3355H         LINE#         218
  -------         ENDPROC       READHOLDINGREG
  -------         ENDMOD        MODBUS_ASCII

  -------         MODULE        ?C?FPADD
  C:003DH         PUBLIC        ?C?FPADD
  C:0039H         PUBLIC        ?C?FPSUB
  -------         ENDMOD        ?C?FPADD

  -------         MODULE        ?C?FPMUL
  C:012EH         PUBLIC        ?C?FPMUL
  -------         ENDMOD        ?C?FPMUL
BL51 BANKED LINKER/LOCATER V6.22                                                      06/24/2014  09:28:36  PAGE 62



  -------         MODULE        ?C?FPCMP
  C:0236H         PUBLIC        ?C?FPCMP
  C:0234H         PUBLIC        ?C?FPCMP3
  -------         ENDMOD        ?C?FPCMP

  -------         MODULE        ?C?FCAST
  C:02ABH         PUBLIC        ?C?FCASTC
  C:02A6H         PUBLIC        ?C?FCASTI
  C:02A1H         PUBLIC        ?C?FCASTL
  -------         ENDMOD        ?C?FCAST

  -------         MODULE        ?C?CASTF
  C:02DFH         PUBLIC        ?C?CASTF
  -------         ENDMOD        ?C?CASTF

  -------         MODULE        ?C?COPY
  C:0430H         PUBLIC        ?C?COPY
  -------         ENDMOD        ?C?COPY

  -------         MODULE        ?C?CLDPTR
  C:0456H         PUBLIC        ?C?CLDPTR
  -------         ENDMOD        ?C?CLDPTR

  -------         MODULE        ?C?CLDOPTR
  C:046FH         PUBLIC        ?C?CLDOPTR
  -------         ENDMOD        ?C?CLDOPTR

  -------         MODULE        ?C?CILDOPTR
  C:049CH         PUBLIC        ?C?CILDOPTR
  -------         ENDMOD        ?C?CILDOPTR

  -------         MODULE        ?C?CSTPTR
  C:04CFH         PUBLIC        ?C?CSTPTR
  -------         ENDMOD        ?C?CSTPTR

  -------         MODULE        ?C?CSTOPTR
  C:04E1H         PUBLIC        ?C?CSTOPTR
  -------         ENDMOD        ?C?CSTOPTR

  -------         MODULE        ?C?IILDX
  C:0503H         PUBLIC        ?C?IILDX
  -------         ENDMOD        ?C?IILDX

  -------         MODULE        ?C?ILDIX
  C:0519H         PUBLIC        ?C?ILDIX
  -------         ENDMOD        ?C?ILDIX

  -------         MODULE        ?C?ILDPTR
  C:052FH         PUBLIC        ?C?ILDPTR
  -------         ENDMOD        ?C?ILDPTR

  -------         MODULE        ?C?ILDOPTR
  C:055AH         PUBLIC        ?C?ILDOPTR
  -------         ENDMOD        ?C?ILDOPTR

  -------         MODULE        ?C?ISTPTR
BL51 BANKED LINKER/LOCATER V6.22                                                      06/24/2014  09:28:36  PAGE 63


  C:0592H         PUBLIC        ?C?ISTPTR
  -------         ENDMOD        ?C?ISTPTR

  -------         MODULE        ?C?ISTOPTR
  C:05B1H         PUBLIC        ?C?ISTOPTR
  -------         ENDMOD        ?C?ISTOPTR

  -------         MODULE        ?C?ULDIV
  C:061AH         PUBLIC        ?C?ULDIV
  -------         ENDMOD        ?C?ULDIV

  -------         MODULE        ?C?SLDIV
  C:4EA2H         PUBLIC        ?C?SLDIV
  -------         ENDMOD        ?C?SLDIV

  -------         MODULE        ?C?LNEG
  C:06ACH         PUBLIC        ?C?LNEG
  -------         ENDMOD        ?C?LNEG

  -------         MODULE        ?C?ULCMP
  C:06BAH         PUBLIC        ?C?ULCMP
  -------         ENDMOD        ?C?ULCMP

  -------         MODULE        ?C?ULSHR
  C:06CBH         PUBLIC        ?C?ULSHR
  -------         ENDMOD        ?C?ULSHR

  -------         MODULE        ?C?LSHL
  C:06DEH         PUBLIC        ?C?LSHL
  -------         ENDMOD        ?C?LSHL

  -------         MODULE        ?C?LSTXDATA
  C:06F1H         PUBLIC        ?C?LSTXDATA
  -------         ENDMOD        ?C?LSTXDATA

  -------         MODULE        ?C?LSTKXDATA
  C:06FDH         PUBLIC        ?C?LSTKXDATA
  -------         ENDMOD        ?C?LSTKXDATA

  -------         MODULE        ?C?OFFXADD
  C:072EH         PUBLIC        ?C?OFFXADD
  -------         ENDMOD        ?C?OFFXADD

  -------         MODULE        ?C?CCASE
  C:073AH         PUBLIC        ?C?CCASE
  -------         ENDMOD        ?C?CCASE

  -------         MODULE        ?C?ICASE
  C:0760H         PUBLIC        ?C?ICASE
  -------         ENDMOD        ?C?ICASE

*** WARNING L16: UNCALLED SEGMENT, IGNORED FOR OVERLAY PROCESS
    SEGMENT: ?PR?_SYM_2_TO_CHAR?MODBUS_ASCII

*** WARNING L16: UNCALLED SEGMENT, IGNORED FOR OVERLAY PROCESS
    SEGMENT: ?PR?_INT_TO_SYM_4?MODBUS_ASCII

BL51 BANKED LINKER/LOCATER V6.22                                                      06/24/2014  09:28:36  PAGE 64


*** WARNING L16: UNCALLED SEGMENT, IGNORED FOR OVERLAY PROCESS
    SEGMENT: ?PR?_SYM_8_TO_LONG?MODBUS_ASCII

Program Size: data=19.0 xdata=1886 code=20716
LINK/LOCATE RUN COMPLETE.  3 WARNING(S),  0 ERROR(S)
